{
  "Entries": [
    {
      "RequestUri": "https://REDACTED/indexes('azsearch-indexing-shared-hotel-instance')/docs/search.index?api-version=2025-03-01-preview",
      "RequestMethod": "POST",
      "RequestHeaders": {
        "Accept": "application/json; odata.metadata=none",
        "Authorization": "Sanitized",
        "Content-Length": "1091",
        "Content-Type": "application/json",
        "Date": "Thu, 27 Mar 2025 19:32:19 GMT",
        "return-client-request-id": "true",
        "User-Agent": "azsdk-java-azure-search-documents/11.8.0-beta.6 (21.0.6; Windows 11; 10.0)",
        "x-ms-client-request-id": "Sanitized"
      },
      "RequestBody": {
        "value": [
          {
            "@search.action": "upload",
            "HotelId": "key820821c428832d5d3",
            "Category": "",
            "Tags": [],
            "ParkingIncluded": false,
            "LastRenovationDate": "1900-01-01T00:00:00.000+00:00",
            "Rating": -2147483648,
            "Location": {
              "type": "Point",
              "coordinates": [
                -180.0,
                -90.0
              ]
            },
            "Address": {},
            "Rooms": [
              {
                "BaseRate": 4.9E-324
              }
            ]
          },
          {
            "@search.action": "upload",
            "HotelId": "key67327ac9942eb4e12",
            "Category": "test",
            "Tags": [
              "test"
            ],
            "ParkingIncluded": true,
            "LastRenovationDate": "9999-12-31T23:59:59.000+00:00",
            "Rating": 2147483647,
            "Location": {
              "type": "Point",
              "coordinates": [
                180.0,
                90.0
              ]
            },
            "Address": {
              "City": "Maximum"
            },
            "Rooms": [
              {
                "BaseRate": 1.7976931348623157E308
              }
            ]
          },
          {
            "@search.action": "upload",
            "HotelId": "key1025835a34722f2a7",
            "Tags": [],
            "Location": {
              "type": "Point",
              "coordinates": [
                0.0,
                0.0
              ]
            },
            "Address": {
              "City": "Maximum"
            },
            "Rooms": [
              {
                "BaseRate": "-Infinity"
              }
            ]
          },
          {
            "@search.action": "upload",
            "HotelId": "key88294b161e0c67e7f",
            "Tags": [],
            "Rooms": [
              {
                "BaseRate": "Infinity"
              }
            ]
          },
          {
            "@search.action": "upload",
            "HotelId": "key204333f12fd7a1da7",
            "Tags": [],
            "Rooms": [
              {
                "BaseRate": "NaN"
              }
            ]
          },
          {
            "@search.action": "upload",
            "HotelId": "key331567a9a5e3c6d65",
            "Tags": [],
            "Rooms": []
          }
        ]
      },
      "StatusCode": 200,
      "ResponseHeaders": {
        "client-request-id": "Sanitized",
        "Content-Type": "application/json; odata.metadata=none; odata.streaming=true; charset=utf-8",
        "Date": "Thu, 27 Mar 2025 19:32:21 GMT",
        "elapsed-time": "125",
        "OData-Version": "4.0",
        "Preference-Applied": "odata.include-annotations=\"*\"",
        "request-id": "55c3c162-85fc-43e9-89a9-ad2d16e6da88",
        "Server": "Microsoft-IIS/10.0",
        "Strict-Transport-Security": [
          "max-age=2592000",
          "max-age=15724800; includeSubDomains"
        ],
        "Transfer-Encoding": "chunked",
        "x-ms-client-request-id": "Sanitized"
      },
      "ResponseBody": {
        "value": [
          {
            "key": "Sanitized",
            "status": true,
            "errorMessage": null,
            "statusCode": 201
          },
          {
            "key": "Sanitized",
            "status": true,
            "errorMessage": null,
            "statusCode": 201
          },
          {
            "key": "Sanitized",
            "status": true,
            "errorMessage": null,
            "statusCode": 201
          },
          {
            "key": "Sanitized",
            "status": true,
            "errorMessage": null,
            "statusCode": 201
          },
          {
            "key": "Sanitized",
            "status": true,
            "errorMessage": null,
            "statusCode": 201
          },
          {
            "key": "Sanitized",
            "status": true,
            "errorMessage": null,
            "statusCode": 201
          }
        ]
      }
    },
    {
      "RequestUri": "https://REDACTED/indexes('azsearch-indexing-shared-hotel-instance')/docs('key820821c428832d5d3')?api-version=2025-03-01-preview",
      "RequestMethod": "GET",
      "RequestHeaders": {
        "Accept": "application/json; odata.metadata=none",
        "Authorization": "Sanitized",
        "Content-Length": "0",
        "Date": "Thu, 27 Mar 2025 19:32:23 GMT",
        "return-client-request-id": "true",
        "User-Agent": "azsdk-java-azure-search-documents/11.8.0-beta.6 (21.0.6; Windows 11; 10.0)",
        "x-ms-client-request-id": "Sanitized"
      },
      "RequestBody": null,
      "StatusCode": 200,
      "ResponseHeaders": {
        "client-request-id": "Sanitized",
        "Content-Type": "application/json; odata.metadata=none; odata.streaming=true; charset=utf-8",
        "Date": "Thu, 27 Mar 2025 19:32:24 GMT",
        "elapsed-time": "10",
        "OData-Version": "4.0",
        "Preference-Applied": "odata.include-annotations=\"*\"",
        "request-id": "a220cf1c-8b77-47be-9f49-fbdfebbc7931",
        "Server": "Microsoft-IIS/10.0",
        "Strict-Transport-Security": [
          "max-age=2592000",
          "max-age=15724800; includeSubDomains"
        ],
        "Transfer-Encoding": "chunked",
        "x-ms-client-request-id": "Sanitized"
      },
      "ResponseBody": {
        "HotelId": "key820821c428832d5d3",
        "HotelName": null,
        "Description": null,
        "Description_fr": null,
        "Category": "",
        "Tags": [],
        "ParkingIncluded": false,
        "SmokingAllowed": null,
        "LastRenovationDate": "1900-01-01T00:00:00Z",
        "Rating": -2147483648,
        "Location": {
          "type": "Point",
          "coordinates": [
            -180.0,
            -90.0
          ],
          "crs": {
            "type": "name",
            "properties": {
              "name": "EPSG:4326"
            }
          }
        },
        "Address": {
          "StreetAddress": null,
          "City": null,
          "StateProvince": null,
          "PostalCode": null,
          "Country": null
        },
        "Rooms": [
          {
            "Description": null,
            "Description_fr": null,
            "Type": null,
            "BaseRate": 5E-324,
            "BedOptions": null,
            "SleepsCount": null,
            "SmokingAllowed": null,
            "Tags": []
          }
        ]
      }
    },
    {
      "RequestUri": "https://REDACTED/indexes('azsearch-indexing-shared-hotel-instance')/docs('key67327ac9942eb4e12')?api-version=2025-03-01-preview",
      "RequestMethod": "GET",
      "RequestHeaders": {
        "Accept": "application/json; odata.metadata=none",
        "Authorization": "Sanitized",
        "Content-Length": "0",
        "Date": "Thu, 27 Mar 2025 19:32:23 GMT",
        "return-client-request-id": "true",
        "User-Agent": "azsdk-java-azure-search-documents/11.8.0-beta.6 (21.0.6; Windows 11; 10.0)",
        "x-ms-client-request-id": "Sanitized"
      },
      "RequestBody": null,
      "StatusCode": 200,
      "ResponseHeaders": {
        "client-request-id": "Sanitized",
        "Content-Type": "application/json; odata.metadata=none; odata.streaming=true; charset=utf-8",
        "Date": "Thu, 27 Mar 2025 19:32:24 GMT",
        "elapsed-time": "3",
        "OData-Version": "4.0",
        "Preference-Applied": "odata.include-annotations=\"*\"",
        "request-id": "3ae6e2cd-bdee-401e-b44a-568f4f939444",
        "Server": "Microsoft-IIS/10.0",
        "Strict-Transport-Security": [
          "max-age=2592000",
          "max-age=15724800; includeSubDomains"
        ],
        "Transfer-Encoding": "chunked",
        "x-ms-client-request-id": "Sanitized"
      },
      "ResponseBody": {
        "HotelId": "key67327ac9942eb4e12",
        "HotelName": null,
        "Description": null,
        "Description_fr": null,
        "Category": "test",
        "Tags": [
          "test"
        ],
        "ParkingIncluded": true,
        "SmokingAllowed": null,
        "LastRenovationDate": "9999-12-31T23:59:59Z",
        "Rating": 2147483647,
        "Location": {
          "type": "Point",
          "coordinates": [
            180.0,
            90.0
          ],
          "crs": {
            "type": "name",
            "properties": {
              "name": "EPSG:4326"
            }
          }
        },
        "Address": {
          "StreetAddress": null,
          "City": "Maximum",
          "StateProvince": null,
          "PostalCode": null,
          "Country": null
        },
        "Rooms": [
          {
            "Description": null,
            "Description_fr": null,
            "Type": null,
            "BaseRate": 1.7976931348623157E+308,
            "BedOptions": null,
            "SleepsCount": null,
            "SmokingAllowed": null,
            "Tags": []
          }
        ]
      }
    },
    {
      "RequestUri": "https://REDACTED/indexes('azsearch-indexing-shared-hotel-instance')/docs('key1025835a34722f2a7')?api-version=2025-03-01-preview",
      "RequestMethod": "GET",
      "RequestHeaders": {
        "Accept": "application/json; odata.metadata=none",
        "Authorization": "Sanitized",
        "Content-Length": "0",
        "Date": "Thu, 27 Mar 2025 19:32:23 GMT",
        "return-client-request-id": "true",
        "User-Agent": "azsdk-java-azure-search-documents/11.8.0-beta.6 (21.0.6; Windows 11; 10.0)",
        "x-ms-client-request-id": "Sanitized"
      },
      "RequestBody": null,
      "StatusCode": 200,
      "ResponseHeaders": {
        "client-request-id": "Sanitized",
        "Content-Type": "application/json; odata.metadata=none; odata.streaming=true; charset=utf-8",
        "Date": "Thu, 27 Mar 2025 19:32:24 GMT",
        "elapsed-time": "3",
        "OData-Version": "4.0",
        "Preference-Applied": "odata.include-annotations=\"*\"",
        "request-id": "4b7d373a-033c-4a10-af3c-4c86cf64ea56",
        "Server": "Microsoft-IIS/10.0",
        "Strict-Transport-Security": [
          "max-age=2592000",
          "max-age=15724800; includeSubDomains"
        ],
        "Transfer-Encoding": "chunked",
        "x-ms-client-request-id": "Sanitized"
      },
      "ResponseBody": {
        "HotelId": "key1025835a34722f2a7",
        "HotelName": null,
        "Description": null,
        "Description_fr": null,
        "Category": null,
        "Tags": [],
        "ParkingIncluded": null,
        "SmokingAllowed": null,
        "LastRenovationDate": null,
        "Rating": null,
        "Location": {
          "type": "Point",
          "coordinates": [
            0.0,
            0.0
          ],
          "crs": {
            "type": "name",
            "properties": {
              "name": "EPSG:4326"
            }
          }
        },
        "Address": {
          "StreetAddress": null,
          "City": "Maximum",
          "StateProvince": null,
          "PostalCode": null,
          "Country": null
        },
        "Rooms": [
          {
            "Description": null,
            "Description_fr": null,
            "Type": null,
            "BaseRate": "-INF",
            "BedOptions": null,
            "SleepsCount": null,
            "SmokingAllowed": null,
            "Tags": []
          }
        ]
      }
    },
    {
      "RequestUri": "https://REDACTED/indexes('azsearch-indexing-shared-hotel-instance')/docs('key88294b161e0c67e7f')?api-version=2025-03-01-preview",
      "RequestMethod": "GET",
      "RequestHeaders": {
        "Accept": "application/json; odata.metadata=none",
        "Authorization": "Sanitized",
        "Content-Length": "0",
        "Date": "Thu, 27 Mar 2025 19:32:24 GMT",
        "return-client-request-id": "true",
        "User-Agent": "azsdk-java-azure-search-documents/11.8.0-beta.6 (21.0.6; Windows 11; 10.0)",
        "x-ms-client-request-id": "Sanitized"
      },
      "RequestBody": null,
      "StatusCode": 200,
      "ResponseHeaders": {
        "client-request-id": "Sanitized",
        "Content-Type": "application/json; odata.metadata=none; odata.streaming=true; charset=utf-8",
        "Date": "Thu, 27 Mar 2025 19:32:24 GMT",
        "elapsed-time": "3",
        "OData-Version": "4.0",
        "Preference-Applied": "odata.include-annotations=\"*\"",
        "request-id": "2044c152-1c50-48a6-853a-9bb8036d76a7",
        "Server": "Microsoft-IIS/10.0",
        "Strict-Transport-Security": [
          "max-age=2592000",
          "max-age=15724800; includeSubDomains"
        ],
        "Transfer-Encoding": "chunked",
        "x-ms-client-request-id": "Sanitized"
      },
      "ResponseBody": {
        "HotelId": "key88294b161e0c67e7f",
        "HotelName": null,
        "Description": null,
        "Description_fr": null,
        "Category": null,
        "Tags": [],
        "ParkingIncluded": null,
        "SmokingAllowed": null,
        "LastRenovationDate": null,
        "Rating": null,
        "Location": null,
        "Address": null,
        "Rooms": [
          {
            "Description": null,
            "Description_fr": null,
            "Type": null,
            "BaseRate": "INF",
            "BedOptions": null,
            "SleepsCount": null,
            "SmokingAllowed": null,
            "Tags": []
          }
        ]
      }
    },
    {
      "RequestUri": "https://REDACTED/indexes('azsearch-indexing-shared-hotel-instance')/docs('key204333f12fd7a1da7')?api-version=2025-03-01-preview",
      "RequestMethod": "GET",
      "RequestHeaders": {
        "Accept": "application/json; odata.metadata=none",
        "Authorization": "Sanitized",
        "Content-Length": "0",
        "Date": "Thu, 27 Mar 2025 19:32:24 GMT",
        "return-client-request-id": "true",
        "User-Agent": "azsdk-java-azure-search-documents/11.8.0-beta.6 (21.0.6; Windows 11; 10.0)",
        "x-ms-client-request-id": "Sanitized"
      },
      "RequestBody": null,
      "StatusCode": 200,
      "ResponseHeaders": {
        "client-request-id": "Sanitized",
        "Content-Type": "application/json; odata.metadata=none; odata.streaming=true; charset=utf-8",
        "Date": "Thu, 27 Mar 2025 19:32:24 GMT",
        "elapsed-time": "3",
        "OData-Version": "4.0",
        "Preference-Applied": "odata.include-annotations=\"*\"",
        "request-id": "84726a55-c49e-4760-8b97-e7905c33fd0f",
        "Server": "Microsoft-IIS/10.0",
        "Strict-Transport-Security": [
          "max-age=2592000",
          "max-age=15724800; includeSubDomains"
        ],
        "Transfer-Encoding": "chunked",
        "x-ms-client-request-id": "Sanitized"
      },
      "ResponseBody": {
        "HotelId": "key204333f12fd7a1da7",
        "HotelName": null,
        "Description": null,
        "Description_fr": null,
        "Category": null,
        "Tags": [],
        "ParkingIncluded": null,
        "SmokingAllowed": null,
        "LastRenovationDate": null,
        "Rating": null,
        "Location": null,
        "Address": null,
        "Rooms": [
          {
            "Description": null,
            "Description_fr": null,
            "Type": null,
            "BaseRate": "NaN",
            "BedOptions": null,
            "SleepsCount": null,
            "SmokingAllowed": null,
            "Tags": []
          }
        ]
      }
    },
    {
      "RequestUri": "https://REDACTED/indexes('azsearch-indexing-shared-hotel-instance')/docs('key331567a9a5e3c6d65')?api-version=2025-03-01-preview",
      "RequestMethod": "GET",
      "RequestHeaders": {
        "Accept": "application/json; odata.metadata=none",
        "Authorization": "Sanitized",
        "Content-Length": "0",
        "Date": "Thu, 27 Mar 2025 19:32:24 GMT",
        "return-client-request-id": "true",
        "User-Agent": "azsdk-java-azure-search-documents/11.8.0-beta.6 (21.0.6; Windows 11; 10.0)",
        "x-ms-client-request-id": "Sanitized"
      },
      "RequestBody": null,
      "StatusCode": 200,
      "ResponseHeaders": {
        "client-request-id": "Sanitized",
        "Content-Type": "application/json; odata.metadata=none; odata.streaming=true; charset=utf-8",
        "Date": "Thu, 27 Mar 2025 19:32:24 GMT",
        "elapsed-time": "2",
        "OData-Version": "4.0",
        "Preference-Applied": "odata.include-annotations=\"*\"",
        "request-id": "86914d9d-a436-4aa2-92a5-e209c69ba5fd",
        "Server": "Microsoft-IIS/10.0",
        "Strict-Transport-Security": [
          "max-age=2592000",
          "max-age=15724800; includeSubDomains"
        ],
        "Transfer-Encoding": "chunked",
        "x-ms-client-request-id": "Sanitized"
      },
      "ResponseBody": {
        "HotelId": "key331567a9a5e3c6d65",
        "HotelName": null,
        "Description": null,
        "Description_fr": null,
        "Category": null,
        "Tags": [],
        "ParkingIncluded": null,
        "SmokingAllowed": null,
        "LastRenovationDate": null,
        "Rating": null,
        "Location": null,
        "Address": null,
        "Rooms": []
      }
    }
  ],
  "Variables": {
    "0": "key820821c428832d5d3",
    "1": "key67327ac9942eb4e12",
    "2": "key1025835a34722f2a7",
    "3": "key88294b161e0c67e7f",
    "4": "key204333f12fd7a1da7",
    "5": "key331567a9a5e3c6d65"
  }
}
