{
  "Entries": [
    {
      "RequestUri": "https://REDACTED/indexers(\u0027indexer76112c0b129b23a\u0027)?api-version=2023-10-01-preview",
      "RequestMethod": "PUT",
      "RequestHeaders": {
        "Accept": "application/json; odata.metadata=minimal",
        "api-key": "REDACTED",
        "Content-Length": "153",
        "Content-Type": "application/json",
        "Date": "Fri, 08 Dec 2023 15:26:35 GMT",
        "Prefer": "return=representation",
        "return-client-request-id": "true",
        "User-Agent": "azsdk-java-azure-search-documents/11.7.0-beta.1 (17.0.8.1; Windows 11; 10.0)",
        "x-ms-client-request-id": "d72d2ae6-b74e-4a2d-9cff-4644d498eec1"
      },
      "RequestBody": {
        "name": "indexer76112c0b129b23a",
        "dataSourceName": "shared-azs-java-live-blob",
        "targetIndexName": "sharedindexforindexers",
        "schedule": {
          "interval": "PT24H"
        }
      },
      "StatusCode": 201,
      "ResponseHeaders": {
        "client-request-id": "d72d2ae6-b74e-4a2d-9cff-4644d498eec1",
        "Content-Type": "application/json; odata.metadata=minimal; odata.streaming=true; charset=utf-8",
        "Date": "Fri, 08 Dec 2023 15:26:35 GMT",
        "elapsed-time": "321",
        "ETag": "\u00220x8DBF802110CC700\u0022",
        "Location": "https://azs-java-t5ce5274b0647cb99.search.windows.net/indexers(\u0027indexer76112c0b129b23a\u0027)?api-version=2023-10-01-preview",
        "OData-Version": "4.0",
        "Preference-Applied": "odata.include-annotations=\u0022*\u0022",
        "request-id": "d72d2ae6-b74e-4a2d-9cff-4644d498eec1",
        "Server": "Microsoft-IIS/10.0",
        "Strict-Transport-Security": [
          "max-age=2592000",
          "max-age=15724800; includeSubDomains"
        ],
        "Transfer-Encoding": "chunked",
        "x-ms-client-request-id": "d72d2ae6-b74e-4a2d-9cff-4644d498eec1"
      },
      "ResponseBody": {
        "@odata.context": "https://azs-java-t5ce5274b0647cb99.search.windows.net/$metadata#indexers/$entity",
        "@odata.etag": "\u00220x8DBF802110CC700\u0022",
        "name": "indexer76112c0b129b23a",
        "description": null,
        "dataSourceName": "shared-azs-java-live-blob",
        "skillsetName": null,
        "targetIndexName": "sharedindexforindexers",
        "disabled": null,
        "schedule": {
          "interval": "P1D",
          "startTime": "2023-12-08T15:26:36.0696957Z"
        },
        "parameters": null,
        "fieldMappings": [],
        "outputFieldMappings": [],
        "cache": null,
        "encryptionKey": null
      }
    },
    {
      "RequestUri": "https://REDACTED/indexers(\u0027indexer76112c0b129b23a\u0027)?api-version=2023-10-01-preview",
      "RequestMethod": "PUT",
      "RequestHeaders": {
        "Accept": "application/json; odata.metadata=minimal",
        "api-key": "REDACTED",
        "Content-Length": "280",
        "Content-Type": "application/json",
        "Date": "Fri, 08 Dec 2023 15:26:36 GMT",
        "Prefer": "return=representation",
        "return-client-request-id": "true",
        "User-Agent": "azsdk-java-azure-search-documents/11.7.0-beta.1 (17.0.8.1; Windows 11; 10.0)",
        "x-ms-client-request-id": "e95882d0-7456-45c5-999b-dd24b1b8b9a6"
      },
      "RequestBody": {
        "name": "indexer76112c0b129b23a",
        "dataSourceName": "shared-azs-java-live-blob",
        "targetIndexName": "sharedindexforindexers",
        "schedule": {
          "interval": "PT24H",
          "startTime": "2023-12-08T15:26:36.069695700Z"
        },
        "fieldMappings": [],
        "outputFieldMappings": [],
        "@odata.etag": "\u00220x8DBF802110CC700\u0022"
      },
      "StatusCode": 200,
      "ResponseHeaders": {
        "client-request-id": "e95882d0-7456-45c5-999b-dd24b1b8b9a6",
        "Content-Type": "application/json; odata.metadata=minimal; odata.streaming=true; charset=utf-8",
        "Date": "Fri, 08 Dec 2023 15:26:35 GMT",
        "elapsed-time": "212",
        "ETag": "\u00220x8DBF80211488CB0\u0022",
        "OData-Version": "4.0",
        "Preference-Applied": "odata.include-annotations=\u0022*\u0022",
        "request-id": "e95882d0-7456-45c5-999b-dd24b1b8b9a6",
        "Server": "Microsoft-IIS/10.0",
        "Strict-Transport-Security": [
          "max-age=2592000",
          "max-age=15724800; includeSubDomains"
        ],
        "Transfer-Encoding": "chunked",
        "x-ms-client-request-id": "e95882d0-7456-45c5-999b-dd24b1b8b9a6"
      },
      "ResponseBody": {
        "@odata.context": "https://azs-java-t5ce5274b0647cb99.search.windows.net/$metadata#indexers/$entity",
        "@odata.etag": "\u00220x8DBF80211488CB0\u0022",
        "name": "indexer76112c0b129b23a",
        "description": null,
        "dataSourceName": "shared-azs-java-live-blob",
        "skillsetName": null,
        "targetIndexName": "sharedindexforindexers",
        "disabled": null,
        "schedule": {
          "interval": "P1D",
          "startTime": "2023-12-08T15:26:36.0696957Z"
        },
        "parameters": null,
        "fieldMappings": [],
        "outputFieldMappings": [],
        "cache": null,
        "encryptionKey": null
      }
    },
    {
      "RequestUri": "https://REDACTED/indexers(\u0027indexer76112c0b129b23a\u0027)?api-version=2023-10-01-preview",
      "RequestMethod": "DELETE",
      "RequestHeaders": {
        "Accept": "application/json; odata.metadata=minimal",
        "api-key": "REDACTED",
        "Content-Length": "0",
        "Date": "Fri, 08 Dec 2023 15:26:36 GMT",
        "If-Match": "\u00220x8DBF802110CC700\u0022",
        "return-client-request-id": "true",
        "User-Agent": "azsdk-java-azure-search-documents/11.7.0-beta.1 (17.0.8.1; Windows 11; 10.0)",
        "x-ms-client-request-id": "d2fe69b3-2cf7-4dea-86d0-083de2d28938"
      },
      "RequestBody": null,
      "StatusCode": 412,
      "ResponseHeaders": {
        "Cache-Control": "no-store, no-cache",
        "client-request-id": "d2fe69b3-2cf7-4dea-86d0-083de2d28938",
        "Content-Language": "en",
        "Content-Length": "160",
        "Content-Type": "application/json; charset=utf-8",
        "Date": "Fri, 08 Dec 2023 15:26:35 GMT",
        "elapsed-time": "12",
        "Expires": "-1",
        "Pragma": "no-cache",
        "request-id": "d2fe69b3-2cf7-4dea-86d0-083de2d28938",
        "Server": "Microsoft-IIS/10.0",
        "Strict-Transport-Security": "max-age=15724800; includeSubDomains",
        "x-ms-client-request-id": "d2fe69b3-2cf7-4dea-86d0-083de2d28938"
      },
      "ResponseBody": {
        "error": {
          "code": "",
          "message": "The precondition given in one of the request headers evaluated to false. No change was made to the resource from this request."
        }
      }
    },
    {
      "RequestUri": "https://REDACTED/indexers(\u0027indexer76112c0b129b23a\u0027)?api-version=2023-10-01-preview",
      "RequestMethod": "DELETE",
      "RequestHeaders": {
        "Accept": "application/json; odata.metadata=minimal",
        "api-key": "REDACTED",
        "Content-Length": "0",
        "Date": "Fri, 08 Dec 2023 15:26:36 GMT",
        "If-Match": "\u00220x8DBF80211488CB0\u0022",
        "return-client-request-id": "true",
        "User-Agent": "azsdk-java-azure-search-documents/11.7.0-beta.1 (17.0.8.1; Windows 11; 10.0)",
        "x-ms-client-request-id": "b4841283-b9f6-4553-a704-749bb8cb6d81"
      },
      "RequestBody": null,
      "StatusCode": 204,
      "ResponseHeaders": {
        "client-request-id": "b4841283-b9f6-4553-a704-749bb8cb6d81",
        "Date": "Fri, 08 Dec 2023 15:26:35 GMT",
        "elapsed-time": "36",
        "Preference-Applied": "odata.include-annotations=\u0022*\u0022",
        "request-id": "b4841283-b9f6-4553-a704-749bb8cb6d81",
        "Server": "Microsoft-IIS/10.0",
        "Strict-Transport-Security": [
          "max-age=2592000",
          "max-age=15724800; includeSubDomains"
        ],
        "x-ms-client-request-id": "b4841283-b9f6-4553-a704-749bb8cb6d81"
      },
      "ResponseBody": null
    }
  ],
  "Variables": {
    "0": "indexer76112c0b129b23a"
  }
}
