{
  "Entries": [
    {
      "RequestUri": "https://REDACTED/indexes('azsearch-indexing-shared-books-instance')/docs/search.index?api-version=2025-05-01-preview",
      "RequestMethod": "POST",
      "RequestHeaders": {
        "Accept": "application/json; odata.metadata=none",
        "Authorization": "Sanitized",
        "Content-Length": "255",
        "Content-Type": "application/json",
        "Date": "Fri, 16 May 2025 23:36:48 GMT",
        "return-client-request-id": "true",
        "User-Agent": "azsdk-java-azure-search-documents/11.8.0-beta.7 (21.0.6; Windows 11; 10.0)",
        "x-ms-client-request-id": "Sanitized"
      },
      "RequestBody": {
        "value": [
          {
            "@search.action": "upload",
            "ISBN": "key286001c70de463fec",
            "Title": null,
            "Author": null,
            "PublishDate": "2010-01-01T00:00:00Z"
          },
          {
            "@search.action": "upload",
            "ISBN": "key30804a53c71e37638",
            "Title": null,
            "Author": null,
            "PublishDate": "2010-01-01T08:00:00Z"
          }
        ]
      },
      "StatusCode": 200,
      "ResponseHeaders": {
        "client-request-id": "Sanitized",
        "Content-Type": "application/json; odata.metadata=none; odata.streaming=true; charset=utf-8",
        "Date": "Fri, 16 May 2025 23:36:54 GMT",
        "elapsed-time": "53",
        "OData-Version": "4.0",
        "Preference-Applied": "odata.include-annotations=\"*\"",
        "request-id": "8df7c12d-bb3e-4d34-8156-2e4a1cf674e3",
        "Server": "Microsoft-IIS/10.0",
        "Strict-Transport-Security": [
          "max-age=2592000",
          "max-age=15724800; includeSubDomains"
        ],
        "Transfer-Encoding": "chunked",
        "x-ms-client-request-id": "Sanitized"
      },
      "ResponseBody": {
        "value": [
          {
            "key": "Sanitized",
            "status": true,
            "errorMessage": null,
            "statusCode": 201
          },
          {
            "key": "Sanitized",
            "status": true,
            "errorMessage": null,
            "statusCode": 201
          }
        ]
      }
    },
    {
      "RequestUri": "https://REDACTED/indexes('azsearch-indexing-shared-books-instance')/docs('key286001c70de463fec')?api-version=2025-05-01-preview",
      "RequestMethod": "GET",
      "RequestHeaders": {
        "Accept": "application/json; odata.metadata=none",
        "Authorization": "Sanitized",
        "Content-Length": "0",
        "Date": "Fri, 16 May 2025 23:36:55 GMT",
        "return-client-request-id": "true",
        "User-Agent": "azsdk-java-azure-search-documents/11.8.0-beta.7 (21.0.6; Windows 11; 10.0)",
        "x-ms-client-request-id": "Sanitized"
      },
      "RequestBody": null,
      "StatusCode": 200,
      "ResponseHeaders": {
        "client-request-id": "Sanitized",
        "Content-Type": "application/json; odata.metadata=none; odata.streaming=true; charset=utf-8",
        "Date": "Fri, 16 May 2025 23:36:54 GMT",
        "elapsed-time": "6",
        "OData-Version": "4.0",
        "Preference-Applied": "odata.include-annotations=\"*\"",
        "request-id": "4f878576-6f6a-4b7b-96b9-6ebae963c831",
        "Server": "Microsoft-IIS/10.0",
        "Strict-Transport-Security": [
          "max-age=2592000",
          "max-age=15724800; includeSubDomains"
        ],
        "Transfer-Encoding": "chunked",
        "x-ms-client-request-id": "Sanitized"
      },
      "ResponseBody": {
        "ISBN": "key286001c70de463fec",
        "Title": null,
        "PublishDate": "2010-01-01T00:00:00Z",
        "Author": null
      }
    },
    {
      "RequestUri": "https://REDACTED/indexes('azsearch-indexing-shared-books-instance')/docs('key30804a53c71e37638')?api-version=2025-05-01-preview",
      "RequestMethod": "GET",
      "RequestHeaders": {
        "Accept": "application/json; odata.metadata=none",
        "Authorization": "Sanitized",
        "Content-Length": "0",
        "Date": "Fri, 16 May 2025 23:36:55 GMT",
        "return-client-request-id": "true",
        "User-Agent": "azsdk-java-azure-search-documents/11.8.0-beta.7 (21.0.6; Windows 11; 10.0)",
        "x-ms-client-request-id": "Sanitized"
      },
      "RequestBody": null,
      "StatusCode": 200,
      "ResponseHeaders": {
        "client-request-id": "Sanitized",
        "Content-Type": "application/json; odata.metadata=none; odata.streaming=true; charset=utf-8",
        "Date": "Fri, 16 May 2025 23:36:54 GMT",
        "elapsed-time": "3",
        "OData-Version": "4.0",
        "Preference-Applied": "odata.include-annotations=\"*\"",
        "request-id": "5f3c663a-afea-40b9-9157-5ec0f810a9f1",
        "Server": "Microsoft-IIS/10.0",
        "Strict-Transport-Security": [
          "max-age=2592000",
          "max-age=15724800; includeSubDomains"
        ],
        "Transfer-Encoding": "chunked",
        "x-ms-client-request-id": "Sanitized"
      },
      "ResponseBody": {
        "ISBN": "key30804a53c71e37638",
        "Title": null,
        "PublishDate": "2010-01-01T08:00:00Z",
        "Author": null
      }
    }
  ],
  "Variables": {
    "0": "key286001c70de463fec",
    "1": "key30804a53c71e37638"
  }
}
