{
  "Entries": [
    {
      "RequestUri": "https://REDACTED/indexers('indexer41167b5b5c26d91')?api-version=2024-07-01",
      "RequestMethod": "DELETE",
      "RequestHeaders": {
        "Accept": "application/json; odata.metadata=minimal",
        "api-key": "REDACTED",
        "Content-Length": "0",
        "Date": "Fri, 28 Jun 2024 15:08:26 GMT",
        "return-client-request-id": "true",
        "User-Agent": "azsdk-java-azure-search-documents/11.7.0 (21.0.2; Windows 11; 10.0)",
        "x-ms-client-request-id": "Sanitized"
      },
      "RequestBody": null,
      "StatusCode": 404,
      "ResponseHeaders": {
        "Cache-Control": "no-store, no-cache",
        "client-request-id": "Sanitized",
        "Content-Language": "en",
        "Content-Length": "121",
        "Content-Type": "application/json; charset=utf-8",
        "Date": "Fri, 28 Jun 2024 15:08:25 GMT",
        "elapsed-time": "10",
        "Expires": "-1",
        "Pragma": "no-cache",
        "request-id": "054b6ef3-cb79-4ada-869b-62fb04ecd739",
        "Server": "Microsoft-IIS/10.0",
        "Strict-Transport-Security": "max-age=15724800; includeSubDomains",
        "x-ms-client-request-id": "Sanitized"
      },
      "ResponseBody": {
        "error": {
          "code": "",
          "message": "Indexer 'indexer41167b5b5c26d91' was not found in service 'azs-java-t5ce5274b0647cb99'."
        }
      }
    },
    {
      "RequestUri": "https://REDACTED/indexers?api-version=2024-07-01",
      "RequestMethod": "POST",
      "RequestHeaders": {
        "Accept": "application/json; odata.metadata=minimal",
        "api-key": "REDACTED",
        "Content-Length": "151",
        "Content-Type": "application/json",
        "Date": "Fri, 28 Jun 2024 15:08:26 GMT",
        "return-client-request-id": "true",
        "User-Agent": "azsdk-java-azure-search-documents/11.7.0 (21.0.2; Windows 11; 10.0)",
        "x-ms-client-request-id": "Sanitized"
      },
      "RequestBody": {
        "name": "indexer41167b5b5c26d91",
        "dataSourceName": "shared-azs-java-live-blob",
        "targetIndexName": "sharedindexforindexers",
        "schedule": {
          "interval": "P1D"
        }
      },
      "StatusCode": 201,
      "ResponseHeaders": {
        "client-request-id": "Sanitized",
        "Content-Type": "application/json; odata.metadata=minimal; odata.streaming=true; charset=utf-8",
        "Date": "Fri, 28 Jun 2024 15:08:25 GMT",
        "elapsed-time": "265",
        "ETag": "\"0x8DC97842935E526\"",
        "Location": "https://REDACTED.com",
        "OData-Version": "4.0",
        "Preference-Applied": "odata.include-annotations=\"*\"",
        "request-id": "661464a3-1dc0-48d7-9fce-1c4838472fad",
        "Server": "Microsoft-IIS/10.0",
        "Strict-Transport-Security": [
          "max-age=2592000",
          "max-age=15724800; includeSubDomains"
        ],
        "Transfer-Encoding": "chunked",
        "x-ms-client-request-id": "Sanitized"
      },
      "ResponseBody": {
        "@odata.context": "https://azs-java-t5ce5274b0647cb99.search.windows.net/$metadata#indexers/$entity",
        "@odata.etag": "\"0x8DC97842935E526\"",
        "name": "indexer41167b5b5c26d91",
        "description": null,
        "dataSourceName": "shared-azs-java-live-blob",
        "skillsetName": null,
        "targetIndexName": "sharedindexforindexers",
        "disabled": null,
        "schedule": {
          "interval": "P1D",
          "startTime": "2024-06-28T15:08:26.1329821Z"
        },
        "parameters": null,
        "fieldMappings": [],
        "outputFieldMappings": [],
        "encryptionKey": null
      }
    },
    {
      "RequestUri": "https://REDACTED/indexers('indexer41167b5b5c26d91')?api-version=2024-07-01",
      "RequestMethod": "DELETE",
      "RequestHeaders": {
        "Accept": "application/json; odata.metadata=minimal",
        "api-key": "REDACTED",
        "Content-Length": "0",
        "Date": "Fri, 28 Jun 2024 15:08:26 GMT",
        "return-client-request-id": "true",
        "User-Agent": "azsdk-java-azure-search-documents/11.7.0 (21.0.2; Windows 11; 10.0)",
        "x-ms-client-request-id": "Sanitized"
      },
      "RequestBody": null,
      "StatusCode": 204,
      "ResponseHeaders": {
        "client-request-id": "Sanitized",
        "Date": "Fri, 28 Jun 2024 15:08:25 GMT",
        "elapsed-time": "39",
        "Preference-Applied": "odata.include-annotations=\"*\"",
        "request-id": "56f0759f-ad40-4ea4-a272-74187a755cbe",
        "Server": "Microsoft-IIS/10.0",
        "Strict-Transport-Security": [
          "max-age=2592000",
          "max-age=15724800; includeSubDomains"
        ],
        "x-ms-client-request-id": "Sanitized"
      },
      "ResponseBody": null
    },
    {
      "RequestUri": "https://REDACTED/indexers('indexer41167b5b5c26d91')?api-version=2024-07-01",
      "RequestMethod": "DELETE",
      "RequestHeaders": {
        "Accept": "application/json; odata.metadata=minimal",
        "api-key": "REDACTED",
        "Content-Length": "0",
        "Date": "Fri, 28 Jun 2024 15:08:26 GMT",
        "return-client-request-id": "true",
        "User-Agent": "azsdk-java-azure-search-documents/11.7.0 (21.0.2; Windows 11; 10.0)",
        "x-ms-client-request-id": "Sanitized"
      },
      "RequestBody": null,
      "StatusCode": 404,
      "ResponseHeaders": {
        "Cache-Control": "no-store, no-cache",
        "client-request-id": "Sanitized",
        "Content-Language": "en",
        "Content-Length": "121",
        "Content-Type": "application/json; charset=utf-8",
        "Date": "Fri, 28 Jun 2024 15:08:25 GMT",
        "elapsed-time": "10",
        "Expires": "-1",
        "Pragma": "no-cache",
        "request-id": "7699b86d-fbe9-4d38-9740-1ed55294963a",
        "Server": "Microsoft-IIS/10.0",
        "Strict-Transport-Security": "max-age=15724800; includeSubDomains",
        "x-ms-client-request-id": "Sanitized"
      },
      "ResponseBody": {
        "error": {
          "code": "",
          "message": "Indexer 'indexer41167b5b5c26d91' was not found in service 'azs-java-t5ce5274b0647cb99'."
        }
      }
    }
  ],
  "Variables": {
    "0": "indexer41167b5b5c26d91"
  }
}
