{
  "Entries": [
    {
      "RequestUri": "https://REDACTED/indexers(\u0027indexer7044154c0f4c337\u0027)?api-version=2023-07-01-Preview",
      "RequestMethod": "DELETE",
      "RequestHeaders": {
        "Accept": "application/json; odata.metadata=minimal",
        "api-key": "REDACTED",
        "Content-Length": "0",
        "Date": "Fri, 18 Aug 2023 20:47:09 GMT",
        "return-client-request-id": "true",
        "User-Agent": "azsdk-java-azure-search-documents/11.6.0-beta.9 (17.0.7; Windows 11; 10.0)",
        "x-ms-client-request-id": "60c773dc-b3bf-471f-8add-03475fc9cc9c"
      },
      "RequestBody": null,
      "StatusCode": 404,
      "ResponseHeaders": {
        "Cache-Control": "no-cache",
        "client-request-id": "60c773dc-b3bf-471f-8add-03475fc9cc9c",
        "Content-Language": "en",
        "Content-Length": "115",
        "Content-Type": "application/json; charset=utf-8",
        "Date": "Fri, 18 Aug 2023 20:47:08 GMT",
        "elapsed-time": "8",
        "Expires": "-1",
        "Pragma": "no-cache",
        "Preference-Applied": "odata.include-annotations=\u0022*\u0022",
        "request-id": "60c773dc-b3bf-471f-8add-03475fc9cc9c",
        "Strict-Transport-Security": "max-age=15724800; includeSubDomains",
        "x-ms-client-request-id": "60c773dc-b3bf-471f-8add-03475fc9cc9c"
      },
      "ResponseBody": {
        "error": {
          "code": "",
          "message": "Indexer \u0027indexer7044154c0f4c337\u0027 was not found in service \u0027azs-java-searchregen\u0027."
        }
      }
    },
    {
      "RequestUri": "https://REDACTED/indexers?api-version=2023-07-01-Preview",
      "RequestMethod": "POST",
      "RequestHeaders": {
        "Accept": "application/json; odata.metadata=minimal",
        "api-key": "REDACTED",
        "Content-Length": "153",
        "Content-Type": "application/json",
        "Date": "Fri, 18 Aug 2023 20:47:09 GMT",
        "return-client-request-id": "true",
        "User-Agent": "azsdk-java-azure-search-documents/11.6.0-beta.9 (17.0.7; Windows 11; 10.0)",
        "x-ms-client-request-id": "ada5bbca-9791-4ec6-879d-a1b794b667da"
      },
      "RequestBody": {
        "name": "indexer7044154c0f4c337",
        "dataSourceName": "shared-azs-java-live-blob",
        "targetIndexName": "sharedindexforindexers",
        "schedule": {
          "interval": "PT24H"
        }
      },
      "StatusCode": 201,
      "ResponseHeaders": {
        "Cache-Control": "no-cache",
        "client-request-id": "ada5bbca-9791-4ec6-879d-a1b794b667da",
        "Content-Length": "477",
        "Content-Type": "application/json; odata.metadata=minimal",
        "Date": "Fri, 18 Aug 2023 20:47:08 GMT",
        "elapsed-time": "309",
        "ETag": "W/\u00220x8DBA02C4AA856A4\u0022",
        "Expires": "-1",
        "Location": "https://azs-java-searchregen.search.windows.net/indexers(\u0027indexer7044154c0f4c337\u0027)?api-version=2023-07-01-Preview",
        "OData-Version": "4.0",
        "Pragma": "no-cache",
        "Preference-Applied": "odata.include-annotations=\u0022*\u0022",
        "request-id": "ada5bbca-9791-4ec6-879d-a1b794b667da",
        "Strict-Transport-Security": "max-age=15724800; includeSubDomains",
        "x-ms-client-request-id": "ada5bbca-9791-4ec6-879d-a1b794b667da"
      },
      "ResponseBody": {
        "@odata.context": "https://azs-java-searchregen.search.windows.net/$metadata#indexers/$entity",
        "@odata.etag": "\u00220x8DBA02C4AA856A4\u0022",
        "name": "indexer7044154c0f4c337",
        "description": null,
        "dataSourceName": "shared-azs-java-live-blob",
        "skillsetName": null,
        "targetIndexName": "sharedindexforindexers",
        "disabled": null,
        "schedule": {
          "interval": "P1D",
          "startTime": "2023-08-18T20:47:09.2677643Z"
        },
        "parameters": null,
        "fieldMappings": [],
        "outputFieldMappings": [],
        "cache": null,
        "encryptionKey": null
      }
    },
    {
      "RequestUri": "https://REDACTED/indexers(\u0027indexer7044154c0f4c337\u0027)?api-version=2023-07-01-Preview",
      "RequestMethod": "DELETE",
      "RequestHeaders": {
        "Accept": "application/json; odata.metadata=minimal",
        "api-key": "REDACTED",
        "Content-Length": "0",
        "Date": "Fri, 18 Aug 2023 20:47:09 GMT",
        "return-client-request-id": "true",
        "User-Agent": "azsdk-java-azure-search-documents/11.6.0-beta.9 (17.0.7; Windows 11; 10.0)",
        "x-ms-client-request-id": "1b2e0d82-8481-4085-a951-ec0645d78006"
      },
      "RequestBody": null,
      "StatusCode": 204,
      "ResponseHeaders": {
        "Cache-Control": "no-cache",
        "client-request-id": "1b2e0d82-8481-4085-a951-ec0645d78006",
        "Date": "Fri, 18 Aug 2023 20:47:09 GMT",
        "elapsed-time": "39",
        "Expires": "-1",
        "Pragma": "no-cache",
        "request-id": "1b2e0d82-8481-4085-a951-ec0645d78006",
        "Strict-Transport-Security": "max-age=15724800; includeSubDomains",
        "x-ms-client-request-id": "1b2e0d82-8481-4085-a951-ec0645d78006"
      },
      "ResponseBody": null
    },
    {
      "RequestUri": "https://REDACTED/indexers(\u0027indexer7044154c0f4c337\u0027)?api-version=2023-07-01-Preview",
      "RequestMethod": "DELETE",
      "RequestHeaders": {
        "Accept": "application/json; odata.metadata=minimal",
        "api-key": "REDACTED",
        "Content-Length": "0",
        "Date": "Fri, 18 Aug 2023 20:47:09 GMT",
        "return-client-request-id": "true",
        "User-Agent": "azsdk-java-azure-search-documents/11.6.0-beta.9 (17.0.7; Windows 11; 10.0)",
        "x-ms-client-request-id": "3b6e2c25-b815-442c-9d5b-631dcfafd3cb"
      },
      "RequestBody": null,
      "StatusCode": 404,
      "ResponseHeaders": {
        "Cache-Control": "no-cache",
        "client-request-id": "3b6e2c25-b815-442c-9d5b-631dcfafd3cb",
        "Content-Language": "en",
        "Content-Length": "115",
        "Content-Type": "application/json; charset=utf-8",
        "Date": "Fri, 18 Aug 2023 20:47:09 GMT",
        "elapsed-time": "7",
        "Expires": "-1",
        "Pragma": "no-cache",
        "Preference-Applied": "odata.include-annotations=\u0022*\u0022",
        "request-id": "3b6e2c25-b815-442c-9d5b-631dcfafd3cb",
        "Strict-Transport-Security": "max-age=15724800; includeSubDomains",
        "x-ms-client-request-id": "3b6e2c25-b815-442c-9d5b-631dcfafd3cb"
      },
      "ResponseBody": {
        "error": {
          "code": "",
          "message": "Indexer \u0027indexer7044154c0f4c337\u0027 was not found in service \u0027azs-java-searchregen\u0027."
        }
      }
    }
  ],
  "Variables": {
    "0": "indexer7044154c0f4c337"
  }
}
