{
  "Entries": [
    {
      "RequestUri": "https://REDACTED/indexers?api-version=2024-07-01",
      "RequestMethod": "POST",
      "RequestHeaders": {
        "Accept": "application/json; odata.metadata=minimal",
        "api-key": "REDACTED",
        "Content-Length": "151",
        "Content-Type": "application/json",
        "Date": "Fri, 28 Jun 2024 15:08:28 GMT",
        "return-client-request-id": "true",
        "User-Agent": "azsdk-java-azure-search-documents/11.7.0 (21.0.2; Windows 11; 10.0)",
        "x-ms-client-request-id": "Sanitized"
      },
      "RequestBody": {
        "name": "indexer259238fdd9c6775",
        "dataSourceName": "shared-azs-java-live-blob",
        "targetIndexName": "sharedindexforindexers",
        "schedule": {
          "interval": "P1D"
        }
      },
      "StatusCode": 201,
      "ResponseHeaders": {
        "client-request-id": "Sanitized",
        "Content-Type": "application/json; odata.metadata=minimal; odata.streaming=true; charset=utf-8",
        "Date": "Fri, 28 Jun 2024 15:08:28 GMT",
        "elapsed-time": "292",
        "ETag": "\"0x8DC97842A753B86\"",
        "Location": "https://REDACTED.com",
        "OData-Version": "4.0",
        "Preference-Applied": "odata.include-annotations=\"*\"",
        "request-id": "64477359-d7f0-4969-bfff-16bf0e61db84",
        "Server": "Microsoft-IIS/10.0",
        "Strict-Transport-Security": [
          "max-age=2592000",
          "max-age=15724800; includeSubDomains"
        ],
        "Transfer-Encoding": "chunked",
        "x-ms-client-request-id": "Sanitized"
      },
      "ResponseBody": {
        "@odata.context": "https://azs-java-t5ce5274b0647cb99.search.windows.net/$metadata#indexers/$entity",
        "@odata.etag": "\"0x8DC97842A753B86\"",
        "name": "indexer259238fdd9c6775",
        "description": null,
        "dataSourceName": "shared-azs-java-live-blob",
        "skillsetName": null,
        "targetIndexName": "sharedindexforindexers",
        "disabled": null,
        "schedule": {
          "interval": "P1D",
          "startTime": "2024-06-28T15:08:28.2204638Z"
        },
        "parameters": null,
        "fieldMappings": [],
        "outputFieldMappings": [],
        "encryptionKey": null
      }
    },
    {
      "RequestUri": "https://REDACTED/indexers('indexer259238fdd9c6775')?api-version=2024-07-01",
      "RequestMethod": "DELETE",
      "RequestHeaders": {
        "Accept": "application/json; odata.metadata=minimal",
        "api-key": "REDACTED",
        "Content-Length": "0",
        "Date": "Fri, 28 Jun 2024 15:08:28 GMT",
        "return-client-request-id": "true",
        "User-Agent": "azsdk-java-azure-search-documents/11.7.0 (21.0.2; Windows 11; 10.0)",
        "x-ms-client-request-id": "Sanitized"
      },
      "RequestBody": null,
      "StatusCode": 204,
      "ResponseHeaders": {
        "client-request-id": "Sanitized",
        "Date": "Fri, 28 Jun 2024 15:08:28 GMT",
        "elapsed-time": "36",
        "Preference-Applied": "odata.include-annotations=\"*\"",
        "request-id": "1764a92e-92d0-44b1-8905-0cf443b2eb55",
        "Server": "Microsoft-IIS/10.0",
        "Strict-Transport-Security": [
          "max-age=2592000",
          "max-age=15724800; includeSubDomains"
        ],
        "x-ms-client-request-id": "Sanitized"
      },
      "ResponseBody": null
    },
    {
      "RequestUri": "https://REDACTED/indexers('indexer259238fdd9c6775')?api-version=2024-07-01",
      "RequestMethod": "GET",
      "RequestHeaders": {
        "Accept": "application/json; odata.metadata=minimal",
        "api-key": "REDACTED",
        "Content-Length": "0",
        "Date": "Fri, 28 Jun 2024 15:08:28 GMT",
        "return-client-request-id": "true",
        "User-Agent": "azsdk-java-azure-search-documents/11.7.0 (21.0.2; Windows 11; 10.0)",
        "x-ms-client-request-id": "Sanitized"
      },
      "RequestBody": null,
      "StatusCode": 404,
      "ResponseHeaders": {
        "Cache-Control": "no-store, no-cache",
        "client-request-id": "Sanitized",
        "Content-Language": "en",
        "Content-Length": "121",
        "Content-Type": "application/json; charset=utf-8",
        "Date": "Fri, 28 Jun 2024 15:08:28 GMT",
        "elapsed-time": "9",
        "Expires": "-1",
        "Pragma": "no-cache",
        "request-id": "a281ee1c-6dd5-4d7f-b64a-32b3f59a8d37",
        "Server": "Microsoft-IIS/10.0",
        "Strict-Transport-Security": "max-age=15724800; includeSubDomains",
        "x-ms-client-request-id": "Sanitized"
      },
      "ResponseBody": {
        "error": {
          "code": "",
          "message": "Indexer 'indexer259238fdd9c6775' was not found in service 'azs-java-t5ce5274b0647cb99'."
        }
      }
    }
  ],
  "Variables": {
    "0": "indexer259238fdd9c6775"
  }
}
