{
  "Entries": [
    {
      "RequestUri": "https://REDACTED/indexes(\u0027azsearch-indexing-shared-hotel-instance\u0027)/docs/search.index?api-version=2023-10-01-preview",
      "RequestMethod": "POST",
      "RequestHeaders": {
        "Accept": "application/json; odata.metadata=none",
        "api-key": "REDACTED",
        "Content-Length": "5421",
        "Content-Type": "application/json",
        "Date": "Fri, 08 Dec 2023 15:10:47 GMT",
        "return-client-request-id": "true",
        "User-Agent": "azsdk-java-azure-search-documents/11.7.0-beta.1 (17.0.8.1; Windows 11; 10.0)",
        "x-ms-client-request-id": "6ebc57bc-8c2c-4b44-aaa9-005b92b3331c"
      },
      "RequestBody": {
        "value": [
          {
            "@search.action": "upload",
            "Description": "Best hotel in town if you like luxury hotels. They have an amazing infinity pool, a spa, and a really helpful concierge. The location is perfect -- right downtown, close to all the tourist attractions. We highly recommend this hotel.",
            "Category": "Luxury",
            "Address": {
              "StreetAddress": "One Microsoft way",
              "StateProvince": "Washington",
              "PostalCode": "98052",
              "Country": "US",
              "City": "Redmond"
            },
            "LastRenovationDate": "2019-01-30T00:00:00Z",
            "ParkingIncluded": true,
            "Rating": 5,
            "SmokingAllowed": true,
            "Rooms": [
              {
                "SleepsCount": 2,
                "Type": "Budget Room",
                "Description": "Budget Room, 1 Queen Bed",
                "SmokingAllowed": true,
                "BaseRate": 149.99,
                "Description_fr": null,
                "BedOptions": "1 Queen Bed",
                "Tags": [
                  "vcr/dvd",
                  "great view"
                ]
              },
              {
                "SleepsCount": 2,
                "Type": "Budget Room",
                "Description": "Budget Room, 1 King Bed",
                "SmokingAllowed": true,
                "BaseRate": 249.99,
                "Description_fr": null,
                "BedOptions": "1 King Bed",
                "Tags": [
                  "vcr/dvd",
                  "seaside view"
                ]
              }
            ],
            "HotelId": "key23231189042e54d43",
            "HotelName": "Fancy Stay Hotel",
            "Description_fr": null,
            "Tags": [
              "pool",
              "view",
              "wifi",
              "concierge"
            ],
            "Location": null
          },
          {
            "@search.action": "delete",
            "Description": "Best hotel in town if you like luxury hotels. They have an amazing infinity pool, a spa, and a really helpful concierge. The location is perfect -- right downtown, close to all the tourist attractions. We highly recommend this hotel.",
            "Category": "Luxury",
            "Address": {
              "StreetAddress": "One Microsoft way",
              "StateProvince": "Washington",
              "PostalCode": "98052",
              "Country": "US",
              "City": "Redmond"
            },
            "LastRenovationDate": "2019-01-30T00:00:00Z",
            "ParkingIncluded": true,
            "Rating": 5,
            "SmokingAllowed": true,
            "Rooms": [
              {
                "SleepsCount": 2,
                "Type": "Budget Room",
                "Description": "Budget Room, 1 Queen Bed",
                "SmokingAllowed": true,
                "BaseRate": 149.99,
                "Description_fr": null,
                "BedOptions": "1 Queen Bed",
                "Tags": [
                  "vcr/dvd",
                  "great view"
                ]
              },
              {
                "SleepsCount": 2,
                "Type": "Budget Room",
                "Description": "Budget Room, 1 King Bed",
                "SmokingAllowed": true,
                "BaseRate": 249.99,
                "Description_fr": null,
                "BedOptions": "1 King Bed",
                "Tags": [
                  "vcr/dvd",
                  "seaside view"
                ]
              }
            ],
            "HotelId": "randomId",
            "HotelName": "Fancy Stay Hotel",
            "Description_fr": null,
            "Tags": [
              "pool",
              "view",
              "wifi",
              "concierge"
            ],
            "Location": null
          },
          {
            "@search.action": "merge",
            "Description": "Best hotel in town if you like luxury hotels. They have an amazing infinity pool, a spa, and a really helpful concierge. The location is perfect -- right downtown, close to all the tourist attractions. We highly recommend this hotel.",
            "Category": "Luxury",
            "Address": {
              "StreetAddress": "One Microsoft way",
              "StateProvince": "Washington",
              "PostalCode": "98052",
              "Country": "US",
              "City": "Redmond"
            },
            "LastRenovationDate": "2019-01-30T00:00:00Z",
            "ParkingIncluded": true,
            "Rating": 5,
            "SmokingAllowed": true,
            "Rooms": [
              {
                "SleepsCount": 2,
                "Type": "Budget Room",
                "Description": "Budget Room, 1 Queen Bed",
                "SmokingAllowed": true,
                "BaseRate": 149.99,
                "Description_fr": null,
                "BedOptions": "1 Queen Bed",
                "Tags": [
                  "vcr/dvd",
                  "great view"
                ]
              },
              {
                "SleepsCount": 2,
                "Type": "Budget Room",
                "Description": "Budget Room, 1 King Bed",
                "SmokingAllowed": true,
                "BaseRate": 249.99,
                "Description_fr": null,
                "BedOptions": "1 King Bed",
                "Tags": [
                  "vcr/dvd",
                  "seaside view"
                ]
              }
            ],
            "HotelId": "nonExistingHotel",
            "HotelName": "Fancy Stay Hotel",
            "Description_fr": null,
            "Tags": [
              "pool",
              "view",
              "wifi",
              "concierge"
            ],
            "Location": null
          },
          {
            "@search.action": "mergeOrUpload",
            "Description": "Best hotel in town if you like luxury hotels. They have an amazing infinity pool, a spa, and a really helpful concierge. The location is perfect -- right downtown, close to all the tourist attractions. We highly recommend this hotel.",
            "Category": "Luxury",
            "Address": {
              "StreetAddress": "One Microsoft way",
              "StateProvince": "Washington",
              "PostalCode": "98052",
              "Country": "US",
              "City": "Redmond"
            },
            "LastRenovationDate": "2019-01-30T00:00:00Z",
            "ParkingIncluded": true,
            "Rating": 5,
            "SmokingAllowed": true,
            "Rooms": [
              {
                "SleepsCount": 2,
                "Type": "Budget Room",
                "Description": "Budget Room, 1 Queen Bed",
                "SmokingAllowed": true,
                "BaseRate": 149.99,
                "Description_fr": null,
                "BedOptions": "1 Queen Bed",
                "Tags": [
                  "vcr/dvd",
                  "great view"
                ]
              },
              {
                "SleepsCount": 2,
                "Type": "Budget Room",
                "Description": "Budget Room, 1 King Bed",
                "SmokingAllowed": true,
                "BaseRate": 249.99,
                "Description_fr": null,
                "BedOptions": "1 King Bed",
                "Tags": [
                  "vcr/dvd",
                  "seaside view"
                ]
              }
            ],
            "HotelId": "key2093226bb8ef2d35e",
            "HotelName": "Fancy Stay Hotel",
            "Description_fr": null,
            "Tags": [
              "pool",
              "view",
              "wifi",
              "concierge"
            ],
            "Location": null
          },
          {
            "@search.action": "upload",
            "Description": "Best hotel in town if you like luxury hotels. They have an amazing infinity pool, a spa, and a really helpful concierge. The location is perfect -- right downtown, close to all the tourist attractions. We highly recommend this hotel.",
            "Category": "Luxury",
            "Address": {
              "StreetAddress": "One Microsoft way",
              "StateProvince": "Washington",
              "PostalCode": "98052",
              "Country": "US",
              "City": "Redmond"
            },
            "LastRenovationDate": "2019-01-30T00:00:00Z",
            "ParkingIncluded": true,
            "Rating": 5,
            "SmokingAllowed": true,
            "Rooms": [
              {
                "SleepsCount": 2,
                "Type": "Budget Room",
                "Description": "Budget Room, 1 Queen Bed",
                "SmokingAllowed": true,
                "BaseRate": 149.99,
                "Description_fr": null,
                "BedOptions": "1 Queen Bed",
                "Tags": [
                  "vcr/dvd",
                  "great view"
                ]
              },
              {
                "SleepsCount": 2,
                "Type": "Budget Room",
                "Description": "Budget Room, 1 King Bed",
                "SmokingAllowed": true,
                "BaseRate": 249.99,
                "Description_fr": null,
                "BedOptions": "1 King Bed",
                "Tags": [
                  "vcr/dvd",
                  "seaside view"
                ]
              }
            ],
            "HotelId": "key51529b9497e71b7f1",
            "HotelName": "Fancy Stay Hotel",
            "Description_fr": null,
            "Tags": [
              "pool",
              "view",
              "wifi",
              "concierge"
            ],
            "Location": null
          }
        ]
      },
      "StatusCode": 207,
      "ResponseHeaders": {
        "client-request-id": "6ebc57bc-8c2c-4b44-aaa9-005b92b3331c",
        "Content-Type": "application/json; odata.metadata=none; odata.streaming=true; charset=utf-8",
        "Date": "Fri, 08 Dec 2023 15:10:47 GMT",
        "elapsed-time": "60",
        "OData-Version": "4.0",
        "Preference-Applied": "odata.include-annotations=\u0022*\u0022",
        "request-id": "6ebc57bc-8c2c-4b44-aaa9-005b92b3331c",
        "Server": "Microsoft-IIS/10.0",
        "Strict-Transport-Security": [
          "max-age=2592000",
          "max-age=15724800; includeSubDomains"
        ],
        "Transfer-Encoding": "chunked",
        "x-ms-client-request-id": "6ebc57bc-8c2c-4b44-aaa9-005b92b3331c"
      },
      "ResponseBody": {
        "value": [
          {
            "key": "key23231189042e54d43",
            "status": true,
            "errorMessage": null,
            "statusCode": 201
          },
          {
            "key": "randomId",
            "status": true,
            "errorMessage": null,
            "statusCode": 200
          },
          {
            "key": "nonExistingHotel",
            "status": false,
            "errorMessage": "Document not found.",
            "statusCode": 404
          },
          {
            "key": "key2093226bb8ef2d35e",
            "status": true,
            "errorMessage": null,
            "statusCode": 201
          },
          {
            "key": "key51529b9497e71b7f1",
            "status": true,
            "errorMessage": null,
            "statusCode": 201
          }
        ]
      }
    },
    {
      "RequestUri": "https://REDACTED/indexes(\u0027azsearch-indexing-shared-hotel-instance\u0027)/docs(\u0027key23231189042e54d43\u0027)?api-version=2023-10-01-preview",
      "RequestMethod": "GET",
      "RequestHeaders": {
        "Accept": "application/json; odata.metadata=none",
        "api-key": "REDACTED",
        "Content-Length": "0",
        "Date": "Fri, 08 Dec 2023 15:10:47 GMT",
        "return-client-request-id": "true",
        "User-Agent": "azsdk-java-azure-search-documents/11.7.0-beta.1 (17.0.8.1; Windows 11; 10.0)",
        "x-ms-client-request-id": "d3dd2b15-f93d-4f8f-8a50-215849af1708"
      },
      "RequestBody": null,
      "StatusCode": 200,
      "ResponseHeaders": {
        "client-request-id": "d3dd2b15-f93d-4f8f-8a50-215849af1708",
        "Content-Type": "application/json; odata.metadata=none; odata.streaming=true; charset=utf-8",
        "Date": "Fri, 08 Dec 2023 15:10:47 GMT",
        "elapsed-time": "33",
        "OData-Version": "4.0",
        "Preference-Applied": "odata.include-annotations=\u0022*\u0022",
        "request-id": "d3dd2b15-f93d-4f8f-8a50-215849af1708",
        "Server": "Microsoft-IIS/10.0",
        "Strict-Transport-Security": [
          "max-age=2592000",
          "max-age=15724800; includeSubDomains"
        ],
        "Transfer-Encoding": "chunked",
        "x-ms-client-request-id": "d3dd2b15-f93d-4f8f-8a50-215849af1708"
      },
      "ResponseBody": {
        "HotelId": "key23231189042e54d43",
        "HotelName": "Fancy Stay Hotel",
        "Description": "Best hotel in town if you like luxury hotels. They have an amazing infinity pool, a spa, and a really helpful concierge. The location is perfect -- right downtown, close to all the tourist attractions. We highly recommend this hotel.",
        "Description_fr": null,
        "Category": "Luxury",
        "Tags": [
          "pool",
          "view",
          "wifi",
          "concierge"
        ],
        "ParkingIncluded": true,
        "SmokingAllowed": true,
        "LastRenovationDate": "2019-01-30T00:00:00Z",
        "Rating": 5,
        "Location": null,
        "Address": {
          "StreetAddress": "One Microsoft way",
          "City": "Redmond",
          "StateProvince": "Washington",
          "PostalCode": "98052",
          "Country": "US"
        },
        "Rooms": [
          {
            "Description": "Budget Room, 1 Queen Bed",
            "Description_fr": null,
            "Type": "Budget Room",
            "BaseRate": 149.99,
            "BedOptions": "1 Queen Bed",
            "SleepsCount": 2,
            "SmokingAllowed": true,
            "Tags": [
              "vcr/dvd",
              "great view"
            ]
          },
          {
            "Description": "Budget Room, 1 King Bed",
            "Description_fr": null,
            "Type": "Budget Room",
            "BaseRate": 249.99,
            "BedOptions": "1 King Bed",
            "SleepsCount": 2,
            "SmokingAllowed": true,
            "Tags": [
              "vcr/dvd",
              "seaside view"
            ]
          }
        ]
      }
    },
    {
      "RequestUri": "https://REDACTED/indexes(\u0027azsearch-indexing-shared-hotel-instance\u0027)/docs(\u0027key51529b9497e71b7f1\u0027)?api-version=2023-10-01-preview",
      "RequestMethod": "GET",
      "RequestHeaders": {
        "Accept": "application/json; odata.metadata=none",
        "api-key": "REDACTED",
        "Content-Length": "0",
        "Date": "Fri, 08 Dec 2023 15:10:47 GMT",
        "return-client-request-id": "true",
        "User-Agent": "azsdk-java-azure-search-documents/11.7.0-beta.1 (17.0.8.1; Windows 11; 10.0)",
        "x-ms-client-request-id": "74bdbaf0-a12b-47c3-8528-efe244de57fd"
      },
      "RequestBody": null,
      "StatusCode": 200,
      "ResponseHeaders": {
        "client-request-id": "74bdbaf0-a12b-47c3-8528-efe244de57fd",
        "Content-Type": "application/json; odata.metadata=none; odata.streaming=true; charset=utf-8",
        "Date": "Fri, 08 Dec 2023 15:10:47 GMT",
        "elapsed-time": "7",
        "OData-Version": "4.0",
        "Preference-Applied": "odata.include-annotations=\u0022*\u0022",
        "request-id": "74bdbaf0-a12b-47c3-8528-efe244de57fd",
        "Server": "Microsoft-IIS/10.0",
        "Strict-Transport-Security": [
          "max-age=2592000",
          "max-age=15724800; includeSubDomains"
        ],
        "Transfer-Encoding": "chunked",
        "x-ms-client-request-id": "74bdbaf0-a12b-47c3-8528-efe244de57fd"
      },
      "ResponseBody": {
        "HotelId": "key51529b9497e71b7f1",
        "HotelName": "Fancy Stay Hotel",
        "Description": "Best hotel in town if you like luxury hotels. They have an amazing infinity pool, a spa, and a really helpful concierge. The location is perfect -- right downtown, close to all the tourist attractions. We highly recommend this hotel.",
        "Description_fr": null,
        "Category": "Luxury",
        "Tags": [
          "pool",
          "view",
          "wifi",
          "concierge"
        ],
        "ParkingIncluded": true,
        "SmokingAllowed": true,
        "LastRenovationDate": "2019-01-30T00:00:00Z",
        "Rating": 5,
        "Location": null,
        "Address": {
          "StreetAddress": "One Microsoft way",
          "City": "Redmond",
          "StateProvince": "Washington",
          "PostalCode": "98052",
          "Country": "US"
        },
        "Rooms": [
          {
            "Description": "Budget Room, 1 Queen Bed",
            "Description_fr": null,
            "Type": "Budget Room",
            "BaseRate": 149.99,
            "BedOptions": "1 Queen Bed",
            "SleepsCount": 2,
            "SmokingAllowed": true,
            "Tags": [
              "vcr/dvd",
              "great view"
            ]
          },
          {
            "Description": "Budget Room, 1 King Bed",
            "Description_fr": null,
            "Type": "Budget Room",
            "BaseRate": 249.99,
            "BedOptions": "1 King Bed",
            "SleepsCount": 2,
            "SmokingAllowed": true,
            "Tags": [
              "vcr/dvd",
              "seaside view"
            ]
          }
        ]
      }
    },
    {
      "RequestUri": "https://REDACTED/indexes(\u0027azsearch-indexing-shared-hotel-instance\u0027)/docs(\u0027key2093226bb8ef2d35e\u0027)?api-version=2023-10-01-preview",
      "RequestMethod": "GET",
      "RequestHeaders": {
        "Accept": "application/json; odata.metadata=none",
        "api-key": "REDACTED",
        "Content-Length": "0",
        "Date": "Fri, 08 Dec 2023 15:10:47 GMT",
        "return-client-request-id": "true",
        "User-Agent": "azsdk-java-azure-search-documents/11.7.0-beta.1 (17.0.8.1; Windows 11; 10.0)",
        "x-ms-client-request-id": "2ec23a81-1a9d-45d2-b5b4-a2a8742246cb"
      },
      "RequestBody": null,
      "StatusCode": 200,
      "ResponseHeaders": {
        "client-request-id": "2ec23a81-1a9d-45d2-b5b4-a2a8742246cb",
        "Content-Type": "application/json; odata.metadata=none; odata.streaming=true; charset=utf-8",
        "Date": "Fri, 08 Dec 2023 15:10:47 GMT",
        "elapsed-time": "23",
        "OData-Version": "4.0",
        "Preference-Applied": "odata.include-annotations=\u0022*\u0022",
        "request-id": "2ec23a81-1a9d-45d2-b5b4-a2a8742246cb",
        "Server": "Microsoft-IIS/10.0",
        "Strict-Transport-Security": [
          "max-age=2592000",
          "max-age=15724800; includeSubDomains"
        ],
        "Transfer-Encoding": "chunked",
        "x-ms-client-request-id": "2ec23a81-1a9d-45d2-b5b4-a2a8742246cb"
      },
      "ResponseBody": {
        "HotelId": "key2093226bb8ef2d35e",
        "HotelName": "Fancy Stay Hotel",
        "Description": "Best hotel in town if you like luxury hotels. They have an amazing infinity pool, a spa, and a really helpful concierge. The location is perfect -- right downtown, close to all the tourist attractions. We highly recommend this hotel.",
        "Description_fr": null,
        "Category": "Luxury",
        "Tags": [
          "pool",
          "view",
          "wifi",
          "concierge"
        ],
        "ParkingIncluded": true,
        "SmokingAllowed": true,
        "LastRenovationDate": "2019-01-30T00:00:00Z",
        "Rating": 5,
        "Location": null,
        "Address": {
          "StreetAddress": "One Microsoft way",
          "City": "Redmond",
          "StateProvince": "Washington",
          "PostalCode": "98052",
          "Country": "US"
        },
        "Rooms": [
          {
            "Description": "Budget Room, 1 Queen Bed",
            "Description_fr": null,
            "Type": "Budget Room",
            "BaseRate": 149.99,
            "BedOptions": "1 Queen Bed",
            "SleepsCount": 2,
            "SmokingAllowed": true,
            "Tags": [
              "vcr/dvd",
              "great view"
            ]
          },
          {
            "Description": "Budget Room, 1 King Bed",
            "Description_fr": null,
            "Type": "Budget Room",
            "BaseRate": 249.99,
            "BedOptions": "1 King Bed",
            "SleepsCount": 2,
            "SmokingAllowed": true,
            "Tags": [
              "vcr/dvd",
              "seaside view"
            ]
          }
        ]
      }
    }
  ],
  "Variables": {
    "0": "key23231189042e54d43",
    "1": "key51529b9497e71b7f1",
    "2": "key2093226bb8ef2d35e"
  }
}
