{
  "Entries": [
    {
      "RequestUri": "https://REDACTED/indexers(\u0027indexer8291224b529fcad\u0027)?api-version=2024-03-01-preview",
      "RequestMethod": "PUT",
      "RequestHeaders": {
        "Accept": "application/json; odata.metadata=minimal",
        "api-key": "REDACTED",
        "Content-Length": "151",
        "Content-Type": "application/json",
        "Date": "Tue, 05 Mar 2024 03:01:13 GMT",
        "Prefer": "return=representation",
        "return-client-request-id": "true",
        "User-Agent": "azsdk-java-azure-search-documents/11.7.0-beta.2 (17.0.9; Windows 11; 10.0)",
        "x-ms-client-request-id": "0d4b850d-ea2c-47a0-9e22-7c12d045fe3e"
      },
      "RequestBody": {
        "name": "indexer8291224b529fcad",
        "dataSourceName": "shared-azs-java-live-blob",
        "targetIndexName": "sharedindexforindexers",
        "schedule": {
          "interval": "P1D"
        }
      },
      "StatusCode": 201,
      "ResponseHeaders": {
        "client-request-id": "0d4b850d-ea2c-47a0-9e22-7c12d045fe3e",
        "Content-Type": "application/json; odata.metadata=minimal; odata.streaming=true; charset=utf-8",
        "Date": "Tue, 05 Mar 2024 03:01:13 GMT",
        "elapsed-time": "424",
        "ETag": "\u00220x8DC3CC084ED3475\u0022",
        "Location": "https://2040301preview.search.windows.net/indexers(\u0027indexer8291224b529fcad\u0027)?api-version=2024-03-01-preview",
        "OData-Version": "4.0",
        "Preference-Applied": "odata.include-annotations=\u0022*\u0022",
        "request-id": "0d4b850d-ea2c-47a0-9e22-7c12d045fe3e",
        "Server": "Microsoft-IIS/10.0",
        "Strict-Transport-Security": [
          "max-age=2592000",
          "max-age=15724800; includeSubDomains"
        ],
        "Transfer-Encoding": "chunked",
        "x-ms-client-request-id": "0d4b850d-ea2c-47a0-9e22-7c12d045fe3e"
      },
      "ResponseBody": {
        "@odata.context": "https://2040301preview.search.windows.net/$metadata#indexers/$entity",
        "@odata.etag": "\u00220x8DC3CC084ED3475\u0022",
        "name": "indexer8291224b529fcad",
        "description": null,
        "dataSourceName": "shared-azs-java-live-blob",
        "skillsetName": null,
        "targetIndexName": "sharedindexforindexers",
        "disabled": null,
        "schedule": {
          "interval": "P1D",
          "startTime": "2024-03-05T03:01:13.8524115Z"
        },
        "parameters": null,
        "fieldMappings": [],
        "outputFieldMappings": [],
        "cache": null,
        "encryptionKey": null
      }
    },
    {
      "RequestUri": "https://REDACTED/indexers(\u0027indexer8291224b529fcad\u0027)?api-version=2024-03-01-preview",
      "RequestMethod": "PUT",
      "RequestHeaders": {
        "Accept": "application/json; odata.metadata=minimal",
        "api-key": "REDACTED",
        "Content-Length": "313",
        "Content-Type": "application/json",
        "Date": "Tue, 05 Mar 2024 03:01:14 GMT",
        "If-Match": "\u00220x8DC3CC084ED3475\u0022",
        "Prefer": "return=representation",
        "return-client-request-id": "true",
        "User-Agent": "azsdk-java-azure-search-documents/11.7.0-beta.2 (17.0.9; Windows 11; 10.0)",
        "x-ms-client-request-id": "978903e8-18f4-439d-b1fa-a97b2fdce3f5"
      },
      "RequestBody": {
        "name": "indexer8291224b529fcad",
        "description": "ABrandNewDescription",
        "dataSourceName": "shared-azs-java-live-blob",
        "targetIndexName": "sharedindexforindexers",
        "schedule": {
          "interval": "P1D",
          "startTime": "2024-03-05T03:01:13.8524115Z"
        },
        "fieldMappings": [],
        "outputFieldMappings": [],
        "@odata.etag": "\u00220x8DC3CC084ED3475\u0022"
      },
      "StatusCode": 200,
      "ResponseHeaders": {
        "client-request-id": "978903e8-18f4-439d-b1fa-a97b2fdce3f5",
        "Content-Type": "application/json; odata.metadata=minimal; odata.streaming=true; charset=utf-8",
        "Date": "Tue, 05 Mar 2024 03:01:13 GMT",
        "elapsed-time": "264",
        "ETag": "\u00220x8DC3CC0852CCC5F\u0022",
        "OData-Version": "4.0",
        "Preference-Applied": "odata.include-annotations=\u0022*\u0022",
        "request-id": "978903e8-18f4-439d-b1fa-a97b2fdce3f5",
        "Server": "Microsoft-IIS/10.0",
        "Strict-Transport-Security": [
          "max-age=2592000",
          "max-age=15724800; includeSubDomains"
        ],
        "Transfer-Encoding": "chunked",
        "x-ms-client-request-id": "978903e8-18f4-439d-b1fa-a97b2fdce3f5"
      },
      "ResponseBody": {
        "@odata.context": "https://2040301preview.search.windows.net/$metadata#indexers/$entity",
        "@odata.etag": "\u00220x8DC3CC0852CCC5F\u0022",
        "name": "indexer8291224b529fcad",
        "description": "ABrandNewDescription",
        "dataSourceName": "shared-azs-java-live-blob",
        "skillsetName": null,
        "targetIndexName": "sharedindexforindexers",
        "disabled": null,
        "schedule": {
          "interval": "P1D",
          "startTime": "2024-03-05T03:01:13.8524115Z"
        },
        "parameters": null,
        "fieldMappings": [],
        "outputFieldMappings": [],
        "cache": null,
        "encryptionKey": null
      }
    },
    {
      "RequestUri": "https://REDACTED/indexers(\u0027indexer8291224b529fcad\u0027)?api-version=2024-03-01-preview",
      "RequestMethod": "DELETE",
      "RequestHeaders": {
        "Accept": "application/json; odata.metadata=minimal",
        "api-key": "REDACTED",
        "Content-Length": "0",
        "Date": "Tue, 05 Mar 2024 03:01:14 GMT",
        "return-client-request-id": "true",
        "User-Agent": "azsdk-java-azure-search-documents/11.7.0-beta.2 (17.0.9; Windows 11; 10.0)",
        "x-ms-client-request-id": "73b0a457-cf98-4406-be32-e746c0d0b0a7"
      },
      "RequestBody": null,
      "StatusCode": 204,
      "ResponseHeaders": {
        "client-request-id": "73b0a457-cf98-4406-be32-e746c0d0b0a7",
        "Date": "Tue, 05 Mar 2024 03:01:13 GMT",
        "elapsed-time": "38",
        "Preference-Applied": "odata.include-annotations=\u0022*\u0022",
        "request-id": "73b0a457-cf98-4406-be32-e746c0d0b0a7",
        "Server": "Microsoft-IIS/10.0",
        "Strict-Transport-Security": [
          "max-age=2592000",
          "max-age=15724800; includeSubDomains"
        ],
        "x-ms-client-request-id": "73b0a457-cf98-4406-be32-e746c0d0b0a7"
      },
      "ResponseBody": null
    }
  ],
  "Variables": {
    "0": "indexer8291224b529fcad"
  }
}
