{
  "Entries": [
    {
      "RequestUri": "https://REDACTED/indexers?api-version=2024-07-01",
      "RequestMethod": "POST",
      "RequestHeaders": {
        "Accept": "application/json; odata.metadata=minimal",
        "api-key": "REDACTED",
        "Content-Length": "167",
        "Content-Type": "application/json",
        "Date": "Fri, 28 Jun 2024 15:08:07 GMT",
        "return-client-request-id": "true",
        "User-Agent": "azsdk-java-azure-search-documents/11.7.0 (21.0.2; Windows 11; 10.0)",
        "x-ms-client-request-id": "Sanitized"
      },
      "RequestBody": {
        "name": "indexer876546d6fcd6ad9",
        "dataSourceName": "shared-azs-java-live-blob",
        "targetIndexName": "sharedindexforindexers",
        "schedule": {
          "interval": "P1D"
        },
        "disabled": true
      },
      "StatusCode": 201,
      "ResponseHeaders": {
        "client-request-id": "Sanitized",
        "Content-Type": "application/json; odata.metadata=minimal; odata.streaming=true; charset=utf-8",
        "Date": "Fri, 28 Jun 2024 15:08:06 GMT",
        "elapsed-time": "46",
        "ETag": "\"0x8DC97841E07C104\"",
        "Location": "https://REDACTED.com",
        "OData-Version": "4.0",
        "Preference-Applied": "odata.include-annotations=\"*\"",
        "request-id": "953f0ad7-9910-41ac-8d58-1bc678d2714d",
        "Server": "Microsoft-IIS/10.0",
        "Strict-Transport-Security": [
          "max-age=2592000",
          "max-age=15724800; includeSubDomains"
        ],
        "Transfer-Encoding": "chunked",
        "x-ms-client-request-id": "Sanitized"
      },
      "ResponseBody": {
        "@odata.context": "https://azs-java-t5ce5274b0647cb99.search.windows.net/$metadata#indexers/$entity",
        "@odata.etag": "\"0x8DC97841E07C104\"",
        "name": "indexer876546d6fcd6ad9",
        "description": null,
        "dataSourceName": "shared-azs-java-live-blob",
        "skillsetName": null,
        "targetIndexName": "sharedindexforindexers",
        "disabled": true,
        "schedule": {
          "interval": "P1D",
          "startTime": "2024-06-28T15:08:07.4782808Z"
        },
        "parameters": null,
        "fieldMappings": [],
        "outputFieldMappings": [],
        "encryptionKey": null
      }
    },
    {
      "RequestUri": "https://REDACTED/indexers('indexer876546d6fcd6ad9')?api-version=2024-07-01",
      "RequestMethod": "PUT",
      "RequestHeaders": {
        "Accept": "application/json; odata.metadata=minimal",
        "api-key": "REDACTED",
        "Content-Length": "333",
        "Content-Type": "application/json",
        "Date": "Fri, 28 Jun 2024 15:08:07 GMT",
        "Prefer": "return=representation",
        "return-client-request-id": "true",
        "User-Agent": "azsdk-java-azure-search-documents/11.7.0 (21.0.2; Windows 11; 10.0)",
        "x-ms-client-request-id": "Sanitized"
      },
      "RequestBody": {
        "name": "indexer876546d6fcd6ad9",
        "dataSourceName": "shared-azs-java-live-blob",
        "targetIndexName": "sharedindexforindexers",
        "schedule": {
          "interval": "P1D"
        },
        "parameters": {
          "configuration": {
            "excludedFileNameExtensions": ".xlsx",
            "indexedFileNameExtensions": ".pdf,.docx",
            "failOnUnsupportedContentType": false,
            "dataToExtract": "storageMetadata"
          }
        }
      },
      "StatusCode": 200,
      "ResponseHeaders": {
        "client-request-id": "Sanitized",
        "Content-Type": "application/json; odata.metadata=minimal; odata.streaming=true; charset=utf-8",
        "Date": "Fri, 28 Jun 2024 15:08:07 GMT",
        "elapsed-time": "281",
        "ETag": "\"0x8DC97841E2BE591\"",
        "OData-Version": "4.0",
        "Preference-Applied": "odata.include-annotations=\"*\"",
        "request-id": "260aaf2d-f127-47c9-b111-c0ea9fc665a7",
        "Server": "Microsoft-IIS/10.0",
        "Strict-Transport-Security": [
          "max-age=2592000",
          "max-age=15724800; includeSubDomains"
        ],
        "Transfer-Encoding": "chunked",
        "x-ms-client-request-id": "Sanitized"
      },
      "ResponseBody": {
        "@odata.context": "https://azs-java-t5ce5274b0647cb99.search.windows.net/$metadata#indexers/$entity",
        "@odata.etag": "\"0x8DC97841E2BE591\"",
        "name": "indexer876546d6fcd6ad9",
        "description": null,
        "dataSourceName": "shared-azs-java-live-blob",
        "skillsetName": null,
        "targetIndexName": "sharedindexforindexers",
        "disabled": null,
        "schedule": {
          "interval": "P1D",
          "startTime": "2024-06-28T15:08:07.6066501Z"
        },
        "parameters": {
          "batchSize": null,
          "maxFailedItems": null,
          "maxFailedItemsPerBatch": null,
          "base64EncodeKeys": null,
          "configuration": {
            "excludedFileNameExtensions": ".xlsx",
            "indexedFileNameExtensions": ".pdf,.docx",
            "failOnUnsupportedContentType": false,
            "dataToExtract": "storageMetadata"
          }
        },
        "fieldMappings": [],
        "outputFieldMappings": [],
        "encryptionKey": null
      }
    },
    {
      "RequestUri": "https://REDACTED/indexers('indexer876546d6fcd6ad9')?api-version=2024-07-01",
      "RequestMethod": "DELETE",
      "RequestHeaders": {
        "Accept": "application/json; odata.metadata=minimal",
        "api-key": "REDACTED",
        "Content-Length": "0",
        "Date": "Fri, 28 Jun 2024 15:08:07 GMT",
        "return-client-request-id": "true",
        "User-Agent": "azsdk-java-azure-search-documents/11.7.0 (21.0.2; Windows 11; 10.0)",
        "x-ms-client-request-id": "Sanitized"
      },
      "RequestBody": null,
      "StatusCode": 204,
      "ResponseHeaders": {
        "client-request-id": "Sanitized",
        "Date": "Fri, 28 Jun 2024 15:08:07 GMT",
        "elapsed-time": "34",
        "Preference-Applied": "odata.include-annotations=\"*\"",
        "request-id": "4a9cf09b-3c8a-485e-ba5f-6ec9b5fd2556",
        "Server": "Microsoft-IIS/10.0",
        "Strict-Transport-Security": [
          "max-age=2592000",
          "max-age=15724800; includeSubDomains"
        ],
        "x-ms-client-request-id": "Sanitized"
      },
      "ResponseBody": null
    }
  ],
  "Variables": {
    "0": "indexer876546d6fcd6ad9"
  }
}
