{
  "Entries": [
    {
      "RequestUri": "https://REDACTED/indexes(\u0027testindexcanfilternonnullabletypeasync77850714a5590bfd3\u0027)?allowIndexDowntime=false\u0026api-version=2023-07-01-Preview",
      "RequestMethod": "PUT",
      "RequestHeaders": {
        "Accept": "application/json; odata.metadata=minimal",
        "api-key": "REDACTED",
        "Content-Length": "366",
        "Content-Type": "application/json",
        "Date": "Thu, 03 Aug 2023 17:58:48 GMT",
        "Prefer": "return=representation",
        "return-client-request-id": "true",
        "User-Agent": "azsdk-java-azure-search-documents/11.6.0-beta.8 (11.0.20; Windows 11; 10.0)",
        "x-ms-client-request-id": "f9c767c1-6163-4308-8e31-b98e6d2fd37b"
      },
      "RequestBody": {
        "name": "testindexcanfilternonnullabletypeasync77850714a5590bfd3",
        "fields": [
          {
            "name": "Key",
            "type": "Edm.String",
            "key": true,
            "searchable": true
          },
          {
            "name": "IntValue",
            "type": "Edm.Int32",
            "filterable": true
          },
          {
            "name": "Bucket",
            "type": "Edm.ComplexType",
            "fields": [
              {
                "name": "BucketName",
                "type": "Edm.String",
                "filterable": true
              },
              {
                "name": "Count",
                "type": "Edm.Int32",
                "filterable": true
              }
            ]
          }
        ]
      },
      "StatusCode": 201,
      "ResponseHeaders": {
        "Cache-Control": "no-cache",
        "client-request-id": "f9c767c1-6163-4308-8e31-b98e6d2fd37b",
        "Content-Length": "1715",
        "Content-Type": "application/json; odata.metadata=minimal",
        "Date": "Thu, 03 Aug 2023 17:58:49 GMT",
        "elapsed-time": "733",
        "ETag": "W/\u00220x8DB944B4A87FAA7\u0022",
        "Expires": "-1",
        "Location": "https://azs-java-tb9a3e882b9658d50.search.windows.net/indexes(\u0027testindexcanfilternonnullabletypeasync77850714a5590bfd3\u0027)?allowIndexDowntime=false\u0026api-version=2023-07-01-Preview",
        "OData-Version": "4.0",
        "Pragma": "no-cache",
        "Preference-Applied": "odata.include-annotations=\u0022*\u0022",
        "request-id": "f9c767c1-6163-4308-8e31-b98e6d2fd37b",
        "Strict-Transport-Security": "max-age=15724800; includeSubDomains",
        "x-ms-client-request-id": "f9c767c1-6163-4308-8e31-b98e6d2fd37b"
      },
      "ResponseBody": {
        "@odata.context": "https://azs-java-tb9a3e882b9658d50.search.windows.net/$metadata#indexes/$entity",
        "@odata.etag": "\u00220x8DB944B4A87FAA7\u0022",
        "name": "testindexcanfilternonnullabletypeasync77850714a5590bfd3",
        "defaultScoringProfile": null,
        "fields": [
          {
            "name": "Key",
            "type": "Edm.String",
            "searchable": true,
            "filterable": true,
            "retrievable": true,
            "sortable": true,
            "facetable": true,
            "key": true,
            "indexAnalyzer": null,
            "searchAnalyzer": null,
            "analyzer": null,
            "normalizer": null,
            "dimensions": null,
            "vectorSearchConfiguration": null,
            "synonymMaps": []
          },
          {
            "name": "IntValue",
            "type": "Edm.Int32",
            "searchable": false,
            "filterable": true,
            "retrievable": true,
            "sortable": true,
            "facetable": true,
            "key": false,
            "indexAnalyzer": null,
            "searchAnalyzer": null,
            "analyzer": null,
            "normalizer": null,
            "dimensions": null,
            "vectorSearchConfiguration": null,
            "synonymMaps": []
          },
          {
            "name": "Bucket",
            "type": "Edm.ComplexType",
            "fields": [
              {
                "name": "BucketName",
                "type": "Edm.String",
                "searchable": true,
                "filterable": true,
                "retrievable": true,
                "sortable": true,
                "facetable": true,
                "key": false,
                "indexAnalyzer": null,
                "searchAnalyzer": null,
                "analyzer": null,
                "normalizer": null,
                "dimensions": null,
                "vectorSearchConfiguration": null,
                "synonymMaps": []
              },
              {
                "name": "Count",
                "type": "Edm.Int32",
                "searchable": false,
                "filterable": true,
                "retrievable": true,
                "sortable": true,
                "facetable": true,
                "key": false,
                "indexAnalyzer": null,
                "searchAnalyzer": null,
                "analyzer": null,
                "normalizer": null,
                "dimensions": null,
                "vectorSearchConfiguration": null,
                "synonymMaps": []
              }
            ]
          }
        ],
        "scoringProfiles": [],
        "corsOptions": null,
        "suggesters": [],
        "analyzers": [],
        "normalizers": [],
        "tokenizers": [],
        "tokenFilters": [],
        "charFilters": [],
        "encryptionKey": null,
        "similarity": {
          "@odata.type": "#Microsoft.Azure.Search.BM25Similarity",
          "k1": null,
          "b": null
        },
        "semantic": null,
        "vectorSearch": null
      }
    },
    {
      "RequestUri": "https://REDACTED/indexes(\u0027testindexcanfilternonnullabletypeasync77850714a5590bfd3\u0027)/docs/search.index?api-version=2023-07-01-Preview",
      "RequestMethod": "POST",
      "RequestHeaders": {
        "Accept": "application/json; odata.metadata=none",
        "api-key": "REDACTED",
        "Content-Length": "285",
        "Content-Type": "application/json",
        "Date": "Thu, 03 Aug 2023 17:58:49 GMT",
        "return-client-request-id": "true",
        "User-Agent": "azsdk-java-azure-search-documents/11.6.0-beta.8 (11.0.20; Windows 11; 10.0)",
        "x-ms-client-request-id": "01cc1fd9-d35e-4d16-85ba-9b6780ec3961"
      },
      "RequestBody": {
        "value": [
          {
            "@search.action": "upload",
            "Bucket": {
              "BucketName": "A",
              "Count": 3
            },
            "IntValue": 0,
            "Key": "123"
          },
          {
            "@search.action": "upload",
            "Bucket": {
              "BucketName": "B",
              "Count": 5
            },
            "IntValue": 7,
            "Key": "456"
          },
          {
            "@search.action": "upload",
            "Bucket": {
              "BucketName": "B",
              "Count": 99
            },
            "IntValue": 1,
            "Key": "789"
          }
        ]
      },
      "StatusCode": 200,
      "ResponseHeaders": {
        "Cache-Control": "no-cache",
        "client-request-id": "01cc1fd9-d35e-4d16-85ba-9b6780ec3961",
        "Content-Length": "206",
        "Content-Type": "application/json; odata.metadata=none",
        "Date": "Thu, 03 Aug 2023 17:58:49 GMT",
        "elapsed-time": "147",
        "Expires": "-1",
        "OData-Version": "4.0",
        "Pragma": "no-cache",
        "Preference-Applied": "odata.include-annotations=\u0022*\u0022",
        "request-id": "01cc1fd9-d35e-4d16-85ba-9b6780ec3961",
        "Strict-Transport-Security": "max-age=15724800; includeSubDomains",
        "x-ms-client-request-id": "01cc1fd9-d35e-4d16-85ba-9b6780ec3961"
      },
      "ResponseBody": {
        "value": [
          {
            "key": "123",
            "status": true,
            "errorMessage": null,
            "statusCode": 201
          },
          {
            "key": "456",
            "status": true,
            "errorMessage": null,
            "statusCode": 201
          },
          {
            "key": "789",
            "status": true,
            "errorMessage": null,
            "statusCode": 201
          }
        ]
      }
    },
    {
      "RequestUri": "https://REDACTED/indexes(\u0027testindexcanfilternonnullabletypeasync77850714a5590bfd3\u0027)/docs/search.post.search?api-version=2023-07-01-Preview",
      "RequestMethod": "POST",
      "RequestHeaders": {
        "Accept": "application/json; odata.metadata=none",
        "api-key": "REDACTED",
        "Content-Length": "92",
        "Content-Type": "application/json",
        "Date": "Thu, 03 Aug 2023 17:58:51 GMT",
        "return-client-request-id": "true",
        "User-Agent": "azsdk-java-azure-search-documents/11.6.0-beta.8 (11.0.20; Windows 11; 10.0)",
        "x-ms-client-request-id": "ab87d189-81eb-4808-900b-611a86a524bc"
      },
      "RequestBody": {
        "filter": "IntValue eq 0 or (Bucket/BucketName eq \u0027B\u0027 and Bucket/Count lt 10)",
        "search": "*"
      },
      "StatusCode": 200,
      "ResponseHeaders": {
        "Cache-Control": "no-cache",
        "client-request-id": "ab87d189-81eb-4808-900b-611a86a524bc",
        "Content-Length": "181",
        "Content-Type": "application/json; odata.metadata=none",
        "Date": "Thu, 03 Aug 2023 17:58:51 GMT",
        "elapsed-time": "21",
        "Expires": "-1",
        "OData-Version": "4.0",
        "Pragma": "no-cache",
        "Preference-Applied": "odata.include-annotations=\u0022*\u0022",
        "request-id": "ab87d189-81eb-4808-900b-611a86a524bc",
        "Strict-Transport-Security": "max-age=15724800; includeSubDomains",
        "x-ms-client-request-id": "ab87d189-81eb-4808-900b-611a86a524bc"
      },
      "ResponseBody": {
        "value": [
          {
            "@search.score": 1.0,
            "Key": "123",
            "IntValue": 0,
            "Bucket": {
              "BucketName": "A",
              "Count": 3
            }
          },
          {
            "@search.score": 1.0,
            "Key": "456",
            "IntValue": 7,
            "Bucket": {
              "BucketName": "B",
              "Count": 5
            }
          }
        ]
      }
    },
    {
      "RequestUri": "https://REDACTED/indexes(\u0027testindexcanfilternonnullabletypeasync77850714a5590bfd3\u0027)?api-version=2023-07-01-Preview",
      "RequestMethod": "DELETE",
      "RequestHeaders": {
        "Accept": "application/json; odata.metadata=minimal",
        "api-key": "REDACTED",
        "Content-Length": "0",
        "Date": "Thu, 03 Aug 2023 17:58:52 GMT",
        "return-client-request-id": "true",
        "User-Agent": "azsdk-java-azure-search-documents/11.6.0-beta.8 (11.0.20; Windows 11; 10.0)",
        "x-ms-client-request-id": "f9dfd476-3a4e-41d4-8f72-470b7b814c10"
      },
      "RequestBody": null,
      "StatusCode": 204,
      "ResponseHeaders": {
        "Cache-Control": "no-cache",
        "client-request-id": "f9dfd476-3a4e-41d4-8f72-470b7b814c10",
        "Date": "Thu, 03 Aug 2023 17:58:51 GMT",
        "elapsed-time": "190",
        "Expires": "-1",
        "Pragma": "no-cache",
        "request-id": "f9dfd476-3a4e-41d4-8f72-470b7b814c10",
        "Strict-Transport-Security": "max-age=15724800; includeSubDomains",
        "x-ms-client-request-id": "f9dfd476-3a4e-41d4-8f72-470b7b814c10"
      },
      "ResponseBody": null
    }
  ],
  "Variables": {
    "0": "testindexcanfilternonnullabletypeasync77850714a5590bfd3"
  }
}
