{
  "Entries": [
    {
      "RequestUri": "https://REDACTED/aliases?api-version=2023-07-01-Preview",
      "RequestMethod": "POST",
      "RequestHeaders": {
        "Accept": "application/json; odata.metadata=minimal",
        "api-key": "REDACTED",
        "Content-Length": "89",
        "Content-Type": "application/json",
        "Date": "Thu, 03 Aug 2023 00:17:04 GMT",
        "return-client-request-id": "true",
        "User-Agent": "azsdk-java-azure-search-documents/11.6.0-beta.8 (11.0.20; Windows 11; 10.0)",
        "x-ms-client-request-id": "08f71223-2acc-4135-b09d-e74a5ecf30c9"
      },
      "RequestBody": {
        "name": "my-alias75293134423673",
        "indexes": [
          "azsearch-search-shared-hotel-instance-one"
        ]
      },
      "StatusCode": 503,
      "ResponseHeaders": {
        "Cache-Control": "no-cache",
        "client-request-id": "08f71223-2acc-4135-b09d-e74a5ecf30c9",
        "Content-Language": "en",
        "Content-Length": "92",
        "Content-Type": "application/json; charset=utf-8",
        "Date": "Thu, 03 Aug 2023 00:17:15 GMT",
        "elapsed-time": "11615",
        "Expires": "-1",
        "Pragma": "no-cache",
        "Preference-Applied": "odata.include-annotations=\u0022*\u0022",
        "request-id": "08f71223-2acc-4135-b09d-e74a5ecf30c9",
        "Strict-Transport-Security": "max-age=15724800; includeSubDomains",
        "throttle-reason": "rateLimitExceeded",
        "x-ms-client-request-id": "08f71223-2acc-4135-b09d-e74a5ecf30c9"
      },
      "ResponseBody": {
        "error": {
          "code": "",
          "message": "You are sending too many requests. Please try again later."
        }
      }
    },
    {
      "RequestUri": "https://REDACTED/aliases?api-version=2023-07-01-Preview",
      "RequestMethod": "POST",
      "RequestHeaders": {
        "Accept": "application/json; odata.metadata=minimal",
        "api-key": "REDACTED",
        "Content-Length": "89",
        "Content-Type": "application/json",
        "Date": "Thu, 03 Aug 2023 00:18:16 GMT",
        "return-client-request-id": "true",
        "User-Agent": "azsdk-java-azure-search-documents/11.6.0-beta.8 (11.0.20; Windows 11; 10.0)",
        "x-ms-client-request-id": "08f71223-2acc-4135-b09d-e74a5ecf30c9"
      },
      "RequestBody": {
        "name": "my-alias75293134423673",
        "indexes": [
          "azsearch-search-shared-hotel-instance-one"
        ]
      },
      "StatusCode": 201,
      "ResponseHeaders": {
        "Cache-Control": "no-cache",
        "client-request-id": "08f71223-2acc-4135-b09d-e74a5ecf30c9",
        "Content-Length": "188",
        "Content-Type": "application/json; odata.metadata=minimal",
        "Date": "Thu, 03 Aug 2023 00:18:16 GMT",
        "elapsed-time": "73",
        "Expires": "-1",
        "Location": "https://azs-java-tb9a3e882b9658d50.search.windows.net/aliases(\u0027my-alias75293134423673\u0027)?api-version=2023-07-01-Preview",
        "OData-Version": "4.0",
        "Pragma": "no-cache",
        "Preference-Applied": "odata.include-annotations=\u0022*\u0022",
        "request-id": "08f71223-2acc-4135-b09d-e74a5ecf30c9",
        "Strict-Transport-Security": "max-age=15724800; includeSubDomains",
        "x-ms-client-request-id": "08f71223-2acc-4135-b09d-e74a5ecf30c9"
      },
      "ResponseBody": {
        "@odata.context": "https://azs-java-tb9a3e882b9658d50.search.windows.net/$metadata#aliases/$entity",
        "name": "my-alias75293134423673",
        "indexes": [
          "azsearch-search-shared-hotel-instance-one"
        ]
      }
    },
    {
      "RequestUri": "https://REDACTED/aliases?api-version=2023-07-01-Preview",
      "RequestMethod": "POST",
      "RequestHeaders": {
        "Accept": "application/json; odata.metadata=minimal",
        "api-key": "REDACTED",
        "Content-Length": "89",
        "Content-Type": "application/json",
        "Date": "Thu, 03 Aug 2023 00:18:16 GMT",
        "return-client-request-id": "true",
        "User-Agent": "azsdk-java-azure-search-documents/11.6.0-beta.8 (11.0.20; Windows 11; 10.0)",
        "x-ms-client-request-id": "4229039c-54be-47ac-a32e-ed4d3903d27b"
      },
      "RequestBody": {
        "name": "my-alias25368af515472f",
        "indexes": [
          "azsearch-search-shared-hotel-instance-one"
        ]
      },
      "StatusCode": 201,
      "ResponseHeaders": {
        "Cache-Control": "no-cache",
        "client-request-id": "4229039c-54be-47ac-a32e-ed4d3903d27b",
        "Content-Length": "188",
        "Content-Type": "application/json; odata.metadata=minimal",
        "Date": "Thu, 03 Aug 2023 00:18:16 GMT",
        "elapsed-time": "55",
        "Expires": "-1",
        "Location": "https://azs-java-tb9a3e882b9658d50.search.windows.net/aliases(\u0027my-alias25368af515472f\u0027)?api-version=2023-07-01-Preview",
        "OData-Version": "4.0",
        "Pragma": "no-cache",
        "Preference-Applied": "odata.include-annotations=\u0022*\u0022",
        "request-id": "4229039c-54be-47ac-a32e-ed4d3903d27b",
        "Strict-Transport-Security": "max-age=15724800; includeSubDomains",
        "x-ms-client-request-id": "4229039c-54be-47ac-a32e-ed4d3903d27b"
      },
      "ResponseBody": {
        "@odata.context": "https://azs-java-tb9a3e882b9658d50.search.windows.net/$metadata#aliases/$entity",
        "name": "my-alias25368af515472f",
        "indexes": [
          "azsearch-search-shared-hotel-instance-one"
        ]
      }
    }
  ],
  "Variables": {
    "0": "my-alias75293134423673",
    "1": "my-alias25368af515472f"
  }
}
