{
  "Entries": [
    {
      "RequestUri": "https://REDACTED/indexes(\u0027testindexcanfilternonnullabletypesync33940975f4e23167d\u0027)?allowIndexDowntime=false\u0026api-version=2023-07-01-Preview",
      "RequestMethod": "PUT",
      "RequestHeaders": {
        "Accept": "application/json; odata.metadata=minimal",
        "api-key": "REDACTED",
        "Content-Length": "365",
        "Content-Type": "application/json",
        "Date": "Thu, 03 Aug 2023 00:19:10 GMT",
        "Prefer": "return=representation",
        "return-client-request-id": "true",
        "User-Agent": "azsdk-java-azure-search-documents/11.6.0-beta.8 (11.0.20; Windows 11; 10.0)",
        "x-ms-client-request-id": "fdf9c3a7-e2fe-4ba3-a7ff-7252a94945ba"
      },
      "RequestBody": {
        "name": "testindexcanfilternonnullabletypesync33940975f4e23167d",
        "fields": [
          {
            "name": "Key",
            "type": "Edm.String",
            "key": true,
            "searchable": true
          },
          {
            "name": "IntValue",
            "type": "Edm.Int32",
            "filterable": true
          },
          {
            "name": "Bucket",
            "type": "Edm.ComplexType",
            "fields": [
              {
                "name": "BucketName",
                "type": "Edm.String",
                "filterable": true
              },
              {
                "name": "Count",
                "type": "Edm.Int32",
                "filterable": true
              }
            ]
          }
        ]
      },
      "StatusCode": 201,
      "ResponseHeaders": {
        "Cache-Control": "no-cache",
        "client-request-id": "fdf9c3a7-e2fe-4ba3-a7ff-7252a94945ba",
        "Content-Length": "1714",
        "Content-Type": "application/json; odata.metadata=minimal",
        "Date": "Thu, 03 Aug 2023 00:19:12 GMT",
        "elapsed-time": "1852",
        "ETag": "W/\u00220x8DB93B743824BAF\u0022",
        "Expires": "-1",
        "Location": "https://azs-java-tb9a3e882b9658d50.search.windows.net/indexes(\u0027testindexcanfilternonnullabletypesync33940975f4e23167d\u0027)?allowIndexDowntime=false\u0026api-version=2023-07-01-Preview",
        "OData-Version": "4.0",
        "Pragma": "no-cache",
        "Preference-Applied": "odata.include-annotations=\u0022*\u0022",
        "request-id": "fdf9c3a7-e2fe-4ba3-a7ff-7252a94945ba",
        "Strict-Transport-Security": "max-age=15724800; includeSubDomains",
        "x-ms-client-request-id": "fdf9c3a7-e2fe-4ba3-a7ff-7252a94945ba"
      },
      "ResponseBody": {
        "@odata.context": "https://azs-java-tb9a3e882b9658d50.search.windows.net/$metadata#indexes/$entity",
        "@odata.etag": "\u00220x8DB93B743824BAF\u0022",
        "name": "testindexcanfilternonnullabletypesync33940975f4e23167d",
        "defaultScoringProfile": null,
        "fields": [
          {
            "name": "Key",
            "type": "Edm.String",
            "searchable": true,
            "filterable": true,
            "retrievable": true,
            "sortable": true,
            "facetable": true,
            "key": true,
            "indexAnalyzer": null,
            "searchAnalyzer": null,
            "analyzer": null,
            "normalizer": null,
            "dimensions": null,
            "vectorSearchConfiguration": null,
            "synonymMaps": []
          },
          {
            "name": "IntValue",
            "type": "Edm.Int32",
            "searchable": false,
            "filterable": true,
            "retrievable": true,
            "sortable": true,
            "facetable": true,
            "key": false,
            "indexAnalyzer": null,
            "searchAnalyzer": null,
            "analyzer": null,
            "normalizer": null,
            "dimensions": null,
            "vectorSearchConfiguration": null,
            "synonymMaps": []
          },
          {
            "name": "Bucket",
            "type": "Edm.ComplexType",
            "fields": [
              {
                "name": "BucketName",
                "type": "Edm.String",
                "searchable": true,
                "filterable": true,
                "retrievable": true,
                "sortable": true,
                "facetable": true,
                "key": false,
                "indexAnalyzer": null,
                "searchAnalyzer": null,
                "analyzer": null,
                "normalizer": null,
                "dimensions": null,
                "vectorSearchConfiguration": null,
                "synonymMaps": []
              },
              {
                "name": "Count",
                "type": "Edm.Int32",
                "searchable": false,
                "filterable": true,
                "retrievable": true,
                "sortable": true,
                "facetable": true,
                "key": false,
                "indexAnalyzer": null,
                "searchAnalyzer": null,
                "analyzer": null,
                "normalizer": null,
                "dimensions": null,
                "vectorSearchConfiguration": null,
                "synonymMaps": []
              }
            ]
          }
        ],
        "scoringProfiles": [],
        "corsOptions": null,
        "suggesters": [],
        "analyzers": [],
        "normalizers": [],
        "tokenizers": [],
        "tokenFilters": [],
        "charFilters": [],
        "encryptionKey": null,
        "similarity": {
          "@odata.type": "#Microsoft.Azure.Search.BM25Similarity",
          "k1": null,
          "b": null
        },
        "semantic": null,
        "vectorSearch": null
      }
    },
    {
      "RequestUri": "https://REDACTED/indexes(\u0027testindexcanfilternonnullabletypesync33940975f4e23167d\u0027)/docs/search.index?api-version=2023-07-01-Preview",
      "RequestMethod": "POST",
      "RequestHeaders": {
        "Accept": "application/json; odata.metadata=none",
        "api-key": "REDACTED",
        "Content-Length": "285",
        "Content-Type": "application/json",
        "Date": "Thu, 03 Aug 2023 00:19:12 GMT",
        "return-client-request-id": "true",
        "User-Agent": "azsdk-java-azure-search-documents/11.6.0-beta.8 (11.0.20; Windows 11; 10.0)",
        "x-ms-client-request-id": "1b7dba4c-4c68-4399-afe9-741e104886da"
      },
      "RequestBody": {
        "value": [
          {
            "@search.action": "upload",
            "Bucket": {
              "BucketName": "A",
              "Count": 3
            },
            "IntValue": 0,
            "Key": "123"
          },
          {
            "@search.action": "upload",
            "Bucket": {
              "BucketName": "B",
              "Count": 5
            },
            "IntValue": 7,
            "Key": "456"
          },
          {
            "@search.action": "upload",
            "Bucket": {
              "BucketName": "B",
              "Count": 99
            },
            "IntValue": 1,
            "Key": "789"
          }
        ]
      },
      "StatusCode": 200,
      "ResponseHeaders": {
        "Cache-Control": "no-cache",
        "client-request-id": "1b7dba4c-4c68-4399-afe9-741e104886da",
        "Content-Length": "206",
        "Content-Type": "application/json; odata.metadata=none",
        "Date": "Thu, 03 Aug 2023 00:19:12 GMT",
        "elapsed-time": "115",
        "Expires": "-1",
        "OData-Version": "4.0",
        "Pragma": "no-cache",
        "Preference-Applied": "odata.include-annotations=\u0022*\u0022",
        "request-id": "1b7dba4c-4c68-4399-afe9-741e104886da",
        "Strict-Transport-Security": "max-age=15724800; includeSubDomains",
        "x-ms-client-request-id": "1b7dba4c-4c68-4399-afe9-741e104886da"
      },
      "ResponseBody": {
        "value": [
          {
            "key": "123",
            "status": true,
            "errorMessage": null,
            "statusCode": 201
          },
          {
            "key": "456",
            "status": true,
            "errorMessage": null,
            "statusCode": 201
          },
          {
            "key": "789",
            "status": true,
            "errorMessage": null,
            "statusCode": 201
          }
        ]
      }
    },
    {
      "RequestUri": "https://REDACTED/indexes(\u0027testindexcanfilternonnullabletypesync33940975f4e23167d\u0027)/docs/search.post.search?api-version=2023-07-01-Preview",
      "RequestMethod": "POST",
      "RequestHeaders": {
        "Accept": "application/json; odata.metadata=none",
        "api-key": "REDACTED",
        "Content-Length": "92",
        "Content-Type": "application/json",
        "Date": "Thu, 03 Aug 2023 00:19:12 GMT",
        "return-client-request-id": "true",
        "User-Agent": "azsdk-java-azure-search-documents/11.6.0-beta.8 (11.0.20; Windows 11; 10.0)",
        "x-ms-client-request-id": "4500c8e5-74d8-4dbe-8e5a-1f736c52c630"
      },
      "RequestBody": {
        "filter": "IntValue eq 0 or (Bucket/BucketName eq \u0027B\u0027 and Bucket/Count lt 10)",
        "search": "*"
      },
      "StatusCode": 200,
      "ResponseHeaders": {
        "Cache-Control": "no-cache",
        "client-request-id": "4500c8e5-74d8-4dbe-8e5a-1f736c52c630",
        "Content-Length": "12",
        "Content-Type": "application/json; odata.metadata=none",
        "Date": "Thu, 03 Aug 2023 00:19:12 GMT",
        "elapsed-time": "18",
        "Expires": "-1",
        "OData-Version": "4.0",
        "Pragma": "no-cache",
        "Preference-Applied": "odata.include-annotations=\u0022*\u0022",
        "request-id": "4500c8e5-74d8-4dbe-8e5a-1f736c52c630",
        "Strict-Transport-Security": "max-age=15724800; includeSubDomains",
        "x-ms-client-request-id": "4500c8e5-74d8-4dbe-8e5a-1f736c52c630"
      },
      "ResponseBody": {
        "value": []
      }
    },
    {
      "RequestUri": "https://REDACTED/indexes(\u0027testindexcanfilternonnullabletypesync33940975f4e23167d\u0027)?api-version=2023-07-01-Preview",
      "RequestMethod": "DELETE",
      "RequestHeaders": {
        "Accept": "application/json; odata.metadata=minimal",
        "api-key": "REDACTED",
        "Content-Length": "0",
        "Date": "Thu, 03 Aug 2023 00:19:12 GMT",
        "return-client-request-id": "true",
        "User-Agent": "azsdk-java-azure-search-documents/11.6.0-beta.8 (11.0.20; Windows 11; 10.0)",
        "x-ms-client-request-id": "272ac59b-b672-4f5b-afcd-40b70f7619e2"
      },
      "RequestBody": null,
      "StatusCode": 204,
      "ResponseHeaders": {
        "Cache-Control": "no-cache",
        "client-request-id": "272ac59b-b672-4f5b-afcd-40b70f7619e2",
        "Date": "Thu, 03 Aug 2023 00:19:12 GMT",
        "elapsed-time": "180",
        "Expires": "-1",
        "Pragma": "no-cache",
        "request-id": "272ac59b-b672-4f5b-afcd-40b70f7619e2",
        "Strict-Transport-Security": "max-age=15724800; includeSubDomains",
        "x-ms-client-request-id": "272ac59b-b672-4f5b-afcd-40b70f7619e2"
      },
      "ResponseBody": null
    }
  ],
  "Variables": {
    "0": "testindexcanfilternonnullabletypesync33940975f4e23167d"
  }
}
