{
  "Entries": [
    {
      "RequestUri": "https://REDACTED/skillsets?api-version=2023-07-01-Preview",
      "RequestMethod": "POST",
      "RequestHeaders": {
        "Accept": "application/json; odata.metadata=minimal",
        "api-key": "REDACTED",
        "Content-Length": "418",
        "Content-Type": "application/json",
        "Date": "Fri, 18 Aug 2023 20:48:29 GMT",
        "return-client-request-id": "true",
        "User-Agent": "azsdk-java-azure-search-documents/11.6.0-beta.9 (17.0.7; Windows 11; 10.0)",
        "x-ms-client-request-id": "89eb4f92-346d-4b05-804f-fea1d3b420b9"
      },
      "RequestBody": {
        "name": "ocr-skillset54848607d731f1f794d4",
        "description": "Skillset for testing default configuration",
        "skills": [
          {
            "@odata.type": "#Microsoft.Skills.Vision.OcrSkill",
            "inputs": [
              {
                "name": "url",
                "source": "/document/url"
              },
              {
                "name": "queryString",
                "source": "/document/queryString"
              }
            ],
            "outputs": [
              {
                "name": "text",
                "targetName": "mytext"
              }
            ],
            "name": "myocr",
            "description": "Tested OCR skill",
            "context": "/document",
            "detectOrientation": false
          }
        ]
      },
      "StatusCode": 201,
      "ResponseHeaders": {
        "Cache-Control": "no-cache",
        "client-request-id": "89eb4f92-346d-4b05-804f-fea1d3b420b9",
        "Content-Length": "761",
        "Content-Type": "application/json; odata.metadata=minimal",
        "Date": "Fri, 18 Aug 2023 20:48:28 GMT",
        "elapsed-time": "49",
        "ETag": "W/\u00220x8DBA02C7A68D8C8\u0022",
        "Expires": "-1",
        "Location": "https://azs-java-searchregen.search.windows.net/skillsets(\u0027ocr-skillset54848607d731f1f794d4\u0027)?api-version=2023-07-01-Preview",
        "OData-Version": "4.0",
        "Pragma": "no-cache",
        "Preference-Applied": "odata.include-annotations=\u0022*\u0022",
        "request-id": "89eb4f92-346d-4b05-804f-fea1d3b420b9",
        "Strict-Transport-Security": "max-age=15724800; includeSubDomains",
        "x-ms-client-request-id": "89eb4f92-346d-4b05-804f-fea1d3b420b9"
      },
      "ResponseBody": {
        "@odata.context": "https://azs-java-searchregen.search.windows.net/$metadata#skillsets/$entity",
        "@odata.etag": "\u00220x8DBA02C7A68D8C8\u0022",
        "name": "ocr-skillset54848607d731f1f794d4",
        "description": "Skillset for testing default configuration",
        "skills": [
          {
            "@odata.type": "#Microsoft.Skills.Vision.OcrSkill",
            "name": "myocr",
            "description": "Tested OCR skill",
            "context": "/document",
            "textExtractionAlgorithm": null,
            "lineEnding": null,
            "defaultLanguageCode": null,
            "detectOrientation": false,
            "inputs": [
              {
                "name": "url",
                "source": "/document/url",
                "sourceContext": null,
                "inputs": []
              },
              {
                "name": "queryString",
                "source": "/document/queryString",
                "sourceContext": null,
                "inputs": []
              }
            ],
            "outputs": [
              {
                "name": "text",
                "targetName": "mytext"
              }
            ]
          }
        ],
        "cognitiveServices": null,
        "knowledgeStore": null,
        "encryptionKey": null
      }
    },
    {
      "RequestUri": "https://REDACTED/skillsets(\u0027ocr-skillset54848607d731f1f794d4\u0027)?api-version=2023-07-01-Preview",
      "RequestMethod": "PUT",
      "RequestHeaders": {
        "Accept": "application/json; odata.metadata=minimal",
        "api-key": "REDACTED",
        "Content-Length": "595",
        "Content-Type": "application/json",
        "Date": "Fri, 18 Aug 2023 20:48:29 GMT",
        "Prefer": "return=representation",
        "return-client-request-id": "true",
        "User-Agent": "azsdk-java-azure-search-documents/11.6.0-beta.9 (17.0.7; Windows 11; 10.0)",
        "x-ms-client-request-id": "6a2207ae-ef0e-4228-b130-ac1df5c3ab59"
      },
      "RequestBody": {
        "name": "ocr-skillset54848607d731f1f794d4",
        "description": "Skillset for testing default configuration",
        "skills": [
          {
            "@odata.type": "#Microsoft.Skills.Vision.OcrSkill",
            "inputs": [
              {
                "name": "url",
                "source": "/document/url",
                "inputs": []
              },
              {
                "name": "queryString",
                "source": "/document/queryString",
                "inputs": []
              }
            ],
            "outputs": [
              {
                "name": "text",
                "targetName": "mytext"
              }
            ],
            "name": "myocr",
            "description": "Tested OCR skill",
            "context": "/document",
            "detectOrientation": false
          }
        ],
        "cognitiveServices": {
          "@odata.type": "#Microsoft.Azure.Search.DefaultCognitiveServices",
          "description": "description"
        },
        "@odata.etag": "\u00220x8DBA02C7A68D8C8\u0022"
      },
      "StatusCode": 200,
      "ResponseHeaders": {
        "Cache-Control": "no-cache",
        "client-request-id": "6a2207ae-ef0e-4228-b130-ac1df5c3ab59",
        "Content-Length": "851",
        "Content-Type": "application/json; odata.metadata=minimal",
        "Date": "Fri, 18 Aug 2023 20:48:28 GMT",
        "elapsed-time": "43",
        "ETag": "W/\u00220x8DBA02C7A7AFE8B\u0022",
        "Expires": "-1",
        "OData-Version": "4.0",
        "Pragma": "no-cache",
        "Preference-Applied": "odata.include-annotations=\u0022*\u0022",
        "request-id": "6a2207ae-ef0e-4228-b130-ac1df5c3ab59",
        "Strict-Transport-Security": "max-age=15724800; includeSubDomains",
        "x-ms-client-request-id": "6a2207ae-ef0e-4228-b130-ac1df5c3ab59"
      },
      "ResponseBody": {
        "@odata.context": "https://azs-java-searchregen.search.windows.net/$metadata#skillsets/$entity",
        "@odata.etag": "\u00220x8DBA02C7A7AFE8B\u0022",
        "name": "ocr-skillset54848607d731f1f794d4",
        "description": "Skillset for testing default configuration",
        "skills": [
          {
            "@odata.type": "#Microsoft.Skills.Vision.OcrSkill",
            "name": "myocr",
            "description": "Tested OCR skill",
            "context": "/document",
            "textExtractionAlgorithm": null,
            "lineEnding": null,
            "defaultLanguageCode": null,
            "detectOrientation": false,
            "inputs": [
              {
                "name": "url",
                "source": "/document/url",
                "sourceContext": null,
                "inputs": []
              },
              {
                "name": "queryString",
                "source": "/document/queryString",
                "sourceContext": null,
                "inputs": []
              }
            ],
            "outputs": [
              {
                "name": "text",
                "targetName": "mytext"
              }
            ]
          }
        ],
        "cognitiveServices": {
          "@odata.type": "#Microsoft.Azure.Search.DefaultCognitiveServices",
          "description": "description"
        },
        "knowledgeStore": null,
        "encryptionKey": null
      }
    },
    {
      "RequestUri": "https://REDACTED/skillsets(\u0027ocr-skillset54848607d731f1f794d4\u0027)?api-version=2023-07-01-Preview",
      "RequestMethod": "DELETE",
      "RequestHeaders": {
        "Accept": "application/json; odata.metadata=minimal",
        "api-key": "REDACTED",
        "Content-Length": "0",
        "Date": "Fri, 18 Aug 2023 20:48:29 GMT",
        "return-client-request-id": "true",
        "User-Agent": "azsdk-java-azure-search-documents/11.6.0-beta.9 (17.0.7; Windows 11; 10.0)",
        "x-ms-client-request-id": "e61fdece-d8ee-4d00-851f-7d2c3f25296f"
      },
      "RequestBody": null,
      "StatusCode": 204,
      "ResponseHeaders": {
        "Cache-Control": "no-cache",
        "client-request-id": "e61fdece-d8ee-4d00-851f-7d2c3f25296f",
        "Date": "Fri, 18 Aug 2023 20:48:28 GMT",
        "elapsed-time": "26",
        "Expires": "-1",
        "Pragma": "no-cache",
        "request-id": "e61fdece-d8ee-4d00-851f-7d2c3f25296f",
        "Strict-Transport-Security": "max-age=15724800; includeSubDomains",
        "x-ms-client-request-id": "e61fdece-d8ee-4d00-851f-7d2c3f25296f"
      },
      "ResponseBody": null
    }
  ],
  "Variables": {
    "0": "ocr-skillset54848607d731f1f794d4"
  }
}
