{
  "Entries": [
    {
      "RequestUri": "https://REDACTED/skillsets?api-version=2023-07-01-Preview",
      "RequestMethod": "POST",
      "RequestHeaders": {
        "Accept": "application/json; odata.metadata=minimal",
        "api-key": "REDACTED",
        "Content-Length": "636",
        "Content-Type": "application/json",
        "Date": "Fri, 18 Aug 2023 19:14:14 GMT",
        "return-client-request-id": "true",
        "User-Agent": "azsdk-java-azure-search-documents/11.6.0-beta.8 (17.0.7; Windows 11; 10.0)",
        "x-ms-client-request-id": "53475a5a-d60c-42fe-bf6f-c240dcf16b34"
      },
      "RequestBody": {
        "name": "ocr-entity-skillset234878465f8566cd0",
        "description": "Skillset for testing",
        "skills": [
          {
            "@odata.type": "#Microsoft.Skills.Vision.OcrSkill",
            "inputs": [
              {
                "name": "url",
                "source": "/document/url"
              },
              {
                "name": "queryString",
                "source": "/document/queryString"
              }
            ],
            "outputs": [
              {
                "name": "text",
                "targetName": "mytext"
              }
            ],
            "name": "myocr",
            "description": "Tested OCR skill",
            "context": "/document",
            "defaultLanguageCode": "en"
          },
          {
            "@odata.type": "#Microsoft.Skills.Text.V3.EntityRecognitionSkill",
            "inputs": [
              {
                "name": "text",
                "source": "/document/mytext"
              }
            ],
            "outputs": [
              {
                "name": "namedEntities",
                "targetName": "myEntities"
              }
            ],
            "defaultLanguageCode": "en",
            "minimumPrecision": 0.5
          }
        ]
      },
      "StatusCode": 201,
      "ResponseHeaders": {
        "Cache-Control": "no-cache",
        "client-request-id": "53475a5a-d60c-42fe-bf6f-c240dcf16b34",
        "Content-Length": "1092",
        "Content-Type": "application/json; odata.metadata=minimal",
        "Date": "Fri, 18 Aug 2023 19:14:14 GMT",
        "elapsed-time": "46",
        "ETag": "W/\u00220x8DBA01F4F9C0125\u0022",
        "Expires": "-1",
        "Location": "https://azs-java-searchregen.search.windows.net/skillsets(\u0027ocr-entity-skillset234878465f8566cd0\u0027)?api-version=2023-07-01-Preview",
        "OData-Version": "4.0",
        "Pragma": "no-cache",
        "Preference-Applied": "odata.include-annotations=\u0022*\u0022",
        "request-id": "53475a5a-d60c-42fe-bf6f-c240dcf16b34",
        "Strict-Transport-Security": "max-age=15724800; includeSubDomains",
        "x-ms-client-request-id": "53475a5a-d60c-42fe-bf6f-c240dcf16b34"
      },
      "ResponseBody": {
        "@odata.context": "https://azs-java-searchregen.search.windows.net/$metadata#skillsets/$entity",
        "@odata.etag": "\u00220x8DBA01F4F9C0125\u0022",
        "name": "ocr-entity-skillset234878465f8566cd0",
        "description": "Skillset for testing",
        "skills": [
          {
            "@odata.type": "#Microsoft.Skills.Vision.OcrSkill",
            "name": "myocr",
            "description": "Tested OCR skill",
            "context": "/document",
            "textExtractionAlgorithm": null,
            "lineEnding": null,
            "defaultLanguageCode": "en",
            "detectOrientation": null,
            "inputs": [
              {
                "name": "url",
                "source": "/document/url",
                "sourceContext": null,
                "inputs": []
              },
              {
                "name": "queryString",
                "source": "/document/queryString",
                "sourceContext": null,
                "inputs": []
              }
            ],
            "outputs": [
              {
                "name": "text",
                "targetName": "mytext"
              }
            ]
          },
          {
            "@odata.type": "#Microsoft.Skills.Text.V3.EntityRecognitionSkill",
            "name": null,
            "description": null,
            "context": null,
            "categories": [],
            "defaultLanguageCode": "en",
            "minimumPrecision": 0.5,
            "modelVersion": null,
            "inputs": [
              {
                "name": "text",
                "source": "/document/mytext",
                "sourceContext": null,
                "inputs": []
              }
            ],
            "outputs": [
              {
                "name": "namedEntities",
                "targetName": "myEntities"
              }
            ]
          }
        ],
        "cognitiveServices": null,
        "knowledgeStore": null,
        "encryptionKey": null
      }
    },
    {
      "RequestUri": "https://REDACTED/skillsets?api-version=2023-07-01-Preview",
      "RequestMethod": "POST",
      "RequestHeaders": {
        "Accept": "application/json; odata.metadata=minimal",
        "api-key": "REDACTED",
        "Content-Length": "686",
        "Content-Type": "application/json",
        "Date": "Fri, 18 Aug 2023 19:14:14 GMT",
        "return-client-request-id": "true",
        "User-Agent": "azsdk-java-azure-search-documents/11.6.0-beta.8 (17.0.7; Windows 11; 10.0)",
        "x-ms-client-request-id": "2ddbbc8c-59ab-4fea-b9b3-beeacf429255"
      },
      "RequestBody": {
        "name": "ocr-entity-skillset63532629c99b8e6ce",
        "description": "Skillset for testing",
        "skills": [
          {
            "@odata.type": "#Microsoft.Skills.Vision.OcrSkill",
            "inputs": [
              {
                "name": "url",
                "source": "/document/url"
              },
              {
                "name": "queryString",
                "source": "/document/queryString"
              }
            ],
            "outputs": [
              {
                "name": "text",
                "targetName": "mytext"
              }
            ],
            "name": "myocr",
            "description": "Tested OCR skill",
            "context": "/document",
            "defaultLanguageCode": "en"
          },
          {
            "@odata.type": "#Microsoft.Skills.Text.V3.EntityRecognitionSkill",
            "inputs": [
              {
                "name": "text",
                "source": "/document/mytext"
              }
            ],
            "outputs": [
              {
                "name": "namedEntities",
                "targetName": "myEntities"
              }
            ],
            "categories": [
              "location",
              "organization",
              "person"
            ],
            "defaultLanguageCode": "en",
            "minimumPrecision": 0.5
          }
        ]
      },
      "StatusCode": 201,
      "ResponseHeaders": {
        "Cache-Control": "no-cache",
        "client-request-id": "2ddbbc8c-59ab-4fea-b9b3-beeacf429255",
        "Content-Length": "1126",
        "Content-Type": "application/json; odata.metadata=minimal",
        "Date": "Fri, 18 Aug 2023 19:14:14 GMT",
        "elapsed-time": "70",
        "ETag": "W/\u00220x8DBA01F4FB29312\u0022",
        "Expires": "-1",
        "Location": "https://azs-java-searchregen.search.windows.net/skillsets(\u0027ocr-entity-skillset63532629c99b8e6ce\u0027)?api-version=2023-07-01-Preview",
        "OData-Version": "4.0",
        "Pragma": "no-cache",
        "Preference-Applied": "odata.include-annotations=\u0022*\u0022",
        "request-id": "2ddbbc8c-59ab-4fea-b9b3-beeacf429255",
        "Strict-Transport-Security": "max-age=15724800; includeSubDomains",
        "x-ms-client-request-id": "2ddbbc8c-59ab-4fea-b9b3-beeacf429255"
      },
      "ResponseBody": {
        "@odata.context": "https://azs-java-searchregen.search.windows.net/$metadata#skillsets/$entity",
        "@odata.etag": "\u00220x8DBA01F4FB29312\u0022",
        "name": "ocr-entity-skillset63532629c99b8e6ce",
        "description": "Skillset for testing",
        "skills": [
          {
            "@odata.type": "#Microsoft.Skills.Vision.OcrSkill",
            "name": "myocr",
            "description": "Tested OCR skill",
            "context": "/document",
            "textExtractionAlgorithm": null,
            "lineEnding": null,
            "defaultLanguageCode": "en",
            "detectOrientation": null,
            "inputs": [
              {
                "name": "url",
                "source": "/document/url",
                "sourceContext": null,
                "inputs": []
              },
              {
                "name": "queryString",
                "source": "/document/queryString",
                "sourceContext": null,
                "inputs": []
              }
            ],
            "outputs": [
              {
                "name": "text",
                "targetName": "mytext"
              }
            ]
          },
          {
            "@odata.type": "#Microsoft.Skills.Text.V3.EntityRecognitionSkill",
            "name": null,
            "description": null,
            "context": null,
            "categories": [
              "location",
              "organization",
              "person"
            ],
            "defaultLanguageCode": "en",
            "minimumPrecision": 0.5,
            "modelVersion": null,
            "inputs": [
              {
                "name": "text",
                "source": "/document/mytext",
                "sourceContext": null,
                "inputs": []
              }
            ],
            "outputs": [
              {
                "name": "namedEntities",
                "targetName": "myEntities"
              }
            ]
          }
        ],
        "cognitiveServices": null,
        "knowledgeStore": null,
        "encryptionKey": null
      }
    },
    {
      "RequestUri": "https://REDACTED/skillsets(\u0027ocr-entity-skillset234878465f8566cd0\u0027)?api-version=2023-07-01-Preview",
      "RequestMethod": "DELETE",
      "RequestHeaders": {
        "Accept": "application/json; odata.metadata=minimal",
        "api-key": "REDACTED",
        "Content-Length": "0",
        "Date": "Fri, 18 Aug 2023 19:14:14 GMT",
        "return-client-request-id": "true",
        "User-Agent": "azsdk-java-azure-search-documents/11.6.0-beta.8 (17.0.7; Windows 11; 10.0)",
        "x-ms-client-request-id": "45eb5053-9070-4ecb-a952-0a5fca35a269"
      },
      "RequestBody": null,
      "StatusCode": 204,
      "ResponseHeaders": {
        "Cache-Control": "no-cache",
        "client-request-id": "45eb5053-9070-4ecb-a952-0a5fca35a269",
        "Date": "Fri, 18 Aug 2023 19:14:14 GMT",
        "elapsed-time": "33",
        "Expires": "-1",
        "Pragma": "no-cache",
        "request-id": "45eb5053-9070-4ecb-a952-0a5fca35a269",
        "Strict-Transport-Security": "max-age=15724800; includeSubDomains",
        "x-ms-client-request-id": "45eb5053-9070-4ecb-a952-0a5fca35a269"
      },
      "ResponseBody": null
    },
    {
      "RequestUri": "https://REDACTED/skillsets(\u0027ocr-entity-skillset63532629c99b8e6ce\u0027)?api-version=2023-07-01-Preview",
      "RequestMethod": "DELETE",
      "RequestHeaders": {
        "Accept": "application/json; odata.metadata=minimal",
        "api-key": "REDACTED",
        "Content-Length": "0",
        "Date": "Fri, 18 Aug 2023 19:14:14 GMT",
        "return-client-request-id": "true",
        "User-Agent": "azsdk-java-azure-search-documents/11.6.0-beta.8 (17.0.7; Windows 11; 10.0)",
        "x-ms-client-request-id": "496b1275-c89c-48d9-9ea8-cf954c28d5e2"
      },
      "RequestBody": null,
      "StatusCode": 204,
      "ResponseHeaders": {
        "Cache-Control": "no-cache",
        "client-request-id": "496b1275-c89c-48d9-9ea8-cf954c28d5e2",
        "Date": "Fri, 18 Aug 2023 19:14:14 GMT",
        "elapsed-time": "27",
        "Expires": "-1",
        "Pragma": "no-cache",
        "request-id": "496b1275-c89c-48d9-9ea8-cf954c28d5e2",
        "Strict-Transport-Security": "max-age=15724800; includeSubDomains",
        "x-ms-client-request-id": "496b1275-c89c-48d9-9ea8-cf954c28d5e2"
      },
      "ResponseBody": null
    }
  ],
  "Variables": {
    "0": "ocr-entity-skillset234878465f8566cd0",
    "1": "ocr-entity-skillset63532629c99b8e6ce"
  }
}
