{
  "Entries": [
    {
      "RequestUri": "https://REDACTED/skillsets?api-version=2025-03-01-preview",
      "RequestMethod": "POST",
      "RequestHeaders": {
        "Accept": "application/json; odata.metadata=minimal",
        "Authorization": "Sanitized",
        "Content-Length": "613",
        "Content-Type": "application/json",
        "Date": "Thu, 27 Mar 2025 19:52:21 GMT",
        "return-client-request-id": "true",
        "User-Agent": "azsdk-java-azure-search-documents/11.8.0-beta.6 (21.0.6; Windows 11; 10.0)",
        "x-ms-client-request-id": "Sanitized"
      },
      "RequestBody": {
        "name": "ocr-sentiment-skillset82685556916752d",
        "description": "Skillset for testing",
        "skills": [
          {
            "inputs": [
              {
                "name": "url",
                "source": "/document/url"
              },
              {
                "name": "queryString",
                "source": "/document/queryString"
              }
            ],
            "outputs": [
              {
                "name": "text",
                "targetName": "mytext"
              }
            ],
            "name": "myocr",
            "description": "Tested OCR skill",
            "context": "/document",
            "@odata.type": "#Microsoft.Skills.Vision.OcrSkill",
            "defaultLanguageCode": "pt"
          },
          {
            "inputs": [
              {
                "name": "text",
                "source": "/document/mytext"
              }
            ],
            "outputs": [
              {
                "name": "confidenceScores",
                "targetName": "mySentiment"
              }
            ],
            "@odata.type": "#Microsoft.Skills.Text.V3.SentimentSkill",
            "defaultLanguageCode": "pt-PT"
          }
        ]
      },
      "StatusCode": 201,
      "ResponseHeaders": {
        "client-request-id": "Sanitized",
        "Content-Type": "application/json; odata.metadata=minimal; odata.streaming=true; charset=utf-8",
        "Date": "Thu, 27 Mar 2025 19:52:24 GMT",
        "elapsed-time": "115",
        "ETag": "\"0x8DD6D68E503A03E\"",
        "Location": "https://REDACTED.com",
        "OData-Version": "4.0",
        "Preference-Applied": "odata.include-annotations=\"*\"",
        "request-id": "f9f0b347-10b7-44b6-93f5-1ee338153277",
        "Server": "Microsoft-IIS/10.0",
        "Strict-Transport-Security": [
          "max-age=2592000",
          "max-age=15724800; includeSubDomains"
        ],
        "Transfer-Encoding": "chunked",
        "x-ms-client-request-id": "Sanitized"
      },
      "ResponseBody": {
        "@odata.context": "https://azs-java-tb9a3e882b9658d50.search.windows.net/$metadata#skillsets/$entity",
        "@odata.etag": "\"0x8DD6D68E503A03E\"",
        "name": "ocr-sentiment-skillset82685556916752d",
        "description": "Skillset for testing",
        "skills": [
          {
            "@odata.type": "#Microsoft.Skills.Vision.OcrSkill",
            "name": "myocr",
            "description": "Tested OCR skill",
            "context": "/document",
            "textExtractionAlgorithm": null,
            "lineEnding": null,
            "defaultLanguageCode": "pt",
            "detectOrientation": null,
            "inputs": [
              {
                "name": "url",
                "source": "/document/url",
                "sourceContext": null,
                "inputs": []
              },
              {
                "name": "queryString",
                "source": "/document/queryString",
                "sourceContext": null,
                "inputs": []
              }
            ],
            "outputs": [
              {
                "name": "text",
                "targetName": "mytext"
              }
            ]
          },
          {
            "@odata.type": "#Microsoft.Skills.Text.V3.SentimentSkill",
            "name": null,
            "description": null,
            "context": null,
            "defaultLanguageCode": "pt-PT",
            "modelVersion": null,
            "includeOpinionMining": false,
            "inputs": [
              {
                "name": "text",
                "source": "/document/mytext",
                "sourceContext": null,
                "inputs": []
              }
            ],
            "outputs": [
              {
                "name": "confidenceScores",
                "targetName": "mySentiment"
              }
            ]
          }
        ],
        "cognitiveServices": null,
        "knowledgeStore": null,
        "indexProjections": null,
        "encryptionKey": null
      }
    },
    {
      "RequestUri": "https://REDACTED/skillsets?api-version=2025-03-01-preview",
      "RequestMethod": "POST",
      "RequestHeaders": {
        "Accept": "application/json; odata.metadata=minimal",
        "Authorization": "Sanitized",
        "Content-Length": "610",
        "Content-Type": "application/json",
        "Date": "Thu, 27 Mar 2025 19:52:23 GMT",
        "return-client-request-id": "true",
        "User-Agent": "azsdk-java-azure-search-documents/11.8.0-beta.6 (21.0.6; Windows 11; 10.0)",
        "x-ms-client-request-id": "Sanitized"
      },
      "RequestBody": {
        "name": "ocr-sentiment-skillset6102267cbc60f7f",
        "description": "Skillset for testing",
        "skills": [
          {
            "inputs": [
              {
                "name": "url",
                "source": "/document/url"
              },
              {
                "name": "queryString",
                "source": "/document/queryString"
              }
            ],
            "outputs": [
              {
                "name": "text",
                "targetName": "mytext"
              }
            ],
            "name": "myocr",
            "description": "Tested OCR skill",
            "context": "/document",
            "@odata.type": "#Microsoft.Skills.Vision.OcrSkill",
            "defaultLanguageCode": "fi"
          },
          {
            "inputs": [
              {
                "name": "text",
                "source": "/document/mytext"
              }
            ],
            "outputs": [
              {
                "name": "confidenceScores",
                "targetName": "mySentiment"
              }
            ],
            "@odata.type": "#Microsoft.Skills.Text.V3.SentimentSkill",
            "defaultLanguageCode": "fi"
          }
        ]
      },
      "StatusCode": 201,
      "ResponseHeaders": {
        "client-request-id": "Sanitized",
        "Content-Type": "application/json; odata.metadata=minimal; odata.streaming=true; charset=utf-8",
        "Date": "Thu, 27 Mar 2025 19:52:24 GMT",
        "elapsed-time": "77",
        "ETag": "\"0x8DD6D68E51E3649\"",
        "Location": "https://REDACTED.com",
        "OData-Version": "4.0",
        "Preference-Applied": "odata.include-annotations=\"*\"",
        "request-id": "d15affb7-58f0-4a58-a4d1-069d912e38f9",
        "Server": "Microsoft-IIS/10.0",
        "Strict-Transport-Security": [
          "max-age=2592000",
          "max-age=15724800; includeSubDomains"
        ],
        "Transfer-Encoding": "chunked",
        "x-ms-client-request-id": "Sanitized"
      },
      "ResponseBody": {
        "@odata.context": "https://azs-java-tb9a3e882b9658d50.search.windows.net/$metadata#skillsets/$entity",
        "@odata.etag": "\"0x8DD6D68E51E3649\"",
        "name": "ocr-sentiment-skillset6102267cbc60f7f",
        "description": "Skillset for testing",
        "skills": [
          {
            "@odata.type": "#Microsoft.Skills.Vision.OcrSkill",
            "name": "myocr",
            "description": "Tested OCR skill",
            "context": "/document",
            "textExtractionAlgorithm": null,
            "lineEnding": null,
            "defaultLanguageCode": "fi",
            "detectOrientation": null,
            "inputs": [
              {
                "name": "url",
                "source": "/document/url",
                "sourceContext": null,
                "inputs": []
              },
              {
                "name": "queryString",
                "source": "/document/queryString",
                "sourceContext": null,
                "inputs": []
              }
            ],
            "outputs": [
              {
                "name": "text",
                "targetName": "mytext"
              }
            ]
          },
          {
            "@odata.type": "#Microsoft.Skills.Text.V3.SentimentSkill",
            "name": null,
            "description": null,
            "context": null,
            "defaultLanguageCode": "fi",
            "modelVersion": null,
            "includeOpinionMining": false,
            "inputs": [
              {
                "name": "text",
                "source": "/document/mytext",
                "sourceContext": null,
                "inputs": []
              }
            ],
            "outputs": [
              {
                "name": "confidenceScores",
                "targetName": "mySentiment"
              }
            ]
          }
        ],
        "cognitiveServices": null,
        "knowledgeStore": null,
        "indexProjections": null,
        "encryptionKey": null
      }
    },
    {
      "RequestUri": "https://REDACTED/skillsets?api-version=2025-03-01-preview",
      "RequestMethod": "POST",
      "RequestHeaders": {
        "Accept": "application/json; odata.metadata=minimal",
        "Authorization": "Sanitized",
        "Content-Length": "610",
        "Content-Type": "application/json",
        "Date": "Thu, 27 Mar 2025 19:52:23 GMT",
        "return-client-request-id": "true",
        "User-Agent": "azsdk-java-azure-search-documents/11.8.0-beta.6 (21.0.6; Windows 11; 10.0)",
        "x-ms-client-request-id": "Sanitized"
      },
      "RequestBody": {
        "name": "ocr-sentiment-skillset420068d85c9fe60",
        "description": "Skillset for testing",
        "skills": [
          {
            "inputs": [
              {
                "name": "url",
                "source": "/document/url"
              },
              {
                "name": "queryString",
                "source": "/document/queryString"
              }
            ],
            "outputs": [
              {
                "name": "text",
                "targetName": "mytext"
              }
            ],
            "name": "myocr",
            "description": "Tested OCR skill",
            "context": "/document",
            "@odata.type": "#Microsoft.Skills.Vision.OcrSkill",
            "defaultLanguageCode": "en"
          },
          {
            "inputs": [
              {
                "name": "text",
                "source": "/document/mytext"
              }
            ],
            "outputs": [
              {
                "name": "confidenceScores",
                "targetName": "mySentiment"
              }
            ],
            "@odata.type": "#Microsoft.Skills.Text.V3.SentimentSkill",
            "defaultLanguageCode": "en"
          }
        ]
      },
      "StatusCode": 201,
      "ResponseHeaders": {
        "client-request-id": "Sanitized",
        "Content-Type": "application/json; odata.metadata=minimal; odata.streaming=true; charset=utf-8",
        "Date": "Thu, 27 Mar 2025 19:52:24 GMT",
        "elapsed-time": "50",
        "ETag": "\"0x8DD6D68E528D8B5\"",
        "Location": "https://REDACTED.com",
        "OData-Version": "4.0",
        "Preference-Applied": "odata.include-annotations=\"*\"",
        "request-id": "34132b95-7f0f-438f-91eb-dedb3976739f",
        "Server": "Microsoft-IIS/10.0",
        "Strict-Transport-Security": [
          "max-age=2592000",
          "max-age=15724800; includeSubDomains"
        ],
        "Transfer-Encoding": "chunked",
        "x-ms-client-request-id": "Sanitized"
      },
      "ResponseBody": {
        "@odata.context": "https://azs-java-tb9a3e882b9658d50.search.windows.net/$metadata#skillsets/$entity",
        "@odata.etag": "\"0x8DD6D68E528D8B5\"",
        "name": "ocr-sentiment-skillset420068d85c9fe60",
        "description": "Skillset for testing",
        "skills": [
          {
            "@odata.type": "#Microsoft.Skills.Vision.OcrSkill",
            "name": "myocr",
            "description": "Tested OCR skill",
            "context": "/document",
            "textExtractionAlgorithm": null,
            "lineEnding": null,
            "defaultLanguageCode": "en",
            "detectOrientation": null,
            "inputs": [
              {
                "name": "url",
                "source": "/document/url",
                "sourceContext": null,
                "inputs": []
              },
              {
                "name": "queryString",
                "source": "/document/queryString",
                "sourceContext": null,
                "inputs": []
              }
            ],
            "outputs": [
              {
                "name": "text",
                "targetName": "mytext"
              }
            ]
          },
          {
            "@odata.type": "#Microsoft.Skills.Text.V3.SentimentSkill",
            "name": null,
            "description": null,
            "context": null,
            "defaultLanguageCode": "en",
            "modelVersion": null,
            "includeOpinionMining": false,
            "inputs": [
              {
                "name": "text",
                "source": "/document/mytext",
                "sourceContext": null,
                "inputs": []
              }
            ],
            "outputs": [
              {
                "name": "confidenceScores",
                "targetName": "mySentiment"
              }
            ]
          }
        ],
        "cognitiveServices": null,
        "knowledgeStore": null,
        "indexProjections": null,
        "encryptionKey": null
      }
    },
    {
      "RequestUri": "https://REDACTED/skillsets('ocr-sentiment-skillset82685556916752d')?api-version=2025-03-01-preview",
      "RequestMethod": "DELETE",
      "RequestHeaders": {
        "Accept": "application/json; odata.metadata=minimal",
        "Authorization": "Sanitized",
        "Content-Length": "0",
        "Date": "Thu, 27 Mar 2025 19:52:23 GMT",
        "return-client-request-id": "true",
        "User-Agent": "azsdk-java-azure-search-documents/11.8.0-beta.6 (21.0.6; Windows 11; 10.0)",
        "x-ms-client-request-id": "Sanitized"
      },
      "RequestBody": null,
      "StatusCode": 204,
      "ResponseHeaders": {
        "client-request-id": "Sanitized",
        "Date": "Thu, 27 Mar 2025 19:52:26 GMT",
        "elapsed-time": "113",
        "Preference-Applied": "odata.include-annotations=\"*\"",
        "request-id": "481b6ef1-e45f-43cc-9d08-e63658e17517",
        "Server": "Microsoft-IIS/10.0",
        "Strict-Transport-Security": [
          "max-age=2592000",
          "max-age=15724800; includeSubDomains"
        ],
        "x-ms-client-request-id": "Sanitized"
      },
      "ResponseBody": null
    },
    {
      "RequestUri": "https://REDACTED/skillsets('ocr-sentiment-skillset6102267cbc60f7f')?api-version=2025-03-01-preview",
      "RequestMethod": "DELETE",
      "RequestHeaders": {
        "Accept": "application/json; odata.metadata=minimal",
        "Authorization": "Sanitized",
        "Content-Length": "0",
        "Date": "Thu, 27 Mar 2025 19:52:26 GMT",
        "return-client-request-id": "true",
        "User-Agent": "azsdk-java-azure-search-documents/11.8.0-beta.6 (21.0.6; Windows 11; 10.0)",
        "x-ms-client-request-id": "Sanitized"
      },
      "RequestBody": null,
      "StatusCode": 204,
      "ResponseHeaders": {
        "client-request-id": "Sanitized",
        "Date": "Thu, 27 Mar 2025 19:52:26 GMT",
        "elapsed-time": "157",
        "Preference-Applied": "odata.include-annotations=\"*\"",
        "request-id": "13aceb45-18a8-479d-a76b-677b514a6f7e",
        "Server": "Microsoft-IIS/10.0",
        "Strict-Transport-Security": [
          "max-age=2592000",
          "max-age=15724800; includeSubDomains"
        ],
        "x-ms-client-request-id": "Sanitized"
      },
      "ResponseBody": null
    },
    {
      "RequestUri": "https://REDACTED/skillsets('ocr-sentiment-skillset420068d85c9fe60')?api-version=2025-03-01-preview",
      "RequestMethod": "DELETE",
      "RequestHeaders": {
        "Accept": "application/json; odata.metadata=minimal",
        "Authorization": "Sanitized",
        "Content-Length": "0",
        "Date": "Thu, 27 Mar 2025 19:52:26 GMT",
        "return-client-request-id": "true",
        "User-Agent": "azsdk-java-azure-search-documents/11.8.0-beta.6 (21.0.6; Windows 11; 10.0)",
        "x-ms-client-request-id": "Sanitized"
      },
      "RequestBody": null,
      "StatusCode": 204,
      "ResponseHeaders": {
        "client-request-id": "Sanitized",
        "Date": "Thu, 27 Mar 2025 19:52:26 GMT",
        "elapsed-time": "43",
        "Preference-Applied": "odata.include-annotations=\"*\"",
        "request-id": "4d3b1ed7-a14d-43ea-b8fe-82f6dda4d055",
        "Server": "Microsoft-IIS/10.0",
        "Strict-Transport-Security": [
          "max-age=2592000",
          "max-age=15724800; includeSubDomains"
        ],
        "x-ms-client-request-id": "Sanitized"
      },
      "ResponseBody": null
    }
  ],
  "Variables": {
    "0": "ocr-sentiment-skillset82685556916752d",
    "1": "ocr-sentiment-skillset6102267cbc60f7f",
    "2": "ocr-sentiment-skillset420068d85c9fe60"
  }
}
