{
  "Entries": [
    {
      "RequestUri": "https://REDACTED/skillsets?api-version=2023-10-01-Preview",
      "RequestMethod": "POST",
      "RequestHeaders": {
        "Accept": "application/json; odata.metadata=minimal",
        "api-key": "REDACTED",
        "Content-Length": "494",
        "Content-Type": "application/json",
        "Date": "Mon, 09 Oct 2023 21:48:35 GMT",
        "return-client-request-id": "true",
        "User-Agent": "azsdk-java-azure-search-documents/11.6.0-beta.10 (21; Windows 11; 10.0)",
        "x-ms-client-request-id": "c5bebc2a-7b00-4739-8fc2-7c501d3a6223"
      },
      "RequestBody": {
        "name": "cognitive-services-key-skillset47814e6d04e",
        "description": "Skillset for testing",
        "skills": [
          {
            "@odata.type": "#Microsoft.Skills.Vision.OcrSkill",
            "inputs": [
              {
                "name": "url",
                "source": "/document/url"
              },
              {
                "name": "queryString",
                "source": "/document/queryString"
              }
            ],
            "outputs": [
              {
                "name": "text",
                "targetName": "mytext"
              }
            ],
            "name": "myocr",
            "description": "Tested OCR skill",
            "context": "/document",
            "defaultLanguageCode": "en"
          }
        ],
        "cognitiveServices": {
          "@odata.type": "#Microsoft.Azure.Search.DefaultCognitiveServices"
        }
      },
      "StatusCode": 201,
      "ResponseHeaders": {
        "Cache-Control": "no-cache",
        "client-request-id": "c5bebc2a-7b00-4739-8fc2-7c501d3a6223",
        "Content-Length": "859",
        "Content-Type": "application/json; odata.metadata=minimal",
        "Date": "Mon, 09 Oct 2023 21:48:36 GMT",
        "elapsed-time": "63",
        "ETag": "W/\u00220x8DBC9117D8936A6\u0022",
        "Expires": "-1",
        "Location": "https://azs-java-tb9a3e882b9658d50.search.windows.net/skillsets(\u0027cognitive-services-key-skillset47814e6d04e\u0027)?api-version=2023-10-01-Preview",
        "OData-Version": "4.0",
        "Pragma": "no-cache",
        "Preference-Applied": "odata.include-annotations=\u0022*\u0022",
        "request-id": "c5bebc2a-7b00-4739-8fc2-7c501d3a6223",
        "Strict-Transport-Security": "max-age=15724800; includeSubDomains",
        "x-ms-client-request-id": "c5bebc2a-7b00-4739-8fc2-7c501d3a6223"
      },
      "ResponseBody": {
        "@odata.context": "https://azs-java-tb9a3e882b9658d50.search.windows.net/$metadata#skillsets/$entity",
        "@odata.etag": "\u00220x8DBC9117D8936A6\u0022",
        "name": "cognitive-services-key-skillset47814e6d04e",
        "description": "Skillset for testing",
        "skills": [
          {
            "@odata.type": "#Microsoft.Skills.Vision.OcrSkill",
            "name": "myocr",
            "description": "Tested OCR skill",
            "context": "/document",
            "textExtractionAlgorithm": null,
            "lineEnding": null,
            "defaultLanguageCode": "en",
            "detectOrientation": null,
            "inputs": [
              {
                "name": "url",
                "source": "/document/url",
                "sourceContext": null,
                "inputs": []
              },
              {
                "name": "queryString",
                "source": "/document/queryString",
                "sourceContext": null,
                "inputs": []
              }
            ],
            "outputs": [
              {
                "name": "text",
                "targetName": "mytext"
              }
            ]
          }
        ],
        "cognitiveServices": {
          "@odata.type": "#Microsoft.Azure.Search.DefaultCognitiveServices",
          "description": null
        },
        "knowledgeStore": null,
        "indexProjections": null,
        "encryptionKey": null
      }
    },
    {
      "RequestUri": "https://REDACTED/skillsets?api-version=2023-10-01-Preview",
      "RequestMethod": "POST",
      "RequestHeaders": {
        "Accept": "application/json; odata.metadata=minimal",
        "api-key": "REDACTED",
        "Content-Length": "306",
        "Content-Type": "application/json",
        "Date": "Mon, 09 Oct 2023 21:48:36 GMT",
        "return-client-request-id": "true",
        "User-Agent": "azsdk-java-azure-search-documents/11.6.0-beta.10 (21; Windows 11; 10.0)",
        "x-ms-client-request-id": "cdbc8948-d4e7-47bf-8251-12e31551f7fb"
      },
      "RequestBody": {
        "name": "entity-recognition-skillset1201000a0e49a",
        "description": "Skillset for testing default configuration",
        "skills": [
          {
            "@odata.type": "#Microsoft.Skills.Text.V3.EntityRecognitionSkill",
            "inputs": [
              {
                "name": "text",
                "source": "/document/mytext"
              }
            ],
            "outputs": [
              {
                "name": "namedEntities",
                "targetName": "myEntities"
              }
            ]
          }
        ]
      },
      "StatusCode": 201,
      "ResponseHeaders": {
        "Cache-Control": "no-cache",
        "client-request-id": "cdbc8948-d4e7-47bf-8251-12e31551f7fb",
        "Content-Length": "703",
        "Content-Type": "application/json; odata.metadata=minimal",
        "Date": "Mon, 09 Oct 2023 21:48:36 GMT",
        "elapsed-time": "323",
        "ETag": "W/\u00220x8DBC9117DBEB08E\u0022",
        "Expires": "-1",
        "Location": "https://azs-java-tb9a3e882b9658d50.search.windows.net/skillsets(\u0027entity-recognition-skillset1201000a0e49a\u0027)?api-version=2023-10-01-Preview",
        "OData-Version": "4.0",
        "Pragma": "no-cache",
        "Preference-Applied": "odata.include-annotations=\u0022*\u0022",
        "request-id": "cdbc8948-d4e7-47bf-8251-12e31551f7fb",
        "Strict-Transport-Security": "max-age=15724800; includeSubDomains",
        "x-ms-client-request-id": "cdbc8948-d4e7-47bf-8251-12e31551f7fb"
      },
      "ResponseBody": {
        "@odata.context": "https://azs-java-tb9a3e882b9658d50.search.windows.net/$metadata#skillsets/$entity",
        "@odata.etag": "\u00220x8DBC9117DBEB08E\u0022",
        "name": "entity-recognition-skillset1201000a0e49a",
        "description": "Skillset for testing default configuration",
        "skills": [
          {
            "@odata.type": "#Microsoft.Skills.Text.V3.EntityRecognitionSkill",
            "name": null,
            "description": null,
            "context": null,
            "categories": [],
            "defaultLanguageCode": null,
            "minimumPrecision": null,
            "modelVersion": null,
            "inputs": [
              {
                "name": "text",
                "source": "/document/mytext",
                "sourceContext": null,
                "inputs": []
              }
            ],
            "outputs": [
              {
                "name": "namedEntities",
                "targetName": "myEntities"
              }
            ]
          }
        ],
        "cognitiveServices": null,
        "knowledgeStore": null,
        "indexProjections": null,
        "encryptionKey": null
      }
    },
    {
      "RequestUri": "https://REDACTED/skillsets?api-version=2023-10-01-Preview",
      "RequestMethod": "GET",
      "RequestHeaders": {
        "Accept": "application/json; odata.metadata=minimal",
        "api-key": "REDACTED",
        "Content-Length": "0",
        "Date": "Mon, 09 Oct 2023 21:48:36 GMT",
        "return-client-request-id": "true",
        "User-Agent": "azsdk-java-azure-search-documents/11.6.0-beta.10 (21; Windows 11; 10.0)",
        "x-ms-client-request-id": "ccf4a6e1-ecd1-44e6-918c-0709ee32e370"
      },
      "RequestBody": null,
      "StatusCode": 200,
      "ResponseHeaders": {
        "Cache-Control": "no-cache",
        "client-request-id": "ccf4a6e1-ecd1-44e6-918c-0709ee32e370",
        "Content-Length": "1621",
        "Content-Type": "application/json; odata.metadata=minimal",
        "Date": "Mon, 09 Oct 2023 21:48:36 GMT",
        "elapsed-time": "76",
        "Expires": "-1",
        "OData-Version": "4.0",
        "Pragma": "no-cache",
        "Preference-Applied": "odata.include-annotations=\u0022*\u0022",
        "request-id": "ccf4a6e1-ecd1-44e6-918c-0709ee32e370",
        "Strict-Transport-Security": "max-age=15724800; includeSubDomains",
        "x-ms-client-request-id": "ccf4a6e1-ecd1-44e6-918c-0709ee32e370"
      },
      "ResponseBody": {
        "@odata.context": "https://azs-java-tb9a3e882b9658d50.search.windows.net/$metadata#skillsets",
        "value": [
          {
            "@odata.etag": "\u00220x8DBC9117D8936A6\u0022",
            "name": "cognitive-services-key-skillset47814e6d04e",
            "description": "Skillset for testing",
            "skills": [
              {
                "@odata.type": "#Microsoft.Skills.Vision.OcrSkill",
                "name": "myocr",
                "description": "Tested OCR skill",
                "context": "/document",
                "textExtractionAlgorithm": null,
                "lineEnding": "Space",
                "defaultLanguageCode": "en",
                "detectOrientation": true,
                "inputs": [
                  {
                    "name": "url",
                    "source": "/document/url",
                    "sourceContext": null,
                    "inputs": []
                  },
                  {
                    "name": "queryString",
                    "source": "/document/queryString",
                    "sourceContext": null,
                    "inputs": []
                  }
                ],
                "outputs": [
                  {
                    "name": "text",
                    "targetName": "mytext"
                  }
                ]
              }
            ],
            "cognitiveServices": {
              "@odata.type": "#Microsoft.Azure.Search.DefaultCognitiveServices",
              "description": null
            },
            "knowledgeStore": null,
            "indexProjections": null,
            "encryptionKey": null
          },
          {
            "@odata.etag": "\u00220x8DBC9117DBEB08E\u0022",
            "name": "entity-recognition-skillset1201000a0e49a",
            "description": "Skillset for testing default configuration",
            "skills": [
              {
                "@odata.type": "#Microsoft.Skills.Text.V3.EntityRecognitionSkill",
                "name": "#1",
                "description": null,
                "context": "/document",
                "categories": [
                  "Product",
                  "PhoneNumber",
                  "Person",
                  "Quantity",
                  "Organization",
                  "IPAddress",
                  "URL",
                  "Email",
                  "Event",
                  "Skill",
                  "Location",
                  "PersonType",
                  "Address",
                  "DateTime"
                ],
                "defaultLanguageCode": "en",
                "minimumPrecision": null,
                "modelVersion": null,
                "inputs": [
                  {
                    "name": "text",
                    "source": "/document/mytext",
                    "sourceContext": null,
                    "inputs": []
                  }
                ],
                "outputs": [
                  {
                    "name": "namedEntities",
                    "targetName": "myEntities"
                  }
                ]
              }
            ],
            "cognitiveServices": null,
            "knowledgeStore": null,
            "indexProjections": null,
            "encryptionKey": null
          }
        ]
      }
    },
    {
      "RequestUri": "https://REDACTED/skillsets(\u0027cognitive-services-key-skillset47814e6d04e\u0027)?api-version=2023-10-01-Preview",
      "RequestMethod": "DELETE",
      "RequestHeaders": {
        "Accept": "application/json; odata.metadata=minimal",
        "api-key": "REDACTED",
        "Content-Length": "0",
        "Date": "Mon, 09 Oct 2023 21:48:36 GMT",
        "return-client-request-id": "true",
        "User-Agent": "azsdk-java-azure-search-documents/11.6.0-beta.10 (21; Windows 11; 10.0)",
        "x-ms-client-request-id": "44e27acf-dfe6-4e99-97b4-a9d5ee28ce1d"
      },
      "RequestBody": null,
      "StatusCode": 204,
      "ResponseHeaders": {
        "Cache-Control": "no-cache",
        "client-request-id": "44e27acf-dfe6-4e99-97b4-a9d5ee28ce1d",
        "Date": "Mon, 09 Oct 2023 21:48:36 GMT",
        "elapsed-time": "28",
        "Expires": "-1",
        "Pragma": "no-cache",
        "request-id": "44e27acf-dfe6-4e99-97b4-a9d5ee28ce1d",
        "Strict-Transport-Security": "max-age=15724800; includeSubDomains",
        "x-ms-client-request-id": "44e27acf-dfe6-4e99-97b4-a9d5ee28ce1d"
      },
      "ResponseBody": null
    },
    {
      "RequestUri": "https://REDACTED/skillsets(\u0027entity-recognition-skillset1201000a0e49a\u0027)?api-version=2023-10-01-Preview",
      "RequestMethod": "DELETE",
      "RequestHeaders": {
        "Accept": "application/json; odata.metadata=minimal",
        "api-key": "REDACTED",
        "Content-Length": "0",
        "Date": "Mon, 09 Oct 2023 21:48:36 GMT",
        "return-client-request-id": "true",
        "User-Agent": "azsdk-java-azure-search-documents/11.6.0-beta.10 (21; Windows 11; 10.0)",
        "x-ms-client-request-id": "18b03757-3cb7-4d57-8026-745ba56ef3dd"
      },
      "RequestBody": null,
      "StatusCode": 204,
      "ResponseHeaders": {
        "Cache-Control": "no-cache",
        "client-request-id": "18b03757-3cb7-4d57-8026-745ba56ef3dd",
        "Date": "Mon, 09 Oct 2023 21:48:36 GMT",
        "elapsed-time": "27",
        "Expires": "-1",
        "Pragma": "no-cache",
        "request-id": "18b03757-3cb7-4d57-8026-745ba56ef3dd",
        "Strict-Transport-Security": "max-age=15724800; includeSubDomains",
        "x-ms-client-request-id": "18b03757-3cb7-4d57-8026-745ba56ef3dd"
      },
      "ResponseBody": null
    }
  ],
  "Variables": {
    "0": "cognitive-services-key-skillset47814e6d04e",
    "1": "entity-recognition-skillset1201000a0e49a"
  }
}
