{
  "Entries": [
    {
      "RequestUri": "https://REDACTED/skillsets?api-version=2024-03-01-preview",
      "RequestMethod": "POST",
      "RequestHeaders": {
        "Accept": "application/json; odata.metadata=minimal",
        "api-key": "REDACTED",
        "Content-Length": "697",
        "Content-Type": "application/json",
        "Date": "Tue, 05 Mar 2024 00:19:50 GMT",
        "return-client-request-id": "true",
        "User-Agent": "azsdk-java-azure-search-documents/11.7.0-beta.2 (21.0.1; Windows 11; 10.0)",
        "x-ms-client-request-id": "3c0162bc-0e2b-443f-b4f4-80a7f408e7ea"
      },
      "RequestBody": {
        "name": "ocr-key-phrase-skillset72692d294b1dc42",
        "description": "Skillset for testing",
        "skills": [
          {
            "@odata.type": "#Microsoft.Skills.Vision.OcrSkill",
            "inputs": [
              {
                "name": "url",
                "source": "/document/url"
              },
              {
                "name": "queryString",
                "source": "/document/queryString"
              }
            ],
            "outputs": [
              {
                "name": "text",
                "targetName": "mytext"
              }
            ],
            "name": "myocr",
            "description": "Tested OCR skill",
            "context": "/document",
            "defaultLanguageCode": "en"
          },
          {
            "@odata.type": "#Microsoft.Skills.Text.KeyPhraseExtractionSkill",
            "inputs": [
              {
                "name": "text",
                "source": "/document/mytext"
              }
            ],
            "outputs": [
              {
                "name": "keyPhrases",
                "targetName": "myKeyPhrases"
              }
            ],
            "name": "mykeyphrases",
            "description": "Tested Key Phrase skill",
            "context": "/document",
            "defaultLanguageCode": "en"
          }
        ]
      },
      "StatusCode": 201,
      "ResponseHeaders": {
        "client-request-id": "3c0162bc-0e2b-443f-b4f4-80a7f408e7ea",
        "Content-Type": "application/json; odata.metadata=minimal; odata.streaming=true; charset=utf-8",
        "Date": "Tue, 05 Mar 2024 00:19:50 GMT",
        "elapsed-time": "44",
        "ETag": "\u00220x8DC3CA9F9462E2E\u0022",
        "Location": "https://2040301preview.search.windows.net/skillsets(\u0027ocr-key-phrase-skillset72692d294b1dc42\u0027)?api-version=2024-03-01-preview",
        "OData-Version": "4.0",
        "Preference-Applied": "odata.include-annotations=\u0022*\u0022",
        "request-id": "3c0162bc-0e2b-443f-b4f4-80a7f408e7ea",
        "Server": "Microsoft-IIS/10.0",
        "Strict-Transport-Security": [
          "max-age=2592000",
          "max-age=15724800; includeSubDomains"
        ],
        "Transfer-Encoding": "chunked",
        "x-ms-client-request-id": "3c0162bc-0e2b-443f-b4f4-80a7f408e7ea"
      },
      "ResponseBody": {
        "@odata.context": "https://2040301preview.search.windows.net/$metadata#skillsets/$entity",
        "@odata.etag": "\u00220x8DC3CA9F9462E2E\u0022",
        "name": "ocr-key-phrase-skillset72692d294b1dc42",
        "description": "Skillset for testing",
        "skills": [
          {
            "@odata.type": "#Microsoft.Skills.Vision.OcrSkill",
            "name": "myocr",
            "description": "Tested OCR skill",
            "context": "/document",
            "textExtractionAlgorithm": null,
            "lineEnding": null,
            "defaultLanguageCode": "en",
            "detectOrientation": null,
            "inputs": [
              {
                "name": "url",
                "source": "/document/url",
                "sourceContext": null,
                "inputs": []
              },
              {
                "name": "queryString",
                "source": "/document/queryString",
                "sourceContext": null,
                "inputs": []
              }
            ],
            "outputs": [
              {
                "name": "text",
                "targetName": "mytext"
              }
            ]
          },
          {
            "@odata.type": "#Microsoft.Skills.Text.KeyPhraseExtractionSkill",
            "name": "mykeyphrases",
            "description": "Tested Key Phrase skill",
            "context": "/document",
            "defaultLanguageCode": "en",
            "maxKeyPhraseCount": null,
            "modelVersion": null,
            "inputs": [
              {
                "name": "text",
                "source": "/document/mytext",
                "sourceContext": null,
                "inputs": []
              }
            ],
            "outputs": [
              {
                "name": "keyPhrases",
                "targetName": "myKeyPhrases"
              }
            ]
          }
        ],
        "cognitiveServices": null,
        "knowledgeStore": null,
        "indexProjections": null,
        "encryptionKey": null
      }
    },
    {
      "RequestUri": "https://REDACTED/skillsets?api-version=2024-03-01-preview",
      "RequestMethod": "POST",
      "RequestHeaders": {
        "Accept": "application/json; odata.metadata=minimal",
        "api-key": "REDACTED",
        "Content-Length": "697",
        "Content-Type": "application/json",
        "Date": "Tue, 05 Mar 2024 00:19:50 GMT",
        "return-client-request-id": "true",
        "User-Agent": "azsdk-java-azure-search-documents/11.7.0-beta.2 (21.0.1; Windows 11; 10.0)",
        "x-ms-client-request-id": "73362631-7344-4e9a-a6ed-56bb5f6e6cd0"
      },
      "RequestBody": {
        "name": "ocr-key-phrase-skillset70920f5a660d0bf",
        "description": "Skillset for testing",
        "skills": [
          {
            "@odata.type": "#Microsoft.Skills.Vision.OcrSkill",
            "inputs": [
              {
                "name": "url",
                "source": "/document/url"
              },
              {
                "name": "queryString",
                "source": "/document/queryString"
              }
            ],
            "outputs": [
              {
                "name": "text",
                "targetName": "mytext"
              }
            ],
            "name": "myocr",
            "description": "Tested OCR skill",
            "context": "/document",
            "defaultLanguageCode": "fr"
          },
          {
            "@odata.type": "#Microsoft.Skills.Text.KeyPhraseExtractionSkill",
            "inputs": [
              {
                "name": "text",
                "source": "/document/mytext"
              }
            ],
            "outputs": [
              {
                "name": "keyPhrases",
                "targetName": "myKeyPhrases"
              }
            ],
            "name": "mykeyphrases",
            "description": "Tested Key Phrase skill",
            "context": "/document",
            "defaultLanguageCode": "fr"
          }
        ]
      },
      "StatusCode": 201,
      "ResponseHeaders": {
        "client-request-id": "73362631-7344-4e9a-a6ed-56bb5f6e6cd0",
        "Content-Type": "application/json; odata.metadata=minimal; odata.streaming=true; charset=utf-8",
        "Date": "Tue, 05 Mar 2024 00:19:50 GMT",
        "elapsed-time": "42",
        "ETag": "\u00220x8DC3CA9F95372B8\u0022",
        "Location": "https://2040301preview.search.windows.net/skillsets(\u0027ocr-key-phrase-skillset70920f5a660d0bf\u0027)?api-version=2024-03-01-preview",
        "OData-Version": "4.0",
        "Preference-Applied": "odata.include-annotations=\u0022*\u0022",
        "request-id": "73362631-7344-4e9a-a6ed-56bb5f6e6cd0",
        "Server": "Microsoft-IIS/10.0",
        "Strict-Transport-Security": [
          "max-age=2592000",
          "max-age=15724800; includeSubDomains"
        ],
        "Transfer-Encoding": "chunked",
        "x-ms-client-request-id": "73362631-7344-4e9a-a6ed-56bb5f6e6cd0"
      },
      "ResponseBody": {
        "@odata.context": "https://2040301preview.search.windows.net/$metadata#skillsets/$entity",
        "@odata.etag": "\u00220x8DC3CA9F95372B8\u0022",
        "name": "ocr-key-phrase-skillset70920f5a660d0bf",
        "description": "Skillset for testing",
        "skills": [
          {
            "@odata.type": "#Microsoft.Skills.Vision.OcrSkill",
            "name": "myocr",
            "description": "Tested OCR skill",
            "context": "/document",
            "textExtractionAlgorithm": null,
            "lineEnding": null,
            "defaultLanguageCode": "fr",
            "detectOrientation": null,
            "inputs": [
              {
                "name": "url",
                "source": "/document/url",
                "sourceContext": null,
                "inputs": []
              },
              {
                "name": "queryString",
                "source": "/document/queryString",
                "sourceContext": null,
                "inputs": []
              }
            ],
            "outputs": [
              {
                "name": "text",
                "targetName": "mytext"
              }
            ]
          },
          {
            "@odata.type": "#Microsoft.Skills.Text.KeyPhraseExtractionSkill",
            "name": "mykeyphrases",
            "description": "Tested Key Phrase skill",
            "context": "/document",
            "defaultLanguageCode": "fr",
            "maxKeyPhraseCount": null,
            "modelVersion": null,
            "inputs": [
              {
                "name": "text",
                "source": "/document/mytext",
                "sourceContext": null,
                "inputs": []
              }
            ],
            "outputs": [
              {
                "name": "keyPhrases",
                "targetName": "myKeyPhrases"
              }
            ]
          }
        ],
        "cognitiveServices": null,
        "knowledgeStore": null,
        "indexProjections": null,
        "encryptionKey": null
      }
    },
    {
      "RequestUri": "https://REDACTED/skillsets?api-version=2024-03-01-preview",
      "RequestMethod": "POST",
      "RequestHeaders": {
        "Accept": "application/json; odata.metadata=minimal",
        "api-key": "REDACTED",
        "Content-Length": "697",
        "Content-Type": "application/json",
        "Date": "Tue, 05 Mar 2024 00:19:50 GMT",
        "return-client-request-id": "true",
        "User-Agent": "azsdk-java-azure-search-documents/11.7.0-beta.2 (21.0.1; Windows 11; 10.0)",
        "x-ms-client-request-id": "822b2bf0-86cf-4fa7-9568-466b4611bd59"
      },
      "RequestBody": {
        "name": "ocr-key-phrase-skillset98643f5b1824479",
        "description": "Skillset for testing",
        "skills": [
          {
            "@odata.type": "#Microsoft.Skills.Vision.OcrSkill",
            "inputs": [
              {
                "name": "url",
                "source": "/document/url"
              },
              {
                "name": "queryString",
                "source": "/document/queryString"
              }
            ],
            "outputs": [
              {
                "name": "text",
                "targetName": "mytext"
              }
            ],
            "name": "myocr",
            "description": "Tested OCR skill",
            "context": "/document",
            "defaultLanguageCode": "es"
          },
          {
            "@odata.type": "#Microsoft.Skills.Text.KeyPhraseExtractionSkill",
            "inputs": [
              {
                "name": "text",
                "source": "/document/mytext"
              }
            ],
            "outputs": [
              {
                "name": "keyPhrases",
                "targetName": "myKeyPhrases"
              }
            ],
            "name": "mykeyphrases",
            "description": "Tested Key Phrase skill",
            "context": "/document",
            "defaultLanguageCode": "es"
          }
        ]
      },
      "StatusCode": 201,
      "ResponseHeaders": {
        "client-request-id": "822b2bf0-86cf-4fa7-9568-466b4611bd59",
        "Content-Type": "application/json; odata.metadata=minimal; odata.streaming=true; charset=utf-8",
        "Date": "Tue, 05 Mar 2024 00:19:50 GMT",
        "elapsed-time": "42",
        "ETag": "\u00220x8DC3CA9F95FF40B\u0022",
        "Location": "https://2040301preview.search.windows.net/skillsets(\u0027ocr-key-phrase-skillset98643f5b1824479\u0027)?api-version=2024-03-01-preview",
        "OData-Version": "4.0",
        "Preference-Applied": "odata.include-annotations=\u0022*\u0022",
        "request-id": "822b2bf0-86cf-4fa7-9568-466b4611bd59",
        "Server": "Microsoft-IIS/10.0",
        "Strict-Transport-Security": [
          "max-age=2592000",
          "max-age=15724800; includeSubDomains"
        ],
        "Transfer-Encoding": "chunked",
        "x-ms-client-request-id": "822b2bf0-86cf-4fa7-9568-466b4611bd59"
      },
      "ResponseBody": {
        "@odata.context": "https://2040301preview.search.windows.net/$metadata#skillsets/$entity",
        "@odata.etag": "\u00220x8DC3CA9F95FF40B\u0022",
        "name": "ocr-key-phrase-skillset98643f5b1824479",
        "description": "Skillset for testing",
        "skills": [
          {
            "@odata.type": "#Microsoft.Skills.Vision.OcrSkill",
            "name": "myocr",
            "description": "Tested OCR skill",
            "context": "/document",
            "textExtractionAlgorithm": null,
            "lineEnding": null,
            "defaultLanguageCode": "es",
            "detectOrientation": null,
            "inputs": [
              {
                "name": "url",
                "source": "/document/url",
                "sourceContext": null,
                "inputs": []
              },
              {
                "name": "queryString",
                "source": "/document/queryString",
                "sourceContext": null,
                "inputs": []
              }
            ],
            "outputs": [
              {
                "name": "text",
                "targetName": "mytext"
              }
            ]
          },
          {
            "@odata.type": "#Microsoft.Skills.Text.KeyPhraseExtractionSkill",
            "name": "mykeyphrases",
            "description": "Tested Key Phrase skill",
            "context": "/document",
            "defaultLanguageCode": "es",
            "maxKeyPhraseCount": null,
            "modelVersion": null,
            "inputs": [
              {
                "name": "text",
                "source": "/document/mytext",
                "sourceContext": null,
                "inputs": []
              }
            ],
            "outputs": [
              {
                "name": "keyPhrases",
                "targetName": "myKeyPhrases"
              }
            ]
          }
        ],
        "cognitiveServices": null,
        "knowledgeStore": null,
        "indexProjections": null,
        "encryptionKey": null
      }
    },
    {
      "RequestUri": "https://REDACTED/skillsets(\u0027ocr-key-phrase-skillset72692d294b1dc42\u0027)?api-version=2024-03-01-preview",
      "RequestMethod": "DELETE",
      "RequestHeaders": {
        "Accept": "application/json; odata.metadata=minimal",
        "api-key": "REDACTED",
        "Content-Length": "0",
        "Date": "Tue, 05 Mar 2024 00:19:50 GMT",
        "return-client-request-id": "true",
        "User-Agent": "azsdk-java-azure-search-documents/11.7.0-beta.2 (21.0.1; Windows 11; 10.0)",
        "x-ms-client-request-id": "7691a417-a058-4fe3-9f16-ccc7f6cb6854"
      },
      "RequestBody": null,
      "StatusCode": 204,
      "ResponseHeaders": {
        "client-request-id": "7691a417-a058-4fe3-9f16-ccc7f6cb6854",
        "Date": "Tue, 05 Mar 2024 00:19:50 GMT",
        "elapsed-time": "26",
        "Preference-Applied": "odata.include-annotations=\u0022*\u0022",
        "request-id": "7691a417-a058-4fe3-9f16-ccc7f6cb6854",
        "Server": "Microsoft-IIS/10.0",
        "Strict-Transport-Security": [
          "max-age=2592000",
          "max-age=15724800; includeSubDomains"
        ],
        "x-ms-client-request-id": "7691a417-a058-4fe3-9f16-ccc7f6cb6854"
      },
      "ResponseBody": null
    },
    {
      "RequestUri": "https://REDACTED/skillsets(\u0027ocr-key-phrase-skillset70920f5a660d0bf\u0027)?api-version=2024-03-01-preview",
      "RequestMethod": "DELETE",
      "RequestHeaders": {
        "Accept": "application/json; odata.metadata=minimal",
        "api-key": "REDACTED",
        "Content-Length": "0",
        "Date": "Tue, 05 Mar 2024 00:19:51 GMT",
        "return-client-request-id": "true",
        "User-Agent": "azsdk-java-azure-search-documents/11.7.0-beta.2 (21.0.1; Windows 11; 10.0)",
        "x-ms-client-request-id": "a54e1690-1246-4cb4-9dab-347caeb9fb1e"
      },
      "RequestBody": null,
      "StatusCode": 204,
      "ResponseHeaders": {
        "client-request-id": "a54e1690-1246-4cb4-9dab-347caeb9fb1e",
        "Date": "Tue, 05 Mar 2024 00:19:50 GMT",
        "elapsed-time": "25",
        "Preference-Applied": "odata.include-annotations=\u0022*\u0022",
        "request-id": "a54e1690-1246-4cb4-9dab-347caeb9fb1e",
        "Server": "Microsoft-IIS/10.0",
        "Strict-Transport-Security": [
          "max-age=2592000",
          "max-age=15724800; includeSubDomains"
        ],
        "x-ms-client-request-id": "a54e1690-1246-4cb4-9dab-347caeb9fb1e"
      },
      "ResponseBody": null
    },
    {
      "RequestUri": "https://REDACTED/skillsets(\u0027ocr-key-phrase-skillset98643f5b1824479\u0027)?api-version=2024-03-01-preview",
      "RequestMethod": "DELETE",
      "RequestHeaders": {
        "Accept": "application/json; odata.metadata=minimal",
        "api-key": "REDACTED",
        "Content-Length": "0",
        "Date": "Tue, 05 Mar 2024 00:19:51 GMT",
        "return-client-request-id": "true",
        "User-Agent": "azsdk-java-azure-search-documents/11.7.0-beta.2 (21.0.1; Windows 11; 10.0)",
        "x-ms-client-request-id": "43ec28fe-46e5-40c0-8058-2b7364774706"
      },
      "RequestBody": null,
      "StatusCode": 204,
      "ResponseHeaders": {
        "client-request-id": "43ec28fe-46e5-40c0-8058-2b7364774706",
        "Date": "Tue, 05 Mar 2024 00:19:51 GMT",
        "elapsed-time": "25",
        "Preference-Applied": "odata.include-annotations=\u0022*\u0022",
        "request-id": "43ec28fe-46e5-40c0-8058-2b7364774706",
        "Server": "Microsoft-IIS/10.0",
        "Strict-Transport-Security": [
          "max-age=2592000",
          "max-age=15724800; includeSubDomains"
        ],
        "x-ms-client-request-id": "43ec28fe-46e5-40c0-8058-2b7364774706"
      },
      "ResponseBody": null
    }
  ],
  "Variables": {
    "0": "ocr-key-phrase-skillset72692d294b1dc42",
    "1": "ocr-key-phrase-skillset70920f5a660d0bf",
    "2": "ocr-key-phrase-skillset98643f5b1824479"
  }
}
