{
  "Entries": [
    {
      "RequestUri": "https://REDACTED/skillsets(\u0027ocr-skillset26920e633123ed30f4ef\u0027)?api-version=2023-10-01-Preview",
      "RequestMethod": "PUT",
      "RequestHeaders": {
        "Accept": "application/json; odata.metadata=minimal",
        "api-key": "REDACTED",
        "Content-Length": "418",
        "Content-Type": "application/json",
        "Date": "Mon, 09 Oct 2023 21:03:39 GMT",
        "Prefer": "return=representation",
        "return-client-request-id": "true",
        "User-Agent": "azsdk-java-azure-search-documents/11.6.0-beta.10 (21; Windows 11; 10.0)",
        "x-ms-client-request-id": "2206e9fd-d19a-4664-aacb-863a1d0e35da"
      },
      "RequestBody": {
        "name": "ocr-skillset26920e633123ed30f4ef",
        "description": "Skillset for testing default configuration",
        "skills": [
          {
            "@odata.type": "#Microsoft.Skills.Vision.OcrSkill",
            "inputs": [
              {
                "name": "url",
                "source": "/document/url"
              },
              {
                "name": "queryString",
                "source": "/document/queryString"
              }
            ],
            "outputs": [
              {
                "name": "text",
                "targetName": "mytext"
              }
            ],
            "name": "myocr",
            "description": "Tested OCR skill",
            "context": "/document",
            "detectOrientation": false
          }
        ]
      },
      "StatusCode": 201,
      "ResponseHeaders": {
        "Cache-Control": "no-cache",
        "client-request-id": "2206e9fd-d19a-4664-aacb-863a1d0e35da",
        "Content-Length": "791",
        "Content-Type": "application/json; odata.metadata=minimal",
        "Date": "Mon, 09 Oct 2023 21:03:39 GMT",
        "elapsed-time": "47",
        "ETag": "W/\u00220x8DBC90B3646F214\u0022",
        "Expires": "-1",
        "Location": "https://azs-java-tb9a3e882b9658d50.search.windows.net/skillsets(\u0027ocr-skillset26920e633123ed30f4ef\u0027)?api-version=2023-10-01-Preview",
        "OData-Version": "4.0",
        "Pragma": "no-cache",
        "Preference-Applied": "odata.include-annotations=\u0022*\u0022",
        "request-id": "2206e9fd-d19a-4664-aacb-863a1d0e35da",
        "Strict-Transport-Security": "max-age=15724800; includeSubDomains",
        "x-ms-client-request-id": "2206e9fd-d19a-4664-aacb-863a1d0e35da"
      },
      "ResponseBody": {
        "@odata.context": "https://azs-java-tb9a3e882b9658d50.search.windows.net/$metadata#skillsets/$entity",
        "@odata.etag": "\u00220x8DBC90B3646F214\u0022",
        "name": "ocr-skillset26920e633123ed30f4ef",
        "description": "Skillset for testing default configuration",
        "skills": [
          {
            "@odata.type": "#Microsoft.Skills.Vision.OcrSkill",
            "name": "myocr",
            "description": "Tested OCR skill",
            "context": "/document",
            "textExtractionAlgorithm": null,
            "lineEnding": null,
            "defaultLanguageCode": null,
            "detectOrientation": false,
            "inputs": [
              {
                "name": "url",
                "source": "/document/url",
                "sourceContext": null,
                "inputs": []
              },
              {
                "name": "queryString",
                "source": "/document/queryString",
                "sourceContext": null,
                "inputs": []
              }
            ],
            "outputs": [
              {
                "name": "text",
                "targetName": "mytext"
              }
            ]
          }
        ],
        "cognitiveServices": null,
        "knowledgeStore": null,
        "indexProjections": null,
        "encryptionKey": null
      }
    },
    {
      "RequestUri": "https://REDACTED/skillsets(\u0027ocr-skillset26920e633123ed30f4ef\u0027)?api-version=2023-10-01-Preview",
      "RequestMethod": "PUT",
      "RequestHeaders": {
        "Accept": "application/json; odata.metadata=minimal",
        "api-key": "REDACTED",
        "Content-Length": "461",
        "Content-Type": "application/json",
        "Date": "Mon, 09 Oct 2023 21:03:39 GMT",
        "If-Match": "\u00220x8DBC90B3646F214\u0022",
        "Prefer": "return=representation",
        "return-client-request-id": "true",
        "User-Agent": "azsdk-java-azure-search-documents/11.6.0-beta.10 (21; Windows 11; 10.0)",
        "x-ms-client-request-id": "a7a0c650-f0a6-4ab9-b0d3-126c66738ea0"
      },
      "RequestBody": {
        "name": "ocr-skillset26920e633123ed30f4ef",
        "description": "Skillset for testing default configuration",
        "skills": [
          {
            "@odata.type": "#Microsoft.Skills.Text.KeyPhraseExtractionSkill",
            "inputs": [
              {
                "name": "text",
                "source": "/document/mydescription/*/Tags/*"
              }
            ],
            "outputs": [
              {
                "name": "keyPhrases",
                "targetName": "myKeyPhrases"
              }
            ],
            "name": "mykeyphrases",
            "description": "Tested Key Phrase skill",
            "context": "/document",
            "defaultLanguageCode": "en"
          }
        ],
        "@odata.etag": "\u00220x8DBC90B3646F214\u0022"
      },
      "StatusCode": 200,
      "ResponseHeaders": {
        "Cache-Control": "no-cache",
        "client-request-id": "a7a0c650-f0a6-4ab9-b0d3-126c66738ea0",
        "Content-Length": "732",
        "Content-Type": "application/json; odata.metadata=minimal",
        "Date": "Mon, 09 Oct 2023 21:03:39 GMT",
        "elapsed-time": "50",
        "ETag": "W/\u00220x8DBC90B3653196F\u0022",
        "Expires": "-1",
        "OData-Version": "4.0",
        "Pragma": "no-cache",
        "Preference-Applied": "odata.include-annotations=\u0022*\u0022",
        "request-id": "a7a0c650-f0a6-4ab9-b0d3-126c66738ea0",
        "Strict-Transport-Security": "max-age=15724800; includeSubDomains",
        "x-ms-client-request-id": "a7a0c650-f0a6-4ab9-b0d3-126c66738ea0"
      },
      "ResponseBody": {
        "@odata.context": "https://azs-java-tb9a3e882b9658d50.search.windows.net/$metadata#skillsets/$entity",
        "@odata.etag": "\u00220x8DBC90B3653196F\u0022",
        "name": "ocr-skillset26920e633123ed30f4ef",
        "description": "Skillset for testing default configuration",
        "skills": [
          {
            "@odata.type": "#Microsoft.Skills.Text.KeyPhraseExtractionSkill",
            "name": "mykeyphrases",
            "description": "Tested Key Phrase skill",
            "context": "/document",
            "defaultLanguageCode": "en",
            "maxKeyPhraseCount": null,
            "modelVersion": null,
            "inputs": [
              {
                "name": "text",
                "source": "/document/mydescription/*/Tags/*",
                "sourceContext": null,
                "inputs": []
              }
            ],
            "outputs": [
              {
                "name": "keyPhrases",
                "targetName": "myKeyPhrases"
              }
            ]
          }
        ],
        "cognitiveServices": null,
        "knowledgeStore": null,
        "indexProjections": null,
        "encryptionKey": null
      }
    },
    {
      "RequestUri": "https://REDACTED/skillsets(\u0027ocr-skillset26920e633123ed30f4ef\u0027)?api-version=2023-10-01-Preview",
      "RequestMethod": "PUT",
      "RequestHeaders": {
        "Accept": "application/json; odata.metadata=minimal",
        "api-key": "REDACTED",
        "Content-Length": "461",
        "Content-Type": "application/json",
        "Date": "Mon, 09 Oct 2023 21:03:39 GMT",
        "If-Match": "\u00220x8DBC90B3646F214\u0022",
        "Prefer": "return=representation",
        "return-client-request-id": "true",
        "User-Agent": "azsdk-java-azure-search-documents/11.6.0-beta.10 (21; Windows 11; 10.0)",
        "x-ms-client-request-id": "29a6594b-81a9-44e7-8e54-eb2157cbc576"
      },
      "RequestBody": {
        "name": "ocr-skillset26920e633123ed30f4ef",
        "description": "Skillset for testing default configuration",
        "skills": [
          {
            "@odata.type": "#Microsoft.Skills.Text.KeyPhraseExtractionSkill",
            "inputs": [
              {
                "name": "text",
                "source": "/document/mydescription/*/Tags/*"
              }
            ],
            "outputs": [
              {
                "name": "keyPhrases",
                "targetName": "myKeyPhrases"
              }
            ],
            "name": "mykeyphrases",
            "description": "Tested Key Phrase skill",
            "context": "/document",
            "defaultLanguageCode": "en"
          }
        ],
        "@odata.etag": "\u00220x8DBC90B3646F214\u0022"
      },
      "StatusCode": 412,
      "ResponseHeaders": {
        "Cache-Control": "no-cache",
        "client-request-id": "29a6594b-81a9-44e7-8e54-eb2157cbc576",
        "Content-Language": "en",
        "Content-Length": "160",
        "Content-Type": "application/json; charset=utf-8",
        "Date": "Mon, 09 Oct 2023 21:03:39 GMT",
        "elapsed-time": "9",
        "Expires": "-1",
        "Pragma": "no-cache",
        "Preference-Applied": "odata.include-annotations=\u0022*\u0022",
        "request-id": "29a6594b-81a9-44e7-8e54-eb2157cbc576",
        "Strict-Transport-Security": "max-age=15724800; includeSubDomains",
        "x-ms-client-request-id": "29a6594b-81a9-44e7-8e54-eb2157cbc576"
      },
      "ResponseBody": {
        "error": {
          "code": "",
          "message": "The precondition given in one of the request headers evaluated to false. No change was made to the resource from this request."
        }
      }
    },
    {
      "RequestUri": "https://REDACTED/skillsets(\u0027ocr-skillset26920e633123ed30f4ef\u0027)?api-version=2023-10-01-Preview",
      "RequestMethod": "DELETE",
      "RequestHeaders": {
        "Accept": "application/json; odata.metadata=minimal",
        "api-key": "REDACTED",
        "Content-Length": "0",
        "Date": "Mon, 09 Oct 2023 21:03:39 GMT",
        "return-client-request-id": "true",
        "User-Agent": "azsdk-java-azure-search-documents/11.6.0-beta.10 (21; Windows 11; 10.0)",
        "x-ms-client-request-id": "50021db7-1cf0-4a0b-a4d7-934238be7b98"
      },
      "RequestBody": null,
      "StatusCode": 204,
      "ResponseHeaders": {
        "Cache-Control": "no-cache",
        "client-request-id": "50021db7-1cf0-4a0b-a4d7-934238be7b98",
        "Date": "Mon, 09 Oct 2023 21:03:39 GMT",
        "elapsed-time": "38",
        "Expires": "-1",
        "Pragma": "no-cache",
        "request-id": "50021db7-1cf0-4a0b-a4d7-934238be7b98",
        "Strict-Transport-Security": "max-age=15724800; includeSubDomains",
        "x-ms-client-request-id": "50021db7-1cf0-4a0b-a4d7-934238be7b98"
      },
      "ResponseBody": null
    }
  ],
  "Variables": {
    "0": "ocr-skillset26920e633123ed30f4ef"
  }
}
