{
  "Entries": [
    {
      "RequestUri": "https://REDACTED/skillsets(\u0027ocr-skillset807324998cd44a0924fc\u0027)?api-version=2023-10-01-Preview",
      "RequestMethod": "PUT",
      "RequestHeaders": {
        "Accept": "application/json; odata.metadata=minimal",
        "api-key": "REDACTED",
        "Content-Length": "418",
        "Content-Type": "application/json",
        "Date": "Mon, 09 Oct 2023 21:03:38 GMT",
        "Prefer": "return=representation",
        "return-client-request-id": "true",
        "User-Agent": "azsdk-java-azure-search-documents/11.6.0-beta.10 (21; Windows 11; 10.0)",
        "x-ms-client-request-id": "731d5ee8-47f1-43ce-a693-c20e9abd5e2e"
      },
      "RequestBody": {
        "name": "ocr-skillset807324998cd44a0924fc",
        "description": "Skillset for testing default configuration",
        "skills": [
          {
            "@odata.type": "#Microsoft.Skills.Vision.OcrSkill",
            "inputs": [
              {
                "name": "url",
                "source": "/document/url"
              },
              {
                "name": "queryString",
                "source": "/document/queryString"
              }
            ],
            "outputs": [
              {
                "name": "text",
                "targetName": "mytext"
              }
            ],
            "name": "myocr",
            "description": "Tested OCR skill",
            "context": "/document",
            "detectOrientation": false
          }
        ]
      },
      "StatusCode": 201,
      "ResponseHeaders": {
        "Cache-Control": "no-cache",
        "client-request-id": "731d5ee8-47f1-43ce-a693-c20e9abd5e2e",
        "Content-Length": "791",
        "Content-Type": "application/json; odata.metadata=minimal",
        "Date": "Mon, 09 Oct 2023 21:03:38 GMT",
        "elapsed-time": "48",
        "ETag": "W/\u00220x8DBC90B35D76F90\u0022",
        "Expires": "-1",
        "Location": "https://azs-java-tb9a3e882b9658d50.search.windows.net/skillsets(\u0027ocr-skillset807324998cd44a0924fc\u0027)?api-version=2023-10-01-Preview",
        "OData-Version": "4.0",
        "Pragma": "no-cache",
        "Preference-Applied": "odata.include-annotations=\u0022*\u0022",
        "request-id": "731d5ee8-47f1-43ce-a693-c20e9abd5e2e",
        "Strict-Transport-Security": "max-age=15724800; includeSubDomains",
        "x-ms-client-request-id": "731d5ee8-47f1-43ce-a693-c20e9abd5e2e"
      },
      "ResponseBody": {
        "@odata.context": "https://azs-java-tb9a3e882b9658d50.search.windows.net/$metadata#skillsets/$entity",
        "@odata.etag": "\u00220x8DBC90B35D76F90\u0022",
        "name": "ocr-skillset807324998cd44a0924fc",
        "description": "Skillset for testing default configuration",
        "skills": [
          {
            "@odata.type": "#Microsoft.Skills.Vision.OcrSkill",
            "name": "myocr",
            "description": "Tested OCR skill",
            "context": "/document",
            "textExtractionAlgorithm": null,
            "lineEnding": null,
            "defaultLanguageCode": null,
            "detectOrientation": false,
            "inputs": [
              {
                "name": "url",
                "source": "/document/url",
                "sourceContext": null,
                "inputs": []
              },
              {
                "name": "queryString",
                "source": "/document/queryString",
                "sourceContext": null,
                "inputs": []
              }
            ],
            "outputs": [
              {
                "name": "text",
                "targetName": "mytext"
              }
            ]
          }
        ],
        "cognitiveServices": null,
        "knowledgeStore": null,
        "indexProjections": null,
        "encryptionKey": null
      }
    },
    {
      "RequestUri": "https://REDACTED/skillsets(\u0027ocr-skillset807324998cd44a0924fc\u0027)?api-version=2023-10-01-Preview",
      "RequestMethod": "PUT",
      "RequestHeaders": {
        "Accept": "application/json; odata.metadata=minimal",
        "api-key": "REDACTED",
        "Content-Length": "461",
        "Content-Type": "application/json",
        "Date": "Mon, 09 Oct 2023 21:03:38 GMT",
        "If-Match": "\u00220x8DBC90B35D76F90\u0022",
        "Prefer": "return=representation",
        "return-client-request-id": "true",
        "User-Agent": "azsdk-java-azure-search-documents/11.6.0-beta.10 (21; Windows 11; 10.0)",
        "x-ms-client-request-id": "4067b886-73cc-40a0-bc47-c1696cc71d16"
      },
      "RequestBody": {
        "name": "ocr-skillset807324998cd44a0924fc",
        "description": "Skillset for testing default configuration",
        "skills": [
          {
            "@odata.type": "#Microsoft.Skills.Text.KeyPhraseExtractionSkill",
            "inputs": [
              {
                "name": "text",
                "source": "/document/mydescription/*/Tags/*"
              }
            ],
            "outputs": [
              {
                "name": "keyPhrases",
                "targetName": "myKeyPhrases"
              }
            ],
            "name": "mykeyphrases",
            "description": "Tested Key Phrase skill",
            "context": "/document",
            "defaultLanguageCode": "en"
          }
        ],
        "@odata.etag": "\u00220x8DBC90B35D76F90\u0022"
      },
      "StatusCode": 200,
      "ResponseHeaders": {
        "Cache-Control": "no-cache",
        "client-request-id": "4067b886-73cc-40a0-bc47-c1696cc71d16",
        "Content-Length": "732",
        "Content-Type": "application/json; odata.metadata=minimal",
        "Date": "Mon, 09 Oct 2023 21:03:38 GMT",
        "elapsed-time": "59",
        "ETag": "W/\u00220x8DBC90B35E51BDB\u0022",
        "Expires": "-1",
        "OData-Version": "4.0",
        "Pragma": "no-cache",
        "Preference-Applied": "odata.include-annotations=\u0022*\u0022",
        "request-id": "4067b886-73cc-40a0-bc47-c1696cc71d16",
        "Strict-Transport-Security": "max-age=15724800; includeSubDomains",
        "x-ms-client-request-id": "4067b886-73cc-40a0-bc47-c1696cc71d16"
      },
      "ResponseBody": {
        "@odata.context": "https://azs-java-tb9a3e882b9658d50.search.windows.net/$metadata#skillsets/$entity",
        "@odata.etag": "\u00220x8DBC90B35E51BDB\u0022",
        "name": "ocr-skillset807324998cd44a0924fc",
        "description": "Skillset for testing default configuration",
        "skills": [
          {
            "@odata.type": "#Microsoft.Skills.Text.KeyPhraseExtractionSkill",
            "name": "mykeyphrases",
            "description": "Tested Key Phrase skill",
            "context": "/document",
            "defaultLanguageCode": "en",
            "maxKeyPhraseCount": null,
            "modelVersion": null,
            "inputs": [
              {
                "name": "text",
                "source": "/document/mydescription/*/Tags/*",
                "sourceContext": null,
                "inputs": []
              }
            ],
            "outputs": [
              {
                "name": "keyPhrases",
                "targetName": "myKeyPhrases"
              }
            ]
          }
        ],
        "cognitiveServices": null,
        "knowledgeStore": null,
        "indexProjections": null,
        "encryptionKey": null
      }
    },
    {
      "RequestUri": "https://REDACTED/skillsets(\u0027ocr-skillset807324998cd44a0924fc\u0027)?api-version=2023-10-01-Preview",
      "RequestMethod": "DELETE",
      "RequestHeaders": {
        "Accept": "application/json; odata.metadata=minimal",
        "api-key": "REDACTED",
        "Content-Length": "0",
        "Date": "Mon, 09 Oct 2023 21:03:38 GMT",
        "return-client-request-id": "true",
        "User-Agent": "azsdk-java-azure-search-documents/11.6.0-beta.10 (21; Windows 11; 10.0)",
        "x-ms-client-request-id": "23b77d2c-a1ad-4f94-9205-2331987a79bd"
      },
      "RequestBody": null,
      "StatusCode": 204,
      "ResponseHeaders": {
        "Cache-Control": "no-cache",
        "client-request-id": "23b77d2c-a1ad-4f94-9205-2331987a79bd",
        "Date": "Mon, 09 Oct 2023 21:03:38 GMT",
        "elapsed-time": "32",
        "Expires": "-1",
        "Pragma": "no-cache",
        "request-id": "23b77d2c-a1ad-4f94-9205-2331987a79bd",
        "Strict-Transport-Security": "max-age=15724800; includeSubDomains",
        "x-ms-client-request-id": "23b77d2c-a1ad-4f94-9205-2331987a79bd"
      },
      "ResponseBody": null
    }
  ],
  "Variables": {
    "0": "ocr-skillset807324998cd44a0924fc"
  }
}
