{
  "Entries": [
    {
      "RequestUri": "https://REDACTED/skillsets(\u0027ocr-skillset752726b5a3386b71d40b\u0027)?api-version=2023-10-01-preview",
      "RequestMethod": "PUT",
      "RequestHeaders": {
        "Accept": "application/json; odata.metadata=minimal",
        "api-key": "REDACTED",
        "Content-Length": "418",
        "Content-Type": "application/json",
        "Date": "Fri, 08 Dec 2023 16:30:07 GMT",
        "Prefer": "return=representation",
        "return-client-request-id": "true",
        "User-Agent": "azsdk-java-azure-search-documents/11.7.0-beta.1 (17.0.8.1; Windows 11; 10.0)",
        "x-ms-client-request-id": "9f1271e7-d8f6-4605-a720-c1b9ca6cc9e0"
      },
      "RequestBody": {
        "name": "ocr-skillset752726b5a3386b71d40b",
        "description": "Skillset for testing default configuration",
        "skills": [
          {
            "@odata.type": "#Microsoft.Skills.Vision.OcrSkill",
            "inputs": [
              {
                "name": "url",
                "source": "/document/url"
              },
              {
                "name": "queryString",
                "source": "/document/queryString"
              }
            ],
            "outputs": [
              {
                "name": "text",
                "targetName": "mytext"
              }
            ],
            "name": "myocr",
            "description": "Tested OCR skill",
            "context": "/document",
            "detectOrientation": false
          }
        ]
      },
      "StatusCode": 201,
      "ResponseHeaders": {
        "client-request-id": "9f1271e7-d8f6-4605-a720-c1b9ca6cc9e0",
        "Content-Type": "application/json; odata.metadata=minimal; odata.streaming=true; charset=utf-8",
        "Date": "Fri, 08 Dec 2023 16:30:07 GMT",
        "elapsed-time": "44",
        "ETag": "\u00220x8DBF80AF0F25AEA\u0022",
        "Location": "https://azs-java-t5ce5274b0647cb99.search.windows.net/skillsets(\u0027ocr-skillset752726b5a3386b71d40b\u0027)?api-version=2023-10-01-preview",
        "OData-Version": "4.0",
        "Preference-Applied": "odata.include-annotations=\u0022*\u0022",
        "request-id": "9f1271e7-d8f6-4605-a720-c1b9ca6cc9e0",
        "Server": "Microsoft-IIS/10.0",
        "Strict-Transport-Security": [
          "max-age=2592000",
          "max-age=15724800; includeSubDomains"
        ],
        "Transfer-Encoding": "chunked",
        "x-ms-client-request-id": "9f1271e7-d8f6-4605-a720-c1b9ca6cc9e0"
      },
      "ResponseBody": {
        "@odata.context": "https://azs-java-t5ce5274b0647cb99.search.windows.net/$metadata#skillsets/$entity",
        "@odata.etag": "\u00220x8DBF80AF0F25AEA\u0022",
        "name": "ocr-skillset752726b5a3386b71d40b",
        "description": "Skillset for testing default configuration",
        "skills": [
          {
            "@odata.type": "#Microsoft.Skills.Vision.OcrSkill",
            "name": "myocr",
            "description": "Tested OCR skill",
            "context": "/document",
            "textExtractionAlgorithm": null,
            "lineEnding": null,
            "defaultLanguageCode": null,
            "detectOrientation": false,
            "inputs": [
              {
                "name": "url",
                "source": "/document/url",
                "sourceContext": null,
                "inputs": []
              },
              {
                "name": "queryString",
                "source": "/document/queryString",
                "sourceContext": null,
                "inputs": []
              }
            ],
            "outputs": [
              {
                "name": "text",
                "targetName": "mytext"
              }
            ]
          }
        ],
        "cognitiveServices": null,
        "knowledgeStore": null,
        "indexProjections": null,
        "encryptionKey": null
      }
    },
    {
      "RequestUri": "https://REDACTED/skillsets(\u0027ocr-skillset752726b5a3386b71d40b\u0027)?api-version=2023-10-01-preview",
      "RequestMethod": "PUT",
      "RequestHeaders": {
        "Accept": "application/json; odata.metadata=minimal",
        "api-key": "REDACTED",
        "Content-Length": "480",
        "Content-Type": "application/json",
        "Date": "Fri, 08 Dec 2023 16:30:07 GMT",
        "If-Match": "\u00220x8DBF80AF0F25AEA\u0022",
        "Prefer": "return=representation",
        "return-client-request-id": "true",
        "User-Agent": "azsdk-java-azure-search-documents/11.7.0-beta.1 (17.0.8.1; Windows 11; 10.0)",
        "x-ms-client-request-id": "9748f875-0d0b-4518-9922-830efc7a9ee7"
      },
      "RequestBody": {
        "name": "ocr-skillset752726b5a3386b71d40b",
        "description": "Skillset for testing default configuration",
        "skills": [
          {
            "@odata.type": "#Microsoft.Skills.Vision.OcrSkill",
            "inputs": [
              {
                "name": "url",
                "source": "/document/url",
                "inputs": []
              },
              {
                "name": "queryString",
                "source": "/document/queryString",
                "inputs": []
              }
            ],
            "outputs": [
              {
                "name": "text",
                "targetName": "mytext"
              }
            ],
            "name": "myocr",
            "description": "Tested OCR skill",
            "context": "/document",
            "detectOrientation": false
          }
        ],
        "@odata.etag": "\u00220x8DBF80AF0F25AEA\u0022"
      },
      "StatusCode": 200,
      "ResponseHeaders": {
        "client-request-id": "9748f875-0d0b-4518-9922-830efc7a9ee7",
        "Content-Type": "application/json; odata.metadata=minimal; odata.streaming=true; charset=utf-8",
        "Date": "Fri, 08 Dec 2023 16:30:07 GMT",
        "elapsed-time": "41",
        "ETag": "\u00220x8DBF80AF1036F54\u0022",
        "OData-Version": "4.0",
        "Preference-Applied": "odata.include-annotations=\u0022*\u0022",
        "request-id": "9748f875-0d0b-4518-9922-830efc7a9ee7",
        "Server": "Microsoft-IIS/10.0",
        "Strict-Transport-Security": [
          "max-age=2592000",
          "max-age=15724800; includeSubDomains"
        ],
        "Transfer-Encoding": "chunked",
        "x-ms-client-request-id": "9748f875-0d0b-4518-9922-830efc7a9ee7"
      },
      "ResponseBody": {
        "@odata.context": "https://azs-java-t5ce5274b0647cb99.search.windows.net/$metadata#skillsets/$entity",
        "@odata.etag": "\u00220x8DBF80AF1036F54\u0022",
        "name": "ocr-skillset752726b5a3386b71d40b",
        "description": "Skillset for testing default configuration",
        "skills": [
          {
            "@odata.type": "#Microsoft.Skills.Vision.OcrSkill",
            "name": "myocr",
            "description": "Tested OCR skill",
            "context": "/document",
            "textExtractionAlgorithm": null,
            "lineEnding": null,
            "defaultLanguageCode": null,
            "detectOrientation": false,
            "inputs": [
              {
                "name": "url",
                "source": "/document/url",
                "sourceContext": null,
                "inputs": []
              },
              {
                "name": "queryString",
                "source": "/document/queryString",
                "sourceContext": null,
                "inputs": []
              }
            ],
            "outputs": [
              {
                "name": "text",
                "targetName": "mytext"
              }
            ]
          }
        ],
        "cognitiveServices": null,
        "knowledgeStore": null,
        "indexProjections": null,
        "encryptionKey": null
      }
    },
    {
      "RequestUri": "https://REDACTED/skillsets(\u0027ocr-skillset752726b5a3386b71d40b\u0027)?api-version=2023-10-01-preview",
      "RequestMethod": "DELETE",
      "RequestHeaders": {
        "Accept": "application/json; odata.metadata=minimal",
        "api-key": "REDACTED",
        "Content-Length": "0",
        "Date": "Fri, 08 Dec 2023 16:30:07 GMT",
        "If-Match": "\u00220x8DBF80AF0F25AEA\u0022",
        "return-client-request-id": "true",
        "User-Agent": "azsdk-java-azure-search-documents/11.7.0-beta.1 (17.0.8.1; Windows 11; 10.0)",
        "x-ms-client-request-id": "5d850f21-df3a-417d-9d9f-a51c632065c9"
      },
      "RequestBody": null,
      "StatusCode": 412,
      "ResponseHeaders": {
        "Cache-Control": "no-store, no-cache",
        "client-request-id": "5d850f21-df3a-417d-9d9f-a51c632065c9",
        "Content-Language": "en",
        "Content-Length": "160",
        "Content-Type": "application/json; charset=utf-8",
        "Date": "Fri, 08 Dec 2023 16:30:07 GMT",
        "elapsed-time": "13",
        "Expires": "-1",
        "Pragma": "no-cache",
        "request-id": "5d850f21-df3a-417d-9d9f-a51c632065c9",
        "Server": "Microsoft-IIS/10.0",
        "Strict-Transport-Security": "max-age=15724800; includeSubDomains",
        "x-ms-client-request-id": "5d850f21-df3a-417d-9d9f-a51c632065c9"
      },
      "ResponseBody": {
        "error": {
          "code": "",
          "message": "The precondition given in one of the request headers evaluated to false. No change was made to the resource from this request."
        }
      }
    },
    {
      "RequestUri": "https://REDACTED/skillsets(\u0027ocr-skillset752726b5a3386b71d40b\u0027)?api-version=2023-10-01-preview",
      "RequestMethod": "DELETE",
      "RequestHeaders": {
        "Accept": "application/json; odata.metadata=minimal",
        "api-key": "REDACTED",
        "Content-Length": "0",
        "Date": "Fri, 08 Dec 2023 16:30:07 GMT",
        "If-Match": "\u00220x8DBF80AF1036F54\u0022",
        "return-client-request-id": "true",
        "User-Agent": "azsdk-java-azure-search-documents/11.7.0-beta.1 (17.0.8.1; Windows 11; 10.0)",
        "x-ms-client-request-id": "08818fed-71af-41c3-a76c-a8dd2379e526"
      },
      "RequestBody": null,
      "StatusCode": 204,
      "ResponseHeaders": {
        "client-request-id": "08818fed-71af-41c3-a76c-a8dd2379e526",
        "Date": "Fri, 08 Dec 2023 16:30:07 GMT",
        "elapsed-time": "25",
        "Preference-Applied": "odata.include-annotations=\u0022*\u0022",
        "request-id": "08818fed-71af-41c3-a76c-a8dd2379e526",
        "Server": "Microsoft-IIS/10.0",
        "Strict-Transport-Security": [
          "max-age=2592000",
          "max-age=15724800; includeSubDomains"
        ],
        "x-ms-client-request-id": "08818fed-71af-41c3-a76c-a8dd2379e526"
      },
      "ResponseBody": null
    }
  ],
  "Variables": {
    "0": "ocr-skillset752726b5a3386b71d40b"
  }
}
