{
  "Entries": [
    {
      "RequestUri": "https://REDACTED/synonymmaps?api-version=2023-10-01-Preview",
      "RequestMethod": "POST",
      "RequestHeaders": {
        "Accept": "application/json; odata.metadata=minimal",
        "api-key": "REDACTED",
        "Content-Length": "76",
        "Content-Type": "application/json",
        "Date": "Mon, 09 Oct 2023 18:38:57 GMT",
        "return-client-request-id": "true",
        "User-Agent": "azsdk-java-azure-search-documents/11.6.0-beta.10 (21; Windows 11; 10.0)",
        "x-ms-client-request-id": "91f7a14f-4f82-4b3b-b28f-725c5cd61db2"
      },
      "RequestBody": {
        "name": "test-synonym3948905cfa7c",
        "format": "solr",
        "synonyms": "word1,word2"
      },
      "StatusCode": 201,
      "ResponseHeaders": {
        "Cache-Control": "no-cache",
        "client-request-id": "91f7a14f-4f82-4b3b-b28f-725c5cd61db2",
        "Content-Length": "238",
        "Content-Type": "application/json; odata.metadata=minimal",
        "Date": "Mon, 09 Oct 2023 18:38:58 GMT",
        "elapsed-time": "27",
        "ETag": "W/\u00220x8DBC8F6FFAEDB5E\u0022",
        "Expires": "-1",
        "Location": "https://azs-java-tb9a3e882b9658d50.search.windows.net/synonymmaps(\u0027test-synonym3948905cfa7c\u0027)?api-version=2023-10-01-Preview",
        "OData-Version": "4.0",
        "Pragma": "no-cache",
        "Preference-Applied": "odata.include-annotations=\u0022*\u0022",
        "request-id": "91f7a14f-4f82-4b3b-b28f-725c5cd61db2",
        "Strict-Transport-Security": "max-age=15724800; includeSubDomains",
        "x-ms-client-request-id": "91f7a14f-4f82-4b3b-b28f-725c5cd61db2"
      },
      "ResponseBody": {
        "@odata.context": "https://azs-java-tb9a3e882b9658d50.search.windows.net/$metadata#synonymmaps/$entity",
        "@odata.etag": "\u00220x8DBC8F6FFAEDB5E\u0022",
        "name": "test-synonym3948905cfa7c",
        "format": "solr",
        "synonyms": "word1,word2",
        "encryptionKey": null
      }
    },
    {
      "RequestUri": "https://REDACTED/synonymmaps(\u0027test-synonym3948905cfa7c\u0027)?api-version=2023-10-01-Preview",
      "RequestMethod": "PUT",
      "RequestHeaders": {
        "Accept": "application/json; odata.metadata=minimal",
        "api-key": "REDACTED",
        "Content-Length": "82",
        "Content-Type": "application/json",
        "Date": "Mon, 09 Oct 2023 18:38:58 GMT",
        "Prefer": "return=representation",
        "return-client-request-id": "true",
        "User-Agent": "azsdk-java-azure-search-documents/11.6.0-beta.10 (21; Windows 11; 10.0)",
        "x-ms-client-request-id": "292ae91d-b839-444c-b913-b53005b9fc09"
      },
      "RequestBody": {
        "name": "test-synonym3948905cfa7c",
        "format": "solr",
        "synonyms": "newword1,newword2"
      },
      "StatusCode": 200,
      "ResponseHeaders": {
        "Cache-Control": "no-cache",
        "client-request-id": "292ae91d-b839-444c-b913-b53005b9fc09",
        "Content-Length": "244",
        "Content-Type": "application/json; odata.metadata=minimal",
        "Date": "Mon, 09 Oct 2023 18:38:58 GMT",
        "elapsed-time": "24",
        "ETag": "W/\u00220x8DBC8F6FFB92FFE\u0022",
        "Expires": "-1",
        "OData-Version": "4.0",
        "Pragma": "no-cache",
        "Preference-Applied": "odata.include-annotations=\u0022*\u0022",
        "request-id": "292ae91d-b839-444c-b913-b53005b9fc09",
        "Strict-Transport-Security": "max-age=15724800; includeSubDomains",
        "x-ms-client-request-id": "292ae91d-b839-444c-b913-b53005b9fc09"
      },
      "ResponseBody": {
        "@odata.context": "https://azs-java-tb9a3e882b9658d50.search.windows.net/$metadata#synonymmaps/$entity",
        "@odata.etag": "\u00220x8DBC8F6FFB92FFE\u0022",
        "name": "test-synonym3948905cfa7c",
        "format": "solr",
        "synonyms": "newword1,newword2",
        "encryptionKey": null
      }
    },
    {
      "RequestUri": "https://REDACTED/synonymmaps?api-version=2023-10-01-Preview",
      "RequestMethod": "GET",
      "RequestHeaders": {
        "Accept": "application/json; odata.metadata=minimal",
        "api-key": "REDACTED",
        "Content-Length": "0",
        "Date": "Mon, 09 Oct 2023 18:38:58 GMT",
        "return-client-request-id": "true",
        "User-Agent": "azsdk-java-azure-search-documents/11.6.0-beta.10 (21; Windows 11; 10.0)",
        "x-ms-client-request-id": "6825b294-94cc-4b49-bb93-f2baec1658ba"
      },
      "RequestBody": null,
      "StatusCode": 200,
      "ResponseHeaders": {
        "Cache-Control": "no-cache",
        "client-request-id": "6825b294-94cc-4b49-bb93-f2baec1658ba",
        "Content-Length": "248",
        "Content-Type": "application/json; odata.metadata=minimal",
        "Date": "Mon, 09 Oct 2023 18:38:58 GMT",
        "elapsed-time": "14",
        "Expires": "-1",
        "OData-Version": "4.0",
        "Pragma": "no-cache",
        "Preference-Applied": "odata.include-annotations=\u0022*\u0022",
        "request-id": "6825b294-94cc-4b49-bb93-f2baec1658ba",
        "Strict-Transport-Security": "max-age=15724800; includeSubDomains",
        "x-ms-client-request-id": "6825b294-94cc-4b49-bb93-f2baec1658ba"
      },
      "ResponseBody": {
        "@odata.context": "https://azs-java-tb9a3e882b9658d50.search.windows.net/$metadata#synonymmaps",
        "value": [
          {
            "@odata.etag": "\u00220x8DBC8F6FFB92FFE\u0022",
            "name": "test-synonym3948905cfa7c",
            "format": "solr",
            "synonyms": "newword1,newword2",
            "encryptionKey": null
          }
        ]
      }
    },
    {
      "RequestUri": "https://REDACTED/synonymmaps(\u0027test-synonym3948905cfa7c\u0027)?api-version=2023-10-01-Preview",
      "RequestMethod": "DELETE",
      "RequestHeaders": {
        "Accept": "application/json; odata.metadata=minimal",
        "api-key": "REDACTED",
        "Content-Length": "0",
        "Date": "Mon, 09 Oct 2023 18:38:58 GMT",
        "return-client-request-id": "true",
        "User-Agent": "azsdk-java-azure-search-documents/11.6.0-beta.10 (21; Windows 11; 10.0)",
        "x-ms-client-request-id": "054d3d3e-dcad-4b1f-84f2-1e794d476e56"
      },
      "RequestBody": null,
      "StatusCode": 204,
      "ResponseHeaders": {
        "Cache-Control": "no-cache",
        "client-request-id": "054d3d3e-dcad-4b1f-84f2-1e794d476e56",
        "Date": "Mon, 09 Oct 2023 18:38:58 GMT",
        "elapsed-time": "15",
        "Expires": "-1",
        "Pragma": "no-cache",
        "request-id": "054d3d3e-dcad-4b1f-84f2-1e794d476e56",
        "Strict-Transport-Security": "max-age=15724800; includeSubDomains",
        "x-ms-client-request-id": "054d3d3e-dcad-4b1f-84f2-1e794d476e56"
      },
      "ResponseBody": null
    }
  ],
  "Variables": {
    "0": "test-synonym3948905cfa7c"
  }
}
