{
  "Entries": [
    {
      "RequestUri": "https://REDACTED/synonymmaps?api-version=2024-11-01-preview",
      "RequestMethod": "POST",
      "RequestHeaders": {
        "Accept": "application/json; odata.metadata=minimal",
        "Authorization": "Sanitized",
        "Content-Length": "76",
        "Content-Type": "application/json",
        "Date": "Wed, 19 Feb 2025 01:23:58 GMT",
        "return-client-request-id": "true",
        "User-Agent": "azsdk-java-azure-search-documents/11.8.0-beta.5 (21.0.6; Windows 11; 10.0)",
        "x-ms-client-request-id": "Sanitized"
      },
      "RequestBody": {
        "name": "test-synonym4810771dc869",
        "format": "solr",
        "synonyms": "word1,word2"
      },
      "StatusCode": 201,
      "ResponseHeaders": {
        "client-request-id": "Sanitized",
        "Content-Type": "application/json; odata.metadata=minimal; odata.streaming=true; charset=utf-8",
        "Date": "Wed, 19 Feb 2025 01:24:01 GMT",
        "elapsed-time": "21",
        "ETag": "\"0x8DD50841793AADB\"",
        "Location": "https://REDACTED.com",
        "OData-Version": "4.0",
        "Preference-Applied": "odata.include-annotations=\"*\"",
        "request-id": "d9bf9f6c-5326-4034-b71e-570feec780a4",
        "Server": "Microsoft-IIS/10.0",
        "Strict-Transport-Security": [
          "max-age=2592000",
          "max-age=15724800; includeSubDomains"
        ],
        "Transfer-Encoding": "chunked",
        "x-ms-client-request-id": "Sanitized"
      },
      "ResponseBody": {
        "@odata.context": "https://azs-java-tb9a3e882b9658d50.search.windows.net/$metadata#synonymmaps/$entity",
        "@odata.etag": "\"0x8DD50841793AADB\"",
        "name": "test-synonym4810771dc869",
        "format": "solr",
        "synonyms": "word1,word2",
        "encryptionKey": null
      }
    },
    {
      "RequestUri": "https://REDACTED/synonymmaps('test-synonym4810771dc869')?api-version=2024-11-01-preview",
      "RequestMethod": "PUT",
      "RequestHeaders": {
        "Accept": "application/json; odata.metadata=minimal",
        "Authorization": "Sanitized",
        "Content-Length": "82",
        "Content-Type": "application/json",
        "Date": "Wed, 19 Feb 2025 01:24:01 GMT",
        "Prefer": "return=representation",
        "return-client-request-id": "true",
        "User-Agent": "azsdk-java-azure-search-documents/11.8.0-beta.5 (21.0.6; Windows 11; 10.0)",
        "x-ms-client-request-id": "Sanitized"
      },
      "RequestBody": {
        "name": "test-synonym4810771dc869",
        "format": "solr",
        "synonyms": "newword1,newword2"
      },
      "StatusCode": 200,
      "ResponseHeaders": {
        "client-request-id": "Sanitized",
        "Content-Type": "application/json; odata.metadata=minimal; odata.streaming=true; charset=utf-8",
        "Date": "Wed, 19 Feb 2025 01:24:01 GMT",
        "elapsed-time": "29",
        "ETag": "\"0x8DD5084179C53B8\"",
        "OData-Version": "4.0",
        "Preference-Applied": "odata.include-annotations=\"*\"",
        "request-id": "2de36dd6-7707-445d-8b90-9b18f40cbfc2",
        "Server": "Microsoft-IIS/10.0",
        "Strict-Transport-Security": [
          "max-age=2592000",
          "max-age=15724800; includeSubDomains"
        ],
        "Transfer-Encoding": "chunked",
        "x-ms-client-request-id": "Sanitized"
      },
      "ResponseBody": {
        "@odata.context": "https://azs-java-tb9a3e882b9658d50.search.windows.net/$metadata#synonymmaps/$entity",
        "@odata.etag": "\"0x8DD5084179C53B8\"",
        "name": "test-synonym4810771dc869",
        "format": "solr",
        "synonyms": "newword1,newword2",
        "encryptionKey": null
      }
    },
    {
      "RequestUri": "https://REDACTED/synonymmaps?api-version=2024-11-01-preview",
      "RequestMethod": "GET",
      "RequestHeaders": {
        "Accept": "application/json; odata.metadata=minimal",
        "Authorization": "Sanitized",
        "Content-Length": "0",
        "Date": "Wed, 19 Feb 2025 01:24:01 GMT",
        "return-client-request-id": "true",
        "User-Agent": "azsdk-java-azure-search-documents/11.8.0-beta.5 (21.0.6; Windows 11; 10.0)",
        "x-ms-client-request-id": "Sanitized"
      },
      "RequestBody": null,
      "StatusCode": 200,
      "ResponseHeaders": {
        "client-request-id": "Sanitized",
        "Content-Type": "application/json; odata.metadata=minimal; odata.streaming=true; charset=utf-8",
        "Date": "Wed, 19 Feb 2025 01:24:01 GMT",
        "elapsed-time": "11",
        "OData-Version": "4.0",
        "Preference-Applied": "odata.include-annotations=\"*\"",
        "request-id": "3449820d-fc7d-4529-aff3-dcb2cbd60ac2",
        "Server": "Microsoft-IIS/10.0",
        "Strict-Transport-Security": [
          "max-age=2592000",
          "max-age=15724800; includeSubDomains"
        ],
        "Transfer-Encoding": "chunked",
        "x-ms-client-request-id": "Sanitized"
      },
      "ResponseBody": {
        "@odata.context": "https://azs-java-tb9a3e882b9658d50.search.windows.net/$metadata#synonymmaps",
        "value": [
          {
            "@odata.etag": "\"0x8DD5084179C53B8\"",
            "name": "test-synonym4810771dc869",
            "format": "solr",
            "synonyms": "newword1,newword2",
            "encryptionKey": null
          }
        ]
      }
    },
    {
      "RequestUri": "https://REDACTED/synonymmaps('test-synonym4810771dc869')?api-version=2024-11-01-preview",
      "RequestMethod": "DELETE",
      "RequestHeaders": {
        "Accept": "application/json; odata.metadata=minimal",
        "Authorization": "Sanitized",
        "Content-Length": "0",
        "Date": "Wed, 19 Feb 2025 01:24:01 GMT",
        "return-client-request-id": "true",
        "User-Agent": "azsdk-java-azure-search-documents/11.8.0-beta.5 (21.0.6; Windows 11; 10.0)",
        "x-ms-client-request-id": "Sanitized"
      },
      "RequestBody": null,
      "StatusCode": 204,
      "ResponseHeaders": {
        "client-request-id": "Sanitized",
        "Date": "Wed, 19 Feb 2025 01:24:01 GMT",
        "elapsed-time": "20",
        "Preference-Applied": "odata.include-annotations=\"*\"",
        "request-id": "f3fc5fb8-3d18-4559-8dd5-268683d530e3",
        "Server": "Microsoft-IIS/10.0",
        "Strict-Transport-Security": [
          "max-age=2592000",
          "max-age=15724800; includeSubDomains"
        ],
        "x-ms-client-request-id": "Sanitized"
      },
      "ResponseBody": null
    }
  ],
  "Variables": {
    "0": "test-synonym4810771dc869"
  }
}
