{
  "Entries": [
    {
      "RequestUri": "https://REDACTED/synonymmaps(\u0027test-synonym79904dcd38d9\u0027)?api-version=2023-07-01-Preview",
      "RequestMethod": "PUT",
      "RequestHeaders": {
        "Accept": "application/json; odata.metadata=minimal",
        "api-key": "REDACTED",
        "Content-Length": "76",
        "Content-Type": "application/json",
        "Date": "Fri, 18 Aug 2023 18:11:05 GMT",
        "Prefer": "return=representation",
        "return-client-request-id": "true",
        "User-Agent": "azsdk-java-azure-search-documents/11.6.0-beta.8 (17.0.7; Windows 11; 10.0)",
        "x-ms-client-request-id": "3356a36c-416d-4ef9-bf8f-20e98f6baff8"
      },
      "RequestBody": {
        "name": "test-synonym79904dcd38d9",
        "format": "solr",
        "synonyms": "word1,word2"
      },
      "StatusCode": 201,
      "ResponseHeaders": {
        "Cache-Control": "no-cache",
        "client-request-id": "3356a36c-416d-4ef9-bf8f-20e98f6baff8",
        "Content-Length": "232",
        "Content-Type": "application/json; odata.metadata=minimal",
        "Date": "Fri, 18 Aug 2023 18:11:05 GMT",
        "elapsed-time": "29",
        "ETag": "W/\u00220x8DBA0167D3DF48F\u0022",
        "Expires": "-1",
        "Location": "https://azs-java-searchregen.search.windows.net/synonymmaps(\u0027test-synonym79904dcd38d9\u0027)?api-version=2023-07-01-Preview",
        "OData-Version": "4.0",
        "Pragma": "no-cache",
        "Preference-Applied": "odata.include-annotations=\u0022*\u0022",
        "request-id": "3356a36c-416d-4ef9-bf8f-20e98f6baff8",
        "Strict-Transport-Security": "max-age=15724800; includeSubDomains",
        "x-ms-client-request-id": "3356a36c-416d-4ef9-bf8f-20e98f6baff8"
      },
      "ResponseBody": {
        "@odata.context": "https://azs-java-searchregen.search.windows.net/$metadata#synonymmaps/$entity",
        "@odata.etag": "\u00220x8DBA0167D3DF48F\u0022",
        "name": "test-synonym79904dcd38d9",
        "format": "solr",
        "synonyms": "word1,word2",
        "encryptionKey": null
      }
    },
    {
      "RequestUri": "https://REDACTED/synonymmaps(\u0027test-synonym79904dcd38d9\u0027)?api-version=2023-07-01-Preview",
      "RequestMethod": "DELETE",
      "RequestHeaders": {
        "Accept": "application/json; odata.metadata=minimal",
        "api-key": "REDACTED",
        "Content-Length": "0",
        "Date": "Fri, 18 Aug 2023 18:11:05 GMT",
        "If-Match": "\u00220x8DBA0167D3DF48F\u0022",
        "return-client-request-id": "true",
        "User-Agent": "azsdk-java-azure-search-documents/11.6.0-beta.8 (17.0.7; Windows 11; 10.0)",
        "x-ms-client-request-id": "e6b8cfd1-2769-43fd-bec0-4f01955e3c64"
      },
      "RequestBody": null,
      "StatusCode": 204,
      "ResponseHeaders": {
        "Cache-Control": "no-cache",
        "client-request-id": "e6b8cfd1-2769-43fd-bec0-4f01955e3c64",
        "Date": "Fri, 18 Aug 2023 18:11:05 GMT",
        "elapsed-time": "13",
        "Expires": "-1",
        "Pragma": "no-cache",
        "request-id": "e6b8cfd1-2769-43fd-bec0-4f01955e3c64",
        "Strict-Transport-Security": "max-age=15724800; includeSubDomains",
        "x-ms-client-request-id": "e6b8cfd1-2769-43fd-bec0-4f01955e3c64"
      },
      "ResponseBody": null
    },
    {
      "RequestUri": "https://REDACTED/synonymmaps(\u0027test-synonym79904dcd38d9\u0027)?api-version=2023-07-01-Preview",
      "RequestMethod": "DELETE",
      "RequestHeaders": {
        "Accept": "application/json; odata.metadata=minimal",
        "api-key": "REDACTED",
        "Content-Length": "0",
        "Date": "Fri, 18 Aug 2023 18:11:05 GMT",
        "If-Match": "\u00220x8DBA0167D3DF48F\u0022",
        "return-client-request-id": "true",
        "User-Agent": "azsdk-java-azure-search-documents/11.6.0-beta.8 (17.0.7; Windows 11; 10.0)",
        "x-ms-client-request-id": "f4712184-e3d1-45a8-b195-53b12560aa13"
      },
      "RequestBody": null,
      "StatusCode": 412,
      "ResponseHeaders": {
        "Cache-Control": "no-cache",
        "client-request-id": "f4712184-e3d1-45a8-b195-53b12560aa13",
        "Content-Language": "en",
        "Content-Length": "160",
        "Content-Type": "application/json; charset=utf-8",
        "Date": "Fri, 18 Aug 2023 18:11:05 GMT",
        "elapsed-time": "7",
        "Expires": "-1",
        "Pragma": "no-cache",
        "Preference-Applied": "odata.include-annotations=\u0022*\u0022",
        "request-id": "f4712184-e3d1-45a8-b195-53b12560aa13",
        "Strict-Transport-Security": "max-age=15724800; includeSubDomains",
        "x-ms-client-request-id": "f4712184-e3d1-45a8-b195-53b12560aa13"
      },
      "ResponseBody": {
        "error": {
          "code": "",
          "message": "The precondition given in one of the request headers evaluated to false. No change was made to the resource from this request."
        }
      }
    },
    {
      "RequestUri": "https://REDACTED/synonymmaps(\u0027test-synonym79904dcd38d9\u0027)?api-version=2023-07-01-Preview",
      "RequestMethod": "DELETE",
      "RequestHeaders": {
        "Accept": "application/json; odata.metadata=minimal",
        "api-key": "REDACTED",
        "Content-Length": "0",
        "Date": "Fri, 18 Aug 2023 18:11:05 GMT",
        "If-Match": "\u00220x8DBA0167D3DF48F\u0022",
        "return-client-request-id": "true",
        "User-Agent": "azsdk-java-azure-search-documents/11.6.0-beta.8 (17.0.7; Windows 11; 10.0)",
        "x-ms-client-request-id": "d95b140a-ef04-4d41-8b58-b5e9e96aaab9"
      },
      "RequestBody": null,
      "StatusCode": 412,
      "ResponseHeaders": {
        "Cache-Control": "no-cache",
        "client-request-id": "d95b140a-ef04-4d41-8b58-b5e9e96aaab9",
        "Content-Language": "en",
        "Content-Length": "160",
        "Content-Type": "application/json; charset=utf-8",
        "Date": "Fri, 18 Aug 2023 18:11:05 GMT",
        "elapsed-time": "7",
        "Expires": "-1",
        "Pragma": "no-cache",
        "Preference-Applied": "odata.include-annotations=\u0022*\u0022",
        "request-id": "d95b140a-ef04-4d41-8b58-b5e9e96aaab9",
        "Strict-Transport-Security": "max-age=15724800; includeSubDomains",
        "x-ms-client-request-id": "d95b140a-ef04-4d41-8b58-b5e9e96aaab9"
      },
      "ResponseBody": {
        "error": {
          "code": "",
          "message": "The precondition given in one of the request headers evaluated to false. No change was made to the resource from this request."
        }
      }
    }
  ],
  "Variables": {
    "0": "test-synonym79904dcd38d9"
  }
}
