{
  "Entries": [
    {
      "RequestUri": "https://REDACTED/synonymmaps?api-version=2024-03-01-preview",
      "RequestMethod": "POST",
      "RequestHeaders": {
        "Accept": "application/json; odata.metadata=minimal",
        "api-key": "REDACTED",
        "Content-Length": "76",
        "Content-Type": "application/json",
        "Date": "Tue, 05 Mar 2024 00:21:22 GMT",
        "return-client-request-id": "true",
        "User-Agent": "azsdk-java-azure-search-documents/11.7.0-beta.2 (21.0.1; Windows 11; 10.0)",
        "x-ms-client-request-id": "9d3c455a-ca9b-42aa-90c6-527763decf06"
      },
      "RequestBody": {
        "name": "test-synonym26516779f2e9",
        "format": "solr",
        "synonyms": "word1,word2"
      },
      "StatusCode": 201,
      "ResponseHeaders": {
        "client-request-id": "9d3c455a-ca9b-42aa-90c6-527763decf06",
        "Content-Type": "application/json; odata.metadata=minimal; odata.streaming=true; charset=utf-8",
        "Date": "Tue, 05 Mar 2024 00:21:22 GMT",
        "elapsed-time": "23",
        "ETag": "\u00220x8DC3CAA2FE9ADED\u0022",
        "Location": "https://2040301preview.search.windows.net/synonymmaps(\u0027test-synonym26516779f2e9\u0027)?api-version=2024-03-01-preview",
        "OData-Version": "4.0",
        "Preference-Applied": "odata.include-annotations=\u0022*\u0022",
        "request-id": "9d3c455a-ca9b-42aa-90c6-527763decf06",
        "Server": "Microsoft-IIS/10.0",
        "Strict-Transport-Security": [
          "max-age=2592000",
          "max-age=15724800; includeSubDomains"
        ],
        "Transfer-Encoding": "chunked",
        "x-ms-client-request-id": "9d3c455a-ca9b-42aa-90c6-527763decf06"
      },
      "ResponseBody": {
        "@odata.context": "https://2040301preview.search.windows.net/$metadata#synonymmaps/$entity",
        "@odata.etag": "\u00220x8DC3CAA2FE9ADED\u0022",
        "name": "test-synonym26516779f2e9",
        "format": "solr",
        "synonyms": "word1,word2",
        "encryptionKey": null
      }
    },
    {
      "RequestUri": "https://REDACTED/synonymmaps(\u0027test-synonym26516779f2e9\u0027)?api-version=2024-03-01-preview",
      "RequestMethod": "GET",
      "RequestHeaders": {
        "Accept": "application/json; odata.metadata=minimal",
        "api-key": "REDACTED",
        "Content-Length": "0",
        "Date": "Tue, 05 Mar 2024 00:21:22 GMT",
        "return-client-request-id": "true",
        "User-Agent": "azsdk-java-azure-search-documents/11.7.0-beta.2 (21.0.1; Windows 11; 10.0)",
        "x-ms-client-request-id": "8f6e9cab-e18f-43b4-9633-09f4bb7e4525"
      },
      "RequestBody": null,
      "StatusCode": 200,
      "ResponseHeaders": {
        "client-request-id": "8f6e9cab-e18f-43b4-9633-09f4bb7e4525",
        "Content-Type": "application/json; odata.metadata=minimal; odata.streaming=true; charset=utf-8",
        "Date": "Tue, 05 Mar 2024 00:21:22 GMT",
        "elapsed-time": "7",
        "ETag": "\u00220x8DC3CAA2FE9ADED\u0022",
        "OData-Version": "4.0",
        "Preference-Applied": "odata.include-annotations=\u0022*\u0022",
        "request-id": "8f6e9cab-e18f-43b4-9633-09f4bb7e4525",
        "Server": "Microsoft-IIS/10.0",
        "Strict-Transport-Security": [
          "max-age=2592000",
          "max-age=15724800; includeSubDomains"
        ],
        "Transfer-Encoding": "chunked",
        "x-ms-client-request-id": "8f6e9cab-e18f-43b4-9633-09f4bb7e4525"
      },
      "ResponseBody": {
        "@odata.context": "https://2040301preview.search.windows.net/$metadata#synonymmaps/$entity",
        "@odata.etag": "\u00220x8DC3CAA2FE9ADED\u0022",
        "name": "test-synonym26516779f2e9",
        "format": "solr",
        "synonyms": "word1,word2",
        "encryptionKey": null
      }
    },
    {
      "RequestUri": "https://REDACTED/synonymmaps(\u0027test-synonym26516779f2e9\u0027)?api-version=2024-03-01-preview",
      "RequestMethod": "DELETE",
      "RequestHeaders": {
        "Accept": "application/json; odata.metadata=minimal",
        "api-key": "REDACTED",
        "Content-Length": "0",
        "Date": "Tue, 05 Mar 2024 00:21:22 GMT",
        "return-client-request-id": "true",
        "User-Agent": "azsdk-java-azure-search-documents/11.7.0-beta.2 (21.0.1; Windows 11; 10.0)",
        "x-ms-client-request-id": "cc2a595c-1e6b-4120-b512-f55032e4953d"
      },
      "RequestBody": null,
      "StatusCode": 204,
      "ResponseHeaders": {
        "client-request-id": "cc2a595c-1e6b-4120-b512-f55032e4953d",
        "Date": "Tue, 05 Mar 2024 00:21:22 GMT",
        "elapsed-time": "11",
        "Preference-Applied": "odata.include-annotations=\u0022*\u0022",
        "request-id": "cc2a595c-1e6b-4120-b512-f55032e4953d",
        "Server": "Microsoft-IIS/10.0",
        "Strict-Transport-Security": [
          "max-age=2592000",
          "max-age=15724800; includeSubDomains"
        ],
        "x-ms-client-request-id": "cc2a595c-1e6b-4120-b512-f55032e4953d"
      },
      "ResponseBody": null
    }
  ],
  "Variables": {
    "0": "test-synonym26516779f2e9"
  }
}
