{
  "Entries": [
    {
      "RequestUri": "https://REDACTED/synonymmaps?api-version=2023-10-01-preview",
      "RequestMethod": "POST",
      "RequestHeaders": {
        "Accept": "application/json; odata.metadata=minimal",
        "api-key": "REDACTED",
        "Content-Length": "76",
        "Content-Type": "application/json",
        "Date": "Mon, 04 Mar 2024 21:45:49 GMT",
        "return-client-request-id": "true",
        "User-Agent": "azsdk-java-azure-search-documents/11.7.0-beta.2 (17.0.9; Windows 11; 10.0)",
        "x-ms-client-request-id": "6729c7d2-a32d-4812-a1a8-080210b69da1"
      },
      "RequestBody": {
        "name": "test-synonym387737269e2b",
        "format": "solr",
        "synonyms": "word1,word2"
      },
      "StatusCode": 201,
      "ResponseHeaders": {
        "client-request-id": "6729c7d2-a32d-4812-a1a8-080210b69da1",
        "Content-Type": "application/json; odata.metadata=minimal; odata.streaming=true; charset=utf-8",
        "Date": "Mon, 04 Mar 2024 21:45:49 GMT",
        "elapsed-time": "25",
        "ETag": "\u00220x8DC3C9474CA8B11\u0022",
        "Location": "https://azs-java-tb9a3e882b9658d50.search.windows.net/synonymmaps(\u0027test-synonym387737269e2b\u0027)?api-version=2023-10-01-preview",
        "OData-Version": "4.0",
        "Preference-Applied": "odata.include-annotations=\u0022*\u0022",
        "request-id": "6729c7d2-a32d-4812-a1a8-080210b69da1",
        "Server": "Microsoft-IIS/10.0",
        "Strict-Transport-Security": [
          "max-age=2592000",
          "max-age=15724800; includeSubDomains"
        ],
        "Transfer-Encoding": "chunked",
        "x-ms-client-request-id": "6729c7d2-a32d-4812-a1a8-080210b69da1"
      },
      "ResponseBody": {
        "@odata.context": "https://azs-java-tb9a3e882b9658d50.search.windows.net/$metadata#synonymmaps/$entity",
        "@odata.etag": "\u00220x8DC3C9474CA8B11\u0022",
        "name": "test-synonym387737269e2b",
        "format": "solr",
        "synonyms": "word1,word2",
        "encryptionKey": null
      }
    },
    {
      "RequestUri": "https://REDACTED/synonymmaps(\u0027test-synonym387737269e2b\u0027)?api-version=2023-10-01-preview",
      "RequestMethod": "PUT",
      "RequestHeaders": {
        "Accept": "application/json; odata.metadata=minimal",
        "api-key": "REDACTED",
        "Content-Length": "82",
        "Content-Type": "application/json",
        "Date": "Mon, 04 Mar 2024 21:45:49 GMT",
        "Prefer": "return=representation",
        "return-client-request-id": "true",
        "User-Agent": "azsdk-java-azure-search-documents/11.7.0-beta.2 (17.0.9; Windows 11; 10.0)",
        "x-ms-client-request-id": "9c22a6d1-f761-4ea4-9150-792fe523e10e"
      },
      "RequestBody": {
        "name": "test-synonym387737269e2b",
        "format": "solr",
        "synonyms": "newword1,newword2"
      },
      "StatusCode": 200,
      "ResponseHeaders": {
        "client-request-id": "9c22a6d1-f761-4ea4-9150-792fe523e10e",
        "Content-Type": "application/json; odata.metadata=minimal; odata.streaming=true; charset=utf-8",
        "Date": "Mon, 04 Mar 2024 21:45:49 GMT",
        "elapsed-time": "25",
        "ETag": "\u00220x8DC3C9474D24A90\u0022",
        "OData-Version": "4.0",
        "Preference-Applied": "odata.include-annotations=\u0022*\u0022",
        "request-id": "9c22a6d1-f761-4ea4-9150-792fe523e10e",
        "Server": "Microsoft-IIS/10.0",
        "Strict-Transport-Security": [
          "max-age=2592000",
          "max-age=15724800; includeSubDomains"
        ],
        "Transfer-Encoding": "chunked",
        "x-ms-client-request-id": "9c22a6d1-f761-4ea4-9150-792fe523e10e"
      },
      "ResponseBody": {
        "@odata.context": "https://azs-java-tb9a3e882b9658d50.search.windows.net/$metadata#synonymmaps/$entity",
        "@odata.etag": "\u00220x8DC3C9474D24A90\u0022",
        "name": "test-synonym387737269e2b",
        "format": "solr",
        "synonyms": "newword1,newword2",
        "encryptionKey": null
      }
    },
    {
      "RequestUri": "https://REDACTED/synonymmaps?api-version=2023-10-01-preview",
      "RequestMethod": "GET",
      "RequestHeaders": {
        "Accept": "application/json; odata.metadata=minimal",
        "api-key": "REDACTED",
        "Content-Length": "0",
        "Date": "Mon, 04 Mar 2024 21:45:49 GMT",
        "return-client-request-id": "true",
        "User-Agent": "azsdk-java-azure-search-documents/11.7.0-beta.2 (17.0.9; Windows 11; 10.0)",
        "x-ms-client-request-id": "3dbdd0ed-d605-43b8-9336-4b925f06634c"
      },
      "RequestBody": null,
      "StatusCode": 200,
      "ResponseHeaders": {
        "client-request-id": "3dbdd0ed-d605-43b8-9336-4b925f06634c",
        "Content-Type": "application/json; odata.metadata=minimal; odata.streaming=true; charset=utf-8",
        "Date": "Mon, 04 Mar 2024 21:45:49 GMT",
        "elapsed-time": "12",
        "OData-Version": "4.0",
        "Preference-Applied": "odata.include-annotations=\u0022*\u0022",
        "request-id": "3dbdd0ed-d605-43b8-9336-4b925f06634c",
        "Server": "Microsoft-IIS/10.0",
        "Strict-Transport-Security": [
          "max-age=2592000",
          "max-age=15724800; includeSubDomains"
        ],
        "Transfer-Encoding": "chunked",
        "x-ms-client-request-id": "3dbdd0ed-d605-43b8-9336-4b925f06634c"
      },
      "ResponseBody": {
        "@odata.context": "https://azs-java-tb9a3e882b9658d50.search.windows.net/$metadata#synonymmaps",
        "value": [
          {
            "@odata.etag": "\u00220x8DC3C9474D24A90\u0022",
            "name": "test-synonym387737269e2b",
            "format": "solr",
            "synonyms": "newword1,newword2",
            "encryptionKey": null
          }
        ]
      }
    },
    {
      "RequestUri": "https://REDACTED/synonymmaps(\u0027test-synonym387737269e2b\u0027)?api-version=2023-10-01-preview",
      "RequestMethod": "DELETE",
      "RequestHeaders": {
        "Accept": "application/json; odata.metadata=minimal",
        "api-key": "REDACTED",
        "Content-Length": "0",
        "Date": "Mon, 04 Mar 2024 21:45:49 GMT",
        "return-client-request-id": "true",
        "User-Agent": "azsdk-java-azure-search-documents/11.7.0-beta.2 (17.0.9; Windows 11; 10.0)",
        "x-ms-client-request-id": "614792a9-9aba-48b8-8f6e-2b44c2811f75"
      },
      "RequestBody": null,
      "StatusCode": 204,
      "ResponseHeaders": {
        "client-request-id": "614792a9-9aba-48b8-8f6e-2b44c2811f75",
        "Date": "Mon, 04 Mar 2024 21:45:49 GMT",
        "elapsed-time": "13",
        "Preference-Applied": "odata.include-annotations=\u0022*\u0022",
        "request-id": "614792a9-9aba-48b8-8f6e-2b44c2811f75",
        "Server": "Microsoft-IIS/10.0",
        "Strict-Transport-Security": [
          "max-age=2592000",
          "max-age=15724800; includeSubDomains"
        ],
        "x-ms-client-request-id": "614792a9-9aba-48b8-8f6e-2b44c2811f75"
      },
      "ResponseBody": null
    }
  ],
  "Variables": {
    "0": "test-synonym387737269e2b"
  }
}
