{
  "Entries": [
    {
      "RequestUri": "https://REDACTED/synonymmaps?api-version=2024-03-01-preview",
      "RequestMethod": "POST",
      "RequestHeaders": {
        "Accept": "application/json; odata.metadata=minimal",
        "api-key": "REDACTED",
        "Content-Length": "76",
        "Content-Type": "application/json",
        "Date": "Tue, 05 Mar 2024 00:21:32 GMT",
        "return-client-request-id": "true",
        "User-Agent": "azsdk-java-azure-search-documents/11.7.0-beta.2 (21.0.1; Windows 11; 10.0)",
        "x-ms-client-request-id": "8140e20e-cf94-48b9-8765-4c36ce92f07f"
      },
      "RequestBody": {
        "name": "test-synonym34305f296a72",
        "format": "solr",
        "synonyms": "word1,word2"
      },
      "StatusCode": 201,
      "ResponseHeaders": {
        "client-request-id": "8140e20e-cf94-48b9-8765-4c36ce92f07f",
        "Content-Type": "application/json; odata.metadata=minimal; odata.streaming=true; charset=utf-8",
        "Date": "Tue, 05 Mar 2024 00:21:32 GMT",
        "elapsed-time": "24",
        "ETag": "\u00220x8DC3CAA361A544D\u0022",
        "Location": "https://2040301preview.search.windows.net/synonymmaps(\u0027test-synonym34305f296a72\u0027)?api-version=2024-03-01-preview",
        "OData-Version": "4.0",
        "Preference-Applied": "odata.include-annotations=\u0022*\u0022",
        "request-id": "8140e20e-cf94-48b9-8765-4c36ce92f07f",
        "Server": "Microsoft-IIS/10.0",
        "Strict-Transport-Security": [
          "max-age=2592000",
          "max-age=15724800; includeSubDomains"
        ],
        "Transfer-Encoding": "chunked",
        "x-ms-client-request-id": "8140e20e-cf94-48b9-8765-4c36ce92f07f"
      },
      "ResponseBody": {
        "@odata.context": "https://2040301preview.search.windows.net/$metadata#synonymmaps/$entity",
        "@odata.etag": "\u00220x8DC3CAA361A544D\u0022",
        "name": "test-synonym34305f296a72",
        "format": "solr",
        "synonyms": "word1,word2",
        "encryptionKey": null
      }
    },
    {
      "RequestUri": "https://REDACTED/synonymmaps(\u0027test-synonym34305f296a72\u0027)?api-version=2024-03-01-preview",
      "RequestMethod": "GET",
      "RequestHeaders": {
        "Accept": "application/json; odata.metadata=minimal",
        "api-key": "REDACTED",
        "Content-Length": "0",
        "Date": "Tue, 05 Mar 2024 00:21:32 GMT",
        "return-client-request-id": "true",
        "User-Agent": "azsdk-java-azure-search-documents/11.7.0-beta.2 (21.0.1; Windows 11; 10.0)",
        "x-ms-client-request-id": "c89c1c70-1842-4ddb-bc5c-54ef70c67c94"
      },
      "RequestBody": null,
      "StatusCode": 200,
      "ResponseHeaders": {
        "client-request-id": "c89c1c70-1842-4ddb-bc5c-54ef70c67c94",
        "Content-Type": "application/json; odata.metadata=minimal; odata.streaming=true; charset=utf-8",
        "Date": "Tue, 05 Mar 2024 00:21:32 GMT",
        "elapsed-time": "9",
        "ETag": "\u00220x8DC3CAA361A544D\u0022",
        "OData-Version": "4.0",
        "Preference-Applied": "odata.include-annotations=\u0022*\u0022",
        "request-id": "c89c1c70-1842-4ddb-bc5c-54ef70c67c94",
        "Server": "Microsoft-IIS/10.0",
        "Strict-Transport-Security": [
          "max-age=2592000",
          "max-age=15724800; includeSubDomains"
        ],
        "Transfer-Encoding": "chunked",
        "x-ms-client-request-id": "c89c1c70-1842-4ddb-bc5c-54ef70c67c94"
      },
      "ResponseBody": {
        "@odata.context": "https://2040301preview.search.windows.net/$metadata#synonymmaps/$entity",
        "@odata.etag": "\u00220x8DC3CAA361A544D\u0022",
        "name": "test-synonym34305f296a72",
        "format": "solr",
        "synonyms": "word1,word2",
        "encryptionKey": null
      }
    },
    {
      "RequestUri": "https://REDACTED/synonymmaps(\u0027test-synonym34305f296a72\u0027)?api-version=2024-03-01-preview",
      "RequestMethod": "DELETE",
      "RequestHeaders": {
        "Accept": "application/json; odata.metadata=minimal",
        "api-key": "REDACTED",
        "Content-Length": "0",
        "Date": "Tue, 05 Mar 2024 00:21:32 GMT",
        "return-client-request-id": "true",
        "User-Agent": "azsdk-java-azure-search-documents/11.7.0-beta.2 (21.0.1; Windows 11; 10.0)",
        "x-ms-client-request-id": "56008794-5d2d-4776-bb14-0eb86282130d"
      },
      "RequestBody": null,
      "StatusCode": 204,
      "ResponseHeaders": {
        "client-request-id": "56008794-5d2d-4776-bb14-0eb86282130d",
        "Date": "Tue, 05 Mar 2024 00:21:32 GMT",
        "elapsed-time": "18",
        "Preference-Applied": "odata.include-annotations=\u0022*\u0022",
        "request-id": "56008794-5d2d-4776-bb14-0eb86282130d",
        "Server": "Microsoft-IIS/10.0",
        "Strict-Transport-Security": [
          "max-age=2592000",
          "max-age=15724800; includeSubDomains"
        ],
        "x-ms-client-request-id": "56008794-5d2d-4776-bb14-0eb86282130d"
      },
      "ResponseBody": null
    }
  ],
  "Variables": {
    "0": "test-synonym34305f296a72"
  }
}
