{
  "Entries": [
    {
      "RequestUri": "https://REDACTED/synonymmaps?api-version=2023-07-01-Preview",
      "RequestMethod": "POST",
      "RequestHeaders": {
        "Accept": "application/json; odata.metadata=minimal",
        "api-key": "REDACTED",
        "Content-Length": "76",
        "Content-Type": "application/json",
        "Date": "Fri, 18 Aug 2023 18:09:43 GMT",
        "return-client-request-id": "true",
        "User-Agent": "azsdk-java-azure-search-documents/11.6.0-beta.8 (17.0.7; Windows 11; 10.0)",
        "x-ms-client-request-id": "af47774e-b1f1-46b0-a110-06e9857b8a0b"
      },
      "RequestBody": {
        "name": "test-synonym0553695adbfc",
        "format": "solr",
        "synonyms": "word1,word2"
      },
      "StatusCode": 201,
      "ResponseHeaders": {
        "Cache-Control": "no-cache",
        "client-request-id": "af47774e-b1f1-46b0-a110-06e9857b8a0b",
        "Content-Length": "232",
        "Content-Type": "application/json; odata.metadata=minimal",
        "Date": "Fri, 18 Aug 2023 18:09:44 GMT",
        "elapsed-time": "26",
        "ETag": "W/\u00220x8DBA0164CC49D9F\u0022",
        "Expires": "-1",
        "Location": "https://azs-java-searchregen.search.windows.net/synonymmaps(\u0027test-synonym0553695adbfc\u0027)?api-version=2023-07-01-Preview",
        "OData-Version": "4.0",
        "Pragma": "no-cache",
        "Preference-Applied": "odata.include-annotations=\u0022*\u0022",
        "request-id": "af47774e-b1f1-46b0-a110-06e9857b8a0b",
        "Strict-Transport-Security": "max-age=15724800; includeSubDomains",
        "x-ms-client-request-id": "af47774e-b1f1-46b0-a110-06e9857b8a0b"
      },
      "ResponseBody": {
        "@odata.context": "https://azs-java-searchregen.search.windows.net/$metadata#synonymmaps/$entity",
        "@odata.etag": "\u00220x8DBA0164CC49D9F\u0022",
        "name": "test-synonym0553695adbfc",
        "format": "solr",
        "synonyms": "word1,word2",
        "encryptionKey": null
      }
    },
    {
      "RequestUri": "https://REDACTED/synonymmaps?api-version=2023-07-01-Preview",
      "RequestMethod": "POST",
      "RequestHeaders": {
        "Accept": "application/json; odata.metadata=minimal",
        "api-key": "REDACTED",
        "Content-Length": "76",
        "Content-Type": "application/json",
        "Date": "Fri, 18 Aug 2023 18:09:44 GMT",
        "return-client-request-id": "true",
        "User-Agent": "azsdk-java-azure-search-documents/11.6.0-beta.8 (17.0.7; Windows 11; 10.0)",
        "x-ms-client-request-id": "37666638-1312-4a3f-b8f8-69c9b4874823"
      },
      "RequestBody": {
        "name": "test-synonym195792f0e73a",
        "format": "solr",
        "synonyms": "word1,word2"
      },
      "StatusCode": 201,
      "ResponseHeaders": {
        "Cache-Control": "no-cache",
        "client-request-id": "37666638-1312-4a3f-b8f8-69c9b4874823",
        "Content-Length": "232",
        "Content-Type": "application/json; odata.metadata=minimal",
        "Date": "Fri, 18 Aug 2023 18:09:44 GMT",
        "elapsed-time": "26",
        "ETag": "W/\u00220x8DBA0164CD3B694\u0022",
        "Expires": "-1",
        "Location": "https://azs-java-searchregen.search.windows.net/synonymmaps(\u0027test-synonym195792f0e73a\u0027)?api-version=2023-07-01-Preview",
        "OData-Version": "4.0",
        "Pragma": "no-cache",
        "Preference-Applied": "odata.include-annotations=\u0022*\u0022",
        "request-id": "37666638-1312-4a3f-b8f8-69c9b4874823",
        "Strict-Transport-Security": "max-age=15724800; includeSubDomains",
        "x-ms-client-request-id": "37666638-1312-4a3f-b8f8-69c9b4874823"
      },
      "ResponseBody": {
        "@odata.context": "https://azs-java-searchregen.search.windows.net/$metadata#synonymmaps/$entity",
        "@odata.etag": "\u00220x8DBA0164CD3B694\u0022",
        "name": "test-synonym195792f0e73a",
        "format": "solr",
        "synonyms": "word1,word2",
        "encryptionKey": null
      }
    },
    {
      "RequestUri": "https://REDACTED/synonymmaps?$select=name\u0026api-version=2023-07-01-Preview",
      "RequestMethod": "GET",
      "RequestHeaders": {
        "Accept": "application/json; odata.metadata=minimal",
        "api-key": "REDACTED",
        "Content-Length": "0",
        "Date": "Fri, 18 Aug 2023 18:09:44 GMT",
        "return-client-request-id": "true",
        "User-Agent": "azsdk-java-azure-search-documents/11.6.0-beta.8 (17.0.7; Windows 11; 10.0)",
        "x-ms-client-request-id": "4753ae02-faf6-4313-a6e8-112cdb591c5d"
      },
      "RequestBody": null,
      "StatusCode": 200,
      "ResponseHeaders": {
        "Cache-Control": "no-cache",
        "client-request-id": "4753ae02-faf6-4313-a6e8-112cdb591c5d",
        "Content-Length": "178",
        "Content-Type": "application/json; odata.metadata=minimal",
        "Date": "Fri, 18 Aug 2023 18:09:44 GMT",
        "elapsed-time": "9",
        "Expires": "-1",
        "OData-Version": "4.0",
        "Pragma": "no-cache",
        "Preference-Applied": "odata.include-annotations=\u0022*\u0022",
        "request-id": "4753ae02-faf6-4313-a6e8-112cdb591c5d",
        "Strict-Transport-Security": "max-age=15724800; includeSubDomains",
        "x-ms-client-request-id": "4753ae02-faf6-4313-a6e8-112cdb591c5d"
      },
      "ResponseBody": {
        "@odata.context": "https://azs-java-searchregen.search.windows.net/$metadata#synonymmaps(name)",
        "value": [
          {
            "name": "test-synonym0553695adbfc"
          },
          {
            "name": "test-synonym195792f0e73a"
          }
        ]
      }
    },
    {
      "RequestUri": "https://REDACTED/synonymmaps?$select=name\u0026api-version=2023-07-01-Preview",
      "RequestMethod": "GET",
      "RequestHeaders": {
        "Accept": "application/json; odata.metadata=minimal",
        "api-key": "REDACTED",
        "Content-Length": "0",
        "Date": "Fri, 18 Aug 2023 18:09:44 GMT",
        "return-client-request-id": "true",
        "User-Agent": "azsdk-java-azure-search-documents/11.6.0-beta.8 (17.0.7; Windows 11; 10.0)",
        "x-ms-client-request-id": "f5c6333a-4fe1-49fb-8eea-c4165a53c3db"
      },
      "RequestBody": null,
      "StatusCode": 200,
      "ResponseHeaders": {
        "Cache-Control": "no-cache",
        "client-request-id": "f5c6333a-4fe1-49fb-8eea-c4165a53c3db",
        "Content-Length": "178",
        "Content-Type": "application/json; odata.metadata=minimal",
        "Date": "Fri, 18 Aug 2023 18:09:44 GMT",
        "elapsed-time": "10",
        "Expires": "-1",
        "OData-Version": "4.0",
        "Pragma": "no-cache",
        "Preference-Applied": "odata.include-annotations=\u0022*\u0022",
        "request-id": "f5c6333a-4fe1-49fb-8eea-c4165a53c3db",
        "Strict-Transport-Security": "max-age=15724800; includeSubDomains",
        "x-ms-client-request-id": "f5c6333a-4fe1-49fb-8eea-c4165a53c3db"
      },
      "ResponseBody": {
        "@odata.context": "https://azs-java-searchregen.search.windows.net/$metadata#synonymmaps(name)",
        "value": [
          {
            "name": "test-synonym0553695adbfc"
          },
          {
            "name": "test-synonym195792f0e73a"
          }
        ]
      }
    },
    {
      "RequestUri": "https://REDACTED/synonymmaps(\u0027test-synonym0553695adbfc\u0027)?api-version=2023-07-01-Preview",
      "RequestMethod": "DELETE",
      "RequestHeaders": {
        "Accept": "application/json; odata.metadata=minimal",
        "api-key": "REDACTED",
        "Content-Length": "0",
        "Date": "Fri, 18 Aug 2023 18:09:44 GMT",
        "return-client-request-id": "true",
        "User-Agent": "azsdk-java-azure-search-documents/11.6.0-beta.8 (17.0.7; Windows 11; 10.0)",
        "x-ms-client-request-id": "0830f78c-3986-4a2c-9461-7dba307511f5"
      },
      "RequestBody": null,
      "StatusCode": 204,
      "ResponseHeaders": {
        "Cache-Control": "no-cache",
        "client-request-id": "0830f78c-3986-4a2c-9461-7dba307511f5",
        "Date": "Fri, 18 Aug 2023 18:09:44 GMT",
        "elapsed-time": "127",
        "Expires": "-1",
        "Pragma": "no-cache",
        "request-id": "0830f78c-3986-4a2c-9461-7dba307511f5",
        "Strict-Transport-Security": "max-age=15724800; includeSubDomains",
        "x-ms-client-request-id": "0830f78c-3986-4a2c-9461-7dba307511f5"
      },
      "ResponseBody": null
    },
    {
      "RequestUri": "https://REDACTED/synonymmaps(\u0027test-synonym195792f0e73a\u0027)?api-version=2023-07-01-Preview",
      "RequestMethod": "DELETE",
      "RequestHeaders": {
        "Accept": "application/json; odata.metadata=minimal",
        "api-key": "REDACTED",
        "Content-Length": "0",
        "Date": "Fri, 18 Aug 2023 18:09:44 GMT",
        "return-client-request-id": "true",
        "User-Agent": "azsdk-java-azure-search-documents/11.6.0-beta.8 (17.0.7; Windows 11; 10.0)",
        "x-ms-client-request-id": "77b512b6-1135-4bf1-9847-021fbf343340"
      },
      "RequestBody": null,
      "StatusCode": 204,
      "ResponseHeaders": {
        "Cache-Control": "no-cache",
        "client-request-id": "77b512b6-1135-4bf1-9847-021fbf343340",
        "Date": "Fri, 18 Aug 2023 18:09:44 GMT",
        "elapsed-time": "12",
        "Expires": "-1",
        "Pragma": "no-cache",
        "request-id": "77b512b6-1135-4bf1-9847-021fbf343340",
        "Strict-Transport-Security": "max-age=15724800; includeSubDomains",
        "x-ms-client-request-id": "77b512b6-1135-4bf1-9847-021fbf343340"
      },
      "ResponseBody": null
    }
  ],
  "Variables": {
    "0": "test-synonym0553695adbfc",
    "1": "test-synonym195792f0e73a"
  }
}
