{
  "Entries": [
    {
      "RequestUri": "https://REDACTED/synonymmaps(\u0027test-synonym605507cd5a82\u0027)?api-version=2023-07-01-Preview",
      "RequestMethod": "PUT",
      "RequestHeaders": {
        "Accept": "application/json; odata.metadata=minimal",
        "api-key": "REDACTED",
        "Content-Length": "76",
        "Content-Type": "application/json",
        "Date": "Tue, 11 Jul 2023 14:28:03 GMT",
        "Prefer": "return=representation",
        "return-client-request-id": "true",
        "User-Agent": "azsdk-java-azure-search-documents/11.6.0-beta.7 (17.0.7; Windows 11; 10.0)",
        "x-ms-client-request-id": "35a8ed48-f0f8-4a86-b0f3-3e13184e3f74"
      },
      "RequestBody": {
        "name": "test-synonym605507cd5a82",
        "format": "solr",
        "synonyms": "word1,word2"
      },
      "StatusCode": 201,
      "ResponseHeaders": {
        "Cache-Control": "no-cache",
        "client-request-id": "35a8ed48-f0f8-4a86-b0f3-3e13184e3f74",
        "Content-Length": "238",
        "Content-Type": "application/json; odata.metadata=minimal",
        "Date": "Tue, 11 Jul 2023 14:28:03 GMT",
        "elapsed-time": "52",
        "ETag": "W/\u00220x8DB821B09970493\u0022",
        "Expires": "-1",
        "Location": "https://azs-java-t5ce5274b0647cb99.search.windows.net/synonymmaps(\u0027test-synonym605507cd5a82\u0027)?api-version=2023-07-01-Preview",
        "OData-Version": "4.0",
        "Pragma": "no-cache",
        "Preference-Applied": "odata.include-annotations=\u0022*\u0022",
        "request-id": "35a8ed48-f0f8-4a86-b0f3-3e13184e3f74",
        "Strict-Transport-Security": "max-age=15724800; includeSubDomains",
        "x-ms-client-request-id": "35a8ed48-f0f8-4a86-b0f3-3e13184e3f74"
      },
      "ResponseBody": {
        "@odata.context": "https://azs-java-t5ce5274b0647cb99.search.windows.net/$metadata#synonymmaps/$entity",
        "@odata.etag": "\u00220x8DB821B09970493\u0022",
        "name": "test-synonym605507cd5a82",
        "format": "solr",
        "synonyms": "word1,word2",
        "encryptionKey": null
      }
    },
    {
      "RequestUri": "https://REDACTED/synonymmaps(\u0027test-synonym605507cd5a82\u0027)?api-version=2023-07-01-Preview",
      "RequestMethod": "PUT",
      "RequestHeaders": {
        "Accept": "application/json; odata.metadata=minimal",
        "api-key": "REDACTED",
        "Content-Length": "121",
        "Content-Type": "application/json",
        "Date": "Tue, 11 Jul 2023 14:28:04 GMT",
        "If-Match": "\u00220x8DB821B09970493\u0022",
        "Prefer": "return=representation",
        "return-client-request-id": "true",
        "User-Agent": "azsdk-java-azure-search-documents/11.6.0-beta.7 (17.0.7; Windows 11; 10.0)",
        "x-ms-client-request-id": "a1ae13b9-2c37-42dc-aab2-0bd6979b7800"
      },
      "RequestBody": {
        "name": "test-synonym605507cd5a82",
        "format": "solr",
        "synonyms": "mutated1, mutated2",
        "@odata.etag": "\u00220x8DB821B09970493\u0022"
      },
      "StatusCode": 200,
      "ResponseHeaders": {
        "Cache-Control": "no-cache",
        "client-request-id": "a1ae13b9-2c37-42dc-aab2-0bd6979b7800",
        "Content-Length": "245",
        "Content-Type": "application/json; odata.metadata=minimal",
        "Date": "Tue, 11 Jul 2023 14:28:03 GMT",
        "elapsed-time": "31",
        "ETag": "W/\u00220x8DB821B09A6E0C2\u0022",
        "Expires": "-1",
        "OData-Version": "4.0",
        "Pragma": "no-cache",
        "Preference-Applied": "odata.include-annotations=\u0022*\u0022",
        "request-id": "a1ae13b9-2c37-42dc-aab2-0bd6979b7800",
        "Strict-Transport-Security": "max-age=15724800; includeSubDomains",
        "x-ms-client-request-id": "a1ae13b9-2c37-42dc-aab2-0bd6979b7800"
      },
      "ResponseBody": {
        "@odata.context": "https://azs-java-t5ce5274b0647cb99.search.windows.net/$metadata#synonymmaps/$entity",
        "@odata.etag": "\u00220x8DB821B09A6E0C2\u0022",
        "name": "test-synonym605507cd5a82",
        "format": "solr",
        "synonyms": "mutated1, mutated2",
        "encryptionKey": null
      }
    },
    {
      "RequestUri": "https://REDACTED/synonymmaps(\u0027test-synonym605507cd5a82\u0027)?api-version=2023-07-01-Preview",
      "RequestMethod": "DELETE",
      "RequestHeaders": {
        "Accept": "application/json; odata.metadata=minimal",
        "api-key": "REDACTED",
        "Content-Length": "0",
        "Date": "Tue, 11 Jul 2023 14:28:04 GMT",
        "return-client-request-id": "true",
        "User-Agent": "azsdk-java-azure-search-documents/11.6.0-beta.7 (17.0.7; Windows 11; 10.0)",
        "x-ms-client-request-id": "0fb025ec-0e2a-4e1f-8297-2fca3430b47d"
      },
      "RequestBody": null,
      "StatusCode": 204,
      "ResponseHeaders": {
        "Cache-Control": "no-cache",
        "client-request-id": "0fb025ec-0e2a-4e1f-8297-2fca3430b47d",
        "Date": "Tue, 11 Jul 2023 14:28:03 GMT",
        "elapsed-time": "19",
        "Expires": "-1",
        "Pragma": "no-cache",
        "request-id": "0fb025ec-0e2a-4e1f-8297-2fca3430b47d",
        "Strict-Transport-Security": "max-age=15724800; includeSubDomains",
        "x-ms-client-request-id": "0fb025ec-0e2a-4e1f-8297-2fca3430b47d"
      },
      "ResponseBody": null
    }
  ],
  "Variables": {
    "0": "test-synonym605507cd5a82"
  }
}
