{
  "Entries": [
    {
      "RequestUri": "https://REDACTED/synonymmaps?api-version=2023-07-01-Preview",
      "RequestMethod": "POST",
      "RequestHeaders": {
        "Accept": "application/json; odata.metadata=minimal",
        "api-key": "REDACTED",
        "Content-Length": "76",
        "Content-Type": "application/json",
        "Date": "Fri, 18 Aug 2023 20:05:26 GMT",
        "return-client-request-id": "true",
        "User-Agent": "azsdk-java-azure-search-documents/11.6.0-beta.8 (17.0.7; Windows 11; 10.0)",
        "x-ms-client-request-id": "7ef374f8-92ef-445d-80a0-dd4130a2f489"
      },
      "RequestBody": {
        "name": "test-synonym94191514b63f",
        "format": "solr",
        "synonyms": "word1,word2"
      },
      "StatusCode": 201,
      "ResponseHeaders": {
        "Cache-Control": "no-cache",
        "client-request-id": "7ef374f8-92ef-445d-80a0-dd4130a2f489",
        "Content-Length": "232",
        "Content-Type": "application/json; odata.metadata=minimal",
        "Date": "Fri, 18 Aug 2023 20:05:26 GMT",
        "elapsed-time": "24",
        "ETag": "W/\u00220x8DBA026771D8169\u0022",
        "Expires": "-1",
        "Location": "https://azs-java-searchregen.search.windows.net/synonymmaps(\u0027test-synonym94191514b63f\u0027)?api-version=2023-07-01-Preview",
        "OData-Version": "4.0",
        "Pragma": "no-cache",
        "Preference-Applied": "odata.include-annotations=\u0022*\u0022",
        "request-id": "7ef374f8-92ef-445d-80a0-dd4130a2f489",
        "Strict-Transport-Security": "max-age=15724800; includeSubDomains",
        "x-ms-client-request-id": "7ef374f8-92ef-445d-80a0-dd4130a2f489"
      },
      "ResponseBody": {
        "@odata.context": "https://azs-java-searchregen.search.windows.net/$metadata#synonymmaps/$entity",
        "@odata.etag": "\u00220x8DBA026771D8169\u0022",
        "name": "test-synonym94191514b63f",
        "format": "solr",
        "synonyms": "word1,word2",
        "encryptionKey": null
      }
    },
    {
      "RequestUri": "https://REDACTED/synonymmaps(\u0027test-synonym94191514b63f\u0027)?api-version=2023-07-01-Preview",
      "RequestMethod": "PUT",
      "RequestHeaders": {
        "Accept": "application/json; odata.metadata=minimal",
        "api-key": "REDACTED",
        "Content-Length": "82",
        "Content-Type": "application/json",
        "Date": "Fri, 18 Aug 2023 20:05:27 GMT",
        "Prefer": "return=representation",
        "return-client-request-id": "true",
        "User-Agent": "azsdk-java-azure-search-documents/11.6.0-beta.8 (17.0.7; Windows 11; 10.0)",
        "x-ms-client-request-id": "802b259b-e183-4395-b939-bf6619cc9544"
      },
      "RequestBody": {
        "name": "test-synonym94191514b63f",
        "format": "solr",
        "synonyms": "newword1,newword2"
      },
      "StatusCode": 200,
      "ResponseHeaders": {
        "Cache-Control": "no-cache",
        "client-request-id": "802b259b-e183-4395-b939-bf6619cc9544",
        "Content-Length": "238",
        "Content-Type": "application/json; odata.metadata=minimal",
        "Date": "Fri, 18 Aug 2023 20:05:26 GMT",
        "elapsed-time": "21",
        "ETag": "W/\u00220x8DBA026772C4C4E\u0022",
        "Expires": "-1",
        "OData-Version": "4.0",
        "Pragma": "no-cache",
        "Preference-Applied": "odata.include-annotations=\u0022*\u0022",
        "request-id": "802b259b-e183-4395-b939-bf6619cc9544",
        "Strict-Transport-Security": "max-age=15724800; includeSubDomains",
        "x-ms-client-request-id": "802b259b-e183-4395-b939-bf6619cc9544"
      },
      "ResponseBody": {
        "@odata.context": "https://azs-java-searchregen.search.windows.net/$metadata#synonymmaps/$entity",
        "@odata.etag": "\u00220x8DBA026772C4C4E\u0022",
        "name": "test-synonym94191514b63f",
        "format": "solr",
        "synonyms": "newword1,newword2",
        "encryptionKey": null
      }
    },
    {
      "RequestUri": "https://REDACTED/synonymmaps?api-version=2023-07-01-Preview",
      "RequestMethod": "GET",
      "RequestHeaders": {
        "Accept": "application/json; odata.metadata=minimal",
        "api-key": "REDACTED",
        "Content-Length": "0",
        "Date": "Fri, 18 Aug 2023 20:05:27 GMT",
        "return-client-request-id": "true",
        "User-Agent": "azsdk-java-azure-search-documents/11.6.0-beta.8 (17.0.7; Windows 11; 10.0)",
        "x-ms-client-request-id": "a8a0f66c-54e2-440e-bcf6-ed334025d142"
      },
      "RequestBody": null,
      "StatusCode": 200,
      "ResponseHeaders": {
        "Cache-Control": "no-cache",
        "client-request-id": "a8a0f66c-54e2-440e-bcf6-ed334025d142",
        "Content-Length": "242",
        "Content-Type": "application/json; odata.metadata=minimal",
        "Date": "Fri, 18 Aug 2023 20:05:26 GMT",
        "elapsed-time": "13",
        "Expires": "-1",
        "OData-Version": "4.0",
        "Pragma": "no-cache",
        "Preference-Applied": "odata.include-annotations=\u0022*\u0022",
        "request-id": "a8a0f66c-54e2-440e-bcf6-ed334025d142",
        "Strict-Transport-Security": "max-age=15724800; includeSubDomains",
        "x-ms-client-request-id": "a8a0f66c-54e2-440e-bcf6-ed334025d142"
      },
      "ResponseBody": {
        "@odata.context": "https://azs-java-searchregen.search.windows.net/$metadata#synonymmaps",
        "value": [
          {
            "@odata.etag": "\u00220x8DBA026772C4C4E\u0022",
            "name": "test-synonym94191514b63f",
            "format": "solr",
            "synonyms": "newword1,newword2",
            "encryptionKey": null
          }
        ]
      }
    },
    {
      "RequestUri": "https://REDACTED/synonymmaps(\u0027test-synonym94191514b63f\u0027)?api-version=2023-07-01-Preview",
      "RequestMethod": "DELETE",
      "RequestHeaders": {
        "Accept": "application/json; odata.metadata=minimal",
        "api-key": "REDACTED",
        "Content-Length": "0",
        "Date": "Fri, 18 Aug 2023 20:05:27 GMT",
        "return-client-request-id": "true",
        "User-Agent": "azsdk-java-azure-search-documents/11.6.0-beta.8 (17.0.7; Windows 11; 10.0)",
        "x-ms-client-request-id": "30184675-033b-4d87-a24f-603c8a5b9365"
      },
      "RequestBody": null,
      "StatusCode": 204,
      "ResponseHeaders": {
        "Cache-Control": "no-cache",
        "client-request-id": "30184675-033b-4d87-a24f-603c8a5b9365",
        "Date": "Fri, 18 Aug 2023 20:05:26 GMT",
        "elapsed-time": "12",
        "Expires": "-1",
        "Pragma": "no-cache",
        "request-id": "30184675-033b-4d87-a24f-603c8a5b9365",
        "Strict-Transport-Security": "max-age=15724800; includeSubDomains",
        "x-ms-client-request-id": "30184675-033b-4d87-a24f-603c8a5b9365"
      },
      "ResponseBody": null
    }
  ],
  "Variables": {
    "0": "test-synonym94191514b63f"
  }
}
