{
  "Entries": [
    {
      "RequestUri": "https://vanishatesttagshns.blob.core.windows.net/test-filesystem-1ca27dc4-e55b-d7cc-0165-b163af027828?restype=container",
      "RequestMethod": "PUT",
      "RequestHeaders": {
        "Accept": "application/xml",
        "Authorization": "Sanitized",
        "Content-Length": "0",
        "traceparent": "00-9b84f4e507559ea3ced0344a4b77e234-70c86595ac4f98a4-00",
        "User-Agent": "azsdk-net-Storage.Files.DataLake/12.24.0-alpha.20250625.1 (.NET 9.0.6; Microsoft Windows 10.0.26100)",
        "x-ms-client-request-id": "Sanitized",
        "x-ms-date": "Wed, 25 Jun 2025 17:07:28 GMT",
        "x-ms-return-client-request-id": "true",
        "x-ms-version": "2026-02-06"
      },
      "RequestBody": null,
      "StatusCode": 201,
      "ResponseHeaders": {
        "Content-Length": "0",
        "Date": "Wed, 25 Jun 2025 17:07:27 GMT",
        "ETag": "\"0x8DDB40AC3D522EB\"",
        "Last-Modified": "Wed, 25 Jun 2025 17:07:28 GMT",
        "Server": [
          "Windows-Azure-Blob/1.0",
          "Microsoft-HTTPAPI/2.0"
        ],
        "x-ms-client-request-id": "Sanitized",
        "x-ms-request-id": "515d5317-901e-004e-7af3-e56de2000000",
        "x-ms-version": "2026-02-06"
      },
      "ResponseBody": null
    },
    {
      "RequestUri": "https://vanishatesttagshns.dfs.core.windows.net/test-filesystem-1ca27dc4-e55b-d7cc-0165-b163af027828/test-file-81fa7129-cc8d-9130-a467-1e51710fdb30?resource=file",
      "RequestMethod": "PUT",
      "RequestHeaders": {
        "Accept": "application/json",
        "Authorization": "Sanitized",
        "Content-Length": "0",
        "traceparent": "00-b67554ef720df6903acaeaea982a0490-c5ab3f892979d891-00",
        "User-Agent": "azsdk-net-Storage.Files.DataLake/12.24.0-alpha.20250625.1 (.NET 9.0.6; Microsoft Windows 10.0.26100)",
        "x-ms-client-request-id": "Sanitized",
        "x-ms-date": "Wed, 25 Jun 2025 17:07:28 GMT",
        "x-ms-return-client-request-id": "true",
        "x-ms-version": "2026-02-06"
      },
      "RequestBody": null,
      "StatusCode": 201,
      "ResponseHeaders": {
        "Content-Length": "0",
        "Date": "Wed, 25 Jun 2025 17:07:28 GMT",
        "ETag": "\"0x8DDB40AC3DE47C4\"",
        "Last-Modified": "Wed, 25 Jun 2025 17:07:28 GMT",
        "Server": [
          "Windows-Azure-HDFS/1.0",
          "Microsoft-HTTPAPI/2.0"
        ],
        "x-ms-client-request-id": "Sanitized",
        "x-ms-request-id": "61ebb2f0-c01f-001e-15f3-e5afb2000000",
        "x-ms-request-server-encrypted": "true",
        "x-ms-version": "2026-02-06"
      },
      "ResponseBody": null
    },
    {
      "RequestUri": "https://vanishatesttagshns.blob.core.windows.net/test-filesystem-1ca27dc4-e55b-d7cc-0165-b163af027828/test-file-81fa7129-cc8d-9130-a467-1e51710fdb30?comp=tags",
      "RequestMethod": "PUT",
      "RequestHeaders": {
        "Accept": "application/xml",
        "Authorization": "Sanitized",
        "Content-Length": "139",
        "Content-Type": "application/xml",
        "User-Agent": "azsdk-net-Storage.Files.DataLake/12.24.0-alpha.20250625.1 (.NET 9.0.6; Microsoft Windows 10.0.26100)",
        "x-ms-client-request-id": "Sanitized",
        "x-ms-date": "Wed, 25 Jun 2025 17:07:28 GMT",
        "x-ms-return-client-request-id": "true",
        "x-ms-version": "2026-02-06"
      },
      "RequestBody": "\uFEFF<Tags><TagSet><Tag><Key>tagKey0</Key><Value>tagValue0</Value></Tag><Tag><Key>tagKey1</Key><Value>tagValue1</Value></Tag></TagSet></Tags>",
      "StatusCode": 204,
      "ResponseHeaders": {
        "Date": "Wed, 25 Jun 2025 17:07:27 GMT",
        "Server": [
          "Windows-Azure-Blob/1.0",
          "Microsoft-HTTPAPI/2.0"
        ],
        "x-ms-client-request-id": "Sanitized",
        "x-ms-request-id": "515d533a-901e-004e-10f3-e56de2000000",
        "x-ms-version": "2026-02-06"
      },
      "ResponseBody": null
    },
    {
      "RequestUri": "https://vanishatesttagshns.blob.core.windows.net/test-filesystem-1ca27dc4-e55b-d7cc-0165-b163af027828/test-file-81fa7129-cc8d-9130-a467-1e51710fdb30?comp=tags",
      "RequestMethod": "GET",
      "RequestHeaders": {
        "Accept": "application/xml",
        "Authorization": "Sanitized",
        "User-Agent": "azsdk-net-Storage.Files.DataLake/12.24.0-alpha.20250625.1 (.NET 9.0.6; Microsoft Windows 10.0.26100)",
        "x-ms-client-request-id": "Sanitized",
        "x-ms-date": "Wed, 25 Jun 2025 17:07:28 GMT",
        "x-ms-return-client-request-id": "true",
        "x-ms-version": "2026-02-06"
      },
      "RequestBody": null,
      "StatusCode": 200,
      "ResponseHeaders": {
        "Content-Length": "178",
        "Content-Type": "application/xml",
        "Date": "Wed, 25 Jun 2025 17:07:27 GMT",
        "Server": [
          "Windows-Azure-Blob/1.0",
          "Microsoft-HTTPAPI/2.0"
        ],
        "x-ms-client-request-id": "Sanitized",
        "x-ms-request-id": "515d534b-901e-004e-1ff3-e56de2000000",
        "x-ms-version": "2026-02-06"
      },
      "ResponseBody": [
        "\uFEFF<?xml version=\"1.0\" encoding=\"utf-8\"?>\n",
        "<Tags><TagSet><Tag><Key>tagKey0</Key><Value>tagValue0</Value></Tag><Tag><Key>tagKey1</Key><Value>tagValue1</Value></Tag></TagSet></Tags>"
      ]
    },
    {
      "RequestUri": "https://vanishatesttagshns.blob.core.windows.net/test-filesystem-1ca27dc4-e55b-d7cc-0165-b163af027828?restype=container",
      "RequestMethod": "DELETE",
      "RequestHeaders": {
        "Accept": "application/xml",
        "Authorization": "Sanitized",
        "traceparent": "00-fcf080d4d0e5991ff2b16bb5e79fd56a-684ccb8ecf198212-00",
        "User-Agent": "azsdk-net-Storage.Files.DataLake/12.24.0-alpha.20250625.1 (.NET 9.0.6; Microsoft Windows 10.0.26100)",
        "x-ms-client-request-id": "Sanitized",
        "x-ms-date": "Wed, 25 Jun 2025 17:07:28 GMT",
        "x-ms-return-client-request-id": "true",
        "x-ms-version": "2026-02-06"
      },
      "RequestBody": null,
      "StatusCode": 202,
      "ResponseHeaders": {
        "Content-Length": "0",
        "Date": "Wed, 25 Jun 2025 17:07:27 GMT",
        "Server": [
          "Windows-Azure-Blob/1.0",
          "Microsoft-HTTPAPI/2.0"
        ],
        "x-ms-client-request-id": "Sanitized",
        "x-ms-request-id": "515d5350-901e-004e-21f3-e56de2000000",
        "x-ms-version": "2026-02-06"
      },
      "ResponseBody": null
    }
  ],
  "Variables": {
    "RandomSeed": "1558685358",
    "Storage_TestConfigHierarchicalNamespace": "NamespaceTenant\nvanishatesttagshns\nU2FuaXRpemVk\nhttps://vanishatesttagshns.blob.core.windows.net\nhttps://vanishatesttagshns.file.core.windows.net\nhttps://vanishatesttagshns.queue.core.windows.net\nhttps://vanishatesttagshns.table.core.windows.net\n\n\n\n\nhttps://vanishatesttagshns-secondary.blob.core.windows.net\nhttps://vanishatesttagshns-secondary.file.core.windows.net\nhttps://vanishatesttagshns-secondary.queue.core.windows.net\nhttps://vanishatesttagshns-secondary.table.core.windows.net\nCloud\nBlobEndpoint=https://vanishatesttagshns.blob.core.windows.net/;QueueEndpoint=https://vanishatesttagshns.queue.core.windows.net/;FileEndpoint=https://vanishatesttagshns.file.core.windows.net/;BlobSecondaryEndpoint=https://vanishatesttagshns-secondary.blob.core.windows.net/;QueueSecondaryEndpoint=https://vanishatesttagshns-secondary.queue.core.windows.net/;FileSecondaryEndpoint=https://vanishatesttagshns-secondary.file.core.windows.net/;AccountName=vanishatesttagshns;AccountKey=U2FuaXRpemVk\nseanscope1\nXClient\n"
  }
}
