{
  "Entries": [
    {
      "RequestUri": "https://management.azure.com/subscriptions/00000000-0000-0000-0000-000000000/resourceGroups/00000/providers/Microsoft.MachineLearningServices/workspaces/00000/datastores/workspaceblobstore?api-version=2023-04-01-preview",
      "RequestMethod": "GET",
      "RequestHeaders": {
        "Accept": "application/json",
        "Accept-Encoding": "gzip, deflate",
        "Connection": "keep-alive",
        "User-Agent": "azure-ai-ml/1.12.0 azsdk-python-mgmt-machinelearningservices/0.1.0 Python/3.8.12 (Windows-10-10.0.22621-SP0)"
      },
      "RequestBody": null,
      "StatusCode": 200,
      "ResponseHeaders": {
        "Cache-Control": "no-cache",
        "Content-Encoding": "gzip",
        "Content-Type": "application/json; charset=utf-8",
        "Date": "Tue, 31 Oct 2023 03:44:21 GMT",
        "Expires": "-1",
        "Pragma": "no-cache",
        "Request-Context": "appId=cid-v1:2d2e8e63-272e-4b3c-8598-4ee570a0e70d",
        "Strict-Transport-Security": "max-age=31536000; includeSubDomains",
        "Transfer-Encoding": "chunked",
        "Vary": [
          "Accept-Encoding",
          "Accept-Encoding"
        ],
        "x-aml-cluster": "vienna-eastus2-01",
        "X-Content-Type-Options": "nosniff",
        "x-ms-correlation-request-id": "4afc080e-1332-4dd3-8696-627dbc08c616",
        "x-ms-ratelimit-remaining-subscription-reads": "11996",
        "x-ms-response-type": "standard",
        "x-ms-routing-request-id": "JAPANEAST:20231031T034421Z:4afc080e-1332-4dd3-8696-627dbc08c616",
        "x-request-time": "0.672"
      },
      "ResponseBody": {
        "id": "/subscriptions/00000000-0000-0000-0000-000000000/resourceGroups/00000/providers/Microsoft.MachineLearningServices/workspaces/00000/datastores/workspaceblobstore",
        "name": "workspaceblobstore",
        "type": "Microsoft.MachineLearningServices/workspaces/datastores",
        "properties": {
          "description": null,
          "tags": null,
          "properties": null,
          "isDefault": true,
          "credentials": {
            "credentialsType": "AccountKey"
          },
          "intellectualProperty": null,
          "subscriptionId": "00000000-0000-0000-0000-000000000",
          "resourceGroup": "00000",
          "datastoreType": "AzureBlob",
          "accountName": "amltest5899420437",
          "containerName": "azureml-blobstore-0bdd51b6-cd9c-4978-b870-99997b393b81",
          "endpoint": "core.windows.net",
          "protocol": "https",
          "serviceDataAccessAuthIdentity": "WorkspaceSystemAssignedIdentity"
        },
        "systemData": {
          "createdAt": "2023-05-19T09:41:55.3790868\u002B00:00",
          "createdBy": "779301c0-18b2-4cdc-801b-a0a3368fee0a",
          "createdByType": "Application",
          "lastModifiedAt": "2023-05-19T09:41:56.0641774\u002B00:00",
          "lastModifiedBy": "779301c0-18b2-4cdc-801b-a0a3368fee0a",
          "lastModifiedByType": "Application"
        }
      }
    },
    {
      "RequestUri": "https://management.azure.com/subscriptions/00000000-0000-0000-0000-000000000/resourceGroups/00000/providers/Microsoft.MachineLearningServices/workspaces/00000/datastores/workspaceblobstore/listSecrets?api-version=2023-04-01-preview",
      "RequestMethod": "POST",
      "RequestHeaders": {
        "Accept": "application/json",
        "Accept-Encoding": "gzip, deflate",
        "Connection": "keep-alive",
        "Content-Length": "0",
        "User-Agent": "azure-ai-ml/1.12.0 azsdk-python-mgmt-machinelearningservices/0.1.0 Python/3.8.12 (Windows-10-10.0.22621-SP0)"
      },
      "RequestBody": null,
      "StatusCode": 200,
      "ResponseHeaders": {
        "Cache-Control": "no-cache",
        "Content-Encoding": "gzip",
        "Content-Type": "application/json; charset=utf-8",
        "Date": "Tue, 31 Oct 2023 03:44:22 GMT",
        "Expires": "-1",
        "Pragma": "no-cache",
        "Request-Context": "appId=cid-v1:2d2e8e63-272e-4b3c-8598-4ee570a0e70d",
        "Strict-Transport-Security": "max-age=31536000; includeSubDomains",
        "Transfer-Encoding": "chunked",
        "Vary": "Accept-Encoding",
        "x-aml-cluster": "vienna-eastus2-01",
        "X-Content-Type-Options": "nosniff",
        "x-ms-correlation-request-id": "72881f29-5656-4d4b-b500-0b49eb66ff32",
        "x-ms-ratelimit-remaining-subscription-writes": "1198",
        "x-ms-response-type": "standard",
        "x-ms-routing-request-id": "JAPANEAST:20231031T034422Z:72881f29-5656-4d4b-b500-0b49eb66ff32",
        "x-request-time": "0.203"
      },
      "ResponseBody": {
        "secretsType": "AccountKey",
        "key": "dGhpcyBpcyBmYWtlIGtleQ=="
      }
    },
    {
      "RequestUri": "https://amltest5899420437.blob.core.windows.net/azureml-blobstore-0bdd51b6-cd9c-4978-b870-99997b393b81/LocalUpload/00000000000000000000000000000000/simple_train.py",
      "RequestMethod": "HEAD",
      "RequestHeaders": {
        "Accept": "application/xml",
        "Accept-Encoding": "gzip, deflate",
        "Connection": "keep-alive",
        "User-Agent": "azsdk-python-storage-blob/12.16.0 Python/3.8.12 (Windows-10-10.0.22621-SP0)",
        "x-ms-date": "Tue, 31 Oct 2023 03:44:22 GMT",
        "x-ms-version": "2022-11-02"
      },
      "RequestBody": null,
      "StatusCode": 404,
      "ResponseHeaders": {
        "Date": "Tue, 31 Oct 2023 03:44:22 GMT",
        "Server": [
          "Windows-Azure-Blob/1.0",
          "Microsoft-HTTPAPI/2.0"
        ],
        "Transfer-Encoding": "chunked",
        "Vary": "Origin",
        "x-ms-error-code": "BlobNotFound",
        "x-ms-version": "2022-11-02"
      },
      "ResponseBody": null
    },
    {
      "RequestUri": "https://amltest5899420437.blob.core.windows.net/azureml-blobstore-0bdd51b6-cd9c-4978-b870-99997b393b81/LocalUpload/00000000000000000000000000000000/simple_train.py",
      "RequestMethod": "PUT",
      "RequestHeaders": {
        "Accept": "application/xml",
        "Accept-Encoding": "gzip, deflate",
        "Connection": "keep-alive",
        "Content-Length": "1010",
        "Content-Type": "application/octet-stream",
        "If-None-Match": "*",
        "User-Agent": "azsdk-python-storage-blob/12.16.0 Python/3.8.12 (Windows-10-10.0.22621-SP0)",
        "x-ms-blob-type": "BlockBlob",
        "x-ms-date": "Tue, 31 Oct 2023 03:44:23 GMT",
        "x-ms-version": "2022-11-02"
      },
      "RequestBody": "aW1wb3J0IGFyZ3BhcnNlCgppbXBvcnQgbWxmbG93LnNrbGVhcm4KaW1wb3J0IG51bXB5IGFzIG5wCmZyb20gc2tsZWFybi5zdm0gaW1wb3J0IFNWQwoKCmRlZiBwYXJzZV9hcmdzKCk6CiAgICBwYXJzZXIgPSBhcmdwYXJzZS5Bcmd1bWVudFBhcnNlcihkZXNjcmlwdGlvbj0iU1ZNIGV4YW1wbGUiKQogICAgcGFyc2VyLmFkZF9hcmd1bWVudCgKICAgICAgICAiLWMiLAogICAgICAgIHR5cGU9ZmxvYXQsCiAgICAgICAgZGVmYXVsdD0xLjAsCiAgICAgICAgaGVscD0iU1ZNIENvc3QgUGFyYW1ldGVyIiwKICAgICkKICAgIHJldHVybiBwYXJzZXIucGFyc2VfYXJncygpCgoKZGVmIG1haW4oKToKICAgIGFyZ3MgPSBwYXJzZV9hcmdzKCkKICAgIG1sZmxvdy5za2xlYXJuLmF1dG9sb2coKQogICAgWCA9IG5wLmFycmF5KFtbLTEsIC0xXSwgWy0zLCAtMV0sIFswLCAxXSwgWzEsIDFdLCBbNSwgNF1dKQogICAgeSA9IG5wLmFycmF5KFswLCAwLCAwLCAxLCAxXSkKCiAgICAjIGp1bmsgdGVzdCBkYXRhIHNvIHdlIGNhbiBsb2cgYSBtZXRyaWMuIGFjY3VyYWN5IHNob3VsZCBiZSBiYWQgZHVlIHRvIG5vdCBtYW55IHRyYWluaW5nIHBvaW50cwogICAgdGVzdF9kYXRhID0gbnAucmFuZG9tLnJhbmQoMTAsIDIpCiAgICB0ZXN0X2xhYmVscyA9IG5wLnJhbmRvbS5yYW5kaW50KDIsIHNpemU9MTApCiAgICBjbGYgPSBTVkMoQz1hcmdzLmMpCiAgICB3aXRoIG1sZmxvdy5zdGFydF9ydW4oKToKICAgICAgICBjbGYuZml0KFgsIHkpCiAgICAgICAgcHJlZCA9IGNsZi5wcmVkaWN0KHRlc3RfZGF0YSkKICAgICAgICBhY2N1cmFjeSA9IG5wLnN1bSh0ZXN0X2xhYmVscyA9PSBwcmVkKSAvIDEwCiAgICAgICAgbWxmbG93LmxvZ19tZXRyaWMoImFjY3VyYWN5IiwgYWNjdXJhY3kpCiAgICAgICAgbWxmbG93LmxvZ19wYXJhbSgiYV9wYXJhbSIsIDEpCiAgICAgICAgbWxmbG93LmxvZ19wYXJhbSgiYW5vdGhlcl9wYXJhbSIsIDIpCgoKaWYgX19uYW1lX18gPT0gIl9fbWFpbl9fIjoKICAgIG1haW4oKQo=",
      "StatusCode": 201,
      "ResponseHeaders": {
        "Content-Length": "0",
        "Content-MD5": "CJ5ufDE5SUpMppnKB03iOg==",
        "Date": "Tue, 31 Oct 2023 03:44:23 GMT",
        "ETag": "\u00220x8DBD9C3AC604162\u0022",
        "Last-Modified": "Tue, 31 Oct 2023 03:44:23 GMT",
        "Server": [
          "Windows-Azure-Blob/1.0",
          "Microsoft-HTTPAPI/2.0"
        ],
        "x-ms-content-crc64": "8GJSwFRgY4E=",
        "x-ms-request-server-encrypted": "true",
        "x-ms-version": "2022-11-02"
      },
      "ResponseBody": null
    },
    {
      "RequestUri": "https://amltest5899420437.blob.core.windows.net/azureml-blobstore-0bdd51b6-cd9c-4978-b870-99997b393b81/LocalUpload/00000000000000000000000000000000/simple_train.py?comp=metadata",
      "RequestMethod": "PUT",
      "RequestHeaders": {
        "Accept": "application/xml",
        "Accept-Encoding": "gzip, deflate",
        "Connection": "keep-alive",
        "Content-Length": "0",
        "User-Agent": "azsdk-python-storage-blob/12.16.0 Python/3.8.12 (Windows-10-10.0.22621-SP0)",
        "x-ms-date": "Tue, 31 Oct 2023 03:44:23 GMT",
        "x-ms-meta-name": "test_381065202947",
        "x-ms-meta-upload_status": "completed",
        "x-ms-meta-version": "1",
        "x-ms-version": "2022-11-02"
      },
      "RequestBody": null,
      "StatusCode": 200,
      "ResponseHeaders": {
        "Content-Length": "0",
        "Date": "Tue, 31 Oct 2023 03:44:23 GMT",
        "ETag": "\u00220x8DBD9C3AC821C31\u0022",
        "Last-Modified": "Tue, 31 Oct 2023 03:44:23 GMT",
        "Server": [
          "Windows-Azure-Blob/1.0",
          "Microsoft-HTTPAPI/2.0"
        ],
        "x-ms-request-server-encrypted": "true",
        "x-ms-version": "2022-11-02"
      },
      "ResponseBody": null
    },
    {
      "RequestUri": "https://management.azure.com/subscriptions/00000000-0000-0000-0000-000000000/resourceGroups/00000/providers/Microsoft.MachineLearningServices/workspaces/00000/data/test_381065202947/versions/1?api-version=2023-04-01-preview",
      "RequestMethod": "PUT",
      "RequestHeaders": {
        "Accept": "application/json",
        "Accept-Encoding": "gzip, deflate",
        "Connection": "keep-alive",
        "Content-Length": "275",
        "Content-Type": "application/json",
        "User-Agent": "azure-ai-ml/1.12.0 azsdk-python-mgmt-machinelearningservices/0.1.0 Python/3.8.12 (Windows-10-10.0.22621-SP0)"
      },
      "RequestBody": {
        "properties": {
          "description": "this is a test dataset",
          "properties": {},
          "tags": {},
          "isAnonymous": false,
          "isArchived": false,
          "dataType": "uri_file",
          "dataUri": "azureml://datastores/workspaceblobstore/paths/LocalUpload/00000000000000000000000000000000/simple_train.py"
        }
      },
      "StatusCode": 201,
      "ResponseHeaders": {
        "Cache-Control": "no-cache",
        "Content-Length": "943",
        "Content-Type": "application/json; charset=utf-8",
        "Date": "Tue, 31 Oct 2023 03:44:25 GMT",
        "Expires": "-1",
        "Location": "https://management.azure.com/subscriptions/00000000-0000-0000-0000-000000000/resourceGroups/00000/providers/Microsoft.MachineLearningServices/workspaces/00000/data/test_381065202947/versions/1?api-version=2023-04-01-preview",
        "Pragma": "no-cache",
        "Request-Context": "appId=cid-v1:2d2e8e63-272e-4b3c-8598-4ee570a0e70d",
        "Strict-Transport-Security": "max-age=31536000; includeSubDomains",
        "x-aml-cluster": "vienna-eastus2-01",
        "X-Content-Type-Options": "nosniff",
        "x-ms-correlation-request-id": "cb9fa876-c2ec-469e-b341-ce5ba48af497",
        "x-ms-ratelimit-remaining-subscription-writes": "1198",
        "x-ms-response-type": "standard",
        "x-ms-routing-request-id": "JAPANEAST:20231031T034425Z:cb9fa876-c2ec-469e-b341-ce5ba48af497",
        "x-request-time": "0.628"
      },
      "ResponseBody": {
        "id": "/subscriptions/00000000-0000-0000-0000-000000000/resourceGroups/00000/providers/Microsoft.MachineLearningServices/workspaces/00000/data/test_381065202947/versions/1",
        "name": "1",
        "type": "Microsoft.MachineLearningServices/workspaces/data/versions",
        "properties": {
          "description": "this is a test dataset",
          "tags": {},
          "properties": {},
          "isArchived": false,
          "isAnonymous": false,
          "autoDeleteSetting": null,
          "dataUri": "azureml://subscriptions/00000000-0000-0000-0000-000000000/resourcegroups/00000/workspaces/00000/datastores/workspaceblobstore/paths/LocalUpload/00000000000000000000000000000000/simple_train.py",
          "stage": null,
          "intellectualProperty": null,
          "dataType": "uri_file"
        },
        "systemData": {
          "createdAt": "2023-10-31T03:44:24.9537423\u002B00:00",
          "createdBy": "Chenyang Zhang",
          "createdByType": "User",
          "lastModifiedAt": "2023-10-31T03:44:24.9611713\u002B00:00"
        }
      }
    },
    {
      "RequestUri": "https://management.azure.com/subscriptions/00000000-0000-0000-0000-000000000/resourceGroups/00000/providers/Microsoft.MachineLearningServices/workspaces/00000/datastores/workspaceblobstore?api-version=2023-04-01-preview",
      "RequestMethod": "GET",
      "RequestHeaders": {
        "Accept": "application/json",
        "Accept-Encoding": "gzip, deflate",
        "Connection": "keep-alive",
        "User-Agent": "azure-ai-ml/1.12.0 azsdk-python-mgmt-machinelearningservices/0.1.0 Python/3.8.12 (Windows-10-10.0.22621-SP0)"
      },
      "RequestBody": null,
      "StatusCode": 200,
      "ResponseHeaders": {
        "Cache-Control": "no-cache",
        "Content-Encoding": "gzip",
        "Content-Type": "application/json; charset=utf-8",
        "Date": "Tue, 31 Oct 2023 03:44:25 GMT",
        "Expires": "-1",
        "Pragma": "no-cache",
        "Request-Context": "appId=cid-v1:2d2e8e63-272e-4b3c-8598-4ee570a0e70d",
        "Strict-Transport-Security": "max-age=31536000; includeSubDomains",
        "Transfer-Encoding": "chunked",
        "Vary": [
          "Accept-Encoding",
          "Accept-Encoding"
        ],
        "x-aml-cluster": "vienna-eastus2-01",
        "X-Content-Type-Options": "nosniff",
        "x-ms-correlation-request-id": "5b152771-4c47-4244-be60-fc055c91400d",
        "x-ms-ratelimit-remaining-subscription-reads": "11995",
        "x-ms-response-type": "standard",
        "x-ms-routing-request-id": "JAPANEAST:20231031T034425Z:5b152771-4c47-4244-be60-fc055c91400d",
        "x-request-time": "0.072"
      },
      "ResponseBody": {
        "id": "/subscriptions/00000000-0000-0000-0000-000000000/resourceGroups/00000/providers/Microsoft.MachineLearningServices/workspaces/00000/datastores/workspaceblobstore",
        "name": "workspaceblobstore",
        "type": "Microsoft.MachineLearningServices/workspaces/datastores",
        "properties": {
          "description": null,
          "tags": null,
          "properties": null,
          "isDefault": true,
          "credentials": {
            "credentialsType": "AccountKey"
          },
          "intellectualProperty": null,
          "subscriptionId": "00000000-0000-0000-0000-000000000",
          "resourceGroup": "00000",
          "datastoreType": "AzureBlob",
          "accountName": "amltest5899420437",
          "containerName": "azureml-blobstore-0bdd51b6-cd9c-4978-b870-99997b393b81",
          "endpoint": "core.windows.net",
          "protocol": "https",
          "serviceDataAccessAuthIdentity": "WorkspaceSystemAssignedIdentity"
        },
        "systemData": {
          "createdAt": "2023-05-19T09:41:55.3790868\u002B00:00",
          "createdBy": "779301c0-18b2-4cdc-801b-a0a3368fee0a",
          "createdByType": "Application",
          "lastModifiedAt": "2023-05-19T09:41:56.0641774\u002B00:00",
          "lastModifiedBy": "779301c0-18b2-4cdc-801b-a0a3368fee0a",
          "lastModifiedByType": "Application"
        }
      }
    },
    {
      "RequestUri": "https://management.azure.com/subscriptions/00000000-0000-0000-0000-000000000/resourceGroups/00000/providers/Microsoft.MachineLearningServices/workspaces/00000/datastores/workspaceblobstore/listSecrets?api-version=2023-04-01-preview",
      "RequestMethod": "POST",
      "RequestHeaders": {
        "Accept": "application/json",
        "Accept-Encoding": "gzip, deflate",
        "Connection": "keep-alive",
        "Content-Length": "0",
        "User-Agent": "azure-ai-ml/1.12.0 azsdk-python-mgmt-machinelearningservices/0.1.0 Python/3.8.12 (Windows-10-10.0.22621-SP0)"
      },
      "RequestBody": null,
      "StatusCode": 200,
      "ResponseHeaders": {
        "Cache-Control": "no-cache",
        "Content-Encoding": "gzip",
        "Content-Type": "application/json; charset=utf-8",
        "Date": "Tue, 31 Oct 2023 03:44:26 GMT",
        "Expires": "-1",
        "Pragma": "no-cache",
        "Request-Context": "appId=cid-v1:2d2e8e63-272e-4b3c-8598-4ee570a0e70d",
        "Strict-Transport-Security": "max-age=31536000; includeSubDomains",
        "Transfer-Encoding": "chunked",
        "Vary": "Accept-Encoding",
        "x-aml-cluster": "vienna-eastus2-01",
        "X-Content-Type-Options": "nosniff",
        "x-ms-correlation-request-id": "d748a308-3e78-4570-8e21-eac8dc0c2bf5",
        "x-ms-ratelimit-remaining-subscription-writes": "1197",
        "x-ms-response-type": "standard",
        "x-ms-routing-request-id": "JAPANEAST:20231031T034426Z:d748a308-3e78-4570-8e21-eac8dc0c2bf5",
        "x-request-time": "0.154"
      },
      "ResponseBody": {
        "secretsType": "AccountKey",
        "key": "dGhpcyBpcyBmYWtlIGtleQ=="
      }
    },
    {
      "RequestUri": "https://amltest5899420437.blob.core.windows.net/azureml-blobstore-0bdd51b6-cd9c-4978-b870-99997b393b81/LocalUpload/00000000000000000000000000000000/simple_train.py",
      "RequestMethod": "HEAD",
      "RequestHeaders": {
        "Accept": "application/xml",
        "Accept-Encoding": "gzip, deflate",
        "Connection": "keep-alive",
        "User-Agent": "azsdk-python-storage-blob/12.16.0 Python/3.8.12 (Windows-10-10.0.22621-SP0)",
        "x-ms-date": "Tue, 31 Oct 2023 03:44:26 GMT",
        "x-ms-version": "2022-11-02"
      },
      "RequestBody": null,
      "StatusCode": 200,
      "ResponseHeaders": {
        "Accept-Ranges": "bytes",
        "Content-Length": "1010",
        "Content-MD5": "CJ5ufDE5SUpMppnKB03iOg==",
        "Content-Type": "application/octet-stream",
        "Date": "Tue, 31 Oct 2023 03:44:25 GMT",
        "ETag": "\u00220x8DBD9C3AC821C31\u0022",
        "Last-Modified": "Tue, 31 Oct 2023 03:44:23 GMT",
        "Server": [
          "Windows-Azure-Blob/1.0",
          "Microsoft-HTTPAPI/2.0"
        ],
        "Vary": "Origin",
        "x-ms-access-tier": "Hot",
        "x-ms-access-tier-inferred": "true",
        "x-ms-blob-type": "BlockBlob",
        "x-ms-creation-time": "Tue, 31 Oct 2023 03:44:23 GMT",
        "x-ms-lease-state": "available",
        "x-ms-lease-status": "unlocked",
        "x-ms-meta-name": "test_381065202947",
        "x-ms-meta-upload_status": "completed",
        "x-ms-meta-version": "1",
        "x-ms-server-encrypted": "true",
        "x-ms-version": "2022-11-02"
      },
      "ResponseBody": null
    },
    {
      "RequestUri": "https://amltest5899420437.blob.core.windows.net/azureml-blobstore-0bdd51b6-cd9c-4978-b870-99997b393b81/az-ml-artifacts/00000000000000000000000000000000/simple_train.py",
      "RequestMethod": "HEAD",
      "RequestHeaders": {
        "Accept": "application/xml",
        "Accept-Encoding": "gzip, deflate",
        "Connection": "keep-alive",
        "User-Agent": "azsdk-python-storage-blob/12.16.0 Python/3.8.12 (Windows-10-10.0.22621-SP0)",
        "x-ms-date": "Tue, 31 Oct 2023 03:44:26 GMT",
        "x-ms-version": "2022-11-02"
      },
      "RequestBody": null,
      "StatusCode": 404,
      "ResponseHeaders": {
        "Date": "Tue, 31 Oct 2023 03:44:26 GMT",
        "Server": [
          "Windows-Azure-Blob/1.0",
          "Microsoft-HTTPAPI/2.0"
        ],
        "Transfer-Encoding": "chunked",
        "Vary": "Origin",
        "x-ms-error-code": "BlobNotFound",
        "x-ms-version": "2022-11-02"
      },
      "ResponseBody": null
    },
    {
      "RequestUri": "https://management.azure.com/subscriptions/00000000-0000-0000-0000-000000000/resourceGroups/00000/providers/Microsoft.MachineLearningServices/workspaces/00000/data/test_381065202947/versions/2?api-version=2023-04-01-preview",
      "RequestMethod": "PUT",
      "RequestHeaders": {
        "Accept": "application/json",
        "Accept-Encoding": "gzip, deflate",
        "Connection": "keep-alive",
        "Content-Length": "275",
        "Content-Type": "application/json",
        "User-Agent": "azure-ai-ml/1.12.0 azsdk-python-mgmt-machinelearningservices/0.1.0 Python/3.8.12 (Windows-10-10.0.22621-SP0)"
      },
      "RequestBody": {
        "properties": {
          "description": "this is a test dataset",
          "properties": {},
          "tags": {},
          "isAnonymous": false,
          "isArchived": false,
          "dataType": "uri_file",
          "dataUri": "azureml://datastores/workspaceblobstore/paths/LocalUpload/00000000000000000000000000000000/simple_train.py"
        }
      },
      "StatusCode": 201,
      "ResponseHeaders": {
        "Cache-Control": "no-cache",
        "Content-Length": "943",
        "Content-Type": "application/json; charset=utf-8",
        "Date": "Tue, 31 Oct 2023 03:44:27 GMT",
        "Expires": "-1",
        "Location": "https://management.azure.com/subscriptions/00000000-0000-0000-0000-000000000/resourceGroups/00000/providers/Microsoft.MachineLearningServices/workspaces/00000/data/test_381065202947/versions/2?api-version=2023-04-01-preview",
        "Pragma": "no-cache",
        "Request-Context": "appId=cid-v1:2d2e8e63-272e-4b3c-8598-4ee570a0e70d",
        "Strict-Transport-Security": "max-age=31536000; includeSubDomains",
        "x-aml-cluster": "vienna-eastus2-01",
        "X-Content-Type-Options": "nosniff",
        "x-ms-correlation-request-id": "01cdf507-28e2-4a5c-aefc-fcb20ea60617",
        "x-ms-ratelimit-remaining-subscription-writes": "1197",
        "x-ms-response-type": "standard",
        "x-ms-routing-request-id": "JAPANEAST:20231031T034427Z:01cdf507-28e2-4a5c-aefc-fcb20ea60617",
        "x-request-time": "0.153"
      },
      "ResponseBody": {
        "id": "/subscriptions/00000000-0000-0000-0000-000000000/resourceGroups/00000/providers/Microsoft.MachineLearningServices/workspaces/00000/data/test_381065202947/versions/2",
        "name": "2",
        "type": "Microsoft.MachineLearningServices/workspaces/data/versions",
        "properties": {
          "description": "this is a test dataset",
          "tags": {},
          "properties": {},
          "isArchived": false,
          "isAnonymous": false,
          "autoDeleteSetting": null,
          "dataUri": "azureml://subscriptions/00000000-0000-0000-0000-000000000/resourcegroups/00000/workspaces/00000/datastores/workspaceblobstore/paths/LocalUpload/00000000000000000000000000000000/simple_train.py",
          "stage": null,
          "intellectualProperty": null,
          "dataType": "uri_file"
        },
        "systemData": {
          "createdAt": "2023-10-31T03:44:27.2343202\u002B00:00",
          "createdBy": "Chenyang Zhang",
          "createdByType": "User",
          "lastModifiedAt": "2023-10-31T03:44:27.2470174\u002B00:00"
        }
      }
    },
    {
      "RequestUri": "https://management.azure.com/subscriptions/00000000-0000-0000-0000-000000000/resourceGroups/00000/providers/Microsoft.MachineLearningServices/workspaces/00000/data/test_381065202947/versions?api-version=2023-04-01-preview\u0026listViewType=ActiveOnly",
      "RequestMethod": "GET",
      "RequestHeaders": {
        "Accept": "application/json",
        "Accept-Encoding": "gzip, deflate",
        "Connection": "keep-alive",
        "User-Agent": "azure-ai-ml/1.12.0 azsdk-python-mgmt-machinelearningservices/0.1.0 Python/3.8.12 (Windows-10-10.0.22621-SP0)"
      },
      "RequestBody": null,
      "StatusCode": 200,
      "ResponseHeaders": {
        "Cache-Control": "no-cache",
        "Content-Encoding": "gzip",
        "Content-Type": "application/json; charset=utf-8",
        "Date": "Tue, 31 Oct 2023 03:44:57 GMT",
        "Expires": "-1",
        "Pragma": "no-cache",
        "Request-Context": "appId=cid-v1:2d2e8e63-272e-4b3c-8598-4ee570a0e70d",
        "Strict-Transport-Security": "max-age=31536000; includeSubDomains",
        "Transfer-Encoding": "chunked",
        "Vary": [
          "Accept-Encoding",
          "Accept-Encoding"
        ],
        "x-aml-cluster": "vienna-eastus2-01",
        "X-Content-Type-Options": "nosniff",
        "x-ms-correlation-request-id": "1752419e-262e-4484-8981-08df77af5107",
        "x-ms-ratelimit-remaining-subscription-reads": "11994",
        "x-ms-response-type": "standard",
        "x-ms-routing-request-id": "JAPANEAST:20231031T034457Z:1752419e-262e-4484-8981-08df77af5107",
        "x-request-time": "0.089"
      },
      "ResponseBody": {
        "value": [
          {
            "id": "/subscriptions/00000000-0000-0000-0000-000000000/resourceGroups/00000/providers/Microsoft.MachineLearningServices/workspaces/00000/data/test_381065202947/versions/2",
            "name": "2",
            "type": "Microsoft.MachineLearningServices/workspaces/data/versions",
            "properties": {
              "description": "this is a test dataset",
              "tags": {},
              "properties": {},
              "isArchived": false,
              "isAnonymous": false,
              "autoDeleteSetting": null,
              "dataUri": "azureml://subscriptions/00000000-0000-0000-0000-000000000/resourcegroups/00000/workspaces/00000/datastores/workspaceblobstore/paths/LocalUpload/00000000000000000000000000000000/simple_train.py",
              "stage": null,
              "intellectualProperty": null,
              "dataType": "uri_file"
            },
            "systemData": {
              "createdAt": "2023-10-31T03:44:27.2343202\u002B00:00",
              "createdBy": "Chenyang Zhang",
              "createdByType": "User",
              "lastModifiedAt": "2023-10-31T03:44:27.2470174\u002B00:00"
            }
          },
          {
            "id": "/subscriptions/00000000-0000-0000-0000-000000000/resourceGroups/00000/providers/Microsoft.MachineLearningServices/workspaces/00000/data/test_381065202947/versions/1",
            "name": "1",
            "type": "Microsoft.MachineLearningServices/workspaces/data/versions",
            "properties": {
              "description": "this is a test dataset",
              "tags": {},
              "properties": {},
              "isArchived": false,
              "isAnonymous": false,
              "autoDeleteSetting": null,
              "dataUri": "azureml://subscriptions/00000000-0000-0000-0000-000000000/resourcegroups/00000/workspaces/00000/datastores/workspaceblobstore/paths/LocalUpload/00000000000000000000000000000000/simple_train.py",
              "stage": null,
              "intellectualProperty": null,
              "dataType": "uri_file"
            },
            "systemData": {
              "createdAt": "2023-10-31T03:44:24.9537423\u002B00:00",
              "createdBy": "Chenyang Zhang",
              "createdByType": "User",
              "lastModifiedAt": "2023-10-31T03:44:24.9611713\u002B00:00"
            }
          }
        ]
      }
    },
    {
      "RequestUri": "https://management.azure.com/subscriptions/00000000-0000-0000-0000-000000000/resourceGroups/00000/providers/Microsoft.MachineLearningServices/workspaces/00000/data/test_381065202947/versions/1?api-version=2023-04-01-preview",
      "RequestMethod": "GET",
      "RequestHeaders": {
        "Accept": "application/json",
        "Accept-Encoding": "gzip, deflate",
        "Connection": "keep-alive",
        "User-Agent": "azure-ai-ml/1.12.0 azsdk-python-mgmt-machinelearningservices/0.1.0 Python/3.8.12 (Windows-10-10.0.22621-SP0)"
      },
      "RequestBody": null,
      "StatusCode": 200,
      "ResponseHeaders": {
        "Cache-Control": "no-cache",
        "Content-Encoding": "gzip",
        "Content-Type": "application/json; charset=utf-8",
        "Date": "Tue, 31 Oct 2023 03:44:57 GMT",
        "Expires": "-1",
        "Pragma": "no-cache",
        "Request-Context": "appId=cid-v1:2d2e8e63-272e-4b3c-8598-4ee570a0e70d",
        "Strict-Transport-Security": "max-age=31536000; includeSubDomains",
        "Transfer-Encoding": "chunked",
        "Vary": [
          "Accept-Encoding",
          "Accept-Encoding"
        ],
        "x-aml-cluster": "vienna-eastus2-01",
        "X-Content-Type-Options": "nosniff",
        "x-ms-correlation-request-id": "4cb2f42f-12d4-4219-8784-bf48f3342c1f",
        "x-ms-ratelimit-remaining-subscription-reads": "11993",
        "x-ms-response-type": "standard",
        "x-ms-routing-request-id": "JAPANEAST:20231031T034458Z:4cb2f42f-12d4-4219-8784-bf48f3342c1f",
        "x-request-time": "0.037"
      },
      "ResponseBody": {
        "id": "/subscriptions/00000000-0000-0000-0000-000000000/resourceGroups/00000/providers/Microsoft.MachineLearningServices/workspaces/00000/data/test_381065202947/versions/1",
        "name": "1",
        "type": "Microsoft.MachineLearningServices/workspaces/data/versions",
        "properties": {
          "description": "this is a test dataset",
          "tags": {},
          "properties": {},
          "isArchived": false,
          "isAnonymous": false,
          "autoDeleteSetting": null,
          "dataUri": "azureml://subscriptions/00000000-0000-0000-0000-000000000/resourcegroups/00000/workspaces/00000/datastores/workspaceblobstore/paths/LocalUpload/00000000000000000000000000000000/simple_train.py",
          "stage": null,
          "intellectualProperty": null,
          "dataType": "uri_file"
        },
        "systemData": {
          "createdAt": "2023-10-31T03:44:24.9537423\u002B00:00",
          "createdBy": "Chenyang Zhang",
          "createdByType": "User",
          "lastModifiedAt": "2023-10-31T03:44:24.9611713\u002B00:00"
        }
      }
    },
    {
      "RequestUri": "https://management.azure.com/subscriptions/00000000-0000-0000-0000-000000000/resourceGroups/00000/providers/Microsoft.MachineLearningServices/workspaces/00000/data/test_381065202947/versions/1?api-version=2023-04-01-preview",
      "RequestMethod": "PUT",
      "RequestHeaders": {
        "Accept": "application/json",
        "Accept-Encoding": "gzip, deflate",
        "Connection": "keep-alive",
        "Content-Length": "360",
        "Content-Type": "application/json",
        "User-Agent": "azure-ai-ml/1.12.0 azsdk-python-mgmt-machinelearningservices/0.1.0 Python/3.8.12 (Windows-10-10.0.22621-SP0)"
      },
      "RequestBody": {
        "properties": {
          "description": "this is a test dataset",
          "properties": {},
          "tags": {},
          "isAnonymous": false,
          "isArchived": true,
          "dataType": "uri_file",
          "dataUri": "azureml://subscriptions/00000000-0000-0000-0000-000000000/resourcegroups/00000/workspaces/00000/datastores/workspaceblobstore/paths/LocalUpload/00000000000000000000000000000000/simple_train.py"
        }
      },
      "StatusCode": 200,
      "ResponseHeaders": {
        "Cache-Control": "no-cache",
        "Content-Encoding": "gzip",
        "Content-Type": "application/json; charset=utf-8",
        "Date": "Tue, 31 Oct 2023 03:44:58 GMT",
        "Expires": "-1",
        "Pragma": "no-cache",
        "Request-Context": "appId=cid-v1:2d2e8e63-272e-4b3c-8598-4ee570a0e70d",
        "Strict-Transport-Security": "max-age=31536000; includeSubDomains",
        "Transfer-Encoding": "chunked",
        "Vary": [
          "Accept-Encoding",
          "Accept-Encoding"
        ],
        "x-aml-cluster": "vienna-eastus2-01",
        "X-Content-Type-Options": "nosniff",
        "x-ms-correlation-request-id": "95f295c2-6184-4148-abd4-752b402c5c22",
        "x-ms-ratelimit-remaining-subscription-writes": "1196",
        "x-ms-response-type": "standard",
        "x-ms-routing-request-id": "JAPANEAST:20231031T034459Z:95f295c2-6184-4148-abd4-752b402c5c22",
        "x-request-time": "0.108"
      },
      "ResponseBody": {
        "id": "/subscriptions/00000000-0000-0000-0000-000000000/resourceGroups/00000/providers/Microsoft.MachineLearningServices/workspaces/00000/data/test_381065202947/versions/1",
        "name": "1",
        "type": "Microsoft.MachineLearningServices/workspaces/data/versions",
        "properties": {
          "description": "this is a test dataset",
          "tags": {},
          "properties": {},
          "isArchived": true,
          "isAnonymous": false,
          "autoDeleteSetting": null,
          "dataUri": "azureml://subscriptions/00000000-0000-0000-0000-000000000/resourcegroups/00000/workspaces/00000/datastores/workspaceblobstore/paths/LocalUpload/00000000000000000000000000000000/simple_train.py",
          "stage": null,
          "intellectualProperty": null,
          "dataType": "uri_file"
        },
        "systemData": {
          "createdAt": "2023-10-31T03:44:24.9537423\u002B00:00",
          "createdBy": "Chenyang Zhang",
          "createdByType": "User",
          "lastModifiedAt": "2023-10-31T03:44:58.8961257\u002B00:00",
          "lastModifiedBy": "Chenyang Zhang",
          "lastModifiedByType": "User"
        }
      }
    },
    {
      "RequestUri": "https://management.azure.com/subscriptions/00000000-0000-0000-0000-000000000/resourceGroups/00000/providers/Microsoft.MachineLearningServices/workspaces/00000/data/test_381065202947/versions?api-version=2023-04-01-preview\u0026listViewType=ActiveOnly",
      "RequestMethod": "GET",
      "RequestHeaders": {
        "Accept": "application/json",
        "Accept-Encoding": "gzip, deflate",
        "Connection": "keep-alive",
        "User-Agent": "azure-ai-ml/1.12.0 azsdk-python-mgmt-machinelearningservices/0.1.0 Python/3.8.12 (Windows-10-10.0.22621-SP0)"
      },
      "RequestBody": null,
      "StatusCode": 200,
      "ResponseHeaders": {
        "Cache-Control": "no-cache",
        "Content-Encoding": "gzip",
        "Content-Type": "application/json; charset=utf-8",
        "Date": "Tue, 31 Oct 2023 03:45:28 GMT",
        "Expires": "-1",
        "Pragma": "no-cache",
        "Request-Context": "appId=cid-v1:2d2e8e63-272e-4b3c-8598-4ee570a0e70d",
        "Strict-Transport-Security": "max-age=31536000; includeSubDomains",
        "Transfer-Encoding": "chunked",
        "Vary": [
          "Accept-Encoding",
          "Accept-Encoding"
        ],
        "x-aml-cluster": "vienna-eastus2-01",
        "X-Content-Type-Options": "nosniff",
        "x-ms-correlation-request-id": "8442fa54-74e3-4f18-b734-e57677feb958",
        "x-ms-ratelimit-remaining-subscription-reads": "11992",
        "x-ms-response-type": "standard",
        "x-ms-routing-request-id": "JAPANEAST:20231031T034529Z:8442fa54-74e3-4f18-b734-e57677feb958",
        "x-request-time": "0.120"
      },
      "ResponseBody": {
        "value": [
          {
            "id": "/subscriptions/00000000-0000-0000-0000-000000000/resourceGroups/00000/providers/Microsoft.MachineLearningServices/workspaces/00000/data/test_381065202947/versions/2",
            "name": "2",
            "type": "Microsoft.MachineLearningServices/workspaces/data/versions",
            "properties": {
              "description": "this is a test dataset",
              "tags": {},
              "properties": {},
              "isArchived": false,
              "isAnonymous": false,
              "autoDeleteSetting": null,
              "dataUri": "azureml://subscriptions/00000000-0000-0000-0000-000000000/resourcegroups/00000/workspaces/00000/datastores/workspaceblobstore/paths/LocalUpload/00000000000000000000000000000000/simple_train.py",
              "stage": null,
              "intellectualProperty": null,
              "dataType": "uri_file"
            },
            "systemData": {
              "createdAt": "2023-10-31T03:44:27.2343202\u002B00:00",
              "createdBy": "Chenyang Zhang",
              "createdByType": "User",
              "lastModifiedAt": "2023-10-31T03:44:27.2470174\u002B00:00"
            }
          }
        ]
      }
    },
    {
      "RequestUri": "https://management.azure.com/subscriptions/00000000-0000-0000-0000-000000000/resourceGroups/00000/providers/Microsoft.MachineLearningServices/workspaces/00000/data/test_381065202947/versions/1?api-version=2023-04-01-preview",
      "RequestMethod": "GET",
      "RequestHeaders": {
        "Accept": "application/json",
        "Accept-Encoding": "gzip, deflate",
        "Connection": "keep-alive",
        "User-Agent": "azure-ai-ml/1.12.0 azsdk-python-mgmt-machinelearningservices/0.1.0 Python/3.8.12 (Windows-10-10.0.22621-SP0)"
      },
      "RequestBody": null,
      "StatusCode": 200,
      "ResponseHeaders": {
        "Cache-Control": "no-cache",
        "Content-Encoding": "gzip",
        "Content-Type": "application/json; charset=utf-8",
        "Date": "Tue, 31 Oct 2023 03:45:29 GMT",
        "Expires": "-1",
        "Pragma": "no-cache",
        "Request-Context": "appId=cid-v1:2d2e8e63-272e-4b3c-8598-4ee570a0e70d",
        "Strict-Transport-Security": "max-age=31536000; includeSubDomains",
        "Transfer-Encoding": "chunked",
        "Vary": [
          "Accept-Encoding",
          "Accept-Encoding"
        ],
        "x-aml-cluster": "vienna-eastus2-01",
        "X-Content-Type-Options": "nosniff",
        "x-ms-correlation-request-id": "e257fd0e-f03c-49d8-ac9f-7ee9c27fe757",
        "x-ms-ratelimit-remaining-subscription-reads": "11991",
        "x-ms-response-type": "standard",
        "x-ms-routing-request-id": "JAPANEAST:20231031T034530Z:e257fd0e-f03c-49d8-ac9f-7ee9c27fe757",
        "x-request-time": "0.030"
      },
      "ResponseBody": {
        "id": "/subscriptions/00000000-0000-0000-0000-000000000/resourceGroups/00000/providers/Microsoft.MachineLearningServices/workspaces/00000/data/test_381065202947/versions/1",
        "name": "1",
        "type": "Microsoft.MachineLearningServices/workspaces/data/versions",
        "properties": {
          "description": "this is a test dataset",
          "tags": {},
          "properties": {},
          "isArchived": true,
          "isAnonymous": false,
          "autoDeleteSetting": null,
          "dataUri": "azureml://subscriptions/00000000-0000-0000-0000-000000000/resourcegroups/00000/workspaces/00000/datastores/workspaceblobstore/paths/LocalUpload/00000000000000000000000000000000/simple_train.py",
          "stage": null,
          "intellectualProperty": null,
          "dataType": "uri_file"
        },
        "systemData": {
          "createdAt": "2023-10-31T03:44:24.9537423\u002B00:00",
          "createdBy": "Chenyang Zhang",
          "createdByType": "User",
          "lastModifiedAt": "2023-10-31T03:44:58.8961257\u002B00:00",
          "lastModifiedBy": "Chenyang Zhang",
          "lastModifiedByType": "User"
        }
      }
    },
    {
      "RequestUri": "https://management.azure.com/subscriptions/00000000-0000-0000-0000-000000000/resourceGroups/00000/providers/Microsoft.MachineLearningServices/workspaces/00000/data/test_381065202947/versions/1?api-version=2023-04-01-preview",
      "RequestMethod": "PUT",
      "RequestHeaders": {
        "Accept": "application/json",
        "Accept-Encoding": "gzip, deflate",
        "Connection": "keep-alive",
        "Content-Length": "361",
        "Content-Type": "application/json",
        "User-Agent": "azure-ai-ml/1.12.0 azsdk-python-mgmt-machinelearningservices/0.1.0 Python/3.8.12 (Windows-10-10.0.22621-SP0)"
      },
      "RequestBody": {
        "properties": {
          "description": "this is a test dataset",
          "properties": {},
          "tags": {},
          "isAnonymous": false,
          "isArchived": false,
          "dataType": "uri_file",
          "dataUri": "azureml://subscriptions/00000000-0000-0000-0000-000000000/resourcegroups/00000/workspaces/00000/datastores/workspaceblobstore/paths/LocalUpload/00000000000000000000000000000000/simple_train.py"
        }
      },
      "StatusCode": 200,
      "ResponseHeaders": {
        "Cache-Control": "no-cache",
        "Content-Encoding": "gzip",
        "Content-Type": "application/json; charset=utf-8",
        "Date": "Tue, 31 Oct 2023 03:45:29 GMT",
        "Expires": "-1",
        "Pragma": "no-cache",
        "Request-Context": "appId=cid-v1:2d2e8e63-272e-4b3c-8598-4ee570a0e70d",
        "Strict-Transport-Security": "max-age=31536000; includeSubDomains",
        "Transfer-Encoding": "chunked",
        "Vary": [
          "Accept-Encoding",
          "Accept-Encoding"
        ],
        "x-aml-cluster": "vienna-eastus2-01",
        "X-Content-Type-Options": "nosniff",
        "x-ms-correlation-request-id": "2d1aa1ac-36ab-4506-9fbc-754e23ab14f2",
        "x-ms-ratelimit-remaining-subscription-writes": "1195",
        "x-ms-response-type": "standard",
        "x-ms-routing-request-id": "JAPANEAST:20231031T034530Z:2d1aa1ac-36ab-4506-9fbc-754e23ab14f2",
        "x-request-time": "0.123"
      },
      "ResponseBody": {
        "id": "/subscriptions/00000000-0000-0000-0000-000000000/resourceGroups/00000/providers/Microsoft.MachineLearningServices/workspaces/00000/data/test_381065202947/versions/1",
        "name": "1",
        "type": "Microsoft.MachineLearningServices/workspaces/data/versions",
        "properties": {
          "description": "this is a test dataset",
          "tags": {},
          "properties": {},
          "isArchived": false,
          "isAnonymous": false,
          "autoDeleteSetting": null,
          "dataUri": "azureml://subscriptions/00000000-0000-0000-0000-000000000/resourcegroups/00000/workspaces/00000/datastores/workspaceblobstore/paths/LocalUpload/00000000000000000000000000000000/simple_train.py",
          "stage": null,
          "intellectualProperty": null,
          "dataType": "uri_file"
        },
        "systemData": {
          "createdAt": "2023-10-31T03:44:24.9537423\u002B00:00",
          "createdBy": "Chenyang Zhang",
          "createdByType": "User",
          "lastModifiedAt": "2023-10-31T03:45:30.5840233\u002B00:00",
          "lastModifiedBy": "Chenyang Zhang",
          "lastModifiedByType": "User"
        }
      }
    },
    {
      "RequestUri": "https://management.azure.com/subscriptions/00000000-0000-0000-0000-000000000/resourceGroups/00000/providers/Microsoft.MachineLearningServices/workspaces/00000/data/test_381065202947/versions?api-version=2023-04-01-preview\u0026listViewType=ActiveOnly",
      "RequestMethod": "GET",
      "RequestHeaders": {
        "Accept": "application/json",
        "Accept-Encoding": "gzip, deflate",
        "Connection": "keep-alive",
        "User-Agent": "azure-ai-ml/1.12.0 azsdk-python-mgmt-machinelearningservices/0.1.0 Python/3.8.12 (Windows-10-10.0.22621-SP0)"
      },
      "RequestBody": null,
      "StatusCode": 200,
      "ResponseHeaders": {
        "Cache-Control": "no-cache",
        "Content-Encoding": "gzip",
        "Content-Type": "application/json; charset=utf-8",
        "Date": "Tue, 31 Oct 2023 03:46:01 GMT",
        "Expires": "-1",
        "Pragma": "no-cache",
        "Request-Context": "appId=cid-v1:2d2e8e63-272e-4b3c-8598-4ee570a0e70d",
        "Strict-Transport-Security": "max-age=31536000; includeSubDomains",
        "Transfer-Encoding": "chunked",
        "Vary": [
          "Accept-Encoding",
          "Accept-Encoding"
        ],
        "x-aml-cluster": "vienna-eastus2-01",
        "X-Content-Type-Options": "nosniff",
        "x-ms-correlation-request-id": "1bc9a9fb-5c1a-4234-9620-fcb8e98fae91",
        "x-ms-ratelimit-remaining-subscription-reads": "11990",
        "x-ms-response-type": "standard",
        "x-ms-routing-request-id": "JAPANEAST:20231031T034601Z:1bc9a9fb-5c1a-4234-9620-fcb8e98fae91",
        "x-request-time": "0.128"
      },
      "ResponseBody": {
        "value": [
          {
            "id": "/subscriptions/00000000-0000-0000-0000-000000000/resourceGroups/00000/providers/Microsoft.MachineLearningServices/workspaces/00000/data/test_381065202947/versions/2",
            "name": "2",
            "type": "Microsoft.MachineLearningServices/workspaces/data/versions",
            "properties": {
              "description": "this is a test dataset",
              "tags": {},
              "properties": {},
              "isArchived": false,
              "isAnonymous": false,
              "autoDeleteSetting": null,
              "dataUri": "azureml://subscriptions/00000000-0000-0000-0000-000000000/resourcegroups/00000/workspaces/00000/datastores/workspaceblobstore/paths/LocalUpload/00000000000000000000000000000000/simple_train.py",
              "stage": null,
              "intellectualProperty": null,
              "dataType": "uri_file"
            },
            "systemData": {
              "createdAt": "2023-10-31T03:44:27.2343202\u002B00:00",
              "createdBy": "Chenyang Zhang",
              "createdByType": "User",
              "lastModifiedAt": "2023-10-31T03:44:27.2470174\u002B00:00"
            }
          },
          {
            "id": "/subscriptions/00000000-0000-0000-0000-000000000/resourceGroups/00000/providers/Microsoft.MachineLearningServices/workspaces/00000/data/test_381065202947/versions/1",
            "name": "1",
            "type": "Microsoft.MachineLearningServices/workspaces/data/versions",
            "properties": {
              "description": "this is a test dataset",
              "tags": {},
              "properties": {},
              "isArchived": false,
              "isAnonymous": false,
              "autoDeleteSetting": null,
              "dataUri": "azureml://subscriptions/00000000-0000-0000-0000-000000000/resourcegroups/00000/workspaces/00000/datastores/workspaceblobstore/paths/LocalUpload/00000000000000000000000000000000/simple_train.py",
              "stage": null,
              "intellectualProperty": null,
              "dataType": "uri_file"
            },
            "systemData": {
              "createdAt": "2023-10-31T03:44:24.9537423\u002B00:00",
              "createdBy": "Chenyang Zhang",
              "createdByType": "User",
              "lastModifiedAt": "2023-10-31T03:45:30.5840233\u002B00:00",
              "lastModifiedBy": "Chenyang Zhang",
              "lastModifiedByType": "User"
            }
          }
        ]
      }
    }
  ],
  "Variables": {
    "name": "test_381065202947"
  }
}
