{
  "Entries": [
    {
      "RequestUri": "https://myappconfig.azconfig.io/kv/.appconfig.featureflag%2Fname-1355?api-version=2022-11-01-preview\u0026label=label-1",
      "RequestMethod": "PUT",
      "RequestHeaders": {
        "Accept": "application/vnd.microsoft.appconfig.kv\u002Bjson, application/problem\u002Bjson",
        "Accept-Encoding": "gzip, deflate, br",
        "Accept-Language": "en-US",
        "Authorization": "Sanitized",
        "Connection": "keep-alive",
        "Content-Length": "764",
        "Content-Type": "application/vnd.microsoft.appconfig.kv\u002Bjson",
        "If-None-Match": "*",
        "Origin": "http://localhost:9876",
        "Referer": "http://localhost:9876/",
        "sec-ch-ua": "",
        "sec-ch-ua-mobile": "?0",
        "sec-ch-ua-platform": "\u0022\u0022",
        "Sec-Fetch-Dest": "empty",
        "Sec-Fetch-Mode": "cors",
        "Sec-Fetch-Site": "same-site",
        "User-Agent": "Mozilla/5.0 (Windows NT 10.0; Win64; x64) AppleWebKit/537.36 (KHTML, like Gecko) HeadlessChrome/112.0.5614.0 Safari/537.36",
        "x-ms-client-request-id": "7031f6da-229e-45ca-b335-68606eaca2e3",
        "x-ms-content-sha256": "FeQkCkooOtiEqxlAG4NSvYNQ4C8iw/vqaRrHHWFejSM=",
        "x-ms-date": "Fri, 19 May 2023 17:53:34 GMT",
        "x-ms-useragent": "azsdk-js-app-configuration/1.4.1 core-rest-pipeline/1.10.4 OS"
      },
      "RequestBody": {
        "key": ".appconfig.featureflag/name-1355",
        "label": "label-1",
        "content_type": "application/vnd.microsoft.appconfig.ff\u002Bjson;charset=utf-8",
        "value": "{\u0022id\u0022:\u0022name-1355\u0022,\u0022enabled\u0022:false,\u0022description\u0022:\u0022I\u0027m a description\u0022,\u0022conditions\u0022:{\u0022client_filters\u0022:[{\u0022name\u0022:\u0022Microsoft.TimeWindow\u0022,\u0022parameters\u0022:{\u0022Start\u0022:\u0022Wed, 01 May 2019 13:59:59 GMT\u0022,\u0022End\u0022:\u0022Mon, 01 July 2019 00:00:00 GMT\u0022}},{\u0022name\u0022:\u0022FilterX\u0022},{\u0022name\u0022:\u0022Microsoft.Targeting\u0022,\u0022parameters\u0022:{\u0022Audience\u0022:{\u0022Groups\u0022:[{\u0022Name\u0022:\u0022group-1\u0022,\u0022RolloutPercentage\u0022:25},{\u0022Name\u0022:\u0022group-2\u0022,\u0022RolloutPercentage\u0022:45}],\u0022Users\u0022:[\u0022userA\u0022,\u0022userB\u0022],\u0022DefaultRolloutPercentage\u0022:40}}},{\u0022name\u0022:\u0022Microsoft.Percentage\u0022,\u0022parameters\u0022:{\u0022Value\u0022:25}}]},\u0022display_name\u0022:\u0022for display\u0022}"
      },
      "StatusCode": 200,
      "ResponseHeaders": {
        "Access-Control-Allow-Credentials": "true",
        "Access-Control-Allow-Origin": "*",
        "Access-Control-Expose-Headers": "DNT, X-CustomHeader, Keep-Alive, User-Agent, X-Requested-With, If-Modified-Since, Cache-Control, Content-Type, Authorization, x-ms-client-request-id, x-ms-useragent, x-ms-content-sha256, x-ms-date, host, Accept, Accept-Datetime, Date, If-Match, If-None-Match, Sync-Token, x-ms-return-client-request-id, ETag, Last-Modified, Link, Memento-Datetime, retry-after-ms, x-ms-request-id, x-ms-client-session-id, x-ms-effective-locale, WWW-Authenticate, traceparent, tracestate, Operation-Location, Retry-After",
        "Connection": "keep-alive",
        "Content-Type": "application/vnd.microsoft.appconfig.kv\u002Bjson; charset=utf-8",
        "Date": "Fri, 19 May 2023 17:53:34 GMT",
        "ETag": "\u0022vFdsw-rcaw7Hf3acE-KcSjD_TXbC9dOs9DjSALlEfCc\u0022",
        "Last-Modified": "Fri, 19 May 2023 17:53:34 GMT",
        "Server": "openresty/1.21.4.1",
        "Strict-Transport-Security": "max-age=15724800; includeSubDomains",
        "Sync-Token": "zAJw6V16=Mjc6NSM1Mjg5OTY3;sn=5289967",
        "Transfer-Encoding": "chunked",
        "x-ms-correlation-request-id": "d52510b7-7684-49ee-8b3c-8858915070f8",
        "x-ms-request-id": "d52510b7-7684-49ee-8b3c-8858915070f8"
      },
      "ResponseBody": {
        "etag": "vFdsw-rcaw7Hf3acE-KcSjD_TXbC9dOs9DjSALlEfCc",
        "key": ".appconfig.featureflag/name-1355",
        "label": "label-1",
        "content_type": "application/vnd.microsoft.appconfig.ff\u002Bjson;charset=utf-8",
        "value": "{\u0022id\u0022:\u0022name-1355\u0022,\u0022enabled\u0022:false,\u0022description\u0022:\u0022I\u0027m a description\u0022,\u0022conditions\u0022:{\u0022client_filters\u0022:[{\u0022name\u0022:\u0022Microsoft.TimeWindow\u0022,\u0022parameters\u0022:{\u0022Start\u0022:\u0022Wed, 01 May 2019 13:59:59 GMT\u0022,\u0022End\u0022:\u0022Mon, 01 July 2019 00:00:00 GMT\u0022}},{\u0022name\u0022:\u0022FilterX\u0022},{\u0022name\u0022:\u0022Microsoft.Targeting\u0022,\u0022parameters\u0022:{\u0022Audience\u0022:{\u0022Groups\u0022:[{\u0022Name\u0022:\u0022group-1\u0022,\u0022RolloutPercentage\u0022:25},{\u0022Name\u0022:\u0022group-2\u0022,\u0022RolloutPercentage\u0022:45}],\u0022Users\u0022:[\u0022userA\u0022,\u0022userB\u0022],\u0022DefaultRolloutPercentage\u0022:40}}},{\u0022name\u0022:\u0022Microsoft.Percentage\u0022,\u0022parameters\u0022:{\u0022Value\u0022:25}}]},\u0022display_name\u0022:\u0022for display\u0022}",
        "tags": {},
        "locked": false,
        "last_modified": "2023-05-19T17:53:34\u002B00:00"
      }
    },
    {
      "RequestUri": "https://myappconfig.azconfig.io/kv/.appconfig.featureflag%2Fname-1355?api-version=2022-11-01-preview\u0026label=label-1",
      "RequestMethod": "GET",
      "RequestHeaders": {
        "Accept": "application/vnd.microsoft.appconfig.kv\u002Bjson, application/problem\u002Bjson",
        "Accept-Encoding": "gzip, deflate, br",
        "Accept-Language": "en-US",
        "Authorization": "Sanitized",
        "Connection": "keep-alive",
        "Origin": "http://localhost:9876",
        "Referer": "http://localhost:9876/",
        "sec-ch-ua": "",
        "sec-ch-ua-mobile": "?0",
        "sec-ch-ua-platform": "\u0022\u0022",
        "Sec-Fetch-Dest": "empty",
        "Sec-Fetch-Mode": "cors",
        "Sec-Fetch-Site": "same-site",
        "sync-token": "zAJw6V16=Mjc6NSM1Mjg5OTY3",
        "User-Agent": "Mozilla/5.0 (Windows NT 10.0; Win64; x64) AppleWebKit/537.36 (KHTML, like Gecko) HeadlessChrome/112.0.5614.0 Safari/537.36",
        "x-ms-client-request-id": "7dc3a4cf-dee2-46a8-86ca-64931a914c36",
        "x-ms-content-sha256": "47DEQpj8HBSa\u002B/TImW\u002B5JCeuQeRkm5NMpJWZG3hSuFU=",
        "x-ms-date": "Fri, 19 May 2023 17:53:34 GMT",
        "x-ms-useragent": "azsdk-js-app-configuration/1.4.1 core-rest-pipeline/1.10.4 OS"
      },
      "RequestBody": null,
      "StatusCode": 200,
      "ResponseHeaders": {
        "Access-Control-Allow-Credentials": "true",
        "Access-Control-Allow-Origin": "*",
        "Access-Control-Expose-Headers": "DNT, X-CustomHeader, Keep-Alive, User-Agent, X-Requested-With, If-Modified-Since, Cache-Control, Content-Type, Authorization, x-ms-client-request-id, x-ms-useragent, x-ms-content-sha256, x-ms-date, host, Accept, Accept-Datetime, Date, If-Match, If-None-Match, Sync-Token, x-ms-return-client-request-id, ETag, Last-Modified, Link, Memento-Datetime, retry-after-ms, x-ms-request-id, x-ms-client-session-id, x-ms-effective-locale, WWW-Authenticate, traceparent, tracestate, Operation-Location, Retry-After",
        "Connection": "keep-alive",
        "Content-Type": "application/vnd.microsoft.appconfig.kv\u002Bjson; charset=utf-8",
        "Date": "Fri, 19 May 2023 17:53:34 GMT",
        "ETag": "\u0022vFdsw-rcaw7Hf3acE-KcSjD_TXbC9dOs9DjSALlEfCc\u0022",
        "Last-Modified": "Fri, 19 May 2023 17:53:34 GMT",
        "Server": "openresty/1.21.4.1",
        "Strict-Transport-Security": "max-age=15724800; includeSubDomains",
        "Sync-Token": "zAJw6V16=Mjc6NSM1Mjg5OTY3;sn=5289967",
        "Transfer-Encoding": "chunked",
        "x-ms-correlation-request-id": "f0f78f4b-975a-4694-8065-02e64e0439b1",
        "x-ms-request-id": "f0f78f4b-975a-4694-8065-02e64e0439b1"
      },
      "ResponseBody": {
        "etag": "vFdsw-rcaw7Hf3acE-KcSjD_TXbC9dOs9DjSALlEfCc",
        "key": ".appconfig.featureflag/name-1355",
        "label": "label-1",
        "content_type": "application/vnd.microsoft.appconfig.ff\u002Bjson;charset=utf-8",
        "value": "{\u0022id\u0022:\u0022name-1355\u0022,\u0022enabled\u0022:false,\u0022description\u0022:\u0022I\u0027m a description\u0022,\u0022conditions\u0022:{\u0022client_filters\u0022:[{\u0022name\u0022:\u0022Microsoft.TimeWindow\u0022,\u0022parameters\u0022:{\u0022Start\u0022:\u0022Wed, 01 May 2019 13:59:59 GMT\u0022,\u0022End\u0022:\u0022Mon, 01 July 2019 00:00:00 GMT\u0022}},{\u0022name\u0022:\u0022FilterX\u0022},{\u0022name\u0022:\u0022Microsoft.Targeting\u0022,\u0022parameters\u0022:{\u0022Audience\u0022:{\u0022Groups\u0022:[{\u0022Name\u0022:\u0022group-1\u0022,\u0022RolloutPercentage\u0022:25},{\u0022Name\u0022:\u0022group-2\u0022,\u0022RolloutPercentage\u0022:45}],\u0022Users\u0022:[\u0022userA\u0022,\u0022userB\u0022],\u0022DefaultRolloutPercentage\u0022:40}}},{\u0022name\u0022:\u0022Microsoft.Percentage\u0022,\u0022parameters\u0022:{\u0022Value\u0022:25}}]},\u0022display_name\u0022:\u0022for display\u0022}",
        "tags": {},
        "locked": false,
        "last_modified": "2023-05-19T17:53:34\u002B00:00"
      }
    },
    {
      "RequestUri": "https://myappconfig.azconfig.io/kv/.appconfig.featureflag%2Fname-1355?api-version=2022-11-01-preview\u0026label=label-1",
      "RequestMethod": "PUT",
      "RequestHeaders": {
        "Accept": "application/vnd.microsoft.appconfig.kv\u002Bjson, application/problem\u002Bjson",
        "Accept-Encoding": "gzip, deflate, br",
        "Accept-Language": "en-US",
        "Authorization": "Sanitized",
        "Connection": "keep-alive",
        "Content-Length": "869",
        "Content-Type": "application/vnd.microsoft.appconfig.kv\u002Bjson",
        "Origin": "http://localhost:9876",
        "Referer": "http://localhost:9876/",
        "sec-ch-ua": "",
        "sec-ch-ua-mobile": "?0",
        "sec-ch-ua-platform": "\u0022\u0022",
        "Sec-Fetch-Dest": "empty",
        "Sec-Fetch-Mode": "cors",
        "Sec-Fetch-Site": "same-site",
        "sync-token": "zAJw6V16=Mjc6NSM1Mjg5OTY3",
        "User-Agent": "Mozilla/5.0 (Windows NT 10.0; Win64; x64) AppleWebKit/537.36 (KHTML, like Gecko) HeadlessChrome/112.0.5614.0 Safari/537.36",
        "x-ms-client-request-id": "d7bd2807-e10a-46fa-a14a-89588e2d9693",
        "x-ms-content-sha256": "kmbGtLE75dSBKs3QqwE7q8N2W441FIy59uuMF/uvCKw=",
        "x-ms-date": "Fri, 19 May 2023 17:53:34 GMT",
        "x-ms-useragent": "azsdk-js-app-configuration/1.4.1 core-rest-pipeline/1.10.4 OS"
      },
      "RequestBody": {
        "key": ".appconfig.featureflag/name-1355",
        "label": "label-1",
        "content_type": "application/vnd.microsoft.appconfig.ff\u002Bjson;charset=utf-8",
        "value": "{\u0022id\u0022:\u0022name-1355\u0022,\u0022enabled\u0022:true,\u0022description\u0022:\u0022I\u0027m a description\u0022,\u0022conditions\u0022:{\u0022client_filters\u0022:[{\u0022name\u0022:\u0022Microsoft.TimeWindow\u0022,\u0022parameters\u0022:{\u0022Start\u0022:\u0022Wed, 01 May 2019 13:59:59 GMT\u0022,\u0022End\u0022:\u0022Mon, 01 July 2019 00:00:00 GMT\u0022}},{\u0022name\u0022:\u0022FilterX\u0022},{\u0022name\u0022:\u0022Microsoft.Targeting\u0022,\u0022parameters\u0022:{\u0022Audience\u0022:{\u0022Groups\u0022:[{\u0022Name\u0022:\u0022group-1\u0022,\u0022RolloutPercentage\u0022:25},{\u0022Name\u0022:\u0022group-2\u0022,\u0022RolloutPercentage\u0022:45}],\u0022Users\u0022:[\u0022userA\u0022,\u0022userB\u0022],\u0022DefaultRolloutPercentage\u0022:40}}},{\u0022name\u0022:\u0022Microsoft.Percentage\u0022,\u0022parameters\u0022:{\u0022Value\u0022:25}}]},\u0022display_name\u0022:\u0022for display\u0022}",
        "last_modified": "2023-05-19T17:53:34.000Z",
        "tags": {},
        "etag": "vFdsw-rcaw7Hf3acE-KcSjD_TXbC9dOs9DjSALlEfCc"
      },
      "StatusCode": 200,
      "ResponseHeaders": {
        "Access-Control-Allow-Credentials": "true",
        "Access-Control-Allow-Origin": "*",
        "Access-Control-Expose-Headers": "DNT, X-CustomHeader, Keep-Alive, User-Agent, X-Requested-With, If-Modified-Since, Cache-Control, Content-Type, Authorization, x-ms-client-request-id, x-ms-useragent, x-ms-content-sha256, x-ms-date, host, Accept, Accept-Datetime, Date, If-Match, If-None-Match, Sync-Token, x-ms-return-client-request-id, ETag, Last-Modified, Link, Memento-Datetime, retry-after-ms, x-ms-request-id, x-ms-client-session-id, x-ms-effective-locale, WWW-Authenticate, traceparent, tracestate, Operation-Location, Retry-After",
        "Connection": "keep-alive",
        "Content-Type": "application/vnd.microsoft.appconfig.kv\u002Bjson; charset=utf-8",
        "Date": "Fri, 19 May 2023 17:53:35 GMT",
        "ETag": "\u00229UnY8UIIAXZmP5HcEJ0E-1KA1hMVQrb5kxIpxJ1SKT0\u0022",
        "Last-Modified": "Fri, 19 May 2023 17:53:35 GMT",
        "Server": "openresty/1.21.4.1",
        "Strict-Transport-Security": "max-age=15724800; includeSubDomains",
        "Sync-Token": "zAJw6V16=Mjc6NSM1Mjg5OTY4;sn=5289968",
        "Transfer-Encoding": "chunked",
        "x-ms-correlation-request-id": "dcd43c64-33f3-4bf8-9ceb-45ac4c2a2257",
        "x-ms-request-id": "dcd43c64-33f3-4bf8-9ceb-45ac4c2a2257"
      },
      "ResponseBody": {
        "etag": "9UnY8UIIAXZmP5HcEJ0E-1KA1hMVQrb5kxIpxJ1SKT0",
        "key": ".appconfig.featureflag/name-1355",
        "label": "label-1",
        "content_type": "application/vnd.microsoft.appconfig.ff\u002Bjson;charset=utf-8",
        "value": "{\u0022id\u0022:\u0022name-1355\u0022,\u0022enabled\u0022:true,\u0022description\u0022:\u0022I\u0027m a description\u0022,\u0022conditions\u0022:{\u0022client_filters\u0022:[{\u0022name\u0022:\u0022Microsoft.TimeWindow\u0022,\u0022parameters\u0022:{\u0022Start\u0022:\u0022Wed, 01 May 2019 13:59:59 GMT\u0022,\u0022End\u0022:\u0022Mon, 01 July 2019 00:00:00 GMT\u0022}},{\u0022name\u0022:\u0022FilterX\u0022},{\u0022name\u0022:\u0022Microsoft.Targeting\u0022,\u0022parameters\u0022:{\u0022Audience\u0022:{\u0022Groups\u0022:[{\u0022Name\u0022:\u0022group-1\u0022,\u0022RolloutPercentage\u0022:25},{\u0022Name\u0022:\u0022group-2\u0022,\u0022RolloutPercentage\u0022:45}],\u0022Users\u0022:[\u0022userA\u0022,\u0022userB\u0022],\u0022DefaultRolloutPercentage\u0022:40}}},{\u0022name\u0022:\u0022Microsoft.Percentage\u0022,\u0022parameters\u0022:{\u0022Value\u0022:25}}]},\u0022display_name\u0022:\u0022for display\u0022}",
        "tags": {},
        "locked": false,
        "last_modified": "2023-05-19T17:53:35\u002B00:00"
      }
    },
    {
      "RequestUri": "https://myappconfig.azconfig.io/kv/.appconfig.featureflag%2Fname-1355?api-version=2022-11-01-preview\u0026label=label-1",
      "RequestMethod": "GET",
      "RequestHeaders": {
        "Accept": "application/vnd.microsoft.appconfig.kv\u002Bjson, application/problem\u002Bjson",
        "Accept-Encoding": "gzip, deflate, br",
        "Accept-Language": "en-US",
        "Authorization": "Sanitized",
        "Connection": "keep-alive",
        "Origin": "http://localhost:9876",
        "Referer": "http://localhost:9876/",
        "sec-ch-ua": "",
        "sec-ch-ua-mobile": "?0",
        "sec-ch-ua-platform": "\u0022\u0022",
        "Sec-Fetch-Dest": "empty",
        "Sec-Fetch-Mode": "cors",
        "Sec-Fetch-Site": "same-site",
        "sync-token": "zAJw6V16=Mjc6NSM1Mjg5OTY4",
        "User-Agent": "Mozilla/5.0 (Windows NT 10.0; Win64; x64) AppleWebKit/537.36 (KHTML, like Gecko) HeadlessChrome/112.0.5614.0 Safari/537.36",
        "x-ms-client-request-id": "9aa67575-33f2-43e7-8314-440f2d309e8d",
        "x-ms-content-sha256": "47DEQpj8HBSa\u002B/TImW\u002B5JCeuQeRkm5NMpJWZG3hSuFU=",
        "x-ms-date": "Fri, 19 May 2023 17:53:35 GMT",
        "x-ms-useragent": "azsdk-js-app-configuration/1.4.1 core-rest-pipeline/1.10.4 OS"
      },
      "RequestBody": null,
      "StatusCode": 200,
      "ResponseHeaders": {
        "Access-Control-Allow-Credentials": "true",
        "Access-Control-Allow-Origin": "*",
        "Access-Control-Expose-Headers": "DNT, X-CustomHeader, Keep-Alive, User-Agent, X-Requested-With, If-Modified-Since, Cache-Control, Content-Type, Authorization, x-ms-client-request-id, x-ms-useragent, x-ms-content-sha256, x-ms-date, host, Accept, Accept-Datetime, Date, If-Match, If-None-Match, Sync-Token, x-ms-return-client-request-id, ETag, Last-Modified, Link, Memento-Datetime, retry-after-ms, x-ms-request-id, x-ms-client-session-id, x-ms-effective-locale, WWW-Authenticate, traceparent, tracestate, Operation-Location, Retry-After",
        "Connection": "keep-alive",
        "Content-Type": "application/vnd.microsoft.appconfig.kv\u002Bjson; charset=utf-8",
        "Date": "Fri, 19 May 2023 17:53:35 GMT",
        "ETag": "\u00229UnY8UIIAXZmP5HcEJ0E-1KA1hMVQrb5kxIpxJ1SKT0\u0022",
        "Last-Modified": "Fri, 19 May 2023 17:53:35 GMT",
        "Server": "openresty/1.21.4.1",
        "Strict-Transport-Security": "max-age=15724800; includeSubDomains",
        "Sync-Token": "zAJw6V16=Mjc6NSM1Mjg5OTY5;sn=5289969",
        "Transfer-Encoding": "chunked",
        "x-ms-correlation-request-id": "c0586e00-25d8-4e90-bc81-fb44cb32284d",
        "x-ms-request-id": "c0586e00-25d8-4e90-bc81-fb44cb32284d"
      },
      "ResponseBody": {
        "etag": "9UnY8UIIAXZmP5HcEJ0E-1KA1hMVQrb5kxIpxJ1SKT0",
        "key": ".appconfig.featureflag/name-1355",
        "label": "label-1",
        "content_type": "application/vnd.microsoft.appconfig.ff\u002Bjson;charset=utf-8",
        "value": "{\u0022id\u0022:\u0022name-1355\u0022,\u0022enabled\u0022:true,\u0022description\u0022:\u0022I\u0027m a description\u0022,\u0022conditions\u0022:{\u0022client_filters\u0022:[{\u0022name\u0022:\u0022Microsoft.TimeWindow\u0022,\u0022parameters\u0022:{\u0022Start\u0022:\u0022Wed, 01 May 2019 13:59:59 GMT\u0022,\u0022End\u0022:\u0022Mon, 01 July 2019 00:00:00 GMT\u0022}},{\u0022name\u0022:\u0022FilterX\u0022},{\u0022name\u0022:\u0022Microsoft.Targeting\u0022,\u0022parameters\u0022:{\u0022Audience\u0022:{\u0022Groups\u0022:[{\u0022Name\u0022:\u0022group-1\u0022,\u0022RolloutPercentage\u0022:25},{\u0022Name\u0022:\u0022group-2\u0022,\u0022RolloutPercentage\u0022:45}],\u0022Users\u0022:[\u0022userA\u0022,\u0022userB\u0022],\u0022DefaultRolloutPercentage\u0022:40}}},{\u0022name\u0022:\u0022Microsoft.Percentage\u0022,\u0022parameters\u0022:{\u0022Value\u0022:25}}]},\u0022display_name\u0022:\u0022for display\u0022}",
        "tags": {},
        "locked": false,
        "last_modified": "2023-05-19T17:53:35\u002B00:00"
      }
    },
    {
      "RequestUri": "https://myappconfig.azconfig.io/kv/.appconfig.featureflag%2Fname-1355?api-version=2022-11-01-preview\u0026label=label-1",
      "RequestMethod": "DELETE",
      "RequestHeaders": {
        "Accept": "application/vnd.microsoft.appconfig.kv\u002Bjson, application/problem\u002Bjson",
        "Accept-Encoding": "gzip, deflate, br",
        "Accept-Language": "en-US",
        "Authorization": "Sanitized",
        "Connection": "keep-alive",
        "Origin": "http://localhost:9876",
        "Referer": "http://localhost:9876/",
        "sec-ch-ua": "",
        "sec-ch-ua-mobile": "?0",
        "sec-ch-ua-platform": "\u0022\u0022",
        "Sec-Fetch-Dest": "empty",
        "Sec-Fetch-Mode": "cors",
        "Sec-Fetch-Site": "same-site",
        "sync-token": "zAJw6V16=Mjc6NSM1Mjg5OTY5",
        "User-Agent": "Mozilla/5.0 (Windows NT 10.0; Win64; x64) AppleWebKit/537.36 (KHTML, like Gecko) HeadlessChrome/112.0.5614.0 Safari/537.36",
        "x-ms-client-request-id": "94776cd3-6d7c-4203-a028-81aa74976403",
        "x-ms-content-sha256": "47DEQpj8HBSa\u002B/TImW\u002B5JCeuQeRkm5NMpJWZG3hSuFU=",
        "x-ms-date": "Fri, 19 May 2023 17:53:35 GMT",
        "x-ms-useragent": "azsdk-js-app-configuration/1.4.1 core-rest-pipeline/1.10.4 OS"
      },
      "RequestBody": null,
      "StatusCode": 200,
      "ResponseHeaders": {
        "Access-Control-Allow-Credentials": "true",
        "Access-Control-Allow-Origin": "*",
        "Access-Control-Expose-Headers": "DNT, X-CustomHeader, Keep-Alive, User-Agent, X-Requested-With, If-Modified-Since, Cache-Control, Content-Type, Authorization, x-ms-client-request-id, x-ms-useragent, x-ms-content-sha256, x-ms-date, host, Accept, Accept-Datetime, Date, If-Match, If-None-Match, Sync-Token, x-ms-return-client-request-id, ETag, Last-Modified, Link, Memento-Datetime, retry-after-ms, x-ms-request-id, x-ms-client-session-id, x-ms-effective-locale, WWW-Authenticate, traceparent, tracestate, Operation-Location, Retry-After",
        "Connection": "keep-alive",
        "Content-Type": "application/vnd.microsoft.appconfig.kv\u002Bjson; charset=utf-8",
        "Date": "Fri, 19 May 2023 17:53:35 GMT",
        "ETag": "\u00229UnY8UIIAXZmP5HcEJ0E-1KA1hMVQrb5kxIpxJ1SKT0\u0022",
        "Last-Modified": "Fri, 19 May 2023 17:53:35 GMT",
        "Server": "openresty/1.21.4.1",
        "Strict-Transport-Security": "max-age=15724800; includeSubDomains",
        "Sync-Token": "zAJw6V16=Mjc6NSM1Mjg5OTcw;sn=5289970",
        "Transfer-Encoding": "chunked",
        "x-ms-correlation-request-id": "12cfd071-2576-4bad-9bcb-fcdfc5f5cfee",
        "x-ms-request-id": "12cfd071-2576-4bad-9bcb-fcdfc5f5cfee"
      },
      "ResponseBody": {
        "etag": "9UnY8UIIAXZmP5HcEJ0E-1KA1hMVQrb5kxIpxJ1SKT0",
        "key": ".appconfig.featureflag/name-1355",
        "label": "label-1",
        "content_type": "application/vnd.microsoft.appconfig.ff\u002Bjson;charset=utf-8",
        "value": "{\u0022id\u0022:\u0022name-1355\u0022,\u0022enabled\u0022:true,\u0022description\u0022:\u0022I\u0027m a description\u0022,\u0022conditions\u0022:{\u0022client_filters\u0022:[{\u0022name\u0022:\u0022Microsoft.TimeWindow\u0022,\u0022parameters\u0022:{\u0022Start\u0022:\u0022Wed, 01 May 2019 13:59:59 GMT\u0022,\u0022End\u0022:\u0022Mon, 01 July 2019 00:00:00 GMT\u0022}},{\u0022name\u0022:\u0022FilterX\u0022},{\u0022name\u0022:\u0022Microsoft.Targeting\u0022,\u0022parameters\u0022:{\u0022Audience\u0022:{\u0022Groups\u0022:[{\u0022Name\u0022:\u0022group-1\u0022,\u0022RolloutPercentage\u0022:25},{\u0022Name\u0022:\u0022group-2\u0022,\u0022RolloutPercentage\u0022:45}],\u0022Users\u0022:[\u0022userA\u0022,\u0022userB\u0022],\u0022DefaultRolloutPercentage\u0022:40}}},{\u0022name\u0022:\u0022Microsoft.Percentage\u0022,\u0022parameters\u0022:{\u0022Value\u0022:25}}]},\u0022display_name\u0022:\u0022for display\u0022}",
        "tags": {},
        "locked": false,
        "last_modified": "2023-05-19T17:53:35\u002B00:00"
      }
    }
  ],
  "Variables": {
    "name-1": "name-1355"
  }
}
