{
  "Entries": [
    {
      "RequestUri": "https://Sanitized.azure.com/api/projects/00000/files?api-version=2025-05-15-preview",
      "RequestMethod": "POST",
      "RequestHeaders": {
        "Accept": "application/json",
        "Accept-Encoding": "gzip,deflate",
        "Authorization": "Sanitized",
        "Connection": "keep-alive",
        "Content-Type": "multipart/form-data; boundary=--RecordedTestMultipartBoundary",
        "Transfer-Encoding": "chunked",
        "User-Agent": "azsdk-js-client azsdk-js-api azsdk-js-ai-agents/1.0.0-beta.2 core-rest-pipeline/1.20.1 Node/22.10.0 OS/(x64-Windows_NT-10.0.22631)",
        "x-ms-client-request-id": "Sanitized"
      },
      "RequestBody": "LS0tLVJlY29yZGVkVGVzdE11bHRpcGFydEJvdW5kYXJ5DQpjb250ZW50LXR5cGU6IGFwcGxpY2F0aW9uL29jdGV0LXN0cmVhbQ0KY29udGVudC1kaXNwb3NpdGlvbjogZm9ybS1kYXRhOyBuYW1lPSJmaWxlIjsgZmlsZW5hbWU9ImZpbGVuYW1lLnR4dCINCg0KZmlsZUNvbnRlbnQNCi0tLS1SZWNvcmRlZFRlc3RNdWx0aXBhcnRCb3VuZGFyeQ0KY29udGVudC10eXBlOiB0ZXh0L3BsYWluOyBjaGFyc2V0PVVURi04DQpjb250ZW50LWRpc3Bvc2l0aW9uOiBmb3JtLWRhdGE7IG5hbWU9InB1cnBvc2UiDQoNCmFzc2lzdGFudHMNCi0tLS1SZWNvcmRlZFRlc3RNdWx0aXBhcnRCb3VuZGFyeS0tDQoNCg==",
      "StatusCode": 200,
      "ResponseHeaders": {
        "Access-Control-Allow-Origin": "*",
        "apim-request-id": "bfe2e3f2-1134-4f59-ae22-d066de27f0fa",
        "azureml-served-by-cluster": "vienna-eastus-01",
        "Content-Length": "240",
        "Content-Type": "application/json",
        "Date": "Fri, 16 May 2025 23:46:16 GMT",
        "openai-processing-ms": "279",
        "openai-version": "2020-10-01",
        "Request-Context": "appId=cid-v1:2d2e8e63-272e-4b3c-8598-4ee570a0e70d",
        "Strict-Transport-Security": "max-age=31536000; includeSubDomains; preload",
        "X-Content-Type-Options": "nosniff",
        "x-ms-middleware-request-id": "c9068ebd-3862-4613-850e-4999495984fe",
        "x-ms-region": "East US",
        "x-ms-response-type": "standard",
        "X-Request-ID": "32d5d607c518ad2044abe329326f7e68",
        "x-request-time": "0.474"
      },
      "ResponseBody": {
        "object": "file",
        "id": "assistant-AUNPcHJyKp5HiKCfqStH7G",
        "purpose": "assistants",
        "filename": "filename.txt",
        "bytes": 11,
        "created_at": 1747439176,
        "expires_at": null,
        "status": "processed",
        "status_details": null
      }
    },
    {
      "RequestUri": "https://Sanitized.azure.com/api/projects/00000/files/assistant-AUNPcHJyKp5HiKCfqStH7G?api-version=2025-05-15-preview",
      "RequestMethod": "GET",
      "RequestHeaders": {
        "Accept": "application/json",
        "Accept-Encoding": "gzip,deflate",
        "Authorization": "Sanitized",
        "Connection": "keep-alive",
        "User-Agent": "azsdk-js-client azsdk-js-api azsdk-js-ai-agents/1.0.0-beta.2 core-rest-pipeline/1.20.1 Node/22.10.0 OS/(x64-Windows_NT-10.0.22631)",
        "x-ms-client-request-id": "Sanitized"
      },
      "RequestBody": null,
      "StatusCode": 200,
      "ResponseHeaders": {
        "Access-Control-Allow-Origin": "*",
        "apim-request-id": "c810d746-1e28-493a-8542-4235434010bd",
        "azureml-served-by-cluster": "vienna-eastus-01",
        "Content-Length": "240",
        "Content-Type": "application/json",
        "Date": "Fri, 16 May 2025 23:46:16 GMT",
        "openai-processing-ms": "89",
        "openai-version": "2020-10-01",
        "Request-Context": "appId=cid-v1:2d2e8e63-272e-4b3c-8598-4ee570a0e70d",
        "Strict-Transport-Security": "max-age=31536000; includeSubDomains; preload",
        "X-Content-Type-Options": "nosniff",
        "x-ms-middleware-request-id": "3d855d1f-c673-4fc8-8a09-1ee55ecd2417",
        "x-ms-region": "East US",
        "x-ms-response-type": "standard",
        "X-Request-ID": "3b382104f2b71f4476b6710e9b62080f",
        "x-request-time": "0.296"
      },
      "ResponseBody": {
        "object": "file",
        "id": "assistant-AUNPcHJyKp5HiKCfqStH7G",
        "purpose": "assistants",
        "filename": "filename.txt",
        "bytes": 11,
        "created_at": 1747439176,
        "expires_at": null,
        "status": "processed",
        "status_details": null
      }
    },
    {
      "RequestUri": "https://Sanitized.azure.com/api/projects/00000/files/assistant-AUNPcHJyKp5HiKCfqStH7G?api-version=2025-05-15-preview",
      "RequestMethod": "DELETE",
      "RequestHeaders": {
        "Accept": "application/json",
        "Accept-Encoding": "gzip,deflate",
        "Authorization": "Sanitized",
        "Connection": "keep-alive",
        "User-Agent": "azsdk-js-client azsdk-js-api azsdk-js-ai-agents/1.0.0-beta.2 core-rest-pipeline/1.20.1 Node/22.10.0 OS/(x64-Windows_NT-10.0.22631)",
        "x-ms-client-request-id": "Sanitized"
      },
      "RequestBody": null,
      "StatusCode": 200,
      "ResponseHeaders": {
        "Access-Control-Allow-Origin": "*",
        "apim-request-id": "3ceb284f-cd4f-4dbf-912f-667801d62600",
        "azureml-served-by-cluster": "vienna-eastus-01",
        "Content-Length": "86",
        "Content-Type": "application/json",
        "Date": "Fri, 16 May 2025 23:46:17 GMT",
        "openai-processing-ms": "267",
        "openai-version": "2020-10-01",
        "Request-Context": "appId=cid-v1:2d2e8e63-272e-4b3c-8598-4ee570a0e70d",
        "Strict-Transport-Security": "max-age=31536000; includeSubDomains; preload",
        "X-Content-Type-Options": "nosniff",
        "x-ms-middleware-request-id": "c3aac4d8-11d1-4240-953a-e0ef13f2b6de",
        "x-ms-region": "East US",
        "x-ms-response-type": "standard",
        "X-Request-ID": "ba04c73f824bc359b6f23c2bd5071956",
        "x-request-time": "0.418"
      },
      "ResponseBody": {
        "object": "file",
        "deleted": true,
        "id": "assistant-AUNPcHJyKp5HiKCfqStH7G"
      }
    }
  ],
  "Variables": {}
}
