{
  "Entries": [
    {
      "RequestUri": "https://Sanitized.openai.azure.com/openai/assistants?api-version=2024-08-01-preview",
      "RequestMethod": "POST",
      "RequestHeaders": {
        "Accept": "application/json",
        "api-key": "Sanitized",
        "Content-Length": "23",
        "Content-Type": "application/json",
        "OpenAI-Beta": "assistants=v2",
        "User-Agent": "azsdk-net-AI.OpenAI/2.0.0-beta.5 (.NET 8.0.8; Microsoft Windows 10.0.22631)",
        "x-ms-client-request-id": "Sanitized"
      },
      "RequestBody": {
        "model": "gpt-4o-mini"
      },
      "StatusCode": 200,
      "ResponseHeaders": {
        "apim-request-id": "a19df4a2-c58b-457b-a51e-51cf8ca66319",
        "Connection": "keep-alive",
        "Content-Length": "309",
        "Content-Type": "application/json",
        "Date": "Mon, 09 Sep 2024 21:44:30 GMT",
        "Strict-Transport-Security": "max-age=31536000; includeSubDomains; preload",
        "X-Content-Type-Options": "nosniff",
        "x-ms-client-request-id": "Sanitized",
        "x-ms-middleware-request-id": "a19df4a2-c58b-457b-a51e-51cf8ca66319",
        "x-ms-region": "East US",
        "X-Request-ID": "10f3e296-0378-40e1-a9d0-176755cc9301"
      },
      "ResponseBody": {
        "id": "asst_v9ES88USqaDMZWhu40yBFo9R",
        "object": "assistant",
        "created_at": 1725918270,
        "name": null,
        "description": null,
        "model": "gpt-4o-mini",
        "instructions": null,
        "tools": [],
        "top_p": 1.0,
        "temperature": 1.0,
        "tool_resources": {},
        "metadata": {},
        "response_format": "auto"
      }
    },
    {
      "RequestUri": "https://Sanitized.openai.azure.com/openai/threads?api-version=2024-08-01-preview",
      "RequestMethod": "POST",
      "RequestHeaders": {
        "Accept": "application/json",
        "api-key": "Sanitized",
        "Content-Length": "0",
        "OpenAI-Beta": "assistants=v2",
        "User-Agent": "azsdk-net-AI.OpenAI/2.0.0-beta.5 (.NET 8.0.8; Microsoft Windows 10.0.22631)",
        "x-ms-client-request-id": "Sanitized"
      },
      "RequestBody": null,
      "StatusCode": 200,
      "ResponseHeaders": {
        "apim-request-id": "c2cb7b9f-e067-4eb1-8905-df049fb58b18",
        "Connection": "keep-alive",
        "Content-Length": "137",
        "Content-Type": "application/json",
        "Date": "Mon, 09 Sep 2024 21:44:31 GMT",
        "Strict-Transport-Security": "max-age=31536000; includeSubDomains; preload",
        "X-Content-Type-Options": "nosniff",
        "x-ms-client-request-id": "Sanitized",
        "x-ms-middleware-request-id": "1394bcbb-cbf8-4859-9316-31ed06a3bd33",
        "x-ms-region": "East US",
        "X-Request-ID": "09e6ab82-2b4f-4b3c-a15f-400c46a1d5be"
      },
      "ResponseBody": {
        "id": "thread_ySJ6xTe75uqBthJ9O2xhodWY",
        "object": "thread",
        "created_at": 1725918271,
        "metadata": {},
        "tool_resources": {}
      }
    },
    {
      "RequestUri": "https://Sanitized.openai.azure.com/openai/threads/thread_ySJ6xTe75uqBthJ9O2xhodWY/runs?api-version=2024-08-01-preview",
      "RequestMethod": "GET",
      "RequestHeaders": {
        "Accept": "application/json",
        "api-key": "Sanitized",
        "OpenAI-Beta": "assistants=v2",
        "User-Agent": "azsdk-net-AI.OpenAI/2.0.0-beta.5 (.NET 8.0.8; Microsoft Windows 10.0.22631)",
        "x-ms-client-request-id": "Sanitized"
      },
      "RequestBody": null,
      "StatusCode": 200,
      "ResponseHeaders": {
        "apim-request-id": "68f5b714-3610-4e0f-9c8a-fb960550a805",
        "Connection": "keep-alive",
        "Content-Length": "96",
        "Content-Type": "application/json",
        "Date": "Mon, 09 Sep 2024 21:44:31 GMT",
        "Strict-Transport-Security": "max-age=31536000; includeSubDomains; preload",
        "X-Content-Type-Options": "nosniff",
        "x-ms-client-request-id": "Sanitized",
        "x-ms-middleware-request-id": "89e79e83-2543-49f7-a414-7e4ac2877544",
        "x-ms-region": "East US",
        "X-Request-ID": "b59bafd8-819b-4d83-a9da-69f24776ac6c"
      },
      "ResponseBody": {
        "object": "list",
        "data": [],
        "first_id": null,
        "last_id": null,
        "has_more": false
      }
    },
    {
      "RequestUri": "https://Sanitized.openai.azure.com/openai/threads/thread_ySJ6xTe75uqBthJ9O2xhodWY/messages?api-version=2024-08-01-preview",
      "RequestMethod": "POST",
      "RequestHeaders": {
        "Accept": "application/json",
        "api-key": "Sanitized",
        "Content-Length": "45",
        "Content-Type": "application/json",
        "OpenAI-Beta": "assistants=v2",
        "User-Agent": "azsdk-net-AI.OpenAI/2.0.0-beta.5 (.NET 8.0.8; Microsoft Windows 10.0.22631)",
        "x-ms-client-request-id": "Sanitized"
      },
      "RequestBody": {
        "role": "user",
        "content": "Hello, assistant!"
      },
      "StatusCode": 200,
      "ResponseHeaders": {
        "apim-request-id": "377a2467-16fd-4a08-944d-525d95407cfb",
        "Connection": "keep-alive",
        "Content-Length": "391",
        "Content-Type": "application/json",
        "Date": "Mon, 09 Sep 2024 21:44:31 GMT",
        "Strict-Transport-Security": "max-age=31536000; includeSubDomains; preload",
        "X-Content-Type-Options": "nosniff",
        "x-ms-client-request-id": "Sanitized",
        "x-ms-middleware-request-id": "a5ebe258-28af-4d4f-9f26-9af747f5b0d7",
        "x-ms-region": "East US",
        "X-Request-ID": "6e626f23-332d-4e45-af44-6003a6d3f5d2"
      },
      "ResponseBody": {
        "id": "msg_tq7zFkwS6wgOdyAZx2qZ21gb",
        "object": "thread.message",
        "created_at": 1725918271,
        "assistant_id": null,
        "thread_id": "thread_ySJ6xTe75uqBthJ9O2xhodWY",
        "run_id": null,
        "role": "user",
        "content": [
          {
            "type": "text",
            "text": {
              "value": "Hello, assistant!",
              "annotations": []
            }
          }
        ],
        "attachments": [],
        "metadata": {}
      }
    },
    {
      "RequestUri": "https://Sanitized.openai.azure.com/openai/threads/thread_ySJ6xTe75uqBthJ9O2xhodWY/runs?api-version=2024-08-01-preview",
      "RequestMethod": "POST",
      "RequestHeaders": {
        "Accept": "application/json",
        "api-key": "Sanitized",
        "Content-Length": "73",
        "Content-Type": "application/json",
        "OpenAI-Beta": "assistants=v2",
        "User-Agent": "azsdk-net-AI.OpenAI/2.0.0-beta.5 (.NET 8.0.8; Microsoft Windows 10.0.22631)",
        "x-ms-client-request-id": "Sanitized"
      },
      "RequestBody": {
        "assistant_id": "asst_v9ES88USqaDMZWhu40yBFo9R",
        "additional_messages": []
      },
      "StatusCode": 200,
      "ResponseHeaders": {
        "apim-request-id": "bc49979d-aa44-4d61-ac22-2e824e9fd909",
        "Connection": "keep-alive",
        "Content-Length": "804",
        "Content-Type": "application/json",
        "Date": "Mon, 09 Sep 2024 21:44:31 GMT",
        "Strict-Transport-Security": "max-age=31536000; includeSubDomains; preload",
        "X-Content-Type-Options": "nosniff",
        "x-ms-client-request-id": "Sanitized",
        "x-ms-middleware-request-id": "7c8a5277-60e2-4d74-8cbc-a5f28705a267",
        "x-ms-region": "East US",
        "X-Request-ID": "a5f20809-86bf-40a8-ba93-586156d0ccb3"
      },
      "ResponseBody": {
        "id": "run_roiH4GiqSP4aVpnwblvZpsDy",
        "object": "thread.run",
        "created_at": 1725918271,
        "assistant_id": "asst_v9ES88USqaDMZWhu40yBFo9R",
        "thread_id": "thread_ySJ6xTe75uqBthJ9O2xhodWY",
        "status": "queued",
        "started_at": null,
        "expires_at": 1725918871,
        "cancelled_at": null,
        "failed_at": null,
        "completed_at": null,
        "required_action": null,
        "last_error": null,
        "model": "gpt-4o-mini",
        "instructions": null,
        "tools": [],
        "tool_resources": {},
        "metadata": {},
        "temperature": 1.0,
        "top_p": 1.0,
        "max_completion_tokens": null,
        "max_prompt_tokens": null,
        "truncation_strategy": {
          "type": "auto",
          "last_messages": null
        },
        "incomplete_details": null,
        "usage": null,
        "response_format": "auto",
        "tool_choice": "auto",
        "parallel_tool_calls": true
      }
    },
    {
      "RequestUri": "https://Sanitized.openai.azure.com/openai/threads/thread_ySJ6xTe75uqBthJ9O2xhodWY/runs/run_roiH4GiqSP4aVpnwblvZpsDy?api-version=2024-08-01-preview",
      "RequestMethod": "GET",
      "RequestHeaders": {
        "Accept": "application/json",
        "api-key": "Sanitized",
        "OpenAI-Beta": "assistants=v2",
        "User-Agent": "azsdk-net-AI.OpenAI/2.0.0-beta.5 (.NET 8.0.8; Microsoft Windows 10.0.22631)",
        "x-ms-client-request-id": "Sanitized"
      },
      "RequestBody": null,
      "StatusCode": 200,
      "ResponseHeaders": {
        "apim-request-id": "3f956e03-2cb1-41fd-b5d3-8f1117027a9d",
        "Connection": "keep-alive",
        "Content-Length": "804",
        "Content-Type": "application/json",
        "Date": "Mon, 09 Sep 2024 21:44:32 GMT",
        "Strict-Transport-Security": "max-age=31536000; includeSubDomains; preload",
        "X-Content-Type-Options": "nosniff",
        "x-ms-client-request-id": "Sanitized",
        "x-ms-middleware-request-id": "6cd0a303-02d5-47fd-a5f0-adee5a594ffc",
        "x-ms-region": "East US",
        "X-Request-ID": "ac0597c4-cb1d-4d0c-b23b-cb5ad7c32101"
      },
      "ResponseBody": {
        "id": "run_roiH4GiqSP4aVpnwblvZpsDy",
        "object": "thread.run",
        "created_at": 1725918271,
        "assistant_id": "asst_v9ES88USqaDMZWhu40yBFo9R",
        "thread_id": "thread_ySJ6xTe75uqBthJ9O2xhodWY",
        "status": "queued",
        "started_at": null,
        "expires_at": 1725918871,
        "cancelled_at": null,
        "failed_at": null,
        "completed_at": null,
        "required_action": null,
        "last_error": null,
        "model": "gpt-4o-mini",
        "instructions": null,
        "tools": [],
        "tool_resources": {},
        "metadata": {},
        "temperature": 1.0,
        "top_p": 1.0,
        "max_completion_tokens": null,
        "max_prompt_tokens": null,
        "truncation_strategy": {
          "type": "auto",
          "last_messages": null
        },
        "incomplete_details": null,
        "usage": null,
        "response_format": "auto",
        "tool_choice": "auto",
        "parallel_tool_calls": true
      }
    },
    {
      "RequestUri": "https://Sanitized.openai.azure.com/openai/threads/thread_ySJ6xTe75uqBthJ9O2xhodWY/runs?api-version=2024-08-01-preview",
      "RequestMethod": "GET",
      "RequestHeaders": {
        "Accept": "application/json",
        "api-key": "Sanitized",
        "OpenAI-Beta": "assistants=v2",
        "User-Agent": "azsdk-net-AI.OpenAI/2.0.0-beta.5 (.NET 8.0.8; Microsoft Windows 10.0.22631)",
        "x-ms-client-request-id": "Sanitized"
      },
      "RequestBody": null,
      "StatusCode": 200,
      "ResponseHeaders": {
        "apim-request-id": "39243d4d-fcdc-4356-9d90-926aa112c978",
        "Connection": "keep-alive",
        "Content-Length": "1191",
        "Content-Type": "application/json",
        "Date": "Mon, 09 Sep 2024 21:44:33 GMT",
        "Strict-Transport-Security": "max-age=31536000; includeSubDomains; preload",
        "X-Content-Type-Options": "nosniff",
        "x-ms-client-request-id": "Sanitized",
        "x-ms-middleware-request-id": "64e53949-bbb0-4fdd-abf8-a39da878ee86",
        "x-ms-region": "East US",
        "X-Request-ID": "cd1f5517-a30b-4914-99cf-7829eadb4589"
      },
      "ResponseBody": {
        "object": "list",
        "data": [
          {
            "id": "run_roiH4GiqSP4aVpnwblvZpsDy",
            "object": "thread.run",
            "created_at": 1725918271,
            "assistant_id": "asst_v9ES88USqaDMZWhu40yBFo9R",
            "thread_id": "thread_ySJ6xTe75uqBthJ9O2xhodWY",
            "status": "completed",
            "started_at": 1725918271,
            "expires_at": null,
            "cancelled_at": null,
            "failed_at": null,
            "completed_at": 1725918272,
            "required_action": null,
            "last_error": null,
            "model": "gpt-4o-mini",
            "instructions": null,
            "tools": [],
            "tool_resources": {},
            "metadata": {},
            "temperature": 1.0,
            "top_p": 1.0,
            "max_completion_tokens": null,
            "max_prompt_tokens": null,
            "truncation_strategy": {
              "type": "auto",
              "last_messages": null
            },
            "incomplete_details": null,
            "usage": {
              "prompt_tokens": 50,
              "completion_tokens": 11,
              "total_tokens": 61
            },
            "response_format": "auto",
            "tool_choice": "auto",
            "parallel_tool_calls": true
          }
        ],
        "first_id": "run_roiH4GiqSP4aVpnwblvZpsDy",
        "last_id": "run_roiH4GiqSP4aVpnwblvZpsDy",
        "has_more": false
      }
    },
    {
      "RequestUri": "https://Sanitized.openai.azure.com/openai/threads/thread_ySJ6xTe75uqBthJ9O2xhodWY/messages?api-version=2024-08-01-preview",
      "RequestMethod": "GET",
      "RequestHeaders": {
        "Accept": "application/json",
        "api-key": "Sanitized",
        "OpenAI-Beta": "assistants=v2",
        "User-Agent": "azsdk-net-AI.OpenAI/2.0.0-beta.5 (.NET 8.0.8; Microsoft Windows 10.0.22631)",
        "x-ms-client-request-id": "Sanitized"
      },
      "RequestBody": null,
      "StatusCode": 200,
      "ResponseHeaders": {
        "apim-request-id": "52a656d8-94dc-4f97-8cb0-1b6e4fc9e057",
        "Connection": "keep-alive",
        "Content-Length": "1171",
        "Content-Type": "application/json",
        "Date": "Mon, 09 Sep 2024 21:44:34 GMT",
        "Strict-Transport-Security": "max-age=31536000; includeSubDomains; preload",
        "X-Content-Type-Options": "nosniff",
        "x-ms-client-request-id": "Sanitized",
        "x-ms-middleware-request-id": "47306a41-0094-4b26-a5f0-f1c1df1f0eeb",
        "x-ms-region": "East US",
        "X-Request-ID": "9ccd4da7-346f-4241-b2b1-89e869b79049"
      },
      "ResponseBody": {
        "object": "list",
        "data": [
          {
            "id": "msg_EBAQLCGbgSWIoRbxm9tpWSy0",
            "object": "thread.message",
            "created_at": 1725918272,
            "assistant_id": "asst_v9ES88USqaDMZWhu40yBFo9R",
            "thread_id": "thread_ySJ6xTe75uqBthJ9O2xhodWY",
            "run_id": "run_roiH4GiqSP4aVpnwblvZpsDy",
            "role": "assistant",
            "content": [
              {
                "type": "text",
                "text": {
                  "value": "Hello! How can I assist you today?",
                  "annotations": []
                }
              }
            ],
            "attachments": [],
            "metadata": {}
          },
          {
            "id": "msg_tq7zFkwS6wgOdyAZx2qZ21gb",
            "object": "thread.message",
            "created_at": 1725918271,
            "assistant_id": null,
            "thread_id": "thread_ySJ6xTe75uqBthJ9O2xhodWY",
            "run_id": null,
            "role": "user",
            "content": [
              {
                "type": "text",
                "text": {
                  "value": "Hello, assistant!",
                  "annotations": []
                }
              }
            ],
            "attachments": [],
            "metadata": {}
          }
        ],
        "first_id": "msg_EBAQLCGbgSWIoRbxm9tpWSy0",
        "last_id": "msg_tq7zFkwS6wgOdyAZx2qZ21gb",
        "has_more": false
      }
    },
    {
      "RequestUri": "https://Sanitized.openai.azure.com/openai/threads/thread_ySJ6xTe75uqBthJ9O2xhodWY/runs/run_roiH4GiqSP4aVpnwblvZpsDy?api-version=2024-08-01-preview",
      "RequestMethod": "GET",
      "RequestHeaders": {
        "Accept": "application/json",
        "api-key": "Sanitized",
        "OpenAI-Beta": "assistants=v2",
        "User-Agent": "azsdk-net-AI.OpenAI/2.0.0-beta.5 (.NET 8.0.8; Microsoft Windows 10.0.22631)",
        "x-ms-client-request-id": "Sanitized"
      },
      "RequestBody": null,
      "StatusCode": 200,
      "ResponseHeaders": {
        "apim-request-id": "c02341cd-ccfe-4d0e-854c-47f4842b1754",
        "Connection": "keep-alive",
        "Content-Length": "891",
        "Content-Type": "application/json",
        "Date": "Mon, 09 Sep 2024 21:44:37 GMT",
        "Strict-Transport-Security": "max-age=31536000; includeSubDomains; preload",
        "X-Content-Type-Options": "nosniff",
        "x-ms-client-request-id": "Sanitized",
        "x-ms-middleware-request-id": "4bb9f06f-4550-4517-99f3-8b0a4b3f99b6",
        "x-ms-region": "East US",
        "X-Request-ID": "b94d8b63-0fea-4796-ae6d-76b3dd2e6811"
      },
      "ResponseBody": {
        "id": "run_roiH4GiqSP4aVpnwblvZpsDy",
        "object": "thread.run",
        "created_at": 1725918271,
        "assistant_id": "asst_v9ES88USqaDMZWhu40yBFo9R",
        "thread_id": "thread_ySJ6xTe75uqBthJ9O2xhodWY",
        "status": "completed",
        "started_at": 1725918271,
        "expires_at": null,
        "cancelled_at": null,
        "failed_at": null,
        "completed_at": 1725918272,
        "required_action": null,
        "last_error": null,
        "model": "gpt-4o-mini",
        "instructions": null,
        "tools": [],
        "tool_resources": {},
        "metadata": {},
        "temperature": 1.0,
        "top_p": 1.0,
        "max_completion_tokens": null,
        "max_prompt_tokens": null,
        "truncation_strategy": {
          "type": "auto",
          "last_messages": null
        },
        "incomplete_details": null,
        "usage": {
          "prompt_tokens": 50,
          "completion_tokens": 11,
          "total_tokens": 61
        },
        "response_format": "auto",
        "tool_choice": "auto",
        "parallel_tool_calls": true
      }
    },
    {
      "RequestUri": "https://Sanitized.openai.azure.com/openai/threads/thread_ySJ6xTe75uqBthJ9O2xhodWY/messages?api-version=2024-08-01-preview",
      "RequestMethod": "GET",
      "RequestHeaders": {
        "Accept": "application/json",
        "api-key": "Sanitized",
        "OpenAI-Beta": "assistants=v2",
        "User-Agent": "azsdk-net-AI.OpenAI/2.0.0-beta.5 (.NET 8.0.8; Microsoft Windows 10.0.22631)",
        "x-ms-client-request-id": "Sanitized"
      },
      "RequestBody": null,
      "StatusCode": 200,
      "ResponseHeaders": {
        "apim-request-id": "183e3ff5-d0f3-4a9a-b6e9-c52acea6fb1f",
        "Connection": "keep-alive",
        "Content-Length": "1171",
        "Content-Type": "application/json",
        "Date": "Mon, 09 Sep 2024 21:44:37 GMT",
        "Strict-Transport-Security": "max-age=31536000; includeSubDomains; preload",
        "X-Content-Type-Options": "nosniff",
        "x-ms-client-request-id": "Sanitized",
        "x-ms-middleware-request-id": "54745a3f-e187-423f-88f4-2b621c18c7fc",
        "x-ms-region": "East US",
        "X-Request-ID": "e7aee538-12f3-41be-9a90-63faa6560243"
      },
      "ResponseBody": {
        "object": "list",
        "data": [
          {
            "id": "msg_EBAQLCGbgSWIoRbxm9tpWSy0",
            "object": "thread.message",
            "created_at": 1725918272,
            "assistant_id": "asst_v9ES88USqaDMZWhu40yBFo9R",
            "thread_id": "thread_ySJ6xTe75uqBthJ9O2xhodWY",
            "run_id": "run_roiH4GiqSP4aVpnwblvZpsDy",
            "role": "assistant",
            "content": [
              {
                "type": "text",
                "text": {
                  "value": "Hello! How can I assist you today?",
                  "annotations": []
                }
              }
            ],
            "attachments": [],
            "metadata": {}
          },
          {
            "id": "msg_tq7zFkwS6wgOdyAZx2qZ21gb",
            "object": "thread.message",
            "created_at": 1725918271,
            "assistant_id": null,
            "thread_id": "thread_ySJ6xTe75uqBthJ9O2xhodWY",
            "run_id": null,
            "role": "user",
            "content": [
              {
                "type": "text",
                "text": {
                  "value": "Hello, assistant!",
                  "annotations": []
                }
              }
            ],
            "attachments": [],
            "metadata": {}
          }
        ],
        "first_id": "msg_EBAQLCGbgSWIoRbxm9tpWSy0",
        "last_id": "msg_tq7zFkwS6wgOdyAZx2qZ21gb",
        "has_more": false
      }
    },
    {
      "RequestUri": "https://Sanitized.openai.azure.com/openai/threads/thread_ySJ6xTe75uqBthJ9O2xhodWY/messages/msg_tq7zFkwS6wgOdyAZx2qZ21gb?api-version=2024-08-01-preview",
      "RequestMethod": "DELETE",
      "RequestHeaders": {
        "Accept": "application/json",
        "api-key": "Sanitized",
        "OpenAI-Beta": "assistants=v2",
        "User-Agent": "azsdk-net-AI.OpenAI/2.0.0-beta.5 (.NET 8.0.8; Microsoft Windows 10.0.22631)",
        "x-ms-client-request-id": "Sanitized"
      },
      "RequestBody": null,
      "StatusCode": 200,
      "ResponseHeaders": {
        "apim-request-id": "cb62ed2a-3362-4c32-a021-e3fe9be02398",
        "Connection": "keep-alive",
        "Content-Length": "99",
        "Content-Type": "application/json",
        "Date": "Mon, 09 Sep 2024 21:44:37 GMT",
        "Strict-Transport-Security": "max-age=31536000; includeSubDomains; preload",
        "X-Content-Type-Options": "nosniff",
        "x-ms-client-request-id": "Sanitized",
        "x-ms-middleware-request-id": "d7df7a88-6ccd-4fa7-af7e-4172ca686846",
        "x-ms-region": "East US",
        "X-Request-ID": "84f81167-1965-4f96-b40f-22a683dd2117"
      },
      "ResponseBody": {
        "id": "msg_tq7zFkwS6wgOdyAZx2qZ21gb",
        "object": "thread.message.deleted",
        "deleted": true
      }
    },
    {
      "RequestUri": "https://Sanitized.openai.azure.com/openai/assistants/asst_v9ES88USqaDMZWhu40yBFo9R?api-version=2024-08-01-preview",
      "RequestMethod": "DELETE",
      "RequestHeaders": {
        "Accept": "application/json",
        "api-key": "Sanitized",
        "OpenAI-Beta": "assistants=v2",
        "User-Agent": "azsdk-net-AI.OpenAI/2.0.0-beta.5 (.NET 8.0.8; Microsoft Windows 10.0.22631)",
        "x-ms-client-request-id": "Sanitized"
      },
      "RequestBody": null,
      "StatusCode": 200,
      "ResponseHeaders": {
        "apim-request-id": "134b5aac-2e21-48cf-b85d-a81a3cab92c6",
        "Connection": "keep-alive",
        "Content-Length": "95",
        "Content-Type": "application/json",
        "Date": "Mon, 09 Sep 2024 21:44:37 GMT",
        "Strict-Transport-Security": "max-age=31536000; includeSubDomains; preload",
        "X-Content-Type-Options": "nosniff",
        "x-ms-client-request-id": "Sanitized",
        "x-ms-middleware-request-id": "8eb51716-ce91-4e89-9c71-28db0d3b474d",
        "x-ms-region": "East US",
        "X-Request-ID": "858781a8-d37c-462b-b214-4ea6d0a46706"
      },
      "ResponseBody": {
        "id": "asst_v9ES88USqaDMZWhu40yBFo9R",
        "object": "assistant.deleted",
        "deleted": true
      }
    },
    {
      "RequestUri": "https://Sanitized.openai.azure.com/openai/threads/thread_ySJ6xTe75uqBthJ9O2xhodWY?api-version=2024-08-01-preview",
      "RequestMethod": "DELETE",
      "RequestHeaders": {
        "Accept": "application/json",
        "api-key": "Sanitized",
        "OpenAI-Beta": "assistants=v2",
        "User-Agent": "azsdk-net-AI.OpenAI/2.0.0-beta.5 (.NET 8.0.8; Microsoft Windows 10.0.22631)",
        "x-ms-client-request-id": "Sanitized"
      },
      "RequestBody": null,
      "StatusCode": 200,
      "ResponseHeaders": {
        "apim-request-id": "7b08b63a-78c1-4957-92cf-34fb68264465",
        "Connection": "keep-alive",
        "Content-Length": "94",
        "Content-Type": "application/json",
        "Date": "Mon, 09 Sep 2024 21:44:37 GMT",
        "Strict-Transport-Security": "max-age=31536000; includeSubDomains; preload",
        "X-Content-Type-Options": "nosniff",
        "x-ms-client-request-id": "Sanitized",
        "x-ms-middleware-request-id": "8cfee0c6-61f8-4e60-922e-1ed3728ec85e",
        "x-ms-region": "East US",
        "X-Request-ID": "3eef0ce5-1f03-45d7-b857-01c67ea71e32"
      },
      "ResponseBody": {
        "id": "thread_ySJ6xTe75uqBthJ9O2xhodWY",
        "object": "thread.deleted",
        "deleted": true
      }
    }
  ],
  "Variables": {
    "RandomSeed": "1763682308"
  }
}
