{
  "Entries": [
    {
      "RequestUri": "https://Sanitized.openai.azure.com/openai/assistants?api-version=2024-07-01-preview",
      "RequestMethod": "POST",
      "RequestHeaders": {
        "Accept": "application/json",
        "api-key": "Sanitized",
        "Content-Length": "148",
        "Content-Type": "application/json",
        "OpenAI-Beta": "assistants=v2",
        "User-Agent": "azsdk-net-AI.OpenAI/2.0.0-alpha.20240812.1 (.NET 8.0.7; Microsoft Windows 10.0.22631)",
        "x-ms-client-request-id": "Sanitized"
      },
      "RequestBody": {
        "model": "gpt-4-turbo",
        "tools": [
          {
            "function": {
              "description": "Gets the user's current weather",
              "name": "get_current_weather"
            },
            "type": "function"
          }
        ]
      },
      "StatusCode": 200,
      "ResponseHeaders": {
        "apim-request-id": "40d4e86b-8971-4d37-9dc4-3dc2eeda890a",
        "Content-Length": "564",
        "Content-Type": "application/json",
        "Date": "Mon, 12 Aug 2024 20:53:38 GMT",
        "Strict-Transport-Security": "max-age=31536000; includeSubDomains; preload",
        "X-Content-Type-Options": "nosniff",
        "x-ms-client-request-id": "Sanitized",
        "x-ms-middleware-request-id": "40d4e86b-8971-4d37-9dc4-3dc2eeda890a",
        "x-ms-region": "Sweden Central",
        "x-ratelimit-remaining-requests": "64",
        "x-ratelimit-remaining-tokens": "24991",
        "X-Request-ID": "4c86b5f0-aa7a-4d8f-adba-597eac33bd80"
      },
      "ResponseBody": {
        "id": "asst_3dFhN65IdNAhNE9uAq6CAHxJ",
        "object": "assistant",
        "created_at": 1723496018,
        "name": null,
        "description": null,
        "model": "gpt-4-turbo",
        "instructions": null,
        "tools": [
          {
            "type": "function",
            "function": {
              "name": "get_current_weather",
              "description": "Gets the user's current weather",
              "parameters": {
                "type": "object",
                "properties": {}
              }
            }
          }
        ],
        "top_p": 1.0,
        "temperature": 1.0,
        "tool_resources": {},
        "metadata": {},
        "response_format": "auto"
      }
    },
    {
      "RequestUri": "https://Sanitized.openai.azure.com/openai/threads/runs?api-version=2024-07-01-preview",
      "RequestMethod": "POST",
      "RequestHeaders": {
        "Accept": "application/json",
        "api-key": "Sanitized",
        "Content-Length": "152",
        "Content-Type": "application/json",
        "OpenAI-Beta": "assistants=v2",
        "User-Agent": "azsdk-net-AI.OpenAI/2.0.0-alpha.20240812.1 (.NET 8.0.7; Microsoft Windows 10.0.22631)",
        "x-ms-client-request-id": "Sanitized"
      },
      "RequestBody": {
        "assistant_id": "asst_3dFhN65IdNAhNE9uAq6CAHxJ",
        "thread": {
          "messages": [
            {
              "role": "user",
              "content": "What should I wear outside right now?"
            }
          ]
        },
        "stream": true
      },
      "StatusCode": 200,
      "ResponseHeaders": {
        "apim-request-id": "eeea57a3-b305-49f4-8623-c930343380ff",
        "Content-Type": "text/event-stream; charset=utf-8",
        "Date": "Mon, 12 Aug 2024 20:53:38 GMT",
        "Strict-Transport-Security": "max-age=31536000; includeSubDomains; preload",
        "Transfer-Encoding": "chunked",
        "X-Content-Type-Options": "nosniff",
        "x-ms-client-request-id": "Sanitized",
        "x-ms-middleware-request-id": "8be90852-c38b-487c-b79e-f39dea070d51",
        "x-ms-region": "Sweden Central",
        "X-Request-ID": "8ea98669-1ba2-4e5f-9533-baf4988cbda8"
      },
      "ResponseBody": [
        "event: thread.created\n",
        "data: {\"id\":\"thread_6MiADJn9ZSgcO014DnqnfAQp\",\"object\":\"thread\",\"created_at\":1723496018,\"metadata\":{},\"tool_resources\":{\"code_interpreter\":{\"file_ids\":[]}}}\n\n",
        "event: thread.run.created\n",
        "data: {\"id\":\"run_5sw5VQW3DtriyC92jIOLhWox\",\"object\":\"thread.run\",\"created_at\":1723496019,\"assistant_id\":\"asst_3dFhN65IdNAhNE9uAq6CAHxJ\",\"thread_id\":\"thread_6MiADJn9ZSgcO014DnqnfAQp\",\"status\":\"queued\",\"started_at\":null,\"expires_at\":1723496619,\"cancelled_at\":null,\"failed_at\":null,\"completed_at\":null,\"required_action\":null,\"last_error\":null,\"model\":\"gpt-4-turbo\",\"instructions\":null,\"tools\":[{\"type\":\"function\",\"function\":{\"name\":\"get_current_weather\",\"description\":\"Gets the user's current weather\",\"parameters\":{\"type\":\"object\",\"properties\":{}}}}],\"tool_resources\":{\"code_interpreter\":{\"file_ids\":[]}},\"metadata\":{},\"temperature\":1.0,\"top_p\":1.0,\"max_completion_tokens\":null,\"max_prompt_tokens\":null,\"truncation_strategy\":{\"type\":\"auto\",\"last_messages\":null},\"incomplete_details\":null,\"usage\":null,\"response_format\":\"auto\",\"tool_choice\":\"auto\",\"parallel_tool_calls\":true}\n\n",
        "event: thread.run.queued\n",
        "data: {\"id\":\"run_5sw5VQW3DtriyC92jIOLhWox\",\"object\":\"thread.run\",\"created_at\":1723496019,\"assistant_id\":\"asst_3dFhN65IdNAhNE9uAq6CAHxJ\",\"thread_id\":\"thread_6MiADJn9ZSgcO014DnqnfAQp\",\"status\":\"queued\",\"started_at\":null,\"expires_at\":1723496619,\"cancelled_at\":null,\"failed_at\":null,\"completed_at\":null,\"required_action\":null,\"last_error\":null,\"model\":\"gpt-4-turbo\",\"instructions\":null,\"tools\":[{\"type\":\"function\",\"function\":{\"name\":\"get_current_weather\",\"description\":\"Gets the user's current weather\",\"parameters\":{\"type\":\"object\",\"properties\":{}}}}],\"tool_resources\":{\"code_interpreter\":{\"file_ids\":[]}},\"metadata\":{},\"temperature\":1.0,\"top_p\":1.0,\"max_completion_tokens\":null,\"max_prompt_tokens\":null,\"truncation_strategy\":{\"type\":\"auto\",\"last_messages\":null},\"incomplete_details\":null,\"usage\":null,\"response_format\":\"auto\",\"tool_choice\":\"auto\",\"parallel_tool_calls\":true}\n\n",
        "event: thread.run.in_progress\n",
        "data: {\"id\":\"run_5sw5VQW3DtriyC92jIOLhWox\",\"object\":\"thread.run\",\"created_at\":1723496019,\"assistant_id\":\"asst_3dFhN65IdNAhNE9uAq6CAHxJ\",\"thread_id\":\"thread_6MiADJn9ZSgcO014DnqnfAQp\",\"status\":\"in_progress\",\"started_at\":1723496019,\"expires_at\":1723496619,\"cancelled_at\":null,\"failed_at\":null,\"completed_at\":null,\"required_action\":null,\"last_error\":null,\"model\":\"gpt-4-turbo\",\"instructions\":null,\"tools\":[{\"type\":\"function\",\"function\":{\"name\":\"get_current_weather\",\"description\":\"Gets the user's current weather\",\"parameters\":{\"type\":\"object\",\"properties\":{}}}}],\"tool_resources\":{\"code_interpreter\":{\"file_ids\":[]}},\"metadata\":{},\"temperature\":1.0,\"top_p\":1.0,\"max_completion_tokens\":null,\"max_prompt_tokens\":null,\"truncation_strategy\":{\"type\":\"auto\",\"last_messages\":null},\"incomplete_details\":null,\"usage\":null,\"response_format\":\"auto\",\"tool_choice\":\"auto\",\"parallel_tool_calls\":true}\n\n",
        "event: thread.run.step.created\n",
        "data: {\"id\":\"step_h1wmrIxPDzieO5zjW6WmSU43\",\"object\":\"thread.run.step\",\"created_at\":1723496020,\"run_id\":\"run_5sw5VQW3DtriyC92jIOLhWox\",\"assistant_id\":\"asst_3dFhN65IdNAhNE9uAq6CAHxJ\",\"thread_id\":\"thread_6MiADJn9ZSgcO014DnqnfAQp\",\"type\":\"tool_calls\",\"status\":\"in_progress\",\"cancelled_at\":null,\"completed_at\":null,\"expires_at\":1723496619,\"failed_at\":null,\"last_error\":null,\"step_details\":{\"type\":\"tool_calls\",\"tool_calls\":[]},\"usage\":null}\n\n",
        "event: thread.run.step.in_progress\n",
        "data: {\"id\":\"step_h1wmrIxPDzieO5zjW6WmSU43\",\"object\":\"thread.run.step\",\"created_at\":1723496020,\"run_id\":\"run_5sw5VQW3DtriyC92jIOLhWox\",\"assistant_id\":\"asst_3dFhN65IdNAhNE9uAq6CAHxJ\",\"thread_id\":\"thread_6MiADJn9ZSgcO014DnqnfAQp\",\"type\":\"tool_calls\",\"status\":\"in_progress\",\"cancelled_at\":null,\"completed_at\":null,\"expires_at\":1723496619,\"failed_at\":null,\"last_error\":null,\"step_details\":{\"type\":\"tool_calls\",\"tool_calls\":[]},\"usage\":null}\n\n",
        "event: thread.run.step.delta\n",
        "data: {\"id\":\"step_h1wmrIxPDzieO5zjW6WmSU43\",\"object\":\"thread.run.step.delta\",\"delta\":{\"step_details\":{\"type\":\"tool_calls\",\"tool_calls\":[{\"index\":0,\"id\":\"call_YAGvR4uBmtmMIGeMYKJ11PtO\",\"type\":\"function\",\"function\":{\"name\":\"get_current_weather\",\"arguments\":\"\",\"output\":null}}]}}}\n\n",
        "event: thread.run.step.delta\n",
        "data: {\"id\":\"step_h1wmrIxPDzieO5zjW6WmSU43\",\"object\":\"thread.run.step.delta\",\"delta\":{\"step_details\":{\"type\":\"tool_calls\",\"tool_calls\":[{\"index\":0,\"type\":\"function\",\"function\":{\"arguments\":\"{}\"}}]}}}\n\n",
        "event: thread.run.requires_action\n",
        "data: {\"id\":\"run_5sw5VQW3DtriyC92jIOLhWox\",\"object\":\"thread.run\",\"created_at\":1723496019,\"assistant_id\":\"asst_3dFhN65IdNAhNE9uAq6CAHxJ\",\"thread_id\":\"thread_6MiADJn9ZSgcO014DnqnfAQp\",\"status\":\"requires_action\",\"started_at\":1723496019,\"expires_at\":1723496619,\"cancelled_at\":null,\"failed_at\":null,\"completed_at\":null,\"required_action\":{\"type\":\"submit_tool_outputs\",\"submit_tool_outputs\":{\"tool_calls\":[{\"id\":\"call_YAGvR4uBmtmMIGeMYKJ11PtO\",\"type\":\"function\",\"function\":{\"name\":\"get_current_weather\",\"arguments\":\"{}\"}}]}},\"last_error\":null,\"model\":\"gpt-4-turbo\",\"instructions\":null,\"tools\":[{\"type\":\"function\",\"function\":{\"name\":\"get_current_weather\",\"description\":\"Gets the user's current weather\",\"parameters\":{\"type\":\"object\",\"properties\":{}}}}],\"tool_resources\":{\"code_interpreter\":{\"file_ids\":[]}},\"metadata\":{},\"temperature\":1.0,\"top_p\":1.0,\"max_completion_tokens\":null,\"max_prompt_tokens\":null,\"truncation_strategy\":{\"type\":\"auto\",\"last_messages\":null},\"incomplete_details\":null,\"usage\":null,\"response_format\":\"auto\",\"tool_choice\":\"auto\",\"parallel_tool_calls\":true}\n\n",
        "event: done\n",
        "data: [DONE]\n\n"
      ]
    },
    {
      "RequestUri": "https://Sanitized.openai.azure.com/openai/threads/thread_6MiADJn9ZSgcO014DnqnfAQp/runs/run_5sw5VQW3DtriyC92jIOLhWox/submit_tool_outputs?api-version=2024-07-01-preview",
      "RequestMethod": "POST",
      "RequestHeaders": {
        "Accept": "application/json",
        "api-key": "Sanitized",
        "Content-Length": "107",
        "Content-Type": "application/json",
        "OpenAI-Beta": "assistants=v2",
        "User-Agent": "azsdk-net-AI.OpenAI/2.0.0-alpha.20240812.1 (.NET 8.0.7; Microsoft Windows 10.0.22631)",
        "x-ms-client-request-id": "Sanitized"
      },
      "RequestBody": {
        "tool_outputs": [
          {
            "tool_call_id": "call_YAGvR4uBmtmMIGeMYKJ11PtO",
            "output": "warm and sunny"
          }
        ],
        "stream": true
      },
      "StatusCode": 200,
      "ResponseHeaders": {
        "apim-request-id": "9e334ac5-572f-4379-b9c0-b1075bef1074",
        "Content-Type": "text/event-stream; charset=utf-8",
        "Date": "Mon, 12 Aug 2024 20:53:40 GMT",
        "Strict-Transport-Security": "max-age=31536000; includeSubDomains; preload",
        "Transfer-Encoding": "chunked",
        "X-Content-Type-Options": "nosniff",
        "x-ms-client-request-id": "Sanitized",
        "x-ms-middleware-request-id": "38464f6d-0fa3-41f2-abba-f84db454077b",
        "x-ms-region": "Sweden Central",
        "X-Request-ID": "b76c7c6a-0749-4995-960e-c134431e6228"
      },
      "ResponseBody": [
        "event: thread.run.step.completed\n",
        "data: {\"id\":\"step_h1wmrIxPDzieO5zjW6WmSU43\",\"object\":\"thread.run.step\",\"created_at\":1723496020,\"run_id\":\"run_5sw5VQW3DtriyC92jIOLhWox\",\"assistant_id\":\"asst_3dFhN65IdNAhNE9uAq6CAHxJ\",\"thread_id\":\"thread_6MiADJn9ZSgcO014DnqnfAQp\",\"type\":\"tool_calls\",\"status\":\"completed\",\"cancelled_at\":null,\"completed_at\":1723496021,\"expires_at\":1723496619,\"failed_at\":null,\"last_error\":null,\"step_details\":{\"type\":\"tool_calls\",\"tool_calls\":[{\"id\":\"call_YAGvR4uBmtmMIGeMYKJ11PtO\",\"type\":\"function\",\"function\":{\"name\":\"get_current_weather\",\"arguments\":\"{}\",\"output\":\"warm and sunny\"}}]},\"usage\":{\"prompt_tokens\":256,\"completion_tokens\":12,\"total_tokens\":268}}\n\n",
        "event: thread.run.queued\n",
        "data: {\"id\":\"run_5sw5VQW3DtriyC92jIOLhWox\",\"object\":\"thread.run\",\"created_at\":1723496019,\"assistant_id\":\"asst_3dFhN65IdNAhNE9uAq6CAHxJ\",\"thread_id\":\"thread_6MiADJn9ZSgcO014DnqnfAQp\",\"status\":\"queued\",\"started_at\":1723496019,\"expires_at\":1723496619,\"cancelled_at\":null,\"failed_at\":null,\"completed_at\":null,\"required_action\":null,\"last_error\":null,\"model\":\"gpt-4-turbo\",\"instructions\":null,\"tools\":[{\"type\":\"function\",\"function\":{\"name\":\"get_current_weather\",\"description\":\"Gets the user's current weather\",\"parameters\":{\"type\":\"object\",\"properties\":{}}}}],\"tool_resources\":{\"code_interpreter\":{\"file_ids\":[]}},\"metadata\":{},\"temperature\":1.0,\"top_p\":1.0,\"max_completion_tokens\":null,\"max_prompt_tokens\":null,\"truncation_strategy\":{\"type\":\"auto\",\"last_messages\":null},\"incomplete_details\":null,\"usage\":null,\"response_format\":\"auto\",\"tool_choice\":\"auto\",\"parallel_tool_calls\":true}\n\n",
        "event: thread.run.in_progress\n",
        "data: {\"id\":\"run_5sw5VQW3DtriyC92jIOLhWox\",\"object\":\"thread.run\",\"created_at\":1723496019,\"assistant_id\":\"asst_3dFhN65IdNAhNE9uAq6CAHxJ\",\"thread_id\":\"thread_6MiADJn9ZSgcO014DnqnfAQp\",\"status\":\"in_progress\",\"started_at\":1723496021,\"expires_at\":1723496619,\"cancelled_at\":null,\"failed_at\":null,\"completed_at\":null,\"required_action\":null,\"last_error\":null,\"model\":\"gpt-4-turbo\",\"instructions\":null,\"tools\":[{\"type\":\"function\",\"function\":{\"name\":\"get_current_weather\",\"description\":\"Gets the user's current weather\",\"parameters\":{\"type\":\"object\",\"properties\":{}}}}],\"tool_resources\":{\"code_interpreter\":{\"file_ids\":[]}},\"metadata\":{},\"temperature\":1.0,\"top_p\":1.0,\"max_completion_tokens\":null,\"max_prompt_tokens\":null,\"truncation_strategy\":{\"type\":\"auto\",\"last_messages\":null},\"incomplete_details\":null,\"usage\":null,\"response_format\":\"auto\",\"tool_choice\":\"auto\",\"parallel_tool_calls\":true}\n\n",
        "event: thread.run.step.created\n",
        "data: {\"id\":\"step_klkN1vZfmLcpZBi0x8708KoR\",\"object\":\"thread.run.step\",\"created_at\":1723496021,\"run_id\":\"run_5sw5VQW3DtriyC92jIOLhWox\",\"assistant_id\":\"asst_3dFhN65IdNAhNE9uAq6CAHxJ\",\"thread_id\":\"thread_6MiADJn9ZSgcO014DnqnfAQp\",\"type\":\"message_creation\",\"status\":\"in_progress\",\"cancelled_at\":null,\"completed_at\":null,\"expires_at\":1723496619,\"failed_at\":null,\"last_error\":null,\"step_details\":{\"type\":\"message_creation\",\"message_creation\":{\"message_id\":\"msg_5wudP6ilncnnhefiJCsNiYkZ\"}},\"usage\":null}\n\n",
        "event: thread.run.step.in_progress\n",
        "data: {\"id\":\"step_klkN1vZfmLcpZBi0x8708KoR\",\"object\":\"thread.run.step\",\"created_at\":1723496021,\"run_id\":\"run_5sw5VQW3DtriyC92jIOLhWox\",\"assistant_id\":\"asst_3dFhN65IdNAhNE9uAq6CAHxJ\",\"thread_id\":\"thread_6MiADJn9ZSgcO014DnqnfAQp\",\"type\":\"message_creation\",\"status\":\"in_progress\",\"cancelled_at\":null,\"completed_at\":null,\"expires_at\":1723496619,\"failed_at\":null,\"last_error\":null,\"step_details\":{\"type\":\"message_creation\",\"message_creation\":{\"message_id\":\"msg_5wudP6ilncnnhefiJCsNiYkZ\"}},\"usage\":null}\n\n",
        "event: thread.message.created\n",
        "data: {\"id\":\"msg_5wudP6ilncnnhefiJCsNiYkZ\",\"object\":\"thread.message\",\"created_at\":1723496021,\"assistant_id\":\"asst_3dFhN65IdNAhNE9uAq6CAHxJ\",\"thread_id\":\"thread_6MiADJn9ZSgcO014DnqnfAQp\",\"run_id\":\"run_5sw5VQW3DtriyC92jIOLhWox\",\"status\":\"in_progress\",\"incomplete_details\":null,\"incomplete_at\":null,\"completed_at\":null,\"role\":\"assistant\",\"content\":[],\"attachments\":[],\"metadata\":{}}\n\n",
        "event: thread.message.in_progress\n",
        "data: {\"id\":\"msg_5wudP6ilncnnhefiJCsNiYkZ\",\"object\":\"thread.message\",\"created_at\":1723496021,\"assistant_id\":\"asst_3dFhN65IdNAhNE9uAq6CAHxJ\",\"thread_id\":\"thread_6MiADJn9ZSgcO014DnqnfAQp\",\"run_id\":\"run_5sw5VQW3DtriyC92jIOLhWox\",\"status\":\"in_progress\",\"incomplete_details\":null,\"incomplete_at\":null,\"completed_at\":null,\"role\":\"assistant\",\"content\":[],\"attachments\":[],\"metadata\":{}}\n\n",
        "event: thread.message.delta\n",
        "data: {\"id\":\"msg_5wudP6ilncnnhefiJCsNiYkZ\",\"object\":\"thread.message.delta\",\"delta\":{\"content\":[{\"index\":0,\"type\":\"text\",\"text\":{\"value\":\"The\",\"annotations\":[]}}]}}\n\n",
        "event: thread.message.delta\n",
        "data: {\"id\":\"msg_5wudP6ilncnnhefiJCsNiYkZ\",\"object\":\"thread.message.delta\",\"delta\":{\"content\":[{\"index\":0,\"type\":\"text\",\"text\":{\"value\":\" weather\"}}]}}\n\n",
        "event: thread.message.delta\n",
        "data: {\"id\":\"msg_5wudP6ilncnnhefiJCsNiYkZ\",\"object\":\"thread.message.delta\",\"delta\":{\"content\":[{\"index\":0,\"type\":\"text\",\"text\":{\"value\":\" is\"}}]}}\n\n",
        "event: thread.message.delta\n",
        "data: {\"id\":\"msg_5wudP6ilncnnhefiJCsNiYkZ\",\"object\":\"thread.message.delta\",\"delta\":{\"content\":[{\"index\":0,\"type\":\"text\",\"text\":{\"value\":\" warm\"}}]}}\n\n",
        "event: thread.message.delta\n",
        "data: {\"id\":\"msg_5wudP6ilncnnhefiJCsNiYkZ\",\"object\":\"thread.message.delta\",\"delta\":{\"content\":[{\"index\":0,\"type\":\"text\",\"text\":{\"value\":\" and\"}}]}}\n\n",
        "event: thread.message.delta\n",
        "data: {\"id\":\"msg_5wudP6ilncnnhefiJCsNiYkZ\",\"object\":\"thread.message.delta\",\"delta\":{\"content\":[{\"index\":0,\"type\":\"text\",\"text\":{\"value\":\" sunny\"}}]}}\n\n",
        "event: thread.message.delta\n",
        "data: {\"id\":\"msg_5wudP6ilncnnhefiJCsNiYkZ\",\"object\":\"thread.message.delta\",\"delta\":{\"content\":[{\"index\":0,\"type\":\"text\",\"text\":{\"value\":\".\"}}]}}\n\n",
        "event: thread.message.delta\n",
        "data: {\"id\":\"msg_5wudP6ilncnnhefiJCsNiYkZ\",\"object\":\"thread.message.delta\",\"delta\":{\"content\":[{\"index\":0,\"type\":\"text\",\"text\":{\"value\":\" You\"}}]}}\n\n",
        "event: thread.message.delta\n",
        "data: {\"id\":\"msg_5wudP6ilncnnhefiJCsNiYkZ\",\"object\":\"thread.message.delta\",\"delta\":{\"content\":[{\"index\":0,\"type\":\"text\",\"text\":{\"value\":\" should\"}}]}}\n\n",
        "event: thread.message.delta\n",
        "data: {\"id\":\"msg_5wudP6ilncnnhefiJCsNiYkZ\",\"object\":\"thread.message.delta\",\"delta\":{\"content\":[{\"index\":0,\"type\":\"text\",\"text\":{\"value\":\" wear\"}}]}}\n\n",
        "event: thread.message.delta\n",
        "data: {\"id\":\"msg_5wudP6ilncnnhefiJCsNiYkZ\",\"object\":\"thread.message.delta\",\"delta\":{\"content\":[{\"index\":0,\"type\":\"text\",\"text\":{\"value\":\" lightweight\"}}]}}\n\n",
        "event: thread.message.delta\n",
        "data: {\"id\":\"msg_5wudP6ilncnnhefiJCsNiYkZ\",\"object\":\"thread.message.delta\",\"delta\":{\"content\":[{\"index\":0,\"type\":\"text\",\"text\":{\"value\":\" and\"}}]}}\n\n",
        "event: thread.message.delta\n",
        "data: {\"id\":\"msg_5wudP6ilncnnhefiJCsNiYkZ\",\"object\":\"thread.message.delta\",\"delta\":{\"content\":[{\"index\":0,\"type\":\"text\",\"text\":{\"value\":\" breathable\"}}]}}\n\n",
        "event: thread.message.delta\n",
        "data: {\"id\":\"msg_5wudP6ilncnnhefiJCsNiYkZ\",\"object\":\"thread.message.delta\",\"delta\":{\"content\":[{\"index\":0,\"type\":\"text\",\"text\":{\"value\":\" clothing\"}}]}}\n\n",
        "event: thread.message.delta\n",
        "data: {\"id\":\"msg_5wudP6ilncnnhefiJCsNiYkZ\",\"object\":\"thread.message.delta\",\"delta\":{\"content\":[{\"index\":0,\"type\":\"text\",\"text\":{\"value\":\",\"}}]}}\n\n",
        "event: thread.message.delta\n",
        "data: {\"id\":\"msg_5wudP6ilncnnhefiJCsNiYkZ\",\"object\":\"thread.message.delta\",\"delta\":{\"content\":[{\"index\":0,\"type\":\"text\",\"text\":{\"value\":\" such\"}}]}}\n\n",
        "event: thread.message.delta\n",
        "data: {\"id\":\"msg_5wudP6ilncnnhefiJCsNiYkZ\",\"object\":\"thread.message.delta\",\"delta\":{\"content\":[{\"index\":0,\"type\":\"text\",\"text\":{\"value\":\" as\"}}]}}\n\n",
        "event: thread.message.delta\n",
        "data: {\"id\":\"msg_5wudP6ilncnnhefiJCsNiYkZ\",\"object\":\"thread.message.delta\",\"delta\":{\"content\":[{\"index\":0,\"type\":\"text\",\"text\":{\"value\":\" a\"}}]}}\n\n",
        "event: thread.message.delta\n",
        "data: {\"id\":\"msg_5wudP6ilncnnhefiJCsNiYkZ\",\"object\":\"thread.message.delta\",\"delta\":{\"content\":[{\"index\":0,\"type\":\"text\",\"text\":{\"value\":\" T\"}}]}}\n\n",
        "event: thread.message.delta\n",
        "data: {\"id\":\"msg_5wudP6ilncnnhefiJCsNiYkZ\",\"object\":\"thread.message.delta\",\"delta\":{\"content\":[{\"index\":0,\"type\":\"text\",\"text\":{\"value\":\"-shirt\"}}]}}\n\n",
        "event: thread.message.delta\n",
        "data: {\"id\":\"msg_5wudP6ilncnnhefiJCsNiYkZ\",\"object\":\"thread.message.delta\",\"delta\":{\"content\":[{\"index\":0,\"type\":\"text\",\"text\":{\"value\":\",\"}}]}}\n\n",
        "event: thread.message.delta\n",
        "data: {\"id\":\"msg_5wudP6ilncnnhefiJCsNiYkZ\",\"object\":\"thread.message.delta\",\"delta\":{\"content\":[{\"index\":0,\"type\":\"text\",\"text\":{\"value\":\" shorts\"}}]}}\n\n",
        "event: thread.message.delta\n",
        "data: {\"id\":\"msg_5wudP6ilncnnhefiJCsNiYkZ\",\"object\":\"thread.message.delta\",\"delta\":{\"content\":[{\"index\":0,\"type\":\"text\",\"text\":{\"value\":\",\"}}]}}\n\n",
        "event: thread.message.delta\n",
        "data: {\"id\":\"msg_5wudP6ilncnnhefiJCsNiYkZ\",\"object\":\"thread.message.delta\",\"delta\":{\"content\":[{\"index\":0,\"type\":\"text\",\"text\":{\"value\":\" and\"}}]}}\n\n",
        "event: thread.message.delta\n",
        "data: {\"id\":\"msg_5wudP6ilncnnhefiJCsNiYkZ\",\"object\":\"thread.message.delta\",\"delta\":{\"content\":[{\"index\":0,\"type\":\"text\",\"text\":{\"value\":\" perhaps\"}}]}}\n\n",
        "event: thread.message.delta\n",
        "data: {\"id\":\"msg_5wudP6ilncnnhefiJCsNiYkZ\",\"object\":\"thread.message.delta\",\"delta\":{\"content\":[{\"index\":0,\"type\":\"text\",\"text\":{\"value\":\" a\"}}]}}\n\n",
        "event: thread.message.delta\n",
        "data: {\"id\":\"msg_5wudP6ilncnnhefiJCsNiYkZ\",\"object\":\"thread.message.delta\",\"delta\":{\"content\":[{\"index\":0,\"type\":\"text\",\"text\":{\"value\":\" pair\"}}]}}\n\n",
        "event: thread.message.delta\n",
        "data: {\"id\":\"msg_5wudP6ilncnnhefiJCsNiYkZ\",\"object\":\"thread.message.delta\",\"delta\":{\"content\":[{\"index\":0,\"type\":\"text\",\"text\":{\"value\":\" of\"}}]}}\n\n",
        "event: thread.message.delta\n",
        "data: {\"id\":\"msg_5wudP6ilncnnhefiJCsNiYkZ\",\"object\":\"thread.message.delta\",\"delta\":{\"content\":[{\"index\":0,\"type\":\"text\",\"text\":{\"value\":\" sunglasses\"}}]}}\n\n",
        "event: thread.message.delta\n",
        "data: {\"id\":\"msg_5wudP6ilncnnhefiJCsNiYkZ\",\"object\":\"thread.message.delta\",\"delta\":{\"content\":[{\"index\":0,\"type\":\"text\",\"text\":{\"value\":\" to\"}}]}}\n\n",
        "event: thread.message.delta\n",
        "data: {\"id\":\"msg_5wudP6ilncnnhefiJCsNiYkZ\",\"object\":\"thread.message.delta\",\"delta\":{\"content\":[{\"index\":0,\"type\":\"text\",\"text\":{\"value\":\" protect\"}}]}}\n\n",
        "event: thread.message.delta\n",
        "data: {\"id\":\"msg_5wudP6ilncnnhefiJCsNiYkZ\",\"object\":\"thread.message.delta\",\"delta\":{\"content\":[{\"index\":0,\"type\":\"text\",\"text\":{\"value\":\" your\"}}]}}\n\n",
        "event: thread.message.delta\n",
        "data: {\"id\":\"msg_5wudP6ilncnnhefiJCsNiYkZ\",\"object\":\"thread.message.delta\",\"delta\":{\"content\":[{\"index\":0,\"type\":\"text\",\"text\":{\"value\":\" eyes\"}}]}}\n\n",
        "event: thread.message.delta\n",
        "data: {\"id\":\"msg_5wudP6ilncnnhefiJCsNiYkZ\",\"object\":\"thread.message.delta\",\"delta\":{\"content\":[{\"index\":0,\"type\":\"text\",\"text\":{\"value\":\".\"}}]}}\n\n",
        "event: thread.message.delta\n",
        "data: {\"id\":\"msg_5wudP6ilncnnhefiJCsNiYkZ\",\"object\":\"thread.message.delta\",\"delta\":{\"content\":[{\"index\":0,\"type\":\"text\",\"text\":{\"value\":\" Consider\"}}]}}\n\n",
        "event: thread.message.delta\n",
        "data: {\"id\":\"msg_5wudP6ilncnnhefiJCsNiYkZ\",\"object\":\"thread.message.delta\",\"delta\":{\"content\":[{\"index\":0,\"type\":\"text\",\"text\":{\"value\":\" wearing\"}}]}}\n\n",
        "event: thread.message.delta\n",
        "data: {\"id\":\"msg_5wudP6ilncnnhefiJCsNiYkZ\",\"object\":\"thread.message.delta\",\"delta\":{\"content\":[{\"index\":0,\"type\":\"text\",\"text\":{\"value\":\" a\"}}]}}\n\n",
        "event: thread.message.delta\n",
        "data: {\"id\":\"msg_5wudP6ilncnnhefiJCsNiYkZ\",\"object\":\"thread.message.delta\",\"delta\":{\"content\":[{\"index\":0,\"type\":\"text\",\"text\":{\"value\":\" hat\"}}]}}\n\n",
        "event: thread.message.delta\n",
        "data: {\"id\":\"msg_5wudP6ilncnnhefiJCsNiYkZ\",\"object\":\"thread.message.delta\",\"delta\":{\"content\":[{\"index\":0,\"type\":\"text\",\"text\":{\"value\":\" for\"}}]}}\n\n",
        "event: thread.message.delta\n",
        "data: {\"id\":\"msg_5wudP6ilncnnhefiJCsNiYkZ\",\"object\":\"thread.message.delta\",\"delta\":{\"content\":[{\"index\":0,\"type\":\"text\",\"text\":{\"value\":\" extra\"}}]}}\n\n",
        "event: thread.message.delta\n",
        "data: {\"id\":\"msg_5wudP6ilncnnhefiJCsNiYkZ\",\"object\":\"thread.message.delta\",\"delta\":{\"content\":[{\"index\":0,\"type\":\"text\",\"text\":{\"value\":\" sun\"}}]}}\n\n",
        "event: thread.message.delta\n",
        "data: {\"id\":\"msg_5wudP6ilncnnhefiJCsNiYkZ\",\"object\":\"thread.message.delta\",\"delta\":{\"content\":[{\"index\":0,\"type\":\"text\",\"text\":{\"value\":\" protection\"}}]}}\n\n",
        "event: thread.message.delta\n",
        "data: {\"id\":\"msg_5wudP6ilncnnhefiJCsNiYkZ\",\"object\":\"thread.message.delta\",\"delta\":{\"content\":[{\"index\":0,\"type\":\"text\",\"text\":{\"value\":\" if\"}}]}}\n\n",
        "event: thread.message.delta\n",
        "data: {\"id\":\"msg_5wudP6ilncnnhefiJCsNiYkZ\",\"object\":\"thread.message.delta\",\"delta\":{\"content\":[{\"index\":0,\"type\":\"text\",\"text\":{\"value\":\" you\"}}]}}\n\n",
        "event: thread.message.delta\n",
        "data: {\"id\":\"msg_5wudP6ilncnnhefiJCsNiYkZ\",\"object\":\"thread.message.delta\",\"delta\":{\"content\":[{\"index\":0,\"type\":\"text\",\"text\":{\"value\":\" plan\"}}]}}\n\n",
        "event: thread.message.delta\n",
        "data: {\"id\":\"msg_5wudP6ilncnnhefiJCsNiYkZ\",\"object\":\"thread.message.delta\",\"delta\":{\"content\":[{\"index\":0,\"type\":\"text\",\"text\":{\"value\":\" to\"}}]}}\n\n",
        "event: thread.message.delta\n",
        "data: {\"id\":\"msg_5wudP6ilncnnhefiJCsNiYkZ\",\"object\":\"thread.message.delta\",\"delta\":{\"content\":[{\"index\":0,\"type\":\"text\",\"text\":{\"value\":\" be\"}}]}}\n\n",
        "event: thread.message.delta\n",
        "data: {\"id\":\"msg_5wudP6ilncnnhefiJCsNiYkZ\",\"object\":\"thread.message.delta\",\"delta\":{\"content\":[{\"index\":0,\"type\":\"text\",\"text\":{\"value\":\" outdoors\"}}]}}\n\n",
        "event: thread.message.delta\n",
        "data: {\"id\":\"msg_5wudP6ilncnnhefiJCsNiYkZ\",\"object\":\"thread.message.delta\",\"delta\":{\"content\":[{\"index\":0,\"type\":\"text\",\"text\":{\"value\":\" for\"}}]}}\n\n",
        "event: thread.message.delta\n",
        "data: {\"id\":\"msg_5wudP6ilncnnhefiJCsNiYkZ\",\"object\":\"thread.message.delta\",\"delta\":{\"content\":[{\"index\":0,\"type\":\"text\",\"text\":{\"value\":\" an\"}}]}}\n\n",
        "event: thread.message.delta\n",
        "data: {\"id\":\"msg_5wudP6ilncnnhefiJCsNiYkZ\",\"object\":\"thread.message.delta\",\"delta\":{\"content\":[{\"index\":0,\"type\":\"text\",\"text\":{\"value\":\" extended\"}}]}}\n\n",
        "event: thread.message.delta\n",
        "data: {\"id\":\"msg_5wudP6ilncnnhefiJCsNiYkZ\",\"object\":\"thread.message.delta\",\"delta\":{\"content\":[{\"index\":0,\"type\":\"text\",\"text\":{\"value\":\" period\"}}]}}\n\n",
        "event: thread.message.delta\n",
        "data: {\"id\":\"msg_5wudP6ilncnnhefiJCsNiYkZ\",\"object\":\"thread.message.delta\",\"delta\":{\"content\":[{\"index\":0,\"type\":\"text\",\"text\":{\"value\":\".\"}}]}}\n\n",
        "event: thread.message.completed\n",
        "data: {\"id\":\"msg_5wudP6ilncnnhefiJCsNiYkZ\",\"object\":\"thread.message\",\"created_at\":1723496021,\"assistant_id\":\"asst_3dFhN65IdNAhNE9uAq6CAHxJ\",\"thread_id\":\"thread_6MiADJn9ZSgcO014DnqnfAQp\",\"run_id\":\"run_5sw5VQW3DtriyC92jIOLhWox\",\"status\":\"completed\",\"incomplete_details\":null,\"incomplete_at\":null,\"completed_at\":1723496023,\"role\":\"assistant\",\"content\":[{\"type\":\"text\",\"text\":{\"value\":\"The weather is warm and sunny. You should wear lightweight and breathable clothing, such as a T-shirt, shorts, and perhaps a pair of sunglasses to protect your eyes. Consider wearing a hat for extra sun protection if you plan to be outdoors for an extended period.\",\"annotations\":[]}}],\"attachments\":[],\"metadata\":{}}\n\n",
        "event: thread.run.step.completed\n",
        "data: {\"id\":\"step_klkN1vZfmLcpZBi0x8708KoR\",\"object\":\"thread.run.step\",\"created_at\":1723496021,\"run_id\":\"run_5sw5VQW3DtriyC92jIOLhWox\",\"assistant_id\":\"asst_3dFhN65IdNAhNE9uAq6CAHxJ\",\"thread_id\":\"thread_6MiADJn9ZSgcO014DnqnfAQp\",\"type\":\"message_creation\",\"status\":\"completed\",\"cancelled_at\":null,\"completed_at\":1723496023,\"expires_at\":1723496619,\"failed_at\":null,\"last_error\":null,\"step_details\":{\"type\":\"message_creation\",\"message_creation\":{\"message_id\":\"msg_5wudP6ilncnnhefiJCsNiYkZ\"}},\"usage\":{\"prompt_tokens\":280,\"completion_tokens\":55,\"total_tokens\":335}}\n\n",
        "event: thread.run.completed\n",
        "data: {\"id\":\"run_5sw5VQW3DtriyC92jIOLhWox\",\"object\":\"thread.run\",\"created_at\":1723496019,\"assistant_id\":\"asst_3dFhN65IdNAhNE9uAq6CAHxJ\",\"thread_id\":\"thread_6MiADJn9ZSgcO014DnqnfAQp\",\"status\":\"completed\",\"started_at\":1723496021,\"expires_at\":null,\"cancelled_at\":null,\"failed_at\":null,\"completed_at\":1723496023,\"required_action\":null,\"last_error\":null,\"model\":\"gpt-4-turbo\",\"instructions\":null,\"tools\":[{\"type\":\"function\",\"function\":{\"name\":\"get_current_weather\",\"description\":\"Gets the user's current weather\",\"parameters\":{\"type\":\"object\",\"properties\":{}}}}],\"tool_resources\":{\"code_interpreter\":{\"file_ids\":[]}},\"metadata\":{},\"temperature\":1.0,\"top_p\":1.0,\"max_completion_tokens\":null,\"max_prompt_tokens\":null,\"truncation_strategy\":{\"type\":\"auto\",\"last_messages\":null},\"incomplete_details\":null,\"usage\":{\"prompt_tokens\":536,\"completion_tokens\":67,\"total_tokens\":603},\"response_format\":\"auto\",\"tool_choice\":\"auto\",\"parallel_tool_calls\":true}\n\n",
        "event: done\n",
        "data: [DONE]\n\n"
      ]
    },
    {
      "RequestUri": "https://Sanitized.openai.azure.com/openai/assistants/asst_3dFhN65IdNAhNE9uAq6CAHxJ?api-version=2024-07-01-preview",
      "RequestMethod": "DELETE",
      "RequestHeaders": {
        "Accept": "application/json",
        "api-key": "Sanitized",
        "OpenAI-Beta": "assistants=v2",
        "User-Agent": "azsdk-net-AI.OpenAI/2.0.0-alpha.20240812.1 (.NET 8.0.7; Microsoft Windows 10.0.22631)",
        "x-ms-client-request-id": "Sanitized"
      },
      "RequestBody": null,
      "StatusCode": 200,
      "ResponseHeaders": {
        "apim-request-id": "1b57a014-56f2-45d3-8e43-679fd053681b",
        "Content-Length": "95",
        "Content-Type": "application/json",
        "Date": "Mon, 12 Aug 2024 20:53:43 GMT",
        "Strict-Transport-Security": "max-age=31536000; includeSubDomains; preload",
        "X-Content-Type-Options": "nosniff",
        "x-ms-client-request-id": "Sanitized",
        "x-ms-middleware-request-id": "5a7cfe25-84f9-43f6-98b2-a9206be5a7cb",
        "x-ms-region": "Sweden Central",
        "X-Request-ID": "1452e7a2-c50e-4f6b-b500-c18e048887ea"
      },
      "ResponseBody": {
        "id": "asst_3dFhN65IdNAhNE9uAq6CAHxJ",
        "object": "assistant.deleted",
        "deleted": true
      }
    }
  ],
  "Variables": {
    "RandomSeed": "317605149"
  }
}
