{
  "Entries": [
    {
      "RequestUri": "https://Sanitized.openai.azure.com/openai/threads?api-version=2024-05-01-preview",
      "RequestMethod": "POST",
      "RequestHeaders": {
        "Accept": "application/json",
        "api-key": "Sanitized",
        "Content-Length": "276",
        "Content-Type": "application/json",
        "OpenAI-Beta": "assistants=v2",
        "User-Agent": "azsdk-net-AI.OpenAI/2.0.0-alpha.20240620.1 (.NET 7.0.20; Microsoft Windows 10.0.22631)",
        "x-ms-client-request-id": "Sanitized"
      },
      "RequestBody": {
        "messages": [
          {
            "role": "user",
            "content": "Hello, world!"
          },
          {
            "role": "user",
            "content": [
              {
                "type": "text",
                "text": "Can you describe this image for me?"
              },
              {
                "type": "image_url",
                "image_url": {
                  "url": "https://test.openai.com/image.png"
                }
              }
            ],
            "metadata": {
              "messageMetadata": "messageMetadataValue"
            }
          }
        ]
      },
      "StatusCode": 200,
      "ResponseHeaders": {
        "apim-request-id": "dbd7ff85-e8b4-4560-ae70-4dc7c1b6f1b8",
        "Content-Length": "137",
        "Content-Type": "application/json",
        "Date": "Fri, 21 Jun 2024 03:25:54 GMT",
        "Strict-Transport-Security": "max-age=31536000; includeSubDomains; preload",
        "X-Content-Type-Options": "nosniff",
        "x-ms-client-request-id": "Sanitized",
        "x-ms-middleware-request-id": "70eca324-6b5e-4c6a-88ba-40fb29931d80",
        "x-ms-region": "Sweden Central",
        "X-Request-ID": "3d8b0b28-1a62-43c7-99c6-bca35507db64"
      },
      "ResponseBody": {
        "id": "thread_Fqq0fGjZscVtJ3ml9IkEmFro",
        "object": "thread",
        "created_at": 1718940354,
        "metadata": {},
        "tool_resources": {}
      }
    },
    {
      "RequestUri": "https://Sanitized.openai.azure.com/openai/threads/thread_Fqq0fGjZscVtJ3ml9IkEmFro/messages?api-version=2024-05-01-preview&order=asc",
      "RequestMethod": "GET",
      "RequestHeaders": {
        "Accept": "application/json",
        "api-key": "Sanitized",
        "OpenAI-Beta": "assistants=v2",
        "User-Agent": "azsdk-net-AI.OpenAI/2.0.0-alpha.20240620.1 (.NET 7.0.20; Microsoft Windows 10.0.22631)",
        "x-ms-client-request-id": "Sanitized"
      },
      "RequestBody": null,
      "StatusCode": 200,
      "ResponseHeaders": {
        "apim-request-id": "3fd6a3e6-250e-484f-9881-2dd758957442",
        "Content-Length": "1341",
        "Content-Type": "application/json",
        "Date": "Fri, 21 Jun 2024 03:25:54 GMT",
        "Strict-Transport-Security": "max-age=31536000; includeSubDomains; preload",
        "X-Content-Type-Options": "nosniff",
        "x-ms-client-request-id": "Sanitized",
        "x-ms-middleware-request-id": "94fc270f-b8d3-4d11-b16d-10fff46d8d8d",
        "x-ms-region": "Sweden Central",
        "X-Request-ID": "58ae36c5-cc41-41b5-b638-12b8dea82656"
      },
      "ResponseBody": {
        "object": "list",
        "data": [
          {
            "id": "msg_GPFfquoRfIvNhnvNn21NstdW",
            "object": "thread.message",
            "created_at": 1718940354,
            "assistant_id": null,
            "thread_id": "thread_Fqq0fGjZscVtJ3ml9IkEmFro",
            "run_id": null,
            "role": "user",
            "content": [
              {
                "type": "text",
                "text": {
                  "value": "Hello, world!",
                  "annotations": []
                }
              }
            ],
            "attachments": [],
            "metadata": {}
          },
          {
            "id": "msg_ozREyhCyFtHoyC5WwhbFiwAS",
            "object": "thread.message",
            "created_at": 1718940354,
            "assistant_id": null,
            "thread_id": "thread_Fqq0fGjZscVtJ3ml9IkEmFro",
            "run_id": null,
            "role": "user",
            "content": [
              {
                "type": "text",
                "text": {
                  "value": "Can you describe this image for me?",
                  "annotations": []
                }
              },
              {
                "type": "image_url",
                "image_url": {
                  "url": "https://test.openai.com/image.png",
                  "detail": "auto"
                }
              }
            ],
            "attachments": [],
            "metadata": {
              "messageMetadata": "messageMetadataValue"
            }
          }
        ],
        "first_id": "msg_GPFfquoRfIvNhnvNn21NstdW",
        "last_id": "msg_ozREyhCyFtHoyC5WwhbFiwAS",
        "has_more": false
      }
    },
    {
      "RequestUri": "https://Sanitized.openai.azure.com/openai/threads/thread_Fqq0fGjZscVtJ3ml9IkEmFro?api-version=2024-05-01-preview",
      "RequestMethod": "DELETE",
      "RequestHeaders": {
        "Accept": "application/json",
        "api-key": "Sanitized",
        "OpenAI-Beta": "assistants=v2",
        "User-Agent": "azsdk-net-AI.OpenAI/2.0.0-alpha.20240620.1 (.NET 7.0.20; Microsoft Windows 10.0.22631)",
        "x-ms-client-request-id": "Sanitized"
      },
      "RequestBody": null,
      "StatusCode": 200,
      "ResponseHeaders": {
        "apim-request-id": "3181f38c-7ae9-4b84-9857-fc425686364d",
        "Content-Length": "94",
        "Content-Type": "application/json",
        "Date": "Fri, 21 Jun 2024 03:25:54 GMT",
        "Strict-Transport-Security": "max-age=31536000; includeSubDomains; preload",
        "X-Content-Type-Options": "nosniff",
        "x-ms-client-request-id": "Sanitized",
        "x-ms-middleware-request-id": "79e97519-24fa-428b-aa85-e9178c8ec001",
        "x-ms-region": "Sweden Central",
        "X-Request-ID": "f7f119e7-f164-485f-9a9f-67c6dce7fddd"
      },
      "ResponseBody": {
        "id": "thread_Fqq0fGjZscVtJ3ml9IkEmFro",
        "object": "thread.deleted",
        "deleted": true
      }
    }
  ],
  "Variables": {
    "RandomSeed": "1784539976"
  }
}
