{
  "Entries": [
    {
      "RequestUri": "https://fakestorageaccount.blob.core.windows.net/1container-with-dash171438008974802169?restype=container",
      "RequestMethod": "PUT",
      "RequestHeaders": {
        "Accept": "application/xml",
        "Accept-Encoding": "gzip, deflate, br",
        "Connection": "keep-alive",
        "Content-Length": "0",
        "Origin": "http://localhost:9876",
        "Referer": "http://localhost:9876/",
        "sec-ch-ua": "\"HeadlessChrome\";v=\"123\", \"Not:A-Brand\";v=\"8\", \"Chromium\";v=\"123\"",
        "sec-ch-ua-mobile": "?0",
        "sec-ch-ua-platform": "\"Windows\"",
        "Sec-Fetch-Dest": "empty",
        "Sec-Fetch-Mode": "cors",
        "Sec-Fetch-Site": "same-site",
        "User-Agent": "Mozilla/5.0 (Windows NT 10.0; Win64; x64) AppleWebKit/537.36 (KHTML, like Gecko) HeadlessChrome/123.0.6312.122 Safari/537.36",
        "x-ms-client-request-id": "e109c66c-2c6d-4fdc-82fa-97ba817c7486",
        "x-ms-useragent": "azsdk-js-azure-storage-blob/12.23.0-beta.2 core-rest-pipeline/1.15.3 OS/Windows",
        "x-ms-version": "2023-11-03"
      },
      "RequestBody": null,
      "StatusCode": 201,
      "ResponseHeaders": {
        "Access-Control-Allow-Origin": "*",
        "Access-Control-Expose-Headers": "x-ms-request-id,x-ms-client-request-id,Server,x-ms-version,Last-Modified,ETag,Content-Length,Date,Transfer-Encoding",
        "Content-Length": "0",
        "Date": "Mon, 29 Apr 2024 08:41:29 GMT",
        "ETag": "\"0x8DC68282A9B728D\"",
        "Last-Modified": "Mon, 29 Apr 2024 08:41:30 GMT",
        "Server": [
          "Windows-Azure-Blob/1.0",
          "Microsoft-HTTPAPI/2.0"
        ],
        "x-ms-client-request-id": "e109c66c-2c6d-4fdc-82fa-97ba817c7486",
        "x-ms-request-id": "e11a309d-201e-005a-1611-9a1356000000",
        "x-ms-version": "2023-11-03"
      },
      "ResponseBody": null
    },
    {
      "RequestUri": "https://fakestorageaccount.dfs.core.windows.net/1container-with-dash171438008974802169/%D8%B9%D8%B1%D8%A8%D9%8A%D8%B9%D8%B1%D8%A8%D9%89171438008987205723?resource=file",
      "RequestMethod": "PUT",
      "RequestHeaders": {
        "Accept": "application/json",
        "Accept-Encoding": "gzip, deflate, br",
        "Connection": "keep-alive",
        "Content-Length": "0",
        "Origin": "http://localhost:9876",
        "Referer": "http://localhost:9876/",
        "sec-ch-ua": "\"HeadlessChrome\";v=\"123\", \"Not:A-Brand\";v=\"8\", \"Chromium\";v=\"123\"",
        "sec-ch-ua-mobile": "?0",
        "sec-ch-ua-platform": "\"Windows\"",
        "Sec-Fetch-Dest": "empty",
        "Sec-Fetch-Mode": "cors",
        "Sec-Fetch-Site": "same-site",
        "User-Agent": "Mozilla/5.0 (Windows NT 10.0; Win64; x64) AppleWebKit/537.36 (KHTML, like Gecko) HeadlessChrome/123.0.6312.122 Safari/537.36",
        "x-ms-client-request-id": "d46eb5ba-4c10-4aca-b2a9-eef5e5a35b8f",
        "x-ms-useragent": "azsdk-js-azure-storage-blob/12.23.0-beta.2 core-rest-pipeline/1.15.3 OS/Windows",
        "x-ms-version": "2023-11-03"
      },
      "RequestBody": null,
      "StatusCode": 201,
      "ResponseHeaders": {
        "Access-Control-Allow-Origin": "*",
        "Access-Control-Expose-Headers": "Content-Length,Date,ETag,Last-Modified,Server,x-ms-client-request-id,x-ms-request-id,x-ms-request-server-encrypted,x-ms-version",
        "Content-Length": "0",
        "Date": "Mon, 29 Apr 2024 08:41:30 GMT",
        "ETag": "\"0x8DC68282AB047C3\"",
        "Last-Modified": "Mon, 29 Apr 2024 08:41:30 GMT",
        "Server": [
          "Windows-Azure-HDFS/1.0",
          "Microsoft-HTTPAPI/2.0"
        ],
        "x-ms-client-request-id": "d46eb5ba-4c10-4aca-b2a9-eef5e5a35b8f",
        "x-ms-request-id": "7268ea02-101f-006d-4d11-9ae349000000",
        "x-ms-request-server-encrypted": "true",
        "x-ms-version": "2023-11-03"
      },
      "ResponseBody": null
    },
    {
      "RequestUri": "https://fakestorageaccount.blob.core.windows.net/1container-with-dash171438008974802169/%D8%B9%D8%B1%D8%A8%D9%8A%D8%B9%D8%B1%D8%A8%D9%89171438008987205723?",
      "RequestMethod": "HEAD",
      "RequestHeaders": {
        "Accept": "application/xml",
        "Accept-Encoding": "gzip, deflate, br",
        "Connection": "keep-alive",
        "Origin": "http://localhost:9876",
        "Referer": "http://localhost:9876/",
        "sec-ch-ua": "\"HeadlessChrome\";v=\"123\", \"Not:A-Brand\";v=\"8\", \"Chromium\";v=\"123\"",
        "sec-ch-ua-mobile": "?0",
        "sec-ch-ua-platform": "\"Windows\"",
        "Sec-Fetch-Dest": "empty",
        "Sec-Fetch-Mode": "cors",
        "Sec-Fetch-Site": "same-site",
        "User-Agent": "Mozilla/5.0 (Windows NT 10.0; Win64; x64) AppleWebKit/537.36 (KHTML, like Gecko) HeadlessChrome/123.0.6312.122 Safari/537.36",
        "x-ms-client-request-id": "6375e428-4fd2-4ec9-8715-073bbf346ed0",
        "x-ms-useragent": "azsdk-js-azure-storage-blob/12.23.0-beta.2 core-rest-pipeline/1.15.3 OS/Windows",
        "x-ms-version": "2023-11-03"
      },
      "RequestBody": null,
      "StatusCode": 200,
      "ResponseHeaders": {
        "Accept-Ranges": "bytes",
        "Access-Control-Allow-Origin": "*",
        "Access-Control-Expose-Headers": "x-ms-request-id,x-ms-client-request-id,Server,x-ms-version,x-ms-resource-type,Content-Type,Last-Modified,ETag,x-ms-creation-time,x-ms-lease-status,x-ms-lease-state,x-ms-blob-type,x-ms-server-encrypted,x-ms-access-tier,x-ms-access-tier-inferred,Accept-Ranges,x-ms-owner,x-ms-group,x-ms-permissions,x-ms-acl,Content-Length,Date,Transfer-Encoding",
        "Content-Length": "0",
        "Content-Type": "application/octet-stream",
        "Date": "Mon, 29 Apr 2024 08:41:30 GMT",
        "ETag": "\"0x8DC68282AB047C3\"",
        "Last-Modified": "Mon, 29 Apr 2024 08:41:30 GMT",
        "Server": [
          "Windows-Azure-Blob/1.0",
          "Microsoft-HTTPAPI/2.0"
        ],
        "x-ms-access-tier": "Hot",
        "x-ms-access-tier-inferred": "true",
        "x-ms-acl": "user::rw-,group::r--,other::---",
        "x-ms-blob-type": "BlockBlob",
        "x-ms-client-request-id": "6375e428-4fd2-4ec9-8715-073bbf346ed0",
        "x-ms-creation-time": "Mon, 29 Apr 2024 08:41:30 GMT",
        "x-ms-group": "$superuser",
        "x-ms-lease-state": "available",
        "x-ms-lease-status": "unlocked",
        "x-ms-owner": "$superuser",
        "x-ms-permissions": "rw-r-----",
        "x-ms-request-id": "e11a30c9-201e-005a-3a11-9a1356000000",
        "x-ms-resource-type": "file",
        "x-ms-server-encrypted": "true",
        "x-ms-version": "2023-11-03"
      },
      "ResponseBody": null
    },
    {
      "RequestUri": "https://fakestorageaccount.dfs.core.windows.net/1container-with-dash171438008974802169?resource=filesystem&recursive=false&",
      "RequestMethod": "GET",
      "RequestHeaders": {
        "Accept": "application/json",
        "Accept-Encoding": "gzip, deflate, br",
        "Connection": "keep-alive",
        "Origin": "http://localhost:9876",
        "Referer": "http://localhost:9876/",
        "sec-ch-ua": "\"HeadlessChrome\";v=\"123\", \"Not:A-Brand\";v=\"8\", \"Chromium\";v=\"123\"",
        "sec-ch-ua-mobile": "?0",
        "sec-ch-ua-platform": "\"Windows\"",
        "Sec-Fetch-Dest": "empty",
        "Sec-Fetch-Mode": "cors",
        "Sec-Fetch-Site": "same-site",
        "User-Agent": "Mozilla/5.0 (Windows NT 10.0; Win64; x64) AppleWebKit/537.36 (KHTML, like Gecko) HeadlessChrome/123.0.6312.122 Safari/537.36",
        "x-ms-client-request-id": "e25a2bdd-1009-4eb4-9388-c1d76d3e911a",
        "x-ms-useragent": "azsdk-js-azure-storage-blob/12.23.0-beta.2 core-rest-pipeline/1.15.3 OS/Windows",
        "x-ms-version": "2023-11-03"
      },
      "RequestBody": null,
      "StatusCode": 200,
      "ResponseHeaders": {
        "Access-Control-Allow-Origin": "*",
        "Access-Control-Expose-Headers": "Content-Length,Content-Type,Date,Server,Transfer-Encoding,x-ms-client-request-id,x-ms-request-id,x-ms-version",
        "Content-Type": "application/json; charset=utf-8",
        "Date": "Mon, 29 Apr 2024 08:41:30 GMT",
        "Server": [
          "Windows-Azure-HDFS/1.0",
          "Microsoft-HTTPAPI/2.0"
        ],
        "Transfer-Encoding": "chunked",
        "x-ms-client-request-id": "e25a2bdd-1009-4eb4-9388-c1d76d3e911a",
        "x-ms-request-id": "7268ea03-101f-006d-4e11-9ae349000000",
        "x-ms-version": "2023-11-03"
      },
      "ResponseBody": {
        "paths": [
          {
            "contentLength": "0",
            "creationTime": "133588536903944131",
            "etag": "0x8DC68282AB047C3",
            "expiryTime": "0",
            "group": "$superuser",
            "lastModified": "Mon, 29 Apr 2024 08:41:30 GMT",
            "name": "عربيعربى171438008987205723",
            "owner": "$superuser",
            "permissions": "rw-r-----"
          }
        ]
      }
    },
    {
      "RequestUri": "https://fakestorageaccount.blob.core.windows.net/1container-with-dash171438008974802169?restype=container",
      "RequestMethod": "DELETE",
      "RequestHeaders": {
        "Accept": "application/xml",
        "Accept-Encoding": "gzip, deflate, br",
        "Connection": "keep-alive",
        "Origin": "http://localhost:9876",
        "Referer": "http://localhost:9876/",
        "sec-ch-ua": "\"HeadlessChrome\";v=\"123\", \"Not:A-Brand\";v=\"8\", \"Chromium\";v=\"123\"",
        "sec-ch-ua-mobile": "?0",
        "sec-ch-ua-platform": "\"Windows\"",
        "Sec-Fetch-Dest": "empty",
        "Sec-Fetch-Mode": "cors",
        "Sec-Fetch-Site": "same-site",
        "User-Agent": "Mozilla/5.0 (Windows NT 10.0; Win64; x64) AppleWebKit/537.36 (KHTML, like Gecko) HeadlessChrome/123.0.6312.122 Safari/537.36",
        "x-ms-client-request-id": "f7f622a4-7534-43a6-a417-e7c29113bb81",
        "x-ms-useragent": "azsdk-js-azure-storage-blob/12.23.0-beta.2 core-rest-pipeline/1.15.3 OS/Windows",
        "x-ms-version": "2023-11-03"
      },
      "RequestBody": null,
      "StatusCode": 202,
      "ResponseHeaders": {
        "Access-Control-Allow-Origin": "*",
        "Access-Control-Expose-Headers": "x-ms-request-id,x-ms-client-request-id,Server,x-ms-version,Content-Length,Date,Transfer-Encoding",
        "Content-Length": "0",
        "Date": "Mon, 29 Apr 2024 08:41:30 GMT",
        "Server": [
          "Windows-Azure-Blob/1.0",
          "Microsoft-HTTPAPI/2.0"
        ],
        "x-ms-client-request-id": "f7f622a4-7534-43a6-a417-e7c29113bb81",
        "x-ms-request-id": "e11a30df-201e-005a-4b11-9a1356000000",
        "x-ms-version": "2023-11-03"
      },
      "ResponseBody": null
    }
  ],
  "Variables": {
    "1container-with-dash": "1container-with-dash171438008974802169",
    "عربيعربى": "عربيعربى171438008987205723"
  }
}
