{
  "Entries": [
    {
      "RequestUri": "https://Sanitized.azure.com/api/projects/00000/assistants?api-version=2025-05-15-preview",
      "RequestMethod": "POST",
      "RequestHeaders": {
        "Accept": "application/json",
        "Accept-Encoding": "gzip, deflate, br, zstd",
        "Authorization": "Sanitized",
        "Connection": "keep-alive",
        "Content-Length": "105",
        "Content-Type": "application/json",
        "Referer": "http://Sanitized.azure.com/",
        "sec-ch-ua": "\"Chromium\";v=\"136\", \"HeadlessChrome\";v=\"136\", \"Not.A/Brand\";v=\"99\"",
        "sec-ch-ua-mobile": "?0",
        "sec-ch-ua-platform": "\"Windows\"",
        "Sec-Fetch-Dest": "empty",
        "Sec-Fetch-Mode": "cors",
        "Sec-Fetch-Site": "same-site",
        "User-Agent": "Mozilla/5.0 (Windows NT 10.0; Win64; x64) AppleWebKit/537.36 (KHTML, like Gecko) HeadlessChrome/136.0.7103.25 Safari/537.36",
        "x-ms-client-request-id": "Sanitized",
        "x-ms-useragent": "azsdk-js-client azsdk-js-api azsdk-js-ai-agents/1.0.0-beta.4 core-rest-pipeline/1.20.1 Chromium/136 OS/x86-Windows-15.0.0"
      },
      "RequestBody": {
        "model": "gpt-4-1106-preview",
        "name": "My Friendly Test Assistant",
        "instructions": "You are helpful agent"
      },
      "StatusCode": 200,
      "ResponseHeaders": {
        "apim-request-id": "d9e077ec-3821-4aa4-97c1-4a2997b6ac86",
        "azureml-served-by-cluster": "vienna-eastus-02",
        "Content-Encoding": "gzip",
        "Content-Type": "application/json",
        "Date": "Thu, 05 Jun 2025 21:40:57 GMT",
        "openai-organization": "1fa34553a93e4e53b531c64321ca4ae2",
        "openai-processing-ms": "62",
        "openai-version": "2020-10-01",
        "Request-Context": "appId=cid-v1:2d2e8e63-272e-4b3c-8598-4ee570a0e70d",
        "Strict-Transport-Security": "max-age=31536000; includeSubDomains; preload",
        "Transfer-Encoding": "chunked",
        "Vary": "Accept-Encoding",
        "X-Content-Type-Options": "nosniff",
        "x-ms-middleware-request-id": "cc5fdeab-1313-4e8d-84d2-1084c88e33ac",
        "x-ms-region": "East US",
        "x-ms-response-type": "standard",
        "X-Request-ID": "ac4a07248e83c8a97e3a3068e04785af",
        "x-request-time": "0.177"
      },
      "ResponseBody": {
        "id": "asst_tZvi4Et2PO3P7Sly73uVgfLK",
        "object": "assistant",
        "created_at": 1749159657,
        "name": "My Friendly Test Assistant",
        "description": null,
        "model": "gpt-4-1106-preview",
        "instructions": "You are helpful agent",
        "tools": [],
        "top_p": 1.0,
        "temperature": 1.0,
        "tool_resources": {},
        "metadata": {},
        "response_format": "auto"
      }
    },
    {
      "RequestUri": "https://Sanitized.azure.com/api/projects/00000/threads/runs?api-version=2025-05-15-preview",
      "RequestMethod": "POST",
      "RequestHeaders": {
        "Accept": "application/json",
        "Accept-Encoding": "gzip, deflate, br, zstd",
        "Authorization": "Sanitized",
        "Connection": "keep-alive",
        "Content-Length": "136",
        "Content-Type": "application/json",
        "Referer": "http://Sanitized.azure.com/",
        "sec-ch-ua": "\"Chromium\";v=\"136\", \"HeadlessChrome\";v=\"136\", \"Not.A/Brand\";v=\"99\"",
        "sec-ch-ua-mobile": "?0",
        "sec-ch-ua-platform": "\"Windows\"",
        "Sec-Fetch-Dest": "empty",
        "Sec-Fetch-Mode": "cors",
        "Sec-Fetch-Site": "same-site",
        "User-Agent": "Mozilla/5.0 (Windows NT 10.0; Win64; x64) AppleWebKit/537.36 (KHTML, like Gecko) HeadlessChrome/136.0.7103.25 Safari/537.36",
        "x-ms-client-request-id": "Sanitized",
        "x-ms-useragent": "azsdk-js-client azsdk-js-api azsdk-js-ai-agents/1.0.0-beta.4 core-rest-pipeline/1.20.1 Chromium/136 OS/x86-Windows-15.0.0"
      },
      "RequestBody": {
        "assistant_id": "asst_tZvi4Et2PO3P7Sly73uVgfLK",
        "thread": {
          "messages": [
            {
              "role": "user",
              "content": "Hello, tell me a joke"
            }
          ]
        },
        "stream": true
      },
      "StatusCode": 200,
      "ResponseHeaders": {
        "apim-request-id": "00cd2f29-4dcb-4623-a68a-d8f5250e8d6e",
        "azureml-served-by-cluster": "vienna-eastus-02",
        "Content-Type": "text/event-stream; charset=utf-8",
        "Date": "Thu, 05 Jun 2025 21:40:58 GMT",
        "openai-organization": "1fa34553a93e4e53b531c64321ca4ae2",
        "openai-processing-ms": "134",
        "openai-version": "2020-10-01",
        "Request-Context": "appId=cid-v1:2d2e8e63-272e-4b3c-8598-4ee570a0e70d",
        "Strict-Transport-Security": "max-age=31536000; includeSubDomains; preload",
        "Transfer-Encoding": "chunked",
        "X-Content-Type-Options": "nosniff",
        "x-ms-middleware-request-id": "3f2c2ebc-05f6-4b21-957f-a24b4f5fb7ee",
        "x-ms-region": "East US",
        "x-ms-response-type": "standard",
        "X-Request-ID": "61c2dce3a1e70c721340e5b496944cac",
        "x-request-time": "0.785"
      },
      "ResponseBody": [
        "event: thread.created\n",
        "data: {\"id\":\"thread_qVk7dXs2jDaI8IaqgLArVRCf\",\"object\":\"thread\",\"created_at\":1749159658,\"metadata\":{},\"tool_resources\":{\"code_interpreter\":{\"file_ids\":[]}}}\n\n",
        "event: thread.run.created\n",
        "data: {\"id\":\"run_0WBa4lxkpnwOtrRF3fCwh8eq\",\"object\":\"thread.run\",\"created_at\":1749159658,\"assistant_id\":\"asst_tZvi4Et2PO3P7Sly73uVgfLK\",\"thread_id\":\"thread_qVk7dXs2jDaI8IaqgLArVRCf\",\"status\":\"queued\",\"started_at\":null,\"expires_at\":1749160258,\"cancelled_at\":null,\"failed_at\":null,\"completed_at\":null,\"required_action\":null,\"last_error\":null,\"model\":\"gpt-4-1106-preview\",\"instructions\":\"You are helpful agent\",\"tools\":[],\"tool_resources\":{\"code_interpreter\":{\"file_ids\":[]}},\"metadata\":{},\"temperature\":1.0,\"top_p\":1.0,\"max_completion_tokens\":null,\"max_prompt_tokens\":null,\"truncation_strategy\":{\"type\":\"auto\",\"last_messages\":null},\"incomplete_details\":null,\"usage\":null,\"response_format\":\"auto\",\"tool_choice\":\"auto\",\"parallel_tool_calls\":true}\n\n",
        "event: thread.run.queued\n",
        "data: {\"id\":\"run_0WBa4lxkpnwOtrRF3fCwh8eq\",\"object\":\"thread.run\",\"created_at\":1749159658,\"assistant_id\":\"asst_tZvi4Et2PO3P7Sly73uVgfLK\",\"thread_id\":\"thread_qVk7dXs2jDaI8IaqgLArVRCf\",\"status\":\"queued\",\"started_at\":null,\"expires_at\":1749160258,\"cancelled_at\":null,\"failed_at\":null,\"completed_at\":null,\"required_action\":null,\"last_error\":null,\"model\":\"gpt-4-1106-preview\",\"instructions\":\"You are helpful agent\",\"tools\":[],\"tool_resources\":{\"code_interpreter\":{\"file_ids\":[]}},\"metadata\":{},\"temperature\":1.0,\"top_p\":1.0,\"max_completion_tokens\":null,\"max_prompt_tokens\":null,\"truncation_strategy\":{\"type\":\"auto\",\"last_messages\":null},\"incomplete_details\":null,\"usage\":null,\"response_format\":\"auto\",\"tool_choice\":\"auto\",\"parallel_tool_calls\":true}\n\n",
        "event: thread.run.in_progress\n",
        "data: {\"id\":\"run_0WBa4lxkpnwOtrRF3fCwh8eq\",\"object\":\"thread.run\",\"created_at\":1749159658,\"assistant_id\":\"asst_tZvi4Et2PO3P7Sly73uVgfLK\",\"thread_id\":\"thread_qVk7dXs2jDaI8IaqgLArVRCf\",\"status\":\"in_progress\",\"started_at\":1749159659,\"expires_at\":1749160258,\"cancelled_at\":null,\"failed_at\":null,\"completed_at\":null,\"required_action\":null,\"last_error\":null,\"model\":\"gpt-4-1106-preview\",\"instructions\":\"You are helpful agent\",\"tools\":[],\"tool_resources\":{\"code_interpreter\":{\"file_ids\":[]}},\"metadata\":{},\"temperature\":1.0,\"top_p\":1.0,\"max_completion_tokens\":null,\"max_prompt_tokens\":null,\"truncation_strategy\":{\"type\":\"auto\",\"last_messages\":null},\"incomplete_details\":null,\"usage\":null,\"response_format\":\"auto\",\"tool_choice\":\"auto\",\"parallel_tool_calls\":true}\n\n",
        "event: thread.run.failed\n",
        "data: {\"id\":\"run_0WBa4lxkpnwOtrRF3fCwh8eq\",\"object\":\"thread.run\",\"created_at\":1749159658,\"assistant_id\":\"asst_tZvi4Et2PO3P7Sly73uVgfLK\",\"thread_id\":\"thread_qVk7dXs2jDaI8IaqgLArVRCf\",\"status\":\"failed\",\"started_at\":1749159659,\"expires_at\":null,\"cancelled_at\":null,\"failed_at\":1749159659,\"completed_at\":null,\"required_action\":null,\"last_error\":{\"code\":\"invalid_engine_error\",\"message\":\"Failed to resolve model info for: gpt-4-1106-preview\"},\"model\":\"gpt-4-1106-preview\",\"instructions\":\"You are helpful agent\",\"tools\":[],\"tool_resources\":{\"code_interpreter\":{\"file_ids\":[]}},\"metadata\":{},\"temperature\":1.0,\"top_p\":1.0,\"max_completion_tokens\":null,\"max_prompt_tokens\":null,\"truncation_strategy\":{\"type\":\"auto\",\"last_messages\":null},\"incomplete_details\":null,\"usage\":{\"prompt_tokens\":0,\"completion_tokens\":0,\"total_tokens\":0,\"prompt_token_details\":{\"cached_tokens\":0}},\"response_format\":\"auto\",\"tool_choice\":\"auto\",\"parallel_tool_calls\":true}\n\n",
        "event: done\n",
        "data: [DONE]\n\n"
      ]
    },
    {
      "RequestUri": "https://Sanitized.azure.com/api/projects/00000/assistants/asst_tZvi4Et2PO3P7Sly73uVgfLK?api-version=2025-05-15-preview",
      "RequestMethod": "DELETE",
      "RequestHeaders": {
        "Accept": "application/json",
        "Accept-Encoding": "gzip, deflate, br, zstd",
        "Authorization": "Sanitized",
        "Connection": "keep-alive",
        "Referer": "http://Sanitized.azure.com/",
        "sec-ch-ua": "\"Chromium\";v=\"136\", \"HeadlessChrome\";v=\"136\", \"Not.A/Brand\";v=\"99\"",
        "sec-ch-ua-mobile": "?0",
        "sec-ch-ua-platform": "\"Windows\"",
        "Sec-Fetch-Dest": "empty",
        "Sec-Fetch-Mode": "cors",
        "Sec-Fetch-Site": "same-site",
        "User-Agent": "Mozilla/5.0 (Windows NT 10.0; Win64; x64) AppleWebKit/537.36 (KHTML, like Gecko) HeadlessChrome/136.0.7103.25 Safari/537.36",
        "x-ms-client-request-id": "Sanitized",
        "x-ms-useragent": "azsdk-js-client azsdk-js-api azsdk-js-ai-agents/1.0.0-beta.4 core-rest-pipeline/1.20.1 Chromium/136 OS/x86-Windows-15.0.0"
      },
      "RequestBody": null,
      "StatusCode": 200,
      "ResponseHeaders": {
        "apim-request-id": "4022bc8f-65e5-45f8-abca-511a20ef0b6f",
        "azureml-served-by-cluster": "vienna-eastus-02",
        "Content-Length": "95",
        "Content-Type": "application/json",
        "Date": "Thu, 05 Jun 2025 21:40:59 GMT",
        "openai-organization": "1fa34553a93e4e53b531c64321ca4ae2",
        "openai-processing-ms": "83",
        "openai-version": "2020-10-01",
        "Request-Context": "appId=cid-v1:2d2e8e63-272e-4b3c-8598-4ee570a0e70d",
        "Strict-Transport-Security": "max-age=31536000; includeSubDomains; preload",
        "X-Content-Type-Options": "nosniff",
        "x-ms-middleware-request-id": "8931bb1b-2882-4407-8ed9-8b85717b5c6c",
        "x-ms-region": "East US",
        "x-ms-response-type": "standard",
        "X-Request-ID": "93b97d73849791e0df68a31c9f70bef7",
        "x-request-time": "0.259"
      },
      "ResponseBody": {
        "id": "asst_tZvi4Et2PO3P7Sly73uVgfLK",
        "object": "assistant.deleted",
        "deleted": true
      }
    }
  ],
  "Variables": {}
}
