{
  "Entries": [
    {
      "RequestUri": "https://Sanitized.azure.com/agents/v1.0/subscriptions/00000000-0000-0000-0000-000000000000/resourceGroups/00000/providers/Microsoft.MachineLearningServices/workspaces/00000/assistants?api-version=2024-07-01-preview",
      "RequestMethod": "POST",
      "RequestHeaders": {
        "Accept": "application/json",
        "Accept-Encoding": "gzip, deflate, br, zstd",
        "Authorization": "Sanitized",
        "Connection": "keep-alive",
        "Content-Length": "75",
        "Content-Type": "application/json; charset=UTF-8",
        "Origin": "http://Sanitized.azure.com",
        "Referer": "http://Sanitized.azure.com/",
        "sec-ch-ua": "\"HeadlessChrome\";v=\"131\", \"Chromium\";v=\"131\", \"Not_A Brand\";v=\"24\"",
        "sec-ch-ua-mobile": "?0",
        "sec-ch-ua-platform": "\"Windows\"",
        "Sec-Fetch-Dest": "empty",
        "Sec-Fetch-Mode": "cors",
        "Sec-Fetch-Site": "same-site",
        "User-Agent": "Mozilla/5.0 (Windows NT 10.0; Win64; x64) AppleWebKit/537.36 (KHTML, like Gecko) HeadlessChrome/131.0.6778.33 Safari/537.36",
        "x-ms-client-request-id": "Sanitized",
        "x-ms-useragent": "azsdk-js-ai-projects-rest/1.0.0-beta.1 core-rest-pipeline/1.18.2 Chromium/131 OS/x86-Windows-19.0.0"
      },
      "RequestBody": {
        "name": "my-agent",
        "instructions": "You are helpful agent",
        "model": "gpt-4o"
      },
      "StatusCode": 200,
      "ResponseHeaders": {
        "Access-Control-Allow-Credentials": "true",
        "Access-Control-Allow-Origin": "*",
        "Access-Control-Expose-Headers": "Content-Length, Content-Range, Content-Type, Retry-After, Location, x-request-time, x-ms-client-request-id",
        "Access-Control-Max-Age": "2520",
        "apim-request-id": "d6f7eb37-7787-4afc-9cbb-5fa4f55d1fa0",
        "Connection": "keep-alive",
        "Content-Encoding": "gzip",
        "Content-Type": "application/json",
        "Date": "Sat, 14 Dec 2024 16:44:31 GMT",
        "openai-organization": "3d8304e5257c4cc49d2bec8a48b2e43f",
        "openai-processing-ms": "90",
        "openai-version": "2020-10-01",
        "request-context": "appId=cid-v1:17d65b70-e9ce-4ed5-9347-1f660ec782e9",
        "Strict-Transport-Security": "max-age=31536000; includeSubDomains; preload",
        "Transfer-Encoding": "chunked",
        "Vary": "Accept-Encoding",
        "x-aml-cluster": "vienna-eastus2euap-01",
        "X-Content-Type-Options": "nosniff",
        "x-ms-middleware-request-id": "d6f7eb37-7787-4afc-9cbb-5fa4f55d1fa0",
        "x-ms-region": "West US 2",
        "x-ms-response-type": "standard",
        "X-Request-ID": "e2aa2a9e2a7ea4cb745df443489ceb0d",
        "x-request-time": "0.306"
      },
      "ResponseBody": {
        "id": "asst_N7UoSHLEOXbUeW7oieBBxORa",
        "object": "assistant",
        "created_at": 1734194671,
        "name": "my-agent",
        "description": null,
        "model": "gpt-4o",
        "instructions": "You are helpful agent",
        "tools": [],
        "top_p": 1.0,
        "temperature": 1.0,
        "tool_resources": {},
        "metadata": {},
        "response_format": "auto"
      }
    },
    {
      "RequestUri": "https://Sanitized.azure.com/agents/v1.0/subscriptions/00000000-0000-0000-0000-000000000000/resourceGroups/00000/providers/Microsoft.MachineLearningServices/workspaces/00000/threads?api-version=2024-07-01-preview",
      "RequestMethod": "POST",
      "RequestHeaders": {
        "Accept": "application/json",
        "Accept-Encoding": "gzip, deflate, br, zstd",
        "Authorization": "Sanitized",
        "Connection": "keep-alive",
        "Content-Length": "2",
        "Content-Type": "application/json; charset=UTF-8",
        "Origin": "http://Sanitized.azure.com",
        "Referer": "http://Sanitized.azure.com/",
        "sec-ch-ua": "\"HeadlessChrome\";v=\"131\", \"Chromium\";v=\"131\", \"Not_A Brand\";v=\"24\"",
        "sec-ch-ua-mobile": "?0",
        "sec-ch-ua-platform": "\"Windows\"",
        "Sec-Fetch-Dest": "empty",
        "Sec-Fetch-Mode": "cors",
        "Sec-Fetch-Site": "same-site",
        "User-Agent": "Mozilla/5.0 (Windows NT 10.0; Win64; x64) AppleWebKit/537.36 (KHTML, like Gecko) HeadlessChrome/131.0.6778.33 Safari/537.36",
        "x-ms-client-request-id": "Sanitized",
        "x-ms-useragent": "azsdk-js-ai-projects-rest/1.0.0-beta.1 core-rest-pipeline/1.18.2 Chromium/131 OS/x86-Windows-19.0.0"
      },
      "RequestBody": {},
      "StatusCode": 200,
      "ResponseHeaders": {
        "Access-Control-Allow-Credentials": "true",
        "Access-Control-Allow-Origin": "*",
        "Access-Control-Expose-Headers": "Content-Length, Content-Range, Content-Type, Retry-After, Location, x-request-time, x-ms-client-request-id",
        "Access-Control-Max-Age": "2520",
        "apim-request-id": "a720e436-3284-4217-ad5d-cb4c42b46662",
        "Connection": "keep-alive",
        "Content-Length": "137",
        "Content-Type": "application/json",
        "Date": "Sat, 14 Dec 2024 16:44:32 GMT",
        "openai-organization": "3d8304e5257c4cc49d2bec8a48b2e43f",
        "openai-processing-ms": "22",
        "openai-version": "2020-10-01",
        "request-context": "appId=cid-v1:17d65b70-e9ce-4ed5-9347-1f660ec782e9",
        "Strict-Transport-Security": "max-age=31536000; includeSubDomains; preload",
        "x-aml-cluster": "vienna-eastus2euap-01",
        "X-Content-Type-Options": "nosniff",
        "x-ms-middleware-request-id": "7f9092ad-be70-4feb-aada-9b296b755da7",
        "x-ms-region": "West US 2",
        "x-ms-response-type": "standard",
        "X-Request-ID": "a4e19dfa241f23f8eaa8ea0b11fccc29",
        "x-request-time": "0.246"
      },
      "ResponseBody": {
        "id": "thread_6AYXvgZmJUIZdASBj8JafzZQ",
        "object": "thread",
        "created_at": 1734194672,
        "metadata": {},
        "tool_resources": {}
      }
    },
    {
      "RequestUri": "https://Sanitized.azure.com/agents/v1.0/subscriptions/00000000-0000-0000-0000-000000000000/resourceGroups/00000/providers/Microsoft.MachineLearningServices/workspaces/00000/threads/thread_6AYXvgZmJUIZdASBj8JafzZQ/runs?api-version=2024-07-01-preview",
      "RequestMethod": "POST",
      "RequestHeaders": {
        "Accept": "application/json",
        "Accept-Encoding": "gzip, deflate, br, zstd",
        "Authorization": "Sanitized",
        "Connection": "keep-alive",
        "Content-Length": "63",
        "Content-Type": "application/json; charset=UTF-8",
        "Origin": "http://Sanitized.azure.com",
        "Referer": "http://Sanitized.azure.com/",
        "sec-ch-ua": "\"HeadlessChrome\";v=\"131\", \"Chromium\";v=\"131\", \"Not_A Brand\";v=\"24\"",
        "sec-ch-ua-mobile": "?0",
        "sec-ch-ua-platform": "\"Windows\"",
        "Sec-Fetch-Dest": "empty",
        "Sec-Fetch-Mode": "cors",
        "Sec-Fetch-Site": "same-site",
        "User-Agent": "Mozilla/5.0 (Windows NT 10.0; Win64; x64) AppleWebKit/537.36 (KHTML, like Gecko) HeadlessChrome/131.0.6778.33 Safari/537.36",
        "x-ms-client-request-id": "Sanitized",
        "x-ms-useragent": "azsdk-js-ai-projects-rest/1.0.0-beta.1 core-rest-pipeline/1.18.2 Chromium/131 OS/x86-Windows-19.0.0"
      },
      "RequestBody": {
        "assistant_id": "asst_N7UoSHLEOXbUeW7oieBBxORa",
        "stream": false
      },
      "StatusCode": 200,
      "ResponseHeaders": {
        "Access-Control-Allow-Credentials": "true",
        "Access-Control-Allow-Origin": "*",
        "Access-Control-Expose-Headers": "Content-Length, Content-Range, Content-Type, Retry-After, Location, x-request-time, x-ms-client-request-id",
        "Access-Control-Max-Age": "2520",
        "apim-request-id": "0f47442c-e843-4645-ac2f-c0b10b2d2ac2",
        "Connection": "keep-alive",
        "Content-Encoding": "gzip",
        "Content-Type": "application/json",
        "Date": "Sat, 14 Dec 2024 16:44:34 GMT",
        "openai-organization": "3d8304e5257c4cc49d2bec8a48b2e43f",
        "openai-processing-ms": "210",
        "openai-version": "2020-10-01",
        "request-context": "appId=cid-v1:17d65b70-e9ce-4ed5-9347-1f660ec782e9",
        "Strict-Transport-Security": "max-age=31536000; includeSubDomains; preload",
        "Transfer-Encoding": "chunked",
        "Vary": "Accept-Encoding",
        "x-aml-cluster": "vienna-eastus2euap-01",
        "X-Content-Type-Options": "nosniff",
        "x-ms-middleware-request-id": "d0bddeb9-202d-4789-9d6f-3d1896b6b277",
        "x-ms-region": "West US 2",
        "x-ms-response-type": "standard",
        "X-Request-ID": "788a76c75b24a1136bc8d9ef1a0477c9",
        "x-request-time": "1.882"
      },
      "ResponseBody": {
        "id": "run_HWZs27HRvjYNIyZw5aEttgNA",
        "object": "thread.run",
        "created_at": 1734194673,
        "assistant_id": "asst_N7UoSHLEOXbUeW7oieBBxORa",
        "thread_id": "thread_6AYXvgZmJUIZdASBj8JafzZQ",
        "status": "queued",
        "started_at": null,
        "expires_at": 1734195273,
        "cancelled_at": null,
        "failed_at": null,
        "completed_at": null,
        "required_action": null,
        "last_error": null,
        "model": "gpt-4o",
        "instructions": "You are helpful agent",
        "tools": [],
        "tool_resources": {},
        "metadata": {},
        "temperature": 1.0,
        "top_p": 1.0,
        "max_completion_tokens": null,
        "max_prompt_tokens": null,
        "truncation_strategy": {
          "type": "auto",
          "last_messages": null
        },
        "incomplete_details": null,
        "usage": null,
        "response_format": "auto",
        "tool_choice": "auto",
        "parallel_tool_calls": true
      }
    },
    {
      "RequestUri": "https://Sanitized.azure.com/agents/v1.0/subscriptions/00000000-0000-0000-0000-000000000000/resourceGroups/00000/providers/Microsoft.MachineLearningServices/workspaces/00000/assistants/asst_N7UoSHLEOXbUeW7oieBBxORa?api-version=2024-07-01-preview",
      "RequestMethod": "DELETE",
      "RequestHeaders": {
        "Accept": "application/json",
        "Accept-Encoding": "gzip, deflate, br, zstd",
        "Authorization": "Sanitized",
        "Connection": "keep-alive",
        "Origin": "http://Sanitized.azure.com",
        "Referer": "http://Sanitized.azure.com/",
        "sec-ch-ua": "\"HeadlessChrome\";v=\"131\", \"Chromium\";v=\"131\", \"Not_A Brand\";v=\"24\"",
        "sec-ch-ua-mobile": "?0",
        "sec-ch-ua-platform": "\"Windows\"",
        "Sec-Fetch-Dest": "empty",
        "Sec-Fetch-Mode": "cors",
        "Sec-Fetch-Site": "same-site",
        "User-Agent": "Mozilla/5.0 (Windows NT 10.0; Win64; x64) AppleWebKit/537.36 (KHTML, like Gecko) HeadlessChrome/131.0.6778.33 Safari/537.36",
        "x-ms-client-request-id": "Sanitized",
        "x-ms-useragent": "azsdk-js-ai-projects-rest/1.0.0-beta.1 core-rest-pipeline/1.18.2 Chromium/131 OS/x86-Windows-19.0.0"
      },
      "RequestBody": null,
      "StatusCode": 200,
      "ResponseHeaders": {
        "Access-Control-Allow-Credentials": "true",
        "Access-Control-Allow-Origin": "*",
        "Access-Control-Expose-Headers": "Content-Length, Content-Range, Content-Type, Retry-After, Location, x-request-time, x-ms-client-request-id",
        "Access-Control-Max-Age": "2520",
        "apim-request-id": "43760912-14db-4e76-bdfc-93cb8e5b378c",
        "Connection": "keep-alive",
        "Content-Length": "95",
        "Content-Type": "application/json",
        "Date": "Sat, 14 Dec 2024 16:44:34 GMT",
        "openai-organization": "3d8304e5257c4cc49d2bec8a48b2e43f",
        "openai-processing-ms": "29",
        "openai-version": "2020-10-01",
        "request-context": "appId=cid-v1:17d65b70-e9ce-4ed5-9347-1f660ec782e9",
        "Strict-Transport-Security": "max-age=31536000; includeSubDomains; preload",
        "x-aml-cluster": "vienna-eastus2euap-01",
        "X-Content-Type-Options": "nosniff",
        "x-ms-middleware-request-id": "5c5584db-74cd-4751-befe-a96b7702a33b",
        "x-ms-region": "West US 2",
        "x-ms-response-type": "standard",
        "X-Request-ID": "4d157ba8f7ef20df746a98d1ec74e013",
        "x-request-time": "0.239"
      },
      "ResponseBody": {
        "id": "asst_N7UoSHLEOXbUeW7oieBBxORa",
        "object": "assistant.deleted",
        "deleted": true
      }
    },
    {
      "RequestUri": "https://Sanitized.azure.com/agents/v1.0/subscriptions/00000000-0000-0000-0000-000000000000/resourceGroups/00000/providers/Microsoft.MachineLearningServices/workspaces/00000/threads/thread_6AYXvgZmJUIZdASBj8JafzZQ?api-version=2024-07-01-preview",
      "RequestMethod": "DELETE",
      "RequestHeaders": {
        "Accept": "application/json",
        "Accept-Encoding": "gzip, deflate, br, zstd",
        "Authorization": "Sanitized",
        "Connection": "keep-alive",
        "Origin": "http://Sanitized.azure.com",
        "Referer": "http://Sanitized.azure.com/",
        "sec-ch-ua": "\"HeadlessChrome\";v=\"131\", \"Chromium\";v=\"131\", \"Not_A Brand\";v=\"24\"",
        "sec-ch-ua-mobile": "?0",
        "sec-ch-ua-platform": "\"Windows\"",
        "Sec-Fetch-Dest": "empty",
        "Sec-Fetch-Mode": "cors",
        "Sec-Fetch-Site": "same-site",
        "User-Agent": "Mozilla/5.0 (Windows NT 10.0; Win64; x64) AppleWebKit/537.36 (KHTML, like Gecko) HeadlessChrome/131.0.6778.33 Safari/537.36",
        "x-ms-client-request-id": "Sanitized",
        "x-ms-useragent": "azsdk-js-ai-projects-rest/1.0.0-beta.1 core-rest-pipeline/1.18.2 Chromium/131 OS/x86-Windows-19.0.0"
      },
      "RequestBody": null,
      "StatusCode": 200,
      "ResponseHeaders": {
        "Access-Control-Allow-Credentials": "true",
        "Access-Control-Allow-Origin": "*",
        "Access-Control-Expose-Headers": "Content-Length, Content-Range, Content-Type, Retry-After, Location, x-request-time, x-ms-client-request-id",
        "Access-Control-Max-Age": "2520",
        "apim-request-id": "cada32cb-6ca3-45bb-8e1d-8d191eb1910f",
        "Connection": "keep-alive",
        "Content-Length": "94",
        "Content-Type": "application/json",
        "Date": "Sat, 14 Dec 2024 16:44:34 GMT",
        "openai-organization": "3d8304e5257c4cc49d2bec8a48b2e43f",
        "openai-processing-ms": "79",
        "openai-version": "2020-10-01",
        "request-context": "appId=cid-v1:17d65b70-e9ce-4ed5-9347-1f660ec782e9",
        "Strict-Transport-Security": "max-age=31536000; includeSubDomains; preload",
        "x-aml-cluster": "vienna-eastus2euap-01",
        "X-Content-Type-Options": "nosniff",
        "x-ms-middleware-request-id": "4923ee19-b52c-439e-afcc-bc14b0884bb8",
        "x-ms-region": "West US 2",
        "x-ms-response-type": "standard",
        "X-Request-ID": "85a7a0219ce6ad28edadc9ab49841056",
        "x-request-time": "0.271"
      },
      "ResponseBody": {
        "id": "thread_6AYXvgZmJUIZdASBj8JafzZQ",
        "object": "thread.deleted",
        "deleted": true
      }
    }
  ],
  "Variables": {}
}
