{
  "Entries": [
    {
      "RequestUri": "https://keyvault_name.vault.azure.net/keys/keyrotate-383/create?api-version=7.4",
      "RequestMethod": "POST",
      "RequestHeaders": {
        "Accept": "application/json",
        "Accept-Encoding": "gzip,deflate",
        "Connection": "keep-alive",
        "Content-Length": "0",
        "Content-Type": "application/json",
        "User-Agent": "azsdk-js-keyvault-keys/4.7.3 azsdk-js-keyvault-keys/4.8.0-beta.1 core-rest-pipeline/1.12.0 Node/v20.5.0 OS/(x64-Linux-5.15.90.1-microsoft-standard-WSL2)",
        "x-ms-client-request-id": "67d02d19-a489-4231-be05-06ad19d567fb"
      },
      "RequestBody": null,
      "StatusCode": 401,
      "ResponseHeaders": {
        "Cache-Control": "no-cache",
        "Content-Length": "97",
        "Content-Type": "application/json; charset=utf-8",
        "Date": "Tue, 29 Aug 2023 23:53:20 GMT",
        "Expires": "-1",
        "Pragma": "no-cache",
        "Strict-Transport-Security": "max-age=31536000;includeSubDomains",
        "WWW-Authenticate": "Bearer authorization=\u0022https://login.microsoftonline.com/12345678-1234-1234-1234-123456789012\u0022, resource=\u0022https://vault.azure.net\u0022",
        "X-Content-Type-Options": "nosniff",
        "x-ms-client-request-id": "67d02d19-a489-4231-be05-06ad19d567fb",
        "x-ms-keyvault-network-info": "conn_type=Ipv4;addr=131.107.8.61;act_addr_fam=InterNetwork;",
        "x-ms-keyvault-region": "northcentralus",
        "x-ms-keyvault-service-version": "1.9.950.1",
        "x-ms-request-id": "ec3e2fa9-11fb-4b53-9566-96f5084a7d00"
      },
      "ResponseBody": {
        "error": {
          "code": "Unauthorized",
          "message": "AKV10000: Request is missing a Bearer or PoP token."
        }
      }
    },
    {
      "RequestUri": "https://keyvault_name.vault.azure.net/keys/keyrotate-383/create?api-version=7.4",
      "RequestMethod": "POST",
      "RequestHeaders": {
        "Accept": "application/json",
        "Accept-Encoding": "gzip,deflate",
        "Authorization": "Sanitized",
        "Connection": "keep-alive",
        "Content-Length": "13",
        "Content-Type": "application/json",
        "User-Agent": "azsdk-js-keyvault-keys/4.7.3 azsdk-js-keyvault-keys/4.8.0-beta.1 core-rest-pipeline/1.12.0 Node/v20.5.0 OS/(x64-Linux-5.15.90.1-microsoft-standard-WSL2)",
        "x-ms-client-request-id": "67d02d19-a489-4231-be05-06ad19d567fb"
      },
      "RequestBody": {
        "kty": "RSA"
      },
      "StatusCode": 200,
      "ResponseHeaders": {
        "Cache-Control": "no-cache",
        "Content-Length": "710",
        "Content-Type": "application/json; charset=utf-8",
        "Date": "Tue, 29 Aug 2023 23:53:21 GMT",
        "Expires": "-1",
        "Pragma": "no-cache",
        "Strict-Transport-Security": "max-age=31536000;includeSubDomains",
        "X-Content-Type-Options": "nosniff",
        "x-ms-client-request-id": "67d02d19-a489-4231-be05-06ad19d567fb",
        "x-ms-keyvault-network-info": "conn_type=Ipv4;addr=131.107.8.61;act_addr_fam=InterNetwork;",
        "x-ms-keyvault-rbac-assignment-id": "91779ecb-9756-5960-8eff-50b8b477d31a",
        "x-ms-keyvault-rbac-cache": "ra_age=215;da_age=215;rd_age=215;brd_age=21456;ra_notif_age=2400;dec_lev=1;",
        "x-ms-keyvault-region": "northcentralus",
        "x-ms-keyvault-service-version": "1.9.950.1",
        "x-ms-request-id": "4c151720-6ee6-488c-9f02-2461a075b9b9"
      },
      "ResponseBody": {
        "key": {
          "kid": "https://keyvault_name.vault.azure.net/keys/keyrotate-383/98ac985de3e7461aa3f1b34359e65d27",
          "kty": "RSA",
          "key_ops": [
            "encrypt",
            "decrypt",
            "sign",
            "verify",
            "wrapKey",
            "unwrapKey"
          ],
          "n": "xYn3suNcKhdOURA8Sl8u7WUT8d-J3twL8gNH3lHfq6bu_X2UXP-YyCV2--YDMSnBUeZhNS04baXT0uvTHWipfK-6MljgntA3xybhEa1DoLCUKoBSup41f6G6TajBllQaJhc45JcVPG6jWWeHCcL5HOnUTn04BtcgARciaZid0oBBhyNaBu5fuBR84Y7V_pnTDt9gdSTBk8pTwqLCJrg-XAp0_q25sHHxN7J-4_wh-Ow4fcQq6obhFsjYj8_3zz3JPq6vTOyqiSfLTwCP6yk3K7O5Me0CPC1TcwnbZqAZnueMRuK2gM49sBOBfp-Ods4dgByluU6jyu9_vAzoMPP6UQ",
          "e": "AQAB"
        },
        "attributes": {
          "enabled": true,
          "created": 1693353202,
          "updated": 1693353202,
          "recoveryLevel": "CustomizedRecoverable\u002BPurgeable",
          "recoverableDays": 7,
          "exportable": false
        }
      }
    },
    {
      "RequestUri": "https://keyvault_name.vault.azure.net/keys/keyrotate-383/rotate?api-version=7.4",
      "RequestMethod": "POST",
      "RequestHeaders": {
        "Accept": "application/json",
        "Accept-Encoding": "gzip,deflate",
        "Authorization": "Sanitized",
        "Connection": "keep-alive",
        "Content-Length": "0",
        "User-Agent": "azsdk-js-keyvault-keys/4.7.3 azsdk-js-keyvault-keys/4.8.0-beta.1 core-rest-pipeline/1.12.0 Node/v20.5.0 OS/(x64-Linux-5.15.90.1-microsoft-standard-WSL2)",
        "x-ms-client-request-id": "34d9c3bb-0793-4823-a00f-357ca72d4f3e"
      },
      "RequestBody": null,
      "StatusCode": 200,
      "ResponseHeaders": {
        "Cache-Control": "no-cache",
        "Content-Length": "710",
        "Content-Type": "application/json; charset=utf-8",
        "Date": "Tue, 29 Aug 2023 23:53:21 GMT",
        "Expires": "-1",
        "Pragma": "no-cache",
        "Strict-Transport-Security": "max-age=31536000;includeSubDomains",
        "X-Content-Type-Options": "nosniff",
        "x-ms-client-request-id": "34d9c3bb-0793-4823-a00f-357ca72d4f3e",
        "x-ms-keyvault-network-info": "conn_type=Ipv4;addr=131.107.8.61;act_addr_fam=InterNetwork;",
        "x-ms-keyvault-rbac-assignment-id": "91779ecb-9756-5960-8eff-50b8b477d31a",
        "x-ms-keyvault-rbac-cache": "ra_age=215;da_age=215;rd_age=215;brd_age=21456;ra_notif_age=2400;dec_lev=1;",
        "x-ms-keyvault-region": "northcentralus",
        "x-ms-keyvault-service-version": "1.9.950.1",
        "x-ms-request-id": "f383622b-50b0-4c18-ba6c-c182635d8e14"
      },
      "ResponseBody": {
        "key": {
          "kid": "https://keyvault_name.vault.azure.net/keys/keyrotate-383/a337094c4a8043bc84e2cf988faa4d72",
          "kty": "RSA",
          "key_ops": [
            "encrypt",
            "decrypt",
            "sign",
            "verify",
            "wrapKey",
            "unwrapKey"
          ],
          "n": "o_VXoqMS7SL5M2zlGbpPnwU_TOC30lcQzuHkgQtXAkQvBeNfgYubcHR4IEvLFw9yeR4Hnw4gL0B5MT7hW3b9GgMCl8IRf9a2Sd_5wbAds4UE4Ah9CIx8UZVSakzL5QmDFJNe6YoB7dQWh1hkfEWyRY7oAebi8XGddttkQAopMxHwueD2cSbfAN8bavpPp7BODtMol6wtNpdei6pB5wVyjtYur3l6c7-2_XudPpX-6NU2q0xoIJEz2rpKM0CJaSKRB8OIeeOi2ASFzf6amgBMm9r3IxL-HV58w1LL5ooWnUcvkQQ_xj85WDx44JubaY37kaV0DDkCb7s7Yj58_Nr_eQ",
          "e": "AQAB"
        },
        "attributes": {
          "enabled": true,
          "created": 1693353202,
          "updated": 1693353202,
          "recoveryLevel": "CustomizedRecoverable\u002BPurgeable",
          "recoverableDays": 7,
          "exportable": false
        }
      }
    }
  ],
  "Variables": {
    "keyrotate": "keyrotate-383"
  }
}
