{
  "Entries": [
    {
      "RequestUri": "https://REDACTED/095f9112enqueuemessagebinarydata9cd934181d23d54907",
      "RequestMethod": "PUT",
      "RequestHeaders": {
        "Accept": "application/xml",
        "Authorization": "Sanitized",
        "Content-Length": "0",
        "Date": "Fri, 10 Nov 2023 00:45:31 GMT",
        "User-Agent": "azsdk-java-azure-storage-queue/12.20.0-beta.2 (17.0.8; Windows 11; 10.0)",
        "x-ms-client-request-id": "0492c814-0fde-4471-9e8c-da006a2ece36",
        "x-ms-version": "2023-11-03"
      },
      "RequestBody": null,
      "StatusCode": 201,
      "ResponseHeaders": {
        "Content-Length": "0",
        "Date": "Fri, 10 Nov 2023 00:45:30 GMT",
        "Server": [
          "Windows-Azure-Queue/1.0",
          "Microsoft-HTTPAPI/2.0"
        ],
        "x-ms-client-request-id": "0492c814-0fde-4471-9e8c-da006a2ece36",
        "x-ms-request-id": "38ab0c58-1003-0020-096f-13ecc1000000",
        "x-ms-version": "2023-11-03"
      },
      "ResponseBody": null
    },
    {
      "RequestUri": "https://REDACTED/095f9112enqueuemessagebinarydata9cd934181d23d54907/messages",
      "RequestMethod": "POST",
      "RequestHeaders": {
        "Accept": "application/xml",
        "Authorization": "Sanitized",
        "Content-Length": "106",
        "Content-Type": "application/xml",
        "Date": "Fri, 10 Nov 2023 00:45:31 GMT",
        "User-Agent": "azsdk-java-azure-storage-queue/12.20.0-beta.2 (17.0.8; Windows 11; 10.0)",
        "x-ms-client-request-id": "f0f64c14-d5e1-4f4d-9c66-0396d83876b0",
        "x-ms-version": "2023-11-03"
      },
      "RequestBody": "\u003C?xml version=\u00271.0\u0027 encoding=\u0027UTF-8\u0027?\u003E\u003CQueueMessage\u003E\u003CMessageText\u003Etest message\u003C/MessageText\u003E\u003C/QueueMessage\u003E",
      "StatusCode": 201,
      "ResponseHeaders": {
        "Content-Type": "application/xml",
        "Date": "Fri, 10 Nov 2023 00:45:30 GMT",
        "Server": [
          "Windows-Azure-Queue/1.0",
          "Microsoft-HTTPAPI/2.0"
        ],
        "Transfer-Encoding": "chunked",
        "x-ms-client-request-id": "f0f64c14-d5e1-4f4d-9c66-0396d83876b0",
        "x-ms-request-id": "38ab0c7f-1003-0020-2d6f-13ecc1000000",
        "x-ms-version": "2023-11-03"
      },
      "ResponseBody": "\uFEFF\u003C?xml version=\u00221.0\u0022 encoding=\u0022utf-8\u0022?\u003E\u003CQueueMessagesList\u003E\u003CQueueMessage\u003E\u003CMessageId\u003E602be769-c726-42c8-a3a8-1b21ebd798c7\u003C/MessageId\u003E\u003CInsertionTime\u003EFri, 10 Nov 2023 00:45:31 GMT\u003C/InsertionTime\u003E\u003CExpirationTime\u003EFri, 17 Nov 2023 00:45:31 GMT\u003C/ExpirationTime\u003E\u003CPopReceipt\u003EAgAAAAMAAAAAAAAADUo8NW8T2gE=\u003C/PopReceipt\u003E\u003CTimeNextVisible\u003EFri, 10 Nov 2023 00:45:31 GMT\u003C/TimeNextVisible\u003E\u003C/QueueMessage\u003E\u003C/QueueMessagesList\u003E"
    },
    {
      "RequestUri": "https://REDACTED/095f9112enqueuemessagebinarydata9cd934181d23d54907/messages?peekonly=true",
      "RequestMethod": "GET",
      "RequestHeaders": {
        "Accept": "application/xml",
        "Authorization": "Sanitized",
        "Content-Length": "0",
        "Date": "Fri, 10 Nov 2023 00:45:31 GMT",
        "User-Agent": "azsdk-java-azure-storage-queue/12.20.0-beta.2 (17.0.8; Windows 11; 10.0)",
        "x-ms-client-request-id": "82b13ccd-3e6f-4747-95d5-2681097e3016",
        "x-ms-version": "2023-11-03"
      },
      "RequestBody": null,
      "StatusCode": 200,
      "ResponseHeaders": {
        "Cache-Control": "no-cache",
        "Content-Type": "application/xml",
        "Date": "Fri, 10 Nov 2023 00:45:31 GMT",
        "Server": [
          "Windows-Azure-Queue/1.0",
          "Microsoft-HTTPAPI/2.0"
        ],
        "Transfer-Encoding": "chunked",
        "x-ms-client-request-id": "82b13ccd-3e6f-4747-95d5-2681097e3016",
        "x-ms-request-id": "0717ac36-3003-008e-486f-1341d0000000",
        "x-ms-version": "2023-11-03"
      },
      "ResponseBody": "\uFEFF\u003C?xml version=\u00221.0\u0022 encoding=\u0022utf-8\u0022?\u003E\u003CQueueMessagesList\u003E\u003CQueueMessage\u003E\u003CMessageId\u003E602be769-c726-42c8-a3a8-1b21ebd798c7\u003C/MessageId\u003E\u003CInsertionTime\u003EFri, 10 Nov 2023 00:45:31 GMT\u003C/InsertionTime\u003E\u003CExpirationTime\u003EFri, 17 Nov 2023 00:45:31 GMT\u003C/ExpirationTime\u003E\u003CDequeueCount\u003E0\u003C/DequeueCount\u003E\u003CMessageText\u003Etest message\u003C/MessageText\u003E\u003C/QueueMessage\u003E\u003C/QueueMessagesList\u003E"
    }
  ],
  "Variables": {
    "0": "095f9112enqueuemessagebinarydata9cd934181d23d54907"
  }
}
