{
  "Entries": [
    {
      "RequestUri": "https://REDACTED/d7c32d24peekmessage7c2315795882d32e691749cd",
      "RequestMethod": "PUT",
      "RequestHeaders": {
        "Accept": "application/xml",
        "Authorization": "Sanitized",
        "Content-Length": "0",
        "Date": "Fri, 17 Nov 2023 19:30:53 GMT",
        "User-Agent": "azsdk-java-azure-storage-queue/12.21.0-beta.1 (17.0.8; Windows 11; 10.0)",
        "x-ms-client-request-id": "53b44913-bed4-40a9-9406-6c00ee5a01e0",
        "x-ms-version": "2024-02-04"
      },
      "RequestBody": null,
      "StatusCode": 201,
      "ResponseHeaders": {
        "Content-Length": "0",
        "Date": "Fri, 17 Nov 2023 19:30:53 GMT",
        "Server": [
          "Windows-Azure-Queue/1.0",
          "Microsoft-HTTPAPI/2.0"
        ],
        "x-ms-client-request-id": "53b44913-bed4-40a9-9406-6c00ee5a01e0",
        "x-ms-request-id": "f3ea0be5-6003-0005-248c-1945bd000000",
        "x-ms-version": "2024-02-04"
      },
      "ResponseBody": null
    },
    {
      "RequestUri": "https://REDACTED/d7c32d24peekmessage7c2315795882d32e691749cd/messages",
      "RequestMethod": "POST",
      "RequestHeaders": {
        "Accept": "application/xml",
        "Authorization": "Sanitized",
        "Content-Length": "106",
        "Content-Type": "application/xml",
        "Date": "Fri, 17 Nov 2023 19:30:53 GMT",
        "User-Agent": "azsdk-java-azure-storage-queue/12.21.0-beta.1 (17.0.8; Windows 11; 10.0)",
        "x-ms-client-request-id": "32e06811-9430-4989-96cd-85f571736573",
        "x-ms-version": "2024-02-04"
      },
      "RequestBody": "\u003C?xml version=\u00271.0\u0027 encoding=\u0027UTF-8\u0027?\u003E\u003CQueueMessage\u003E\u003CMessageText\u003Etest message\u003C/MessageText\u003E\u003C/QueueMessage\u003E",
      "StatusCode": 201,
      "ResponseHeaders": {
        "Content-Type": "application/xml",
        "Date": "Fri, 17 Nov 2023 19:30:54 GMT",
        "Server": [
          "Windows-Azure-Queue/1.0",
          "Microsoft-HTTPAPI/2.0"
        ],
        "Transfer-Encoding": "chunked",
        "x-ms-client-request-id": "32e06811-9430-4989-96cd-85f571736573",
        "x-ms-request-id": "f3ea0c07-6003-0005-428c-1945bd000000",
        "x-ms-version": "2024-02-04"
      },
      "ResponseBody": "\uFEFF\u003C?xml version=\u00221.0\u0022 encoding=\u0022utf-8\u0022?\u003E\u003CQueueMessagesList\u003E\u003CQueueMessage\u003E\u003CMessageId\u003E0600e0cf-92d2-4f73-9c15-035d65f1b6be\u003C/MessageId\u003E\u003CInsertionTime\u003EFri, 17 Nov 2023 19:30:54 GMT\u003C/InsertionTime\u003E\u003CExpirationTime\u003EFri, 24 Nov 2023 19:30:54 GMT\u003C/ExpirationTime\u003E\u003CPopReceipt\u003EAgAAAAMAAAAAAAAAjFOklIwZ2gE=\u003C/PopReceipt\u003E\u003CTimeNextVisible\u003EFri, 17 Nov 2023 19:30:54 GMT\u003C/TimeNextVisible\u003E\u003C/QueueMessage\u003E\u003C/QueueMessagesList\u003E"
    },
    {
      "RequestUri": "https://REDACTED/d7c32d24peekmessage7c2315795882d32e691749cd/messages?peekonly=true",
      "RequestMethod": "GET",
      "RequestHeaders": {
        "Accept": "application/xml",
        "Authorization": "Sanitized",
        "Content-Length": "0",
        "Date": "Fri, 17 Nov 2023 19:30:54 GMT",
        "User-Agent": "azsdk-java-azure-storage-queue/12.21.0-beta.1 (17.0.8; Windows 11; 10.0)",
        "x-ms-client-request-id": "bcf1ba69-012c-43aa-affd-07ed15d266da",
        "x-ms-version": "2024-02-04"
      },
      "RequestBody": null,
      "StatusCode": 200,
      "ResponseHeaders": {
        "Cache-Control": "no-cache",
        "Content-Type": "application/xml",
        "Date": "Fri, 17 Nov 2023 19:30:54 GMT",
        "Server": [
          "Windows-Azure-Queue/1.0",
          "Microsoft-HTTPAPI/2.0"
        ],
        "Transfer-Encoding": "chunked",
        "x-ms-client-request-id": "bcf1ba69-012c-43aa-affd-07ed15d266da",
        "x-ms-request-id": "f3ea0c28-6003-0005-5f8c-1945bd000000",
        "x-ms-version": "2024-02-04"
      },
      "ResponseBody": "\uFEFF\u003C?xml version=\u00221.0\u0022 encoding=\u0022utf-8\u0022?\u003E\u003CQueueMessagesList\u003E\u003CQueueMessage\u003E\u003CMessageId\u003E0600e0cf-92d2-4f73-9c15-035d65f1b6be\u003C/MessageId\u003E\u003CInsertionTime\u003EFri, 17 Nov 2023 19:30:54 GMT\u003C/InsertionTime\u003E\u003CExpirationTime\u003EFri, 24 Nov 2023 19:30:54 GMT\u003C/ExpirationTime\u003E\u003CDequeueCount\u003E0\u003C/DequeueCount\u003E\u003CMessageText\u003Etest message\u003C/MessageText\u003E\u003C/QueueMessage\u003E\u003C/QueueMessagesList\u003E"
    }
  ],
  "Variables": {
    "0": "d7c32d24peekmessage7c2315795882d32e691749cd"
  }
}
