{
  "Entries": [
    {
      "RequestUri": "https://Sanitized.api.azureml.ms/agents/v1.0/subscriptions/00000000-0000-0000-0000-000000000000/resourceGroups/00000/providers/Microsoft.MachineLearningServices/workspaces/00000/assistants?api-version=2024-12-01-preview",
      "RequestMethod": "POST",
      "RequestHeaders": {
        "Accept": "application/json",
        "Accept-Encoding": "gzip, deflate",
        "Connection": "keep-alive",
        "Content-Length": "395",
        "Content-Type": "application/json",
        "User-Agent": "azsdk-python-ai-projects/1.0.0b3 Python/3.12.8 (Windows-11-10.0.22631-SP0)"
      },
      "RequestBody": {
        "instructions": "You are helpful agent",
        "model": "gpt-4o",
        "name": "my-agent",
        "tool_resources": {},
        "tools": [
          {
            "type": "function",
            "function": {
              "name": "convert_temperature",
              "description": "Converts temperature from Celsius to Fahrenheit.",
              "parameters": {
                "type": "object",
                "properties": {
                  "celsius": {
                    "type": "number",
                    "description": "Temperature in Celsius."
                  }
                },
                "required": [
                  "celsius"
                ]
              }
            }
          }
        ]
      },
      "StatusCode": 200,
      "ResponseHeaders": {
        "apim-request-id": "e39e8672-8b37-4270-b592-cedf37cf8615",
        "Connection": "keep-alive",
        "Content-Encoding": "gzip",
        "Content-Type": "application/json",
        "Date": "Thu, 12 Dec 2024 22:17:23 GMT",
        "openai-organization": "3d8304e5257c4cc49d2bec8a48b2e43f",
        "openai-processing-ms": "20",
        "openai-version": "2020-10-01",
        "Request-Context": "appId=cid-v1:2d2e8e63-272e-4b3c-8598-4ee570a0e70d",
        "Strict-Transport-Security": "max-age=31536000; includeSubDomains; preload",
        "Transfer-Encoding": "chunked",
        "Vary": "Accept-Encoding",
        "x-aml-cluster": "vienna-westus2-01",
        "X-Content-Type-Options": "nosniff",
        "x-ms-middleware-request-id": "e39e8672-8b37-4270-b592-cedf37cf8615",
        "x-ms-region": "West US 2",
        "x-ms-response-type": "standard",
        "X-Request-ID": "c037466c7e014bd35593810f965b6582",
        "x-request-time": "0.218"
      },
      "ResponseBody": {
        "id": "asst_C0WCVzHevBQIB1GqzPy0mdDo",
        "object": "assistant",
        "created_at": 1734041843,
        "name": "my-agent",
        "description": null,
        "model": "gpt-4o",
        "instructions": "You are helpful agent",
        "tools": [
          {
            "type": "function",
            "function": {
              "name": "convert_temperature",
              "description": "Converts temperature from Celsius to Fahrenheit.",
              "parameters": {
                "type": "object",
                "properties": {
                  "celsius": {
                    "type": "number",
                    "description": "Temperature in Celsius."
                  }
                },
                "required": [
                  "celsius"
                ]
              },
              "strict": false
            }
          }
        ],
        "top_p": 1.0,
        "temperature": 1.0,
        "tool_resources": {},
        "metadata": {},
        "response_format": "auto"
      }
    },
    {
      "RequestUri": "https://Sanitized.api.azureml.ms/agents/v1.0/subscriptions/00000000-0000-0000-0000-000000000000/resourceGroups/00000/providers/Microsoft.MachineLearningServices/workspaces/00000/threads?api-version=2024-12-01-preview",
      "RequestMethod": "POST",
      "RequestHeaders": {
        "Accept": "application/json",
        "Accept-Encoding": "gzip, deflate",
        "Connection": "keep-alive",
        "Content-Length": "2",
        "Content-Type": "application/json",
        "User-Agent": "azsdk-python-ai-projects/1.0.0b3 Python/3.12.8 (Windows-11-10.0.22631-SP0)"
      },
      "RequestBody": {},
      "StatusCode": 200,
      "ResponseHeaders": {
        "apim-request-id": "d247a8a3-ba9c-4b53-92e8-a7d1ba247426",
        "Connection": "keep-alive",
        "Content-Length": "137",
        "Content-Type": "application/json",
        "Date": "Thu, 12 Dec 2024 22:17:23 GMT",
        "openai-organization": "3d8304e5257c4cc49d2bec8a48b2e43f",
        "openai-processing-ms": "21",
        "openai-version": "2020-10-01",
        "Request-Context": "appId=cid-v1:2d2e8e63-272e-4b3c-8598-4ee570a0e70d",
        "Strict-Transport-Security": "max-age=31536000; includeSubDomains; preload",
        "x-aml-cluster": "vienna-westus2-01",
        "X-Content-Type-Options": "nosniff",
        "x-ms-middleware-request-id": "3bf9988b-ef47-4dee-a4ad-57f5934e1005",
        "x-ms-region": "West US 2",
        "x-ms-response-type": "standard",
        "X-Request-ID": "2005d7702fcd404286dab2b31c091728",
        "x-request-time": "0.188"
      },
      "ResponseBody": {
        "id": "thread_qtgiHJ8fNu43sDBii8hoVWNY",
        "object": "thread",
        "created_at": 1734041843,
        "metadata": {},
        "tool_resources": {}
      }
    },
    {
      "RequestUri": "https://Sanitized.api.azureml.ms/agents/v1.0/subscriptions/00000000-0000-0000-0000-000000000000/resourceGroups/00000/providers/Microsoft.MachineLearningServices/workspaces/00000/threads/thread_qtgiHJ8fNu43sDBii8hoVWNY/messages?api-version=2024-12-01-preview",
      "RequestMethod": "POST",
      "RequestHeaders": {
        "Accept": "application/json",
        "Accept-Encoding": "gzip, deflate",
        "Connection": "keep-alive",
        "Content-Length": "79",
        "Content-Type": "application/json",
        "User-Agent": "azsdk-python-ai-projects/1.0.0b3 Python/3.12.8 (Windows-11-10.0.22631-SP0)"
      },
      "RequestBody": {
        "content": "Hello, what is 32 degrees Celsius in Fahrenheit?",
        "role": "user"
      },
      "StatusCode": 200,
      "ResponseHeaders": {
        "apim-request-id": "f2ba5578-271b-4281-99aa-0060972248e0",
        "Connection": "keep-alive",
        "Content-Encoding": "gzip",
        "Content-Type": "application/json",
        "Date": "Thu, 12 Dec 2024 22:17:24 GMT",
        "openai-organization": "3d8304e5257c4cc49d2bec8a48b2e43f",
        "openai-processing-ms": "81",
        "openai-version": "2020-10-01",
        "Request-Context": "appId=cid-v1:2d2e8e63-272e-4b3c-8598-4ee570a0e70d",
        "Strict-Transport-Security": "max-age=31536000; includeSubDomains; preload",
        "Transfer-Encoding": "chunked",
        "Vary": "Accept-Encoding",
        "x-aml-cluster": "vienna-westus2-01",
        "X-Content-Type-Options": "nosniff",
        "x-ms-middleware-request-id": "5f76187c-59d9-4b99-8da1-e9a5ebe22390",
        "x-ms-region": "West US 2",
        "x-ms-response-type": "standard",
        "X-Request-ID": "46c4f6a8f7a0e49f7b01878c9b78351a",
        "x-request-time": "0.248"
      },
      "ResponseBody": {
        "id": "msg_pLnqv2tGzoVRLmczjYazgJwl",
        "object": "thread.message",
        "created_at": 1734041844,
        "assistant_id": null,
        "thread_id": "thread_qtgiHJ8fNu43sDBii8hoVWNY",
        "run_id": null,
        "role": "user",
        "content": [
          {
            "type": "text",
            "text": {
              "value": "Hello, what is 32 degrees Celsius in Fahrenheit?",
              "annotations": []
            }
          }
        ],
        "attachments": [],
        "metadata": {}
      }
    },
    {
      "RequestUri": "https://Sanitized.api.azureml.ms/agents/v1.0/subscriptions/00000000-0000-0000-0000-000000000000/resourceGroups/00000/providers/Microsoft.MachineLearningServices/workspaces/00000/threads/thread_qtgiHJ8fNu43sDBii8hoVWNY/runs?api-version=2024-12-01-preview",
      "RequestMethod": "POST",
      "RequestHeaders": {
        "Accept": "application/json",
        "Accept-Encoding": "gzip, deflate",
        "Connection": "keep-alive",
        "Content-Length": "66",
        "Content-Type": "application/json",
        "User-Agent": "azsdk-python-ai-projects/1.0.0b3 Python/3.12.8 (Windows-11-10.0.22631-SP0)"
      },
      "RequestBody": {
        "assistant_id": "asst_C0WCVzHevBQIB1GqzPy0mdDo",
        "stream": false
      },
      "StatusCode": 200,
      "ResponseHeaders": {
        "apim-request-id": "dad0612b-d22e-4c6a-bc74-7ef212a029d1",
        "Connection": "keep-alive",
        "Content-Encoding": "gzip",
        "Content-Type": "application/json",
        "Date": "Thu, 12 Dec 2024 22:17:24 GMT",
        "openai-organization": "3d8304e5257c4cc49d2bec8a48b2e43f",
        "openai-processing-ms": "160",
        "openai-version": "2020-10-01",
        "Request-Context": "appId=cid-v1:2d2e8e63-272e-4b3c-8598-4ee570a0e70d",
        "Strict-Transport-Security": "max-age=31536000; includeSubDomains; preload",
        "Transfer-Encoding": "chunked",
        "Vary": "Accept-Encoding",
        "x-aml-cluster": "vienna-westus2-01",
        "X-Content-Type-Options": "nosniff",
        "x-ms-middleware-request-id": "c80860d8-1978-4a15-94fc-79f449b05593",
        "x-ms-region": "West US 2",
        "x-ms-response-type": "standard",
        "X-Request-ID": "60795368e8d8e91d419772faf7b51847",
        "x-request-time": "0.414"
      },
      "ResponseBody": {
        "id": "run_I5JvlrLZCnrZu1fOOeKdOf5v",
        "object": "thread.run",
        "created_at": 1734041844,
        "assistant_id": "asst_C0WCVzHevBQIB1GqzPy0mdDo",
        "thread_id": "thread_qtgiHJ8fNu43sDBii8hoVWNY",
        "status": "queued",
        "started_at": null,
        "expires_at": 1734042444,
        "cancelled_at": null,
        "failed_at": null,
        "completed_at": null,
        "required_action": null,
        "last_error": null,
        "model": "gpt-4o",
        "instructions": "You are helpful agent",
        "tools": [
          {
            "type": "function",
            "function": {
              "name": "convert_temperature",
              "description": "Converts temperature from Celsius to Fahrenheit.",
              "parameters": {
                "type": "object",
                "properties": {
                  "celsius": {
                    "type": "number",
                    "description": "Temperature in Celsius."
                  }
                },
                "required": [
                  "celsius"
                ]
              },
              "strict": false
            }
          }
        ],
        "tool_resources": {},
        "metadata": {},
        "temperature": 1.0,
        "top_p": 1.0,
        "max_completion_tokens": null,
        "max_prompt_tokens": null,
        "truncation_strategy": {
          "type": "auto",
          "last_messages": null
        },
        "incomplete_details": null,
        "usage": null,
        "response_format": "auto",
        "tool_choice": "auto",
        "parallel_tool_calls": true
      }
    },
    {
      "RequestUri": "https://Sanitized.api.azureml.ms/agents/v1.0/subscriptions/00000000-0000-0000-0000-000000000000/resourceGroups/00000/providers/Microsoft.MachineLearningServices/workspaces/00000/threads/thread_qtgiHJ8fNu43sDBii8hoVWNY/runs/Sanitized?api-version=2024-12-01-preview",
      "RequestMethod": "GET",
      "RequestHeaders": {
        "Accept": "application/json",
        "Accept-Encoding": "gzip, deflate",
        "Connection": "keep-alive",
        "User-Agent": "azsdk-python-ai-projects/1.0.0b3 Python/3.12.8 (Windows-11-10.0.22631-SP0)"
      },
      "RequestBody": null,
      "StatusCode": 200,
      "ResponseHeaders": {
        "apim-request-id": "3d21af34-6c6e-4ef1-be40-ccf257cb7bae",
        "Connection": "keep-alive",
        "Content-Encoding": "gzip",
        "Content-Type": "application/json",
        "Date": "Thu, 12 Dec 2024 22:17:25 GMT",
        "openai-organization": "3d8304e5257c4cc49d2bec8a48b2e43f",
        "openai-processing-ms": "37",
        "openai-version": "2020-10-01",
        "Request-Context": "appId=cid-v1:2d2e8e63-272e-4b3c-8598-4ee570a0e70d",
        "Strict-Transport-Security": "max-age=31536000; includeSubDomains; preload",
        "Transfer-Encoding": "chunked",
        "Vary": "Accept-Encoding",
        "x-aml-cluster": "vienna-westus2-01",
        "X-Content-Type-Options": "nosniff",
        "x-ms-middleware-request-id": "58197935-74e0-4731-81b6-26c3fe55b4ff",
        "x-ms-region": "West US 2",
        "x-ms-response-type": "standard",
        "X-Request-ID": "83056c5af27066676ec15273e70cef55",
        "x-request-time": "0.208"
      },
      "ResponseBody": {
        "id": "run_I5JvlrLZCnrZu1fOOeKdOf5v",
        "object": "thread.run",
        "created_at": 1734041844,
        "assistant_id": "asst_C0WCVzHevBQIB1GqzPy0mdDo",
        "thread_id": "thread_qtgiHJ8fNu43sDBii8hoVWNY",
        "status": "in_progress",
        "started_at": 1734041844,
        "expires_at": 1734042444,
        "cancelled_at": null,
        "failed_at": null,
        "completed_at": null,
        "required_action": null,
        "last_error": null,
        "model": "gpt-4o",
        "instructions": "You are helpful agent",
        "tools": [
          {
            "type": "function",
            "function": {
              "name": "convert_temperature",
              "description": "Converts temperature from Celsius to Fahrenheit.",
              "parameters": {
                "type": "object",
                "properties": {
                  "celsius": {
                    "type": "number",
                    "description": "Temperature in Celsius."
                  }
                },
                "required": [
                  "celsius"
                ]
              },
              "strict": false
            }
          }
        ],
        "tool_resources": {},
        "metadata": {},
        "temperature": 1.0,
        "top_p": 1.0,
        "max_completion_tokens": null,
        "max_prompt_tokens": null,
        "truncation_strategy": {
          "type": "auto",
          "last_messages": null
        },
        "incomplete_details": null,
        "usage": null,
        "response_format": "auto",
        "tool_choice": "auto",
        "parallel_tool_calls": true
      }
    },
    {
      "RequestUri": "https://Sanitized.api.azureml.ms/agents/v1.0/subscriptions/00000000-0000-0000-0000-000000000000/resourceGroups/00000/providers/Microsoft.MachineLearningServices/workspaces/00000/threads/thread_qtgiHJ8fNu43sDBii8hoVWNY/runs/Sanitized?api-version=2024-12-01-preview",
      "RequestMethod": "GET",
      "RequestHeaders": {
        "Accept": "application/json",
        "Accept-Encoding": "gzip, deflate",
        "Connection": "keep-alive",
        "User-Agent": "azsdk-python-ai-projects/1.0.0b3 Python/3.12.8 (Windows-11-10.0.22631-SP0)"
      },
      "RequestBody": null,
      "StatusCode": 200,
      "ResponseHeaders": {
        "apim-request-id": "5d6d1e05-e5f1-4cdb-acec-d63c52d56690",
        "Connection": "keep-alive",
        "Content-Encoding": "gzip",
        "Content-Type": "application/json",
        "Date": "Thu, 12 Dec 2024 22:17:27 GMT",
        "openai-organization": "3d8304e5257c4cc49d2bec8a48b2e43f",
        "openai-processing-ms": "58",
        "openai-version": "2020-10-01",
        "Request-Context": "appId=cid-v1:2d2e8e63-272e-4b3c-8598-4ee570a0e70d",
        "Strict-Transport-Security": "max-age=31536000; includeSubDomains; preload",
        "Transfer-Encoding": "chunked",
        "Vary": "Accept-Encoding",
        "x-aml-cluster": "vienna-westus2-01",
        "X-Content-Type-Options": "nosniff",
        "x-ms-middleware-request-id": "75e66199-c491-4014-8330-3ad4dc8307b3",
        "x-ms-region": "West US 2",
        "x-ms-response-type": "standard",
        "X-Request-ID": "9d9ae7443a9110b7888308b6ecb51e9e",
        "x-request-time": "0.228"
      },
      "ResponseBody": {
        "id": "run_I5JvlrLZCnrZu1fOOeKdOf5v",
        "object": "thread.run",
        "created_at": 1734041844,
        "assistant_id": "asst_C0WCVzHevBQIB1GqzPy0mdDo",
        "thread_id": "thread_qtgiHJ8fNu43sDBii8hoVWNY",
        "status": "requires_action",
        "started_at": 1734041844,
        "expires_at": 1734042444,
        "cancelled_at": null,
        "failed_at": null,
        "completed_at": null,
        "required_action": {
          "type": "submit_tool_outputs",
          "submit_tool_outputs": {
            "tool_calls": [
              {
                "id": "call_nDv1Sxvlcw7O08m8gzJDcTiJ",
                "type": "function",
                "function": {
                  "name": "convert_temperature",
                  "arguments": "{\"celsius\":32}"
                }
              }
            ]
          }
        },
        "last_error": null,
        "model": "gpt-4o",
        "instructions": "You are helpful agent",
        "tools": [
          {
            "type": "function",
            "function": {
              "name": "convert_temperature",
              "description": "Converts temperature from Celsius to Fahrenheit.",
              "parameters": {
                "type": "object",
                "properties": {
                  "celsius": {
                    "type": "number",
                    "description": "Temperature in Celsius."
                  }
                },
                "required": [
                  "celsius"
                ]
              },
              "strict": false
            }
          }
        ],
        "tool_resources": {},
        "metadata": {},
        "temperature": 1.0,
        "top_p": 1.0,
        "max_completion_tokens": null,
        "max_prompt_tokens": null,
        "truncation_strategy": {
          "type": "auto",
          "last_messages": null
        },
        "incomplete_details": null,
        "usage": null,
        "response_format": "auto",
        "tool_choice": "auto",
        "parallel_tool_calls": true
      }
    },
    {
      "RequestUri": "https://Sanitized.api.azureml.ms/agents/v1.0/subscriptions/00000000-0000-0000-0000-000000000000/resourceGroups/00000/providers/Microsoft.MachineLearningServices/workspaces/00000/threads/thread_qtgiHJ8fNu43sDBii8hoVWNY/runs/Sanitized/submit_tool_outputs?api-version=2024-12-01-preview",
      "RequestMethod": "POST",
      "RequestHeaders": {
        "Accept": "application/json",
        "Accept-Encoding": "gzip, deflate",
        "Connection": "keep-alive",
        "Content-Length": "122",
        "Content-Type": "application/json",
        "User-Agent": "azsdk-python-ai-projects/1.0.0b3 Python/3.12.8 (Windows-11-10.0.22631-SP0)"
      },
      "RequestBody": {
        "stream": false,
        "tool_outputs": [
          {
            "tool_call_id": "call_nDv1Sxvlcw7O08m8gzJDcTiJ",
            "output": "{\"fahrenheit\": 89.6}"
          }
        ]
      },
      "StatusCode": 200,
      "ResponseHeaders": {
        "apim-request-id": "3fe1caf9-ecf5-4550-9062-bd2629642b27",
        "Connection": "keep-alive",
        "Content-Encoding": "gzip",
        "Content-Type": "application/json",
        "Date": "Thu, 12 Dec 2024 22:17:28 GMT",
        "openai-organization": "3d8304e5257c4cc49d2bec8a48b2e43f",
        "openai-processing-ms": "148",
        "openai-version": "2020-10-01",
        "Request-Context": "appId=cid-v1:2d2e8e63-272e-4b3c-8598-4ee570a0e70d",
        "Strict-Transport-Security": "max-age=31536000; includeSubDomains; preload",
        "Transfer-Encoding": "chunked",
        "Vary": "Accept-Encoding",
        "x-aml-cluster": "vienna-westus2-01",
        "X-Content-Type-Options": "nosniff",
        "x-ms-middleware-request-id": "50d799b3-c3c7-4538-a5c3-c2878834be53",
        "x-ms-region": "West US 2",
        "x-ms-response-type": "standard",
        "X-Request-ID": "f08eab52627961eca7692b2d1d5f6170",
        "x-request-time": "0.614"
      },
      "ResponseBody": {
        "id": "run_I5JvlrLZCnrZu1fOOeKdOf5v",
        "object": "thread.run",
        "created_at": 1734041844,
        "assistant_id": "asst_C0WCVzHevBQIB1GqzPy0mdDo",
        "thread_id": "thread_qtgiHJ8fNu43sDBii8hoVWNY",
        "status": "queued",
        "started_at": 1734041844,
        "expires_at": 1734042444,
        "cancelled_at": null,
        "failed_at": null,
        "completed_at": null,
        "required_action": null,
        "last_error": null,
        "model": "gpt-4o",
        "instructions": "You are helpful agent",
        "tools": [
          {
            "type": "function",
            "function": {
              "name": "convert_temperature",
              "description": "Converts temperature from Celsius to Fahrenheit.",
              "parameters": {
                "type": "object",
                "properties": {
                  "celsius": {
                    "type": "number",
                    "description": "Temperature in Celsius."
                  }
                },
                "required": [
                  "celsius"
                ]
              },
              "strict": false
            }
          }
        ],
        "tool_resources": {},
        "metadata": {},
        "temperature": 1.0,
        "top_p": 1.0,
        "max_completion_tokens": null,
        "max_prompt_tokens": null,
        "truncation_strategy": {
          "type": "auto",
          "last_messages": null
        },
        "incomplete_details": null,
        "usage": null,
        "response_format": "auto",
        "tool_choice": "auto",
        "parallel_tool_calls": true
      }
    },
    {
      "RequestUri": "https://Sanitized.api.azureml.ms/agents/v1.0/subscriptions/00000000-0000-0000-0000-000000000000/resourceGroups/00000/providers/Microsoft.MachineLearningServices/workspaces/00000/threads/thread_qtgiHJ8fNu43sDBii8hoVWNY/runs/Sanitized?api-version=2024-12-01-preview",
      "RequestMethod": "GET",
      "RequestHeaders": {
        "Accept": "application/json",
        "Accept-Encoding": "gzip, deflate",
        "Connection": "keep-alive",
        "User-Agent": "azsdk-python-ai-projects/1.0.0b3 Python/3.12.8 (Windows-11-10.0.22631-SP0)"
      },
      "RequestBody": null,
      "StatusCode": 200,
      "ResponseHeaders": {
        "apim-request-id": "9aaf6edd-969a-4cb5-915a-326e73413db9",
        "Connection": "keep-alive",
        "Content-Encoding": "gzip",
        "Content-Type": "application/json",
        "Date": "Thu, 12 Dec 2024 22:17:29 GMT",
        "openai-organization": "3d8304e5257c4cc49d2bec8a48b2e43f",
        "openai-processing-ms": "47",
        "openai-version": "2020-10-01",
        "Request-Context": "appId=cid-v1:2d2e8e63-272e-4b3c-8598-4ee570a0e70d",
        "Strict-Transport-Security": "max-age=31536000; includeSubDomains; preload",
        "Transfer-Encoding": "chunked",
        "Vary": "Accept-Encoding",
        "x-aml-cluster": "vienna-westus2-01",
        "X-Content-Type-Options": "nosniff",
        "x-ms-middleware-request-id": "9ba961bb-cedb-4838-af6b-1c2d39c9fe15",
        "x-ms-region": "West US 2",
        "x-ms-response-type": "standard",
        "X-Request-ID": "11050f205092f4d067dc980393a86265",
        "x-request-time": "0.211"
      },
      "ResponseBody": {
        "id": "run_I5JvlrLZCnrZu1fOOeKdOf5v",
        "object": "thread.run",
        "created_at": 1734041844,
        "assistant_id": "asst_C0WCVzHevBQIB1GqzPy0mdDo",
        "thread_id": "thread_qtgiHJ8fNu43sDBii8hoVWNY",
        "status": "in_progress",
        "started_at": 1734041848,
        "expires_at": 1734042444,
        "cancelled_at": null,
        "failed_at": null,
        "completed_at": null,
        "required_action": null,
        "last_error": null,
        "model": "gpt-4o",
        "instructions": "You are helpful agent",
        "tools": [
          {
            "type": "function",
            "function": {
              "name": "convert_temperature",
              "description": "Converts temperature from Celsius to Fahrenheit.",
              "parameters": {
                "type": "object",
                "properties": {
                  "celsius": {
                    "type": "number",
                    "description": "Temperature in Celsius."
                  }
                },
                "required": [
                  "celsius"
                ]
              },
              "strict": false
            }
          }
        ],
        "tool_resources": {},
        "metadata": {},
        "temperature": 1.0,
        "top_p": 1.0,
        "max_completion_tokens": null,
        "max_prompt_tokens": null,
        "truncation_strategy": {
          "type": "auto",
          "last_messages": null
        },
        "incomplete_details": null,
        "usage": null,
        "response_format": "auto",
        "tool_choice": "auto",
        "parallel_tool_calls": true
      }
    },
    {
      "RequestUri": "https://Sanitized.api.azureml.ms/agents/v1.0/subscriptions/00000000-0000-0000-0000-000000000000/resourceGroups/00000/providers/Microsoft.MachineLearningServices/workspaces/00000/threads/thread_qtgiHJ8fNu43sDBii8hoVWNY/runs/Sanitized?api-version=2024-12-01-preview",
      "RequestMethod": "GET",
      "RequestHeaders": {
        "Accept": "application/json",
        "Accept-Encoding": "gzip, deflate",
        "Connection": "keep-alive",
        "User-Agent": "azsdk-python-ai-projects/1.0.0b3 Python/3.12.8 (Windows-11-10.0.22631-SP0)"
      },
      "RequestBody": null,
      "StatusCode": 200,
      "ResponseHeaders": {
        "apim-request-id": "db8f5b2f-394b-452c-affb-f8be6f91c942",
        "Connection": "keep-alive",
        "Content-Encoding": "gzip",
        "Content-Type": "application/json",
        "Date": "Thu, 12 Dec 2024 22:17:30 GMT",
        "openai-organization": "3d8304e5257c4cc49d2bec8a48b2e43f",
        "openai-processing-ms": "82",
        "openai-version": "2020-10-01",
        "Request-Context": "appId=cid-v1:2d2e8e63-272e-4b3c-8598-4ee570a0e70d",
        "Strict-Transport-Security": "max-age=31536000; includeSubDomains; preload",
        "Transfer-Encoding": "chunked",
        "Vary": "Accept-Encoding",
        "x-aml-cluster": "vienna-westus2-01",
        "X-Content-Type-Options": "nosniff",
        "x-ms-middleware-request-id": "7c37e407-eb89-40b7-b63e-c13786f5cbd2",
        "x-ms-region": "West US 2",
        "x-ms-response-type": "standard",
        "X-Request-ID": "bde459103ee241bd3d8b33b6bae3f85e",
        "x-request-time": "0.259"
      },
      "ResponseBody": {
        "id": "run_I5JvlrLZCnrZu1fOOeKdOf5v",
        "object": "thread.run",
        "created_at": 1734041844,
        "assistant_id": "asst_C0WCVzHevBQIB1GqzPy0mdDo",
        "thread_id": "thread_qtgiHJ8fNu43sDBii8hoVWNY",
        "status": "in_progress",
        "started_at": 1734041848,
        "expires_at": 1734042444,
        "cancelled_at": null,
        "failed_at": null,
        "completed_at": null,
        "required_action": null,
        "last_error": null,
        "model": "gpt-4o",
        "instructions": "You are helpful agent",
        "tools": [
          {
            "type": "function",
            "function": {
              "name": "convert_temperature",
              "description": "Converts temperature from Celsius to Fahrenheit.",
              "parameters": {
                "type": "object",
                "properties": {
                  "celsius": {
                    "type": "number",
                    "description": "Temperature in Celsius."
                  }
                },
                "required": [
                  "celsius"
                ]
              },
              "strict": false
            }
          }
        ],
        "tool_resources": {},
        "metadata": {},
        "temperature": 1.0,
        "top_p": 1.0,
        "max_completion_tokens": null,
        "max_prompt_tokens": null,
        "truncation_strategy": {
          "type": "auto",
          "last_messages": null
        },
        "incomplete_details": null,
        "usage": null,
        "response_format": "auto",
        "tool_choice": "auto",
        "parallel_tool_calls": true
      }
    },
    {
      "RequestUri": "https://Sanitized.api.azureml.ms/agents/v1.0/subscriptions/00000000-0000-0000-0000-000000000000/resourceGroups/00000/providers/Microsoft.MachineLearningServices/workspaces/00000/threads/thread_qtgiHJ8fNu43sDBii8hoVWNY/runs/Sanitized?api-version=2024-12-01-preview",
      "RequestMethod": "GET",
      "RequestHeaders": {
        "Accept": "application/json",
        "Accept-Encoding": "gzip, deflate",
        "Connection": "keep-alive",
        "User-Agent": "azsdk-python-ai-projects/1.0.0b3 Python/3.12.8 (Windows-11-10.0.22631-SP0)"
      },
      "RequestBody": null,
      "StatusCode": 200,
      "ResponseHeaders": {
        "apim-request-id": "f4a97009-ab11-420f-b286-e91a5b7e437b",
        "Connection": "keep-alive",
        "Content-Encoding": "gzip",
        "Content-Type": "application/json",
        "Date": "Thu, 12 Dec 2024 22:17:31 GMT",
        "openai-organization": "3d8304e5257c4cc49d2bec8a48b2e43f",
        "openai-processing-ms": "39",
        "openai-version": "2020-10-01",
        "Request-Context": "appId=cid-v1:2d2e8e63-272e-4b3c-8598-4ee570a0e70d",
        "Strict-Transport-Security": "max-age=31536000; includeSubDomains; preload",
        "Transfer-Encoding": "chunked",
        "Vary": "Accept-Encoding",
        "x-aml-cluster": "vienna-westus2-01",
        "X-Content-Type-Options": "nosniff",
        "x-ms-middleware-request-id": "3e34bf12-437f-4033-aab4-2ae93f99fdb6",
        "x-ms-region": "West US 2",
        "x-ms-response-type": "standard",
        "X-Request-ID": "03313e8da2c899ff828145833f5cfeab",
        "x-request-time": "0.217"
      },
      "ResponseBody": {
        "id": "run_I5JvlrLZCnrZu1fOOeKdOf5v",
        "object": "thread.run",
        "created_at": 1734041844,
        "assistant_id": "asst_C0WCVzHevBQIB1GqzPy0mdDo",
        "thread_id": "thread_qtgiHJ8fNu43sDBii8hoVWNY",
        "status": "completed",
        "started_at": 1734041848,
        "expires_at": null,
        "cancelled_at": null,
        "failed_at": null,
        "completed_at": 1734041851,
        "required_action": null,
        "last_error": null,
        "model": "gpt-4o",
        "instructions": "You are helpful agent",
        "tools": [
          {
            "type": "function",
            "function": {
              "name": "convert_temperature",
              "description": "Converts temperature from Celsius to Fahrenheit.",
              "parameters": {
                "type": "object",
                "properties": {
                  "celsius": {
                    "type": "number",
                    "description": "Temperature in Celsius."
                  }
                },
                "required": [
                  "celsius"
                ]
              },
              "strict": false
            }
          }
        ],
        "tool_resources": {},
        "metadata": {},
        "temperature": 1.0,
        "top_p": 1.0,
        "max_completion_tokens": null,
        "max_prompt_tokens": null,
        "truncation_strategy": {
          "type": "auto",
          "last_messages": null
        },
        "incomplete_details": null,
        "usage": {
          "prompt_tokens": 573,
          "completion_tokens": 31,
          "total_tokens": 604
        },
        "response_format": "auto",
        "tool_choice": "auto",
        "parallel_tool_calls": true
      }
    },
    {
      "RequestUri": "https://Sanitized.api.azureml.ms/agents/v1.0/subscriptions/00000000-0000-0000-0000-000000000000/resourceGroups/00000/providers/Microsoft.MachineLearningServices/workspaces/00000/threads/thread_qtgiHJ8fNu43sDBii8hoVWNY/messages?api-version=2024-12-01-preview&runId=run_I5JvlrLZCnrZu1fOOeKdOf5v",
      "RequestMethod": "GET",
      "RequestHeaders": {
        "Accept": "application/json",
        "Accept-Encoding": "gzip, deflate",
        "Connection": "keep-alive",
        "User-Agent": "azsdk-python-ai-projects/1.0.0b3 Python/3.12.8 (Windows-11-10.0.22631-SP0)"
      },
      "RequestBody": null,
      "StatusCode": 200,
      "ResponseHeaders": {
        "apim-request-id": "1256b16c-830b-4d49-b8b0-46f40af9df45",
        "Connection": "keep-alive",
        "Content-Encoding": "gzip",
        "Content-Type": "application/json",
        "Date": "Thu, 12 Dec 2024 22:17:32 GMT",
        "openai-organization": "3d8304e5257c4cc49d2bec8a48b2e43f",
        "openai-processing-ms": "27",
        "openai-version": "2020-10-01",
        "Request-Context": "appId=cid-v1:2d2e8e63-272e-4b3c-8598-4ee570a0e70d",
        "Strict-Transport-Security": "max-age=31536000; includeSubDomains; preload",
        "Transfer-Encoding": "chunked",
        "Vary": "Accept-Encoding",
        "x-aml-cluster": "vienna-westus2-01",
        "X-Content-Type-Options": "nosniff",
        "x-ms-middleware-request-id": "e0ae0e5e-b0f1-45f9-ad81-2171eb669f31",
        "x-ms-region": "West US 2",
        "x-ms-response-type": "standard",
        "X-Request-ID": "65859968206d2a1a05864665bd59f63c",
        "x-request-time": "0.208"
      },
      "ResponseBody": {
        "object": "list",
        "data": [
          {
            "id": "msg_bx0Mo4t9Ctxxj8zCcQ1Nz8El",
            "object": "thread.message",
            "created_at": 1734041850,
            "assistant_id": "asst_C0WCVzHevBQIB1GqzPy0mdDo",
            "thread_id": "thread_qtgiHJ8fNu43sDBii8hoVWNY",
            "run_id": "run_I5JvlrLZCnrZu1fOOeKdOf5v",
            "role": "assistant",
            "content": [
              {
                "type": "text",
                "text": {
                  "value": "32 degrees Celsius is equivalent to 89.6 degrees Fahrenheit.",
                  "annotations": []
                }
              }
            ],
            "attachments": [],
            "metadata": {}
          },
          {
            "id": "msg_pLnqv2tGzoVRLmczjYazgJwl",
            "object": "thread.message",
            "created_at": 1734041844,
            "assistant_id": null,
            "thread_id": "thread_qtgiHJ8fNu43sDBii8hoVWNY",
            "run_id": null,
            "role": "user",
            "content": [
              {
                "type": "text",
                "text": {
                  "value": "Hello, what is 32 degrees Celsius in Fahrenheit?",
                  "annotations": []
                }
              }
            ],
            "attachments": [],
            "metadata": {}
          }
        ],
        "first_id": "msg_bx0Mo4t9Ctxxj8zCcQ1Nz8El",
        "last_id": "msg_pLnqv2tGzoVRLmczjYazgJwl",
        "has_more": false
      }
    },
    {
      "RequestUri": "https://Sanitized.api.azureml.ms/agents/v1.0/subscriptions/00000000-0000-0000-0000-000000000000/resourceGroups/00000/providers/Microsoft.MachineLearningServices/workspaces/00000/assistants/asst_C0WCVzHevBQIB1GqzPy0mdDo?api-version=2024-12-01-preview",
      "RequestMethod": "DELETE",
      "RequestHeaders": {
        "Accept": "application/json",
        "Accept-Encoding": "gzip, deflate",
        "Connection": "keep-alive",
        "Content-Length": "0",
        "User-Agent": "azsdk-python-ai-projects/1.0.0b3 Python/3.12.8 (Windows-11-10.0.22631-SP0)"
      },
      "RequestBody": null,
      "StatusCode": 200,
      "ResponseHeaders": {
        "apim-request-id": "49250537-9728-49ab-81ce-bf72457ebbfa",
        "Connection": "keep-alive",
        "Content-Length": "95",
        "Content-Type": "application/json",
        "Date": "Thu, 12 Dec 2024 22:17:32 GMT",
        "openai-organization": "3d8304e5257c4cc49d2bec8a48b2e43f",
        "openai-processing-ms": "72",
        "openai-version": "2020-10-01",
        "Request-Context": "appId=cid-v1:2d2e8e63-272e-4b3c-8598-4ee570a0e70d",
        "Strict-Transport-Security": "max-age=31536000; includeSubDomains; preload",
        "x-aml-cluster": "vienna-westus2-01",
        "X-Content-Type-Options": "nosniff",
        "x-ms-middleware-request-id": "50290e5a-1e1d-40d2-ab78-c28d6a6470a6",
        "x-ms-region": "West US 2",
        "x-ms-response-type": "standard",
        "X-Request-ID": "e82572d128487bac26a500cd4d866968",
        "x-request-time": "0.245"
      },
      "ResponseBody": {
        "id": "asst_C0WCVzHevBQIB1GqzPy0mdDo",
        "object": "assistant.deleted",
        "deleted": true
      }
    }
  ],
  "Variables": {}
}
