{
  "Entries": [
    {
      "RequestUri": "https://Sanitized.api.azureml.ms/agents/v1.0/subscriptions/00000000-0000-0000-0000-000000000000/resourceGroups/00000/providers/Microsoft.MachineLearningServices/workspaces/00000/assistants?api-version=2024-12-01-preview",
      "RequestMethod": "POST",
      "RequestHeaders": {
        "Accept": "application/json",
        "Accept-Encoding": "gzip, deflate",
        "Connection": "keep-alive",
        "Content-Length": "80",
        "Content-Type": "application/json",
        "User-Agent": "azsdk-python-ai-projects/1.0.0b3 Python/3.12.8 (Windows-11-10.0.22631-SP0)"
      },
      "RequestBody": {
        "instructions": "You are helpful agent",
        "model": "gpt-4o",
        "name": "my-agent"
      },
      "StatusCode": 200,
      "ResponseHeaders": {
        "apim-request-id": "46af76e8-4a3e-4f95-ad29-fd93fada217a",
        "Connection": "keep-alive",
        "Content-Encoding": "gzip",
        "Content-Type": "application/json",
        "Date": "Thu, 12 Dec 2024 22:23:04 GMT",
        "openai-organization": "3d8304e5257c4cc49d2bec8a48b2e43f",
        "openai-processing-ms": "131",
        "openai-version": "2020-10-01",
        "Request-Context": "appId=cid-v1:2d2e8e63-272e-4b3c-8598-4ee570a0e70d",
        "Strict-Transport-Security": "max-age=31536000; includeSubDomains; preload",
        "Transfer-Encoding": "chunked",
        "Vary": "Accept-Encoding",
        "x-aml-cluster": "vienna-westus2-02",
        "X-Content-Type-Options": "nosniff",
        "x-ms-middleware-request-id": "46af76e8-4a3e-4f95-ad29-fd93fada217a",
        "x-ms-region": "West US 2",
        "x-ms-response-type": "standard",
        "X-Request-ID": "0dbdfd16fe781e2383785babd5c55994",
        "x-request-time": "0.808"
      },
      "ResponseBody": {
        "id": "asst_8Zq71ghS9ohpOrPDP6cvnnmI",
        "object": "assistant",
        "created_at": 1734042184,
        "name": "my-agent",
        "description": null,
        "model": "gpt-4o",
        "instructions": "You are helpful agent",
        "tools": [],
        "top_p": 1.0,
        "temperature": 1.0,
        "tool_resources": {},
        "metadata": {},
        "response_format": "auto"
      }
    },
    {
      "RequestUri": "https://Sanitized.api.azureml.ms/agents/v1.0/subscriptions/00000000-0000-0000-0000-000000000000/resourceGroups/00000/providers/Microsoft.MachineLearningServices/workspaces/00000/threads?api-version=2024-12-01-preview",
      "RequestMethod": "POST",
      "RequestHeaders": {
        "Accept": "application/json",
        "Accept-Encoding": "gzip, deflate",
        "Connection": "keep-alive",
        "Content-Length": "2",
        "Content-Type": "application/json",
        "User-Agent": "azsdk-python-ai-projects/1.0.0b3 Python/3.12.8 (Windows-11-10.0.22631-SP0)"
      },
      "RequestBody": {},
      "StatusCode": 200,
      "ResponseHeaders": {
        "apim-request-id": "c7c4c03d-fd62-4fa2-b9ff-1bc4ea2865b1",
        "Connection": "keep-alive",
        "Content-Length": "137",
        "Content-Type": "application/json",
        "Date": "Thu, 12 Dec 2024 22:23:05 GMT",
        "openai-organization": "3d8304e5257c4cc49d2bec8a48b2e43f",
        "openai-processing-ms": "150",
        "openai-version": "2020-10-01",
        "Request-Context": "appId=cid-v1:2d2e8e63-272e-4b3c-8598-4ee570a0e70d",
        "Strict-Transport-Security": "max-age=31536000; includeSubDomains; preload",
        "x-aml-cluster": "vienna-westus2-02",
        "X-Content-Type-Options": "nosniff",
        "x-ms-middleware-request-id": "cebf4ec4-8df2-4675-9ae2-ee6c2dbd8fb4",
        "x-ms-region": "West US 2",
        "x-ms-response-type": "standard",
        "X-Request-ID": "9a76a8e0a588ae2a07ae9e905bfdcff8",
        "x-request-time": "0.667"
      },
      "ResponseBody": {
        "id": "thread_Hg3ibDhD67x2hv0Budj2pmT7",
        "object": "thread",
        "created_at": 1734042185,
        "metadata": {},
        "tool_resources": {}
      }
    },
    {
      "RequestUri": "https://Sanitized.api.azureml.ms/agents/v1.0/subscriptions/00000000-0000-0000-0000-000000000000/resourceGroups/00000/providers/Microsoft.MachineLearningServices/workspaces/00000/threads/thread_Hg3ibDhD67x2hv0Budj2pmT7/messages?api-version=2024-12-01-preview",
      "RequestMethod": "POST",
      "RequestHeaders": {
        "Accept": "application/json",
        "Accept-Encoding": "gzip, deflate",
        "Connection": "keep-alive",
        "Content-Length": "61",
        "Content-Type": "application/json",
        "User-Agent": "azsdk-python-ai-projects/1.0.0b3 Python/3.12.8 (Windows-11-10.0.22631-SP0)"
      },
      "RequestBody": {
        "content": "Hello, can you tell me a joke?",
        "role": "user"
      },
      "StatusCode": 200,
      "ResponseHeaders": {
        "apim-request-id": "23084c69-cb34-4460-96ed-c69c41e70d11",
        "Connection": "keep-alive",
        "Content-Encoding": "gzip",
        "Content-Type": "application/json",
        "Date": "Thu, 12 Dec 2024 22:23:06 GMT",
        "openai-organization": "3d8304e5257c4cc49d2bec8a48b2e43f",
        "openai-processing-ms": "133",
        "openai-version": "2020-10-01",
        "Request-Context": "appId=cid-v1:2d2e8e63-272e-4b3c-8598-4ee570a0e70d",
        "Strict-Transport-Security": "max-age=31536000; includeSubDomains; preload",
        "Transfer-Encoding": "chunked",
        "Vary": "Accept-Encoding",
        "x-aml-cluster": "vienna-westus2-02",
        "X-Content-Type-Options": "nosniff",
        "x-ms-middleware-request-id": "081c3553-496a-4232-af52-4fbcb6a21ab5",
        "x-ms-region": "West US 2",
        "x-ms-response-type": "standard",
        "X-Request-ID": "17ebc44fdc83d833977507ec1436dc09",
        "x-request-time": "0.732"
      },
      "ResponseBody": {
        "id": "msg_V8Pwa2HuUKMhVeOrmxddrdxD",
        "object": "thread.message",
        "created_at": 1734042186,
        "assistant_id": null,
        "thread_id": "thread_Hg3ibDhD67x2hv0Budj2pmT7",
        "run_id": null,
        "role": "user",
        "content": [
          {
            "type": "text",
            "text": {
              "value": "Hello, can you tell me a joke?",
              "annotations": []
            }
          }
        ],
        "attachments": [],
        "metadata": {}
      }
    },
    {
      "RequestUri": "https://Sanitized.api.azureml.ms/agents/v1.0/subscriptions/00000000-0000-0000-0000-000000000000/resourceGroups/00000/providers/Microsoft.MachineLearningServices/workspaces/00000/threads/thread_Hg3ibDhD67x2hv0Budj2pmT7/runs?api-version=2024-12-01-preview",
      "RequestMethod": "POST",
      "RequestHeaders": {
        "Accept": "application/json",
        "Accept-Encoding": "gzip, deflate",
        "Connection": "keep-alive",
        "Content-Length": "65",
        "Content-Type": "application/json",
        "User-Agent": "azsdk-python-ai-projects/1.0.0b3 Python/3.12.8 (Windows-11-10.0.22631-SP0)"
      },
      "RequestBody": {
        "assistant_id": "asst_8Zq71ghS9ohpOrPDP6cvnnmI",
        "stream": true
      },
      "StatusCode": 200,
      "ResponseHeaders": {
        "apim-request-id": "b0f8d084-ed3e-4c3e-9072-07472631b073",
        "Connection": "keep-alive",
        "Content-Type": "text/event-stream; charset=utf-8",
        "Date": "Thu, 12 Dec 2024 22:23:08 GMT",
        "openai-organization": "3d8304e5257c4cc49d2bec8a48b2e43f",
        "openai-processing-ms": "1994",
        "openai-version": "2020-10-01",
        "Request-Context": "appId=cid-v1:2d2e8e63-272e-4b3c-8598-4ee570a0e70d",
        "Strict-Transport-Security": "max-age=31536000; includeSubDomains; preload",
        "Transfer-Encoding": "chunked",
        "x-aml-cluster": "vienna-westus2-02",
        "X-Content-Type-Options": "nosniff",
        "x-ms-middleware-request-id": "f5259685-8428-4aea-9cf6-22f2609c6d51",
        "x-ms-region": "West US 2",
        "x-ms-response-type": "standard",
        "X-Request-ID": "d87352a3e4e7f4ae91dc22626eda65ba",
        "x-request-time": "2.278"
      },
      "ResponseBody": [
        "event: thread.run.created\n",
        "data: {\"id\":\"run_xO0ap3o3CzK9Sb6AJzUb7CB0\",\"object\":\"thread.run\",\"created_at\":1734042186,\"assistant_id\":\"asst_8Zq71ghS9ohpOrPDP6cvnnmI\",\"thread_id\":\"thread_Hg3ibDhD67x2hv0Budj2pmT7\",\"status\":\"queued\",\"started_at\":null,\"expires_at\":1734042786,\"cancelled_at\":null,\"failed_at\":null,\"completed_at\":null,\"required_action\":null,\"last_error\":null,\"model\":\"gpt-4o\",\"instructions\":\"You are helpful agent\",\"tools\":[],\"tool_resources\":{\"code_interpreter\":{\"file_ids\":[]}},\"metadata\":{},\"temperature\":1.0,\"top_p\":1.0,\"max_completion_tokens\":null,\"max_prompt_tokens\":null,\"truncation_strategy\":{\"type\":\"auto\",\"last_messages\":null},\"incomplete_details\":null,\"usage\":null,\"response_format\":\"auto\",\"tool_choice\":\"auto\",\"parallel_tool_calls\":true}\n\n",
        "event: thread.run.queued\n",
        "data: {\"id\":\"run_xO0ap3o3CzK9Sb6AJzUb7CB0\",\"object\":\"thread.run\",\"created_at\":1734042186,\"assistant_id\":\"asst_8Zq71ghS9ohpOrPDP6cvnnmI\",\"thread_id\":\"thread_Hg3ibDhD67x2hv0Budj2pmT7\",\"status\":\"queued\",\"started_at\":null,\"expires_at\":1734042786,\"cancelled_at\":null,\"failed_at\":null,\"completed_at\":null,\"required_action\":null,\"last_error\":null,\"model\":\"gpt-4o\",\"instructions\":\"You are helpful agent\",\"tools\":[],\"tool_resources\":{\"code_interpreter\":{\"file_ids\":[]}},\"metadata\":{},\"temperature\":1.0,\"top_p\":1.0,\"max_completion_tokens\":null,\"max_prompt_tokens\":null,\"truncation_strategy\":{\"type\":\"auto\",\"last_messages\":null},\"incomplete_details\":null,\"usage\":null,\"response_format\":\"auto\",\"tool_choice\":\"auto\",\"parallel_tool_calls\":true}\n\n",
        "event: thread.run.in_progress\n",
        "data: {\"id\":\"run_xO0ap3o3CzK9Sb6AJzUb7CB0\",\"object\":\"thread.run\",\"created_at\":1734042186,\"assistant_id\":\"asst_8Zq71ghS9ohpOrPDP6cvnnmI\",\"thread_id\":\"thread_Hg3ibDhD67x2hv0Budj2pmT7\",\"status\":\"in_progress\",\"started_at\":1734042189,\"expires_at\":1734042786,\"cancelled_at\":null,\"failed_at\":null,\"completed_at\":null,\"required_action\":null,\"last_error\":null,\"model\":\"gpt-4o\",\"instructions\":\"You are helpful agent\",\"tools\":[],\"tool_resources\":{\"code_interpreter\":{\"file_ids\":[]}},\"metadata\":{},\"temperature\":1.0,\"top_p\":1.0,\"max_completion_tokens\":null,\"max_prompt_tokens\":null,\"truncation_strategy\":{\"type\":\"auto\",\"last_messages\":null},\"incomplete_details\":null,\"usage\":null,\"response_format\":\"auto\",\"tool_choice\":\"auto\",\"parallel_tool_calls\":true}\n\n",
        "event: thread.run.step.created\n",
        "data: {\"id\":\"step_HoF4NCj60Hq6KXvtBaNmguHp\",\"object\":\"thread.run.step\",\"created_at\":1734042192,\"run_id\":\"run_xO0ap3o3CzK9Sb6AJzUb7CB0\",\"assistant_id\":\"asst_8Zq71ghS9ohpOrPDP6cvnnmI\",\"thread_id\":\"thread_Hg3ibDhD67x2hv0Budj2pmT7\",\"type\":\"message_creation\",\"status\":\"in_progress\",\"cancelled_at\":null,\"completed_at\":null,\"expires_at\":1734042786,\"failed_at\":null,\"last_error\":null,\"step_details\":{\"type\":\"message_creation\",\"message_creation\":{\"message_id\":\"msg_zuOiezDGVAHneRD7yrnIFWK9\"}},\"usage\":null}\n\n",
        "event: thread.run.step.in_progress\n",
        "data: {\"id\":\"step_HoF4NCj60Hq6KXvtBaNmguHp\",\"object\":\"thread.run.step\",\"created_at\":1734042192,\"run_id\":\"run_xO0ap3o3CzK9Sb6AJzUb7CB0\",\"assistant_id\":\"asst_8Zq71ghS9ohpOrPDP6cvnnmI\",\"thread_id\":\"thread_Hg3ibDhD67x2hv0Budj2pmT7\",\"type\":\"message_creation\",\"status\":\"in_progress\",\"cancelled_at\":null,\"completed_at\":null,\"expires_at\":1734042786,\"failed_at\":null,\"last_error\":null,\"step_details\":{\"type\":\"message_creation\",\"message_creation\":{\"message_id\":\"msg_zuOiezDGVAHneRD7yrnIFWK9\"}},\"usage\":null}\n\n",
        "event: thread.message.created\n",
        "data: {\"id\":\"msg_zuOiezDGVAHneRD7yrnIFWK9\",\"object\":\"thread.message\",\"created_at\":1734042192,\"assistant_id\":\"asst_8Zq71ghS9ohpOrPDP6cvnnmI\",\"thread_id\":\"thread_Hg3ibDhD67x2hv0Budj2pmT7\",\"run_id\":\"run_xO0ap3o3CzK9Sb6AJzUb7CB0\",\"status\":\"in_progress\",\"incomplete_details\":null,\"incomplete_at\":null,\"completed_at\":null,\"role\":\"assistant\",\"content\":[],\"attachments\":[],\"metadata\":{}}\n\n",
        "event: thread.message.in_progress\n",
        "data: {\"id\":\"msg_zuOiezDGVAHneRD7yrnIFWK9\",\"object\":\"thread.message\",\"created_at\":1734042192,\"assistant_id\":\"asst_8Zq71ghS9ohpOrPDP6cvnnmI\",\"thread_id\":\"thread_Hg3ibDhD67x2hv0Budj2pmT7\",\"run_id\":\"run_xO0ap3o3CzK9Sb6AJzUb7CB0\",\"status\":\"in_progress\",\"incomplete_details\":null,\"incomplete_at\":null,\"completed_at\":null,\"role\":\"assistant\",\"content\":[],\"attachments\":[],\"metadata\":{}}\n\n",
        "event: thread.message.delta\n",
        "data: {\"id\":\"msg_zuOiezDGVAHneRD7yrnIFWK9\",\"object\":\"thread.message.delta\",\"delta\":{\"content\":[{\"index\":0,\"type\":\"text\",\"text\":{\"value\":\"Sure\",\"annotations\":[]}}]}}\n\n",
        "event: thread.message.delta\n",
        "data: {\"id\":\"msg_zuOiezDGVAHneRD7yrnIFWK9\",\"object\":\"thread.message.delta\",\"delta\":{\"content\":[{\"index\":0,\"type\":\"text\",\"text\":{\"value\":\",\"}}]}}\n\n",
        "event: thread.message.delta\n",
        "data: {\"id\":\"msg_zuOiezDGVAHneRD7yrnIFWK9\",\"object\":\"thread.message.delta\",\"delta\":{\"content\":[{\"index\":0,\"type\":\"text\",\"text\":{\"value\":\" I'd\"}}]}}\n\n",
        "event: thread.message.delta\n",
        "data: {\"id\":\"msg_zuOiezDGVAHneRD7yrnIFWK9\",\"object\":\"thread.message.delta\",\"delta\":{\"content\":[{\"index\":0,\"type\":\"text\",\"text\":{\"value\":\" be\"}}]}}\n\n",
        "event: thread.message.delta\n",
        "data: {\"id\":\"msg_zuOiezDGVAHneRD7yrnIFWK9\",\"object\":\"thread.message.delta\",\"delta\":{\"content\":[{\"index\":0,\"type\":\"text\",\"text\":{\"value\":\" happy\"}}]}}\n\n",
        "event: thread.message.delta\n",
        "data: {\"id\":\"msg_zuOiezDGVAHneRD7yrnIFWK9\",\"object\":\"thread.message.delta\",\"delta\":{\"content\":[{\"index\":0,\"type\":\"text\",\"text\":{\"value\":\" to\"}}]}}\n\n",
        "event: thread.message.delta\n",
        "data: {\"id\":\"msg_zuOiezDGVAHneRD7yrnIFWK9\",\"object\":\"thread.message.delta\",\"delta\":{\"content\":[{\"index\":0,\"type\":\"text\",\"text\":{\"value\":\" tell\"}}]}}\n\n",
        "event: thread.message.delta\n",
        "data: {\"id\":\"msg_zuOiezDGVAHneRD7yrnIFWK9\",\"object\":\"thread.message.delta\",\"delta\":{\"content\":[{\"index\":0,\"type\":\"text\",\"text\":{\"value\":\" you\"}}]}}\n\n",
        "event: thread.message.delta\n",
        "data: {\"id\":\"msg_zuOiezDGVAHneRD7yrnIFWK9\",\"object\":\"thread.message.delta\",\"delta\":{\"content\":[{\"index\":0,\"type\":\"text\",\"text\":{\"value\":\" a\"}}]}}\n\n",
        "event: thread.message.delta\n",
        "data: {\"id\":\"msg_zuOiezDGVAHneRD7yrnIFWK9\",\"object\":\"thread.message.delta\",\"delta\":{\"content\":[{\"index\":0,\"type\":\"text\",\"text\":{\"value\":\" joke\"}}]}}\n\n",
        "event: thread.message.delta\n",
        "data: {\"id\":\"msg_zuOiezDGVAHneRD7yrnIFWK9\",\"object\":\"thread.message.delta\",\"delta\":{\"content\":[{\"index\":0,\"type\":\"text\",\"text\":{\"value\":\"!\"}}]}}\n\n",
        "event: thread.message.delta\n",
        "data: {\"id\":\"msg_zuOiezDGVAHneRD7yrnIFWK9\",\"object\":\"thread.message.delta\",\"delta\":{\"content\":[{\"index\":0,\"type\":\"text\",\"text\":{\"value\":\" Here's\"}}]}}\n\n",
        "event: thread.message.delta\n",
        "data: {\"id\":\"msg_zuOiezDGVAHneRD7yrnIFWK9\",\"object\":\"thread.message.delta\",\"delta\":{\"content\":[{\"index\":0,\"type\":\"text\",\"text\":{\"value\":\" one\"}}]}}\n\n",
        "event: thread.message.delta\n",
        "data: {\"id\":\"msg_zuOiezDGVAHneRD7yrnIFWK9\",\"object\":\"thread.message.delta\",\"delta\":{\"content\":[{\"index\":0,\"type\":\"text\",\"text\":{\"value\":\" for\"}}]}}\n\n",
        "event: thread.message.delta\n",
        "data: {\"id\":\"msg_zuOiezDGVAHneRD7yrnIFWK9\",\"object\":\"thread.message.delta\",\"delta\":{\"content\":[{\"index\":0,\"type\":\"text\",\"text\":{\"value\":\" you\"}}]}}\n\n",
        "event: thread.message.delta\n",
        "data: {\"id\":\"msg_zuOiezDGVAHneRD7yrnIFWK9\",\"object\":\"thread.message.delta\",\"delta\":{\"content\":[{\"index\":0,\"type\":\"text\",\"text\":{\"value\":\":\\n\\n\"}}]}}\n\n",
        "event: thread.message.delta\n",
        "data: {\"id\":\"msg_zuOiezDGVAHneRD7yrnIFWK9\",\"object\":\"thread.message.delta\",\"delta\":{\"content\":[{\"index\":0,\"type\":\"text\",\"text\":{\"value\":\"Why\"}}]}}\n\n",
        "event: thread.message.delta\n",
        "data: {\"id\":\"msg_zuOiezDGVAHneRD7yrnIFWK9\",\"object\":\"thread.message.delta\",\"delta\":{\"content\":[{\"index\":0,\"type\":\"text\",\"text\":{\"value\":\" don't\"}}]}}\n\n",
        "event: thread.message.delta\n",
        "data: {\"id\":\"msg_zuOiezDGVAHneRD7yrnIFWK9\",\"object\":\"thread.message.delta\",\"delta\":{\"content\":[{\"index\":0,\"type\":\"text\",\"text\":{\"value\":\" scientists\"}}]}}\n\n",
        "event: thread.message.delta\n",
        "data: {\"id\":\"msg_zuOiezDGVAHneRD7yrnIFWK9\",\"object\":\"thread.message.delta\",\"delta\":{\"content\":[{\"index\":0,\"type\":\"text\",\"text\":{\"value\":\" trust\"}}]}}\n\n",
        "event: thread.message.delta\n",
        "data: {\"id\":\"msg_zuOiezDGVAHneRD7yrnIFWK9\",\"object\":\"thread.message.delta\",\"delta\":{\"content\":[{\"index\":0,\"type\":\"text\",\"text\":{\"value\":\" atoms\"}}]}}\n\n",
        "event: thread.message.delta\n",
        "data: {\"id\":\"msg_zuOiezDGVAHneRD7yrnIFWK9\",\"object\":\"thread.message.delta\",\"delta\":{\"content\":[{\"index\":0,\"type\":\"text\",\"text\":{\"value\":\"?\\n\\n\"}}]}}\n\n",
        "event: thread.message.delta\n",
        "data: {\"id\":\"msg_zuOiezDGVAHneRD7yrnIFWK9\",\"object\":\"thread.message.delta\",\"delta\":{\"content\":[{\"index\":0,\"type\":\"text\",\"text\":{\"value\":\"Because\"}}]}}\n\n",
        "event: thread.message.delta\n",
        "data: {\"id\":\"msg_zuOiezDGVAHneRD7yrnIFWK9\",\"object\":\"thread.message.delta\",\"delta\":{\"content\":[{\"index\":0,\"type\":\"text\",\"text\":{\"value\":\" they\"}}]}}\n\n",
        "event: thread.message.delta\n",
        "data: {\"id\":\"msg_zuOiezDGVAHneRD7yrnIFWK9\",\"object\":\"thread.message.delta\",\"delta\":{\"content\":[{\"index\":0,\"type\":\"text\",\"text\":{\"value\":\" make\"}}]}}\n\n",
        "event: thread.message.delta\n",
        "data: {\"id\":\"msg_zuOiezDGVAHneRD7yrnIFWK9\",\"object\":\"thread.message.delta\",\"delta\":{\"content\":[{\"index\":0,\"type\":\"text\",\"text\":{\"value\":\" up\"}}]}}\n\n",
        "event: thread.message.delta\n",
        "data: {\"id\":\"msg_zuOiezDGVAHneRD7yrnIFWK9\",\"object\":\"thread.message.delta\",\"delta\":{\"content\":[{\"index\":0,\"type\":\"text\",\"text\":{\"value\":\" everything\"}}]}}\n\n",
        "event: thread.message.delta\n",
        "data: {\"id\":\"msg_zuOiezDGVAHneRD7yrnIFWK9\",\"object\":\"thread.message.delta\",\"delta\":{\"content\":[{\"index\":0,\"type\":\"text\",\"text\":{\"value\":\"!\"}}]}}\n\n",
        "event: thread.message.completed\n",
        "data: {\"id\":\"msg_zuOiezDGVAHneRD7yrnIFWK9\",\"object\":\"thread.message\",\"created_at\":1734042192,\"assistant_id\":\"asst_8Zq71ghS9ohpOrPDP6cvnnmI\",\"thread_id\":\"thread_Hg3ibDhD67x2hv0Budj2pmT7\",\"run_id\":\"run_xO0ap3o3CzK9Sb6AJzUb7CB0\",\"status\":\"completed\",\"incomplete_details\":null,\"incomplete_at\":null,\"completed_at\":1734042192,\"role\":\"assistant\",\"content\":[{\"type\":\"text\",\"text\":{\"value\":\"Sure, I'd be happy to tell you a joke! Here's one for you:\\n\\nWhy don't scientists trust atoms?\\n\\nBecause they make up everything!\",\"annotations\":[]}}],\"attachments\":[],\"metadata\":{}}\n\n",
        "event: thread.run.step.completed\n",
        "data: {\"id\":\"step_HoF4NCj60Hq6KXvtBaNmguHp\",\"object\":\"thread.run.step\",\"created_at\":1734042192,\"run_id\":\"run_xO0ap3o3CzK9Sb6AJzUb7CB0\",\"assistant_id\":\"asst_8Zq71ghS9ohpOrPDP6cvnnmI\",\"thread_id\":\"thread_Hg3ibDhD67x2hv0Budj2pmT7\",\"type\":\"message_creation\",\"status\":\"completed\",\"cancelled_at\":null,\"completed_at\":1734042192,\"expires_at\":1734042786,\"failed_at\":null,\"last_error\":null,\"step_details\":{\"type\":\"message_creation\",\"message_creation\":{\"message_id\":\"msg_zuOiezDGVAHneRD7yrnIFWK9\"}},\"usage\":{\"prompt_tokens\":32,\"completion_tokens\":30,\"total_tokens\":62}}\n\n",
        "event: thread.run.completed\n",
        "data: {\"id\":\"run_xO0ap3o3CzK9Sb6AJzUb7CB0\",\"object\":\"thread.run\",\"created_at\":1734042186,\"assistant_id\":\"asst_8Zq71ghS9ohpOrPDP6cvnnmI\",\"thread_id\":\"thread_Hg3ibDhD67x2hv0Budj2pmT7\",\"status\":\"completed\",\"started_at\":1734042189,\"expires_at\":null,\"cancelled_at\":null,\"failed_at\":null,\"completed_at\":1734042192,\"required_action\":null,\"last_error\":null,\"model\":\"gpt-4o\",\"instructions\":\"You are helpful agent\",\"tools\":[],\"tool_resources\":{\"code_interpreter\":{\"file_ids\":[]}},\"metadata\":{},\"temperature\":1.0,\"top_p\":1.0,\"max_completion_tokens\":null,\"max_prompt_tokens\":null,\"truncation_strategy\":{\"type\":\"auto\",\"last_messages\":null},\"incomplete_details\":null,\"usage\":{\"prompt_tokens\":32,\"completion_tokens\":30,\"total_tokens\":62},\"response_format\":\"auto\",\"tool_choice\":\"auto\",\"parallel_tool_calls\":true}\n\n",
        "event: done\n",
        "data: [DONE]\n\n"
      ]
    },
    {
      "RequestUri": "https://Sanitized.api.azureml.ms/agents/v1.0/subscriptions/00000000-0000-0000-0000-000000000000/resourceGroups/00000/providers/Microsoft.MachineLearningServices/workspaces/00000/assistants/asst_8Zq71ghS9ohpOrPDP6cvnnmI?api-version=2024-12-01-preview",
      "RequestMethod": "DELETE",
      "RequestHeaders": {
        "Accept": "application/json",
        "Accept-Encoding": "gzip, deflate",
        "Connection": "keep-alive",
        "Content-Length": "0",
        "User-Agent": "azsdk-python-ai-projects/1.0.0b3 Python/3.12.8 (Windows-11-10.0.22631-SP0)"
      },
      "RequestBody": null,
      "StatusCode": 200,
      "ResponseHeaders": {
        "apim-request-id": "f5dbffa2-1915-4b17-be9d-7004662edbdb",
        "Connection": "keep-alive",
        "Content-Length": "95",
        "Content-Type": "application/json",
        "Date": "Thu, 12 Dec 2024 22:23:13 GMT",
        "openai-organization": "3d8304e5257c4cc49d2bec8a48b2e43f",
        "openai-processing-ms": "114",
        "openai-version": "2020-10-01",
        "Request-Context": "appId=cid-v1:2d2e8e63-272e-4b3c-8598-4ee570a0e70d",
        "Strict-Transport-Security": "max-age=31536000; includeSubDomains; preload",
        "x-aml-cluster": "vienna-westus2-02",
        "X-Content-Type-Options": "nosniff",
        "x-ms-middleware-request-id": "742c466e-1888-4122-9b67-86583c591eb3",
        "x-ms-region": "West US 2",
        "x-ms-response-type": "standard",
        "X-Request-ID": "6dba8b75a543c402c4b31fe9d2a73424",
        "x-request-time": "0.596"
      },
      "ResponseBody": {
        "id": "asst_8Zq71ghS9ohpOrPDP6cvnnmI",
        "object": "assistant.deleted",
        "deleted": true
      }
    }
  ],
  "Variables": {}
}
