{
  "Entries": [
    {
      "RequestUri": "https://Sanitized.api.azureml.ms/agents/v1.0/subscriptions/00000000-0000-0000-0000-000000000000/resourceGroups/00000/providers/Microsoft.MachineLearningServices/workspaces/00000/assistants?api-version=2024-12-01-preview",
      "RequestMethod": "POST",
      "RequestHeaders": {
        "Accept": "application/json",
        "Accept-Encoding": "gzip, deflate",
        "Connection": "keep-alive",
        "Content-Length": "80",
        "Content-Type": "application/json",
        "User-Agent": "azsdk-python-ai-projects/1.0.0b10 Python/3.11.5 (Windows-10-10.0.26100-SP0)"
      },
      "RequestBody": {
        "instructions": "You are helpful agent",
        "model": "gpt-4o",
        "name": "my-agent"
      },
      "StatusCode": 200,
      "ResponseHeaders": {
        "apim-request-id": "2ae1eb7c-5013-460e-a17b-83073a2a28d0",
        "Connection": "keep-alive",
        "Content-Encoding": "gzip",
        "Content-Type": "application/json",
        "Date": "Wed, 23 Apr 2025 04:36:58 GMT",
        "openai-organization": "20ba836fffc34ede8203166d666c74ef",
        "openai-processing-ms": "67",
        "openai-version": "2020-10-01",
        "Request-Context": "appId=cid-v1:2d2e8e63-272e-4b3c-8598-4ee570a0e70d",
        "Strict-Transport-Security": "max-age=31536000; includeSubDomains; preload",
        "Transfer-Encoding": "chunked",
        "Vary": "Accept-Encoding",
        "x-aml-cluster": "vienna-westus-01",
        "X-Content-Type-Options": "nosniff",
        "x-ms-middleware-request-id": "2ae1eb7c-5013-460e-a17b-83073a2a28d0",
        "x-ms-region": "West US",
        "x-ms-response-type": "standard",
        "X-Request-ID": "9a9796f8b3bf316317e3ae1965c40e06",
        "x-request-time": "0.405"
      },
      "ResponseBody": {
        "id": "asst_ntJlczOkRjQy1z4ujfpeOcVC",
        "object": "assistant",
        "created_at": 1745383018,
        "name": "my-agent",
        "description": null,
        "model": "gpt-4o",
        "instructions": "You are helpful agent",
        "tools": [],
        "top_p": 1.0,
        "temperature": 1.0,
        "tool_resources": {},
        "metadata": {},
        "response_format": "auto"
      }
    },
    {
      "RequestUri": "https://Sanitized.api.azureml.ms/agents/v1.0/subscriptions/00000000-0000-0000-0000-000000000000/resourceGroups/00000/providers/Microsoft.MachineLearningServices/workspaces/00000/threads?api-version=2024-12-01-preview",
      "RequestMethod": "POST",
      "RequestHeaders": {
        "Accept": "application/json",
        "Accept-Encoding": "gzip, deflate",
        "Connection": "keep-alive",
        "Content-Length": "2",
        "Content-Type": "application/json",
        "User-Agent": "azsdk-python-ai-projects/1.0.0b10 Python/3.11.5 (Windows-10-10.0.26100-SP0)"
      },
      "RequestBody": {},
      "StatusCode": 200,
      "ResponseHeaders": {
        "apim-request-id": "4f0c1559-0c12-49f5-a750-a5336c4b94b2",
        "Connection": "keep-alive",
        "Content-Length": "137",
        "Content-Type": "application/json",
        "Date": "Wed, 23 Apr 2025 04:36:58 GMT",
        "openai-organization": "20ba836fffc34ede8203166d666c74ef",
        "openai-processing-ms": "22",
        "openai-version": "2020-10-01",
        "Request-Context": "appId=cid-v1:2d2e8e63-272e-4b3c-8598-4ee570a0e70d",
        "Strict-Transport-Security": "max-age=31536000; includeSubDomains; preload",
        "x-aml-cluster": "vienna-westus-01",
        "X-Content-Type-Options": "nosniff",
        "x-ms-middleware-request-id": "507ef9ab-11a7-42f2-97ee-cdad424f75dc",
        "x-ms-region": "West US",
        "x-ms-response-type": "standard",
        "X-Request-ID": "14fd0216e16fb3a9f799672e449cb502",
        "x-request-time": "0.364"
      },
      "ResponseBody": {
        "id": "thread_blpwSVkaygJus6Bl7yaj8hQM",
        "object": "thread",
        "created_at": 1745383018,
        "metadata": {},
        "tool_resources": {}
      }
    },
    {
      "RequestUri": "https://Sanitized.api.azureml.ms/agents/v1.0/subscriptions/00000000-0000-0000-0000-000000000000/resourceGroups/00000/providers/Microsoft.MachineLearningServices/workspaces/00000/threads/thread_blpwSVkaygJus6Bl7yaj8hQM/runs?api-version=2024-12-01-preview",
      "RequestMethod": "POST",
      "RequestHeaders": {
        "Accept": "application/json",
        "Accept-Encoding": "gzip, deflate",
        "Connection": "keep-alive",
        "Content-Length": "66",
        "Content-Type": "application/json",
        "User-Agent": "azsdk-python-ai-projects/1.0.0b10 Python/3.11.5 (Windows-10-10.0.26100-SP0)"
      },
      "RequestBody": {
        "assistant_id": "asst_ntJlczOkRjQy1z4ujfpeOcVC",
        "stream": false
      },
      "StatusCode": 200,
      "ResponseHeaders": {
        "apim-request-id": "0da4ed97-3b5e-499a-82c0-067555fa7e85",
        "Connection": "keep-alive",
        "Content-Encoding": "gzip",
        "Content-Type": "application/json",
        "Date": "Wed, 23 Apr 2025 04:36:59 GMT",
        "openai-organization": "20ba836fffc34ede8203166d666c74ef",
        "openai-processing-ms": "168",
        "openai-version": "2020-10-01",
        "Request-Context": "appId=cid-v1:2d2e8e63-272e-4b3c-8598-4ee570a0e70d",
        "Strict-Transport-Security": "max-age=31536000; includeSubDomains; preload",
        "Transfer-Encoding": "chunked",
        "Vary": "Accept-Encoding",
        "x-aml-cluster": "vienna-westus-01",
        "X-Content-Type-Options": "nosniff",
        "x-ms-middleware-request-id": "41df3977-2016-4fb1-8ae3-39ce8928a904",
        "x-ms-region": "West US",
        "x-ms-response-type": "standard",
        "X-Request-ID": "5eb3a0765241bc43b52b7f7c1bcac513",
        "x-request-time": "0.962"
      },
      "ResponseBody": {
        "id": "run_s0aGYHZqRIj4d8MXiaMkbGIu",
        "object": "thread.run",
        "created_at": 1745383019,
        "assistant_id": "asst_ntJlczOkRjQy1z4ujfpeOcVC",
        "thread_id": "thread_blpwSVkaygJus6Bl7yaj8hQM",
        "status": "queued",
        "started_at": null,
        "expires_at": 1745383619,
        "cancelled_at": null,
        "failed_at": null,
        "completed_at": null,
        "required_action": null,
        "last_error": null,
        "model": "gpt-4o",
        "instructions": "You are helpful agent",
        "tools": [],
        "tool_resources": {},
        "metadata": {},
        "temperature": 1.0,
        "top_p": 1.0,
        "max_completion_tokens": null,
        "max_prompt_tokens": null,
        "truncation_strategy": {
          "type": "auto",
          "last_messages": null
        },
        "incomplete_details": null,
        "usage": null,
        "response_format": "auto",
        "tool_choice": "auto",
        "parallel_tool_calls": true
      }
    },
    {
      "RequestUri": "https://Sanitized.api.azureml.ms/agents/v1.0/subscriptions/00000000-0000-0000-0000-000000000000/resourceGroups/00000/providers/Microsoft.MachineLearningServices/workspaces/00000/threads/thread_blpwSVkaygJus6Bl7yaj8hQM/runs/Sanitized?api-version=2024-12-01-preview",
      "RequestMethod": "GET",
      "RequestHeaders": {
        "Accept": "application/json",
        "Accept-Encoding": "gzip, deflate",
        "Connection": "keep-alive",
        "User-Agent": "azsdk-python-ai-projects/1.0.0b10 Python/3.11.5 (Windows-10-10.0.26100-SP0)"
      },
      "RequestBody": null,
      "StatusCode": 200,
      "ResponseHeaders": {
        "apim-request-id": "21dc4cd9-5d31-4b6e-8325-99839be5f022",
        "Connection": "keep-alive",
        "Content-Encoding": "gzip",
        "Content-Type": "application/json",
        "Date": "Wed, 23 Apr 2025 04:37:01 GMT",
        "openai-organization": "20ba836fffc34ede8203166d666c74ef",
        "openai-processing-ms": "224",
        "openai-version": "2020-10-01",
        "Request-Context": "appId=cid-v1:2d2e8e63-272e-4b3c-8598-4ee570a0e70d",
        "Strict-Transport-Security": "max-age=31536000; includeSubDomains; preload",
        "Transfer-Encoding": "chunked",
        "Vary": "Accept-Encoding",
        "x-aml-cluster": "vienna-westus-01",
        "X-Content-Type-Options": "nosniff",
        "x-ms-middleware-request-id": "9857c88b-aa98-405b-8e8f-5e7724f70cf6",
        "x-ms-region": "West US",
        "x-ms-response-type": "standard",
        "X-Request-ID": "c28a04cff27a2384eb299d4a17c8f434",
        "x-request-time": "0.616"
      },
      "ResponseBody": {
        "id": "run_s0aGYHZqRIj4d8MXiaMkbGIu",
        "object": "thread.run",
        "created_at": 1745383019,
        "assistant_id": "asst_ntJlczOkRjQy1z4ujfpeOcVC",
        "thread_id": "thread_blpwSVkaygJus6Bl7yaj8hQM",
        "status": "completed",
        "started_at": 1745383019,
        "expires_at": null,
        "cancelled_at": null,
        "failed_at": null,
        "completed_at": 1745383020,
        "required_action": null,
        "last_error": null,
        "model": "gpt-4o",
        "instructions": "You are helpful agent",
        "tools": [],
        "tool_resources": {},
        "metadata": {},
        "temperature": 1.0,
        "top_p": 1.0,
        "max_completion_tokens": null,
        "max_prompt_tokens": null,
        "truncation_strategy": {
          "type": "auto",
          "last_messages": null
        },
        "incomplete_details": null,
        "usage": {
          "prompt_tokens": 53,
          "completion_tokens": 12,
          "total_tokens": 65,
          "prompt_token_details": {
            "cached_tokens": 0
          }
        },
        "response_format": "auto",
        "tool_choice": "auto",
        "parallel_tool_calls": true
      }
    },
    {
      "RequestUri": "https://Sanitized.api.azureml.ms/agents/v1.0/subscriptions/00000000-0000-0000-0000-000000000000/resourceGroups/00000/providers/Microsoft.MachineLearningServices/workspaces/00000/threads/thread_blpwSVkaygJus6Bl7yaj8hQM/runs/Sanitized?api-version=2024-12-01-preview",
      "RequestMethod": "POST",
      "RequestHeaders": {
        "Accept": "application/json",
        "Accept-Encoding": "gzip, deflate",
        "Connection": "keep-alive",
        "Content-Length": "50",
        "Content-Type": "application/json",
        "User-Agent": "azsdk-python-ai-projects/1.0.0b10 Python/3.11.5 (Windows-10-10.0.26100-SP0)"
      },
      "RequestBody": {
        "metadata": {
          "key1": "value1",
          "key2": "value2"
        }
      },
      "StatusCode": 200,
      "ResponseHeaders": {
        "apim-request-id": "fe00e10e-bf80-4e97-8c4e-e3a87ea40b93",
        "Connection": "keep-alive",
        "Content-Encoding": "gzip",
        "Content-Type": "application/json",
        "Date": "Wed, 23 Apr 2025 04:37:02 GMT",
        "openai-organization": "20ba836fffc34ede8203166d666c74ef",
        "openai-processing-ms": "108",
        "openai-version": "2020-10-01",
        "Request-Context": "appId=cid-v1:2d2e8e63-272e-4b3c-8598-4ee570a0e70d",
        "Strict-Transport-Security": "max-age=31536000; includeSubDomains; preload",
        "Transfer-Encoding": "chunked",
        "Vary": "Accept-Encoding",
        "x-aml-cluster": "vienna-westus-01",
        "X-Content-Type-Options": "nosniff",
        "x-ms-middleware-request-id": "d1570f4f-f192-4e1d-ad1d-c5d4159eb1f0",
        "x-ms-region": "West US",
        "x-ms-response-type": "standard",
        "X-Request-ID": "a0b3746f3c6a964a641fdd7392db61f0",
        "x-request-time": "0.998"
      },
      "ResponseBody": {
        "id": "run_s0aGYHZqRIj4d8MXiaMkbGIu",
        "object": "thread.run",
        "created_at": 1745383019,
        "assistant_id": "asst_ntJlczOkRjQy1z4ujfpeOcVC",
        "thread_id": "thread_blpwSVkaygJus6Bl7yaj8hQM",
        "status": "completed",
        "started_at": 1745383019,
        "expires_at": null,
        "cancelled_at": null,
        "failed_at": null,
        "completed_at": 1745383020,
        "required_action": null,
        "last_error": null,
        "model": "gpt-4o",
        "instructions": "You are helpful agent",
        "tools": [],
        "tool_resources": {},
        "metadata": {
          "key1": "value1",
          "key2": "value2"
        },
        "temperature": 1.0,
        "top_p": 1.0,
        "max_completion_tokens": null,
        "max_prompt_tokens": null,
        "truncation_strategy": {
          "type": "auto",
          "last_messages": null
        },
        "incomplete_details": null,
        "usage": {
          "prompt_tokens": 53,
          "completion_tokens": 12,
          "total_tokens": 65,
          "prompt_token_details": {
            "cached_tokens": 0
          }
        },
        "response_format": "auto",
        "tool_choice": "auto",
        "parallel_tool_calls": true
      }
    },
    {
      "RequestUri": "https://Sanitized.api.azureml.ms/agents/v1.0/subscriptions/00000000-0000-0000-0000-000000000000/resourceGroups/00000/providers/Microsoft.MachineLearningServices/workspaces/00000/assistants/asst_ntJlczOkRjQy1z4ujfpeOcVC?api-version=2024-12-01-preview",
      "RequestMethod": "DELETE",
      "RequestHeaders": {
        "Accept": "application/json",
        "Accept-Encoding": "gzip, deflate",
        "Connection": "keep-alive",
        "Content-Length": "0",
        "User-Agent": "azsdk-python-ai-projects/1.0.0b10 Python/3.11.5 (Windows-10-10.0.26100-SP0)"
      },
      "RequestBody": null,
      "StatusCode": 200,
      "ResponseHeaders": {
        "apim-request-id": "313dccb9-6025-4bf8-b1db-5b18785c07ef",
        "Connection": "keep-alive",
        "Content-Length": "95",
        "Content-Type": "application/json",
        "Date": "Wed, 23 Apr 2025 04:37:02 GMT",
        "openai-organization": "20ba836fffc34ede8203166d666c74ef",
        "openai-processing-ms": "78",
        "openai-version": "2020-10-01",
        "Request-Context": "appId=cid-v1:2d2e8e63-272e-4b3c-8598-4ee570a0e70d",
        "Strict-Transport-Security": "max-age=31536000; includeSubDomains; preload",
        "x-aml-cluster": "vienna-westus-01",
        "X-Content-Type-Options": "nosniff",
        "x-ms-middleware-request-id": "859ff97b-0c50-4913-8987-c0823949f55b",
        "x-ms-region": "West US",
        "x-ms-response-type": "standard",
        "X-Request-ID": "f6ad37f99dfa5368fb1cfe7f60286733",
        "x-request-time": "0.382"
      },
      "ResponseBody": {
        "id": "asst_ntJlczOkRjQy1z4ujfpeOcVC",
        "object": "assistant.deleted",
        "deleted": true
      }
    }
  ],
  "Variables": {}
}
