{
  "Entries": [
    {
      "RequestUri": "https://Sanitized.api.azureml.ms/agents/v1.0/subscriptions/00000000-0000-0000-0000-000000000000/resourceGroups/00000/providers/Microsoft.MachineLearningServices/workspaces/00000/assistants?api-version=2024-07-01-preview",
      "RequestMethod": "POST",
      "RequestHeaders": {
        "Accept": "application/json",
        "Accept-Encoding": "gzip, deflate",
        "Connection": "keep-alive",
        "Content-Length": "413",
        "Content-Type": "application/json",
        "User-Agent": "azsdk-python-ai-projects/1.0.0b1 Python/3.12.7 (Windows-11-10.0.22631-SP0)"
      },
      "RequestBody": {
        "instructions": "You are helpful agent",
        "model": "gpt-4o",
        "name": "my-agent",
        "tool_resources": {},
        "tools": [
          {
            "type": "function",
            "function": {
              "name": "fetch_weather",
              "description": "Fetches the weather information for the specified location.",
              "parameters": {
                "type": "object",
                "properties": {
                  "location": {
                    "type": "string",
                    "description": "The location to fetch weather for."
                  }
                },
                "required": [
                  "location"
                ]
              }
            }
          }
        ]
      },
      "StatusCode": 200,
      "ResponseHeaders": {
        "apim-request-id": "d9bcbdaa-706c-4bd5-bc27-cf4e537f1e0c",
        "Connection": "keep-alive",
        "Content-Encoding": "gzip",
        "Content-Type": "application/json",
        "Date": "Fri, 22 Nov 2024 20:02:33 GMT",
        "request-context": "appId=cid-v1:17d65b70-e9ce-4ed5-9347-1f660ec782e9",
        "Strict-Transport-Security": "max-age=31536000; includeSubDomains; preload",
        "Transfer-Encoding": "chunked",
        "Vary": "Accept-Encoding",
        "x-aml-cluster": "vienna-eastus2euap-01",
        "X-Content-Type-Options": "nosniff",
        "x-ms-middleware-request-id": "d9bcbdaa-706c-4bd5-bc27-cf4e537f1e0c",
        "x-ms-region": "West US 2",
        "x-ms-response-type": "standard",
        "X-Request-ID": "e31812210afe64ea2b85fb1fbd1aff04",
        "x-request-time": "0.227"
      },
      "ResponseBody": {
        "id": "asst_lOlWGEXY0HwUaKCbfbSq6wgV",
        "object": "assistant",
        "created_at": 1732305752,
        "name": "my-agent",
        "description": null,
        "model": "gpt-4o",
        "instructions": "You are helpful agent",
        "tools": [
          {
            "type": "function",
            "function": {
              "name": "fetch_weather",
              "description": "Fetches the weather information for the specified location.",
              "parameters": {
                "type": "object",
                "properties": {
                  "location": {
                    "type": "string",
                    "description": "The location to fetch weather for."
                  }
                },
                "required": [
                  "location"
                ]
              },
              "strict": false
            }
          }
        ],
        "top_p": 1.0,
        "temperature": 1.0,
        "tool_resources": {},
        "metadata": {},
        "response_format": "auto"
      }
    },
    {
      "RequestUri": "https://Sanitized.api.azureml.ms/agents/v1.0/subscriptions/00000000-0000-0000-0000-000000000000/resourceGroups/00000/providers/Microsoft.MachineLearningServices/workspaces/00000/threads?api-version=2024-07-01-preview",
      "RequestMethod": "POST",
      "RequestHeaders": {
        "Accept": "application/json",
        "Accept-Encoding": "gzip, deflate",
        "Connection": "keep-alive",
        "Content-Length": "2",
        "Content-Type": "application/json",
        "User-Agent": "azsdk-python-ai-projects/1.0.0b1 Python/3.12.7 (Windows-11-10.0.22631-SP0)"
      },
      "RequestBody": {},
      "StatusCode": 200,
      "ResponseHeaders": {
        "apim-request-id": "4a3b4fe1-7d3e-40a5-8408-dd9955269055",
        "Connection": "keep-alive",
        "Content-Length": "137",
        "Content-Type": "application/json",
        "Date": "Fri, 22 Nov 2024 20:02:33 GMT",
        "request-context": "appId=cid-v1:17d65b70-e9ce-4ed5-9347-1f660ec782e9",
        "Strict-Transport-Security": "max-age=31536000; includeSubDomains; preload",
        "x-aml-cluster": "vienna-eastus2euap-01",
        "X-Content-Type-Options": "nosniff",
        "x-ms-middleware-request-id": "174364c3-a799-4a8e-84ac-3128edf4e7c1",
        "x-ms-region": "West US 2",
        "x-ms-response-type": "standard",
        "X-Request-ID": "a4fc819794cca3c7203aaaffb7267ab3",
        "x-request-time": "0.226"
      },
      "ResponseBody": {
        "id": "thread_QhvPYoFjD8tO03i3E9R2vsyo",
        "object": "thread",
        "created_at": 1732305753,
        "metadata": {},
        "tool_resources": {}
      }
    },
    {
      "RequestUri": "https://Sanitized.api.azureml.ms/agents/v1.0/subscriptions/00000000-0000-0000-0000-000000000000/resourceGroups/00000/providers/Microsoft.MachineLearningServices/workspaces/00000/threads/thread_QhvPYoFjD8tO03i3E9R2vsyo/messages?api-version=2024-07-01-preview",
      "RequestMethod": "POST",
      "RequestHeaders": {
        "Accept": "application/json",
        "Accept-Encoding": "gzip, deflate",
        "Connection": "keep-alive",
        "Content-Length": "70",
        "Content-Type": "application/json",
        "User-Agent": "azsdk-python-ai-projects/1.0.0b1 Python/3.12.7 (Windows-11-10.0.22631-SP0)"
      },
      "RequestBody": {
        "content": "Hello, what is the weather in New York?",
        "role": "user"
      },
      "StatusCode": 200,
      "ResponseHeaders": {
        "apim-request-id": "bc9a1a75-6d83-4537-961c-3ea5a21130ec",
        "Connection": "keep-alive",
        "Content-Encoding": "gzip",
        "Content-Type": "application/json",
        "Date": "Fri, 22 Nov 2024 20:02:33 GMT",
        "request-context": "appId=cid-v1:17d65b70-e9ce-4ed5-9347-1f660ec782e9",
        "Strict-Transport-Security": "max-age=31536000; includeSubDomains; preload",
        "Transfer-Encoding": "chunked",
        "Vary": "Accept-Encoding",
        "x-aml-cluster": "vienna-eastus2euap-01",
        "X-Content-Type-Options": "nosniff",
        "x-ms-middleware-request-id": "77a5c6a1-4b25-4f76-85fa-18a842209cd0",
        "x-ms-region": "West US 2",
        "x-ms-response-type": "standard",
        "X-Request-ID": "cb0b88f60afd955129a3defa37ae79da",
        "x-request-time": "0.243"
      },
      "ResponseBody": {
        "id": "msg_i5Pz4v6kDMUHNfC5r99xyeoD",
        "object": "thread.message",
        "created_at": 1732305753,
        "assistant_id": null,
        "thread_id": "thread_QhvPYoFjD8tO03i3E9R2vsyo",
        "run_id": null,
        "role": "user",
        "content": [
          {
            "type": "text",
            "text": {
              "value": "Hello, what is the weather in New York?",
              "annotations": []
            }
          }
        ],
        "attachments": [],
        "metadata": {}
      }
    },
    {
      "RequestUri": "https://Sanitized.api.azureml.ms/agents/v1.0/subscriptions/00000000-0000-0000-0000-000000000000/resourceGroups/00000/providers/Microsoft.MachineLearningServices/workspaces/00000/threads/thread_QhvPYoFjD8tO03i3E9R2vsyo/runs?api-version=2024-07-01-preview",
      "RequestMethod": "POST",
      "RequestHeaders": {
        "Accept": "application/json",
        "Accept-Encoding": "gzip, deflate",
        "Connection": "keep-alive",
        "Content-Length": "66",
        "Content-Type": "application/json",
        "User-Agent": "azsdk-python-ai-projects/1.0.0b1 Python/3.12.7 (Windows-11-10.0.22631-SP0)"
      },
      "RequestBody": {
        "assistant_id": "asst_lOlWGEXY0HwUaKCbfbSq6wgV",
        "stream": false
      },
      "StatusCode": 200,
      "ResponseHeaders": {
        "apim-request-id": "124065ce-3603-4c65-9b49-80cf503eea2d",
        "Connection": "keep-alive",
        "Content-Encoding": "gzip",
        "Content-Type": "application/json",
        "Date": "Fri, 22 Nov 2024 20:02:34 GMT",
        "request-context": "appId=cid-v1:17d65b70-e9ce-4ed5-9347-1f660ec782e9",
        "Strict-Transport-Security": "max-age=31536000; includeSubDomains; preload",
        "Transfer-Encoding": "chunked",
        "Vary": "Accept-Encoding",
        "x-aml-cluster": "vienna-eastus2euap-01",
        "X-Content-Type-Options": "nosniff",
        "x-ms-middleware-request-id": "aeb3d096-f139-49d8-95c7-35add710f74f",
        "x-ms-region": "West US 2",
        "x-ms-response-type": "standard",
        "X-Request-ID": "bd67064d9e675af1c5590a59f0ab0f86",
        "x-request-time": "0.967"
      },
      "ResponseBody": {
        "id": "run_uMEizM9qXPa2Iwd68bwxz1Ta",
        "object": "thread.run",
        "created_at": 1732305754,
        "assistant_id": "asst_lOlWGEXY0HwUaKCbfbSq6wgV",
        "thread_id": "thread_QhvPYoFjD8tO03i3E9R2vsyo",
        "status": "queued",
        "started_at": null,
        "expires_at": 1732306354,
        "cancelled_at": null,
        "failed_at": null,
        "completed_at": null,
        "required_action": null,
        "last_error": null,
        "model": "gpt-4o",
        "instructions": "You are helpful agent",
        "tools": [
          {
            "type": "function",
            "function": {
              "name": "fetch_weather",
              "description": "Fetches the weather information for the specified location.",
              "parameters": {
                "type": "object",
                "properties": {
                  "location": {
                    "type": "string",
                    "description": "The location to fetch weather for."
                  }
                },
                "required": [
                  "location"
                ]
              },
              "strict": false
            }
          }
        ],
        "tool_resources": {},
        "metadata": {},
        "temperature": 1.0,
        "top_p": 1.0,
        "max_completion_tokens": null,
        "max_prompt_tokens": null,
        "truncation_strategy": {
          "type": "auto",
          "last_messages": null
        },
        "incomplete_details": null,
        "usage": null,
        "response_format": "auto",
        "tool_choice": "auto",
        "parallel_tool_calls": true
      }
    },
    {
      "RequestUri": "https://Sanitized.api.azureml.ms/agents/v1.0/subscriptions/00000000-0000-0000-0000-000000000000/resourceGroups/00000/providers/Microsoft.MachineLearningServices/workspaces/00000/threads/thread_QhvPYoFjD8tO03i3E9R2vsyo/runs/Sanitized?api-version=2024-07-01-preview",
      "RequestMethod": "GET",
      "RequestHeaders": {
        "Accept": "application/json",
        "Accept-Encoding": "gzip, deflate",
        "Connection": "keep-alive",
        "User-Agent": "azsdk-python-ai-projects/1.0.0b1 Python/3.12.7 (Windows-11-10.0.22631-SP0)"
      },
      "RequestBody": null,
      "StatusCode": 200,
      "ResponseHeaders": {
        "apim-request-id": "3ddd9bdf-ea31-4eb8-b54a-c01352364edb",
        "Connection": "keep-alive",
        "Content-Encoding": "gzip",
        "Content-Type": "application/json",
        "Date": "Fri, 22 Nov 2024 20:02:36 GMT",
        "request-context": "appId=cid-v1:17d65b70-e9ce-4ed5-9347-1f660ec782e9",
        "Strict-Transport-Security": "max-age=31536000; includeSubDomains; preload",
        "Transfer-Encoding": "chunked",
        "Vary": "Accept-Encoding",
        "x-aml-cluster": "vienna-eastus2euap-01",
        "X-Content-Type-Options": "nosniff",
        "x-ms-middleware-request-id": "365993b7-cf82-492f-b5d1-f36b6b8e0979",
        "x-ms-region": "West US 2",
        "x-ms-response-type": "standard",
        "X-Request-ID": "f23f5bae28102c44443d2392906b9cf9",
        "x-request-time": "0.219"
      },
      "ResponseBody": {
        "id": "run_uMEizM9qXPa2Iwd68bwxz1Ta",
        "object": "thread.run",
        "created_at": 1732305754,
        "assistant_id": "asst_lOlWGEXY0HwUaKCbfbSq6wgV",
        "thread_id": "thread_QhvPYoFjD8tO03i3E9R2vsyo",
        "status": "in_progress",
        "started_at": 1732305755,
        "expires_at": 1732306354,
        "cancelled_at": null,
        "failed_at": null,
        "completed_at": null,
        "required_action": null,
        "last_error": null,
        "model": "gpt-4o",
        "instructions": "You are helpful agent",
        "tools": [
          {
            "type": "function",
            "function": {
              "name": "fetch_weather",
              "description": "Fetches the weather information for the specified location.",
              "parameters": {
                "type": "object",
                "properties": {
                  "location": {
                    "type": "string",
                    "description": "The location to fetch weather for."
                  }
                },
                "required": [
                  "location"
                ]
              },
              "strict": false
            }
          }
        ],
        "tool_resources": {},
        "metadata": {},
        "temperature": 1.0,
        "top_p": 1.0,
        "max_completion_tokens": null,
        "max_prompt_tokens": null,
        "truncation_strategy": {
          "type": "auto",
          "last_messages": null
        },
        "incomplete_details": null,
        "usage": null,
        "response_format": "auto",
        "tool_choice": "auto",
        "parallel_tool_calls": true
      }
    },
    {
      "RequestUri": "https://Sanitized.api.azureml.ms/agents/v1.0/subscriptions/00000000-0000-0000-0000-000000000000/resourceGroups/00000/providers/Microsoft.MachineLearningServices/workspaces/00000/threads/thread_QhvPYoFjD8tO03i3E9R2vsyo/runs/Sanitized?api-version=2024-07-01-preview",
      "RequestMethod": "GET",
      "RequestHeaders": {
        "Accept": "application/json",
        "Accept-Encoding": "gzip, deflate",
        "Connection": "keep-alive",
        "User-Agent": "azsdk-python-ai-projects/1.0.0b1 Python/3.12.7 (Windows-11-10.0.22631-SP0)"
      },
      "RequestBody": null,
      "StatusCode": 200,
      "ResponseHeaders": {
        "apim-request-id": "05b44b03-f451-4660-89ad-448e96517b41",
        "Connection": "keep-alive",
        "Content-Encoding": "gzip",
        "Content-Type": "application/json",
        "Date": "Fri, 22 Nov 2024 20:02:37 GMT",
        "request-context": "appId=cid-v1:17d65b70-e9ce-4ed5-9347-1f660ec782e9",
        "Strict-Transport-Security": "max-age=31536000; includeSubDomains; preload",
        "Transfer-Encoding": "chunked",
        "Vary": "Accept-Encoding",
        "x-aml-cluster": "vienna-eastus2euap-01",
        "X-Content-Type-Options": "nosniff",
        "x-ms-middleware-request-id": "238c53d0-3d54-4564-b53b-ece825a822b9",
        "x-ms-region": "West US 2",
        "x-ms-response-type": "standard",
        "X-Request-ID": "dfbff2e96d605758f0f07faa2fe63a03",
        "x-request-time": "0.252"
      },
      "ResponseBody": {
        "id": "run_uMEizM9qXPa2Iwd68bwxz1Ta",
        "object": "thread.run",
        "created_at": 1732305754,
        "assistant_id": "asst_lOlWGEXY0HwUaKCbfbSq6wgV",
        "thread_id": "thread_QhvPYoFjD8tO03i3E9R2vsyo",
        "status": "requires_action",
        "started_at": 1732305755,
        "expires_at": 1732306354,
        "cancelled_at": null,
        "failed_at": null,
        "completed_at": null,
        "required_action": {
          "type": "submit_tool_outputs",
          "submit_tool_outputs": {
            "tool_calls": [
              {
                "id": "call_ORRJXM2TQN2Lj9OpMaurdmrq",
                "type": "function",
                "function": {
                  "name": "fetch_weather",
                  "arguments": "{\"location\":\"New York\"}"
                }
              }
            ]
          }
        },
        "last_error": null,
        "model": "gpt-4o",
        "instructions": "You are helpful agent",
        "tools": [
          {
            "type": "function",
            "function": {
              "name": "fetch_weather",
              "description": "Fetches the weather information for the specified location.",
              "parameters": {
                "type": "object",
                "properties": {
                  "location": {
                    "type": "string",
                    "description": "The location to fetch weather for."
                  }
                },
                "required": [
                  "location"
                ]
              },
              "strict": false
            }
          }
        ],
        "tool_resources": {},
        "metadata": {},
        "temperature": 1.0,
        "top_p": 1.0,
        "max_completion_tokens": null,
        "max_prompt_tokens": null,
        "truncation_strategy": {
          "type": "auto",
          "last_messages": null
        },
        "incomplete_details": null,
        "usage": null,
        "response_format": "auto",
        "tool_choice": "auto",
        "parallel_tool_calls": true
      }
    },
    {
      "RequestUri": "https://Sanitized.api.azureml.ms/agents/v1.0/subscriptions/00000000-0000-0000-0000-000000000000/resourceGroups/00000/providers/Microsoft.MachineLearningServices/workspaces/00000/threads/thread_QhvPYoFjD8tO03i3E9R2vsyo/runs/Sanitized/submit_tool_outputs?api-version=2024-07-01-preview",
      "RequestMethod": "POST",
      "RequestHeaders": {
        "Accept": "application/json",
        "Accept-Encoding": "gzip, deflate",
        "Connection": "keep-alive",
        "Content-Length": "136",
        "Content-Type": "application/json",
        "User-Agent": "azsdk-python-ai-projects/1.0.0b1 Python/3.12.7 (Windows-11-10.0.22631-SP0)"
      },
      "RequestBody": {
        "stream": false,
        "tool_outputs": [
          {
            "tool_call_id": "call_ORRJXM2TQN2Lj9OpMaurdmrq",
            "output": "{\"weather\": \"Sunny, 25\\u00b0C\"}"
          }
        ]
      },
      "StatusCode": 200,
      "ResponseHeaders": {
        "apim-request-id": "384a9f03-3645-4a8a-bb3f-e21a66cf34e9",
        "Connection": "keep-alive",
        "Content-Encoding": "gzip",
        "Content-Type": "application/json",
        "Date": "Fri, 22 Nov 2024 20:02:39 GMT",
        "request-context": "appId=cid-v1:17d65b70-e9ce-4ed5-9347-1f660ec782e9",
        "Strict-Transport-Security": "max-age=31536000; includeSubDomains; preload",
        "Transfer-Encoding": "chunked",
        "Vary": "Accept-Encoding",
        "x-aml-cluster": "vienna-eastus2euap-01",
        "X-Content-Type-Options": "nosniff",
        "x-ms-middleware-request-id": "9bd8b3f3-7589-4d79-938b-acb822303782",
        "x-ms-region": "West US 2",
        "x-ms-response-type": "standard",
        "X-Request-ID": "4b273a8977c1fd68c3198bcb362764d1",
        "x-request-time": "1.196"
      },
      "ResponseBody": {
        "id": "run_uMEizM9qXPa2Iwd68bwxz1Ta",
        "object": "thread.run",
        "created_at": 1732305754,
        "assistant_id": "asst_lOlWGEXY0HwUaKCbfbSq6wgV",
        "thread_id": "thread_QhvPYoFjD8tO03i3E9R2vsyo",
        "status": "queued",
        "started_at": 1732305755,
        "expires_at": 1732306354,
        "cancelled_at": null,
        "failed_at": null,
        "completed_at": null,
        "required_action": null,
        "last_error": null,
        "model": "gpt-4o",
        "instructions": "You are helpful agent",
        "tools": [
          {
            "type": "function",
            "function": {
              "name": "fetch_weather",
              "description": "Fetches the weather information for the specified location.",
              "parameters": {
                "type": "object",
                "properties": {
                  "location": {
                    "type": "string",
                    "description": "The location to fetch weather for."
                  }
                },
                "required": [
                  "location"
                ]
              },
              "strict": false
            }
          }
        ],
        "tool_resources": {},
        "metadata": {},
        "temperature": 1.0,
        "top_p": 1.0,
        "max_completion_tokens": null,
        "max_prompt_tokens": null,
        "truncation_strategy": {
          "type": "auto",
          "last_messages": null
        },
        "incomplete_details": null,
        "usage": null,
        "response_format": "auto",
        "tool_choice": "auto",
        "parallel_tool_calls": true
      }
    },
    {
      "RequestUri": "https://Sanitized.api.azureml.ms/agents/v1.0/subscriptions/00000000-0000-0000-0000-000000000000/resourceGroups/00000/providers/Microsoft.MachineLearningServices/workspaces/00000/threads/thread_QhvPYoFjD8tO03i3E9R2vsyo/runs/Sanitized?api-version=2024-07-01-preview",
      "RequestMethod": "GET",
      "RequestHeaders": {
        "Accept": "application/json",
        "Accept-Encoding": "gzip, deflate",
        "Connection": "keep-alive",
        "User-Agent": "azsdk-python-ai-projects/1.0.0b1 Python/3.12.7 (Windows-11-10.0.22631-SP0)"
      },
      "RequestBody": null,
      "StatusCode": 200,
      "ResponseHeaders": {
        "apim-request-id": "45668788-c486-473b-b4d8-d82e3cee319e",
        "Connection": "keep-alive",
        "Content-Encoding": "gzip",
        "Content-Type": "application/json",
        "Date": "Fri, 22 Nov 2024 20:02:40 GMT",
        "request-context": "appId=cid-v1:17d65b70-e9ce-4ed5-9347-1f660ec782e9",
        "Strict-Transport-Security": "max-age=31536000; includeSubDomains; preload",
        "Transfer-Encoding": "chunked",
        "Vary": "Accept-Encoding",
        "x-aml-cluster": "vienna-eastus2euap-01",
        "X-Content-Type-Options": "nosniff",
        "x-ms-middleware-request-id": "3ce6bca6-dd5f-47bf-8351-5232820f908e",
        "x-ms-region": "West US 2",
        "x-ms-response-type": "standard",
        "X-Request-ID": "e85d355d7495766681cd1aed6fadff72",
        "x-request-time": "0.276"
      },
      "ResponseBody": {
        "id": "run_uMEizM9qXPa2Iwd68bwxz1Ta",
        "object": "thread.run",
        "created_at": 1732305754,
        "assistant_id": "asst_lOlWGEXY0HwUaKCbfbSq6wgV",
        "thread_id": "thread_QhvPYoFjD8tO03i3E9R2vsyo",
        "status": "in_progress",
        "started_at": 1732305759,
        "expires_at": 1732306354,
        "cancelled_at": null,
        "failed_at": null,
        "completed_at": null,
        "required_action": null,
        "last_error": null,
        "model": "gpt-4o",
        "instructions": "You are helpful agent",
        "tools": [
          {
            "type": "function",
            "function": {
              "name": "fetch_weather",
              "description": "Fetches the weather information for the specified location.",
              "parameters": {
                "type": "object",
                "properties": {
                  "location": {
                    "type": "string",
                    "description": "The location to fetch weather for."
                  }
                },
                "required": [
                  "location"
                ]
              },
              "strict": false
            }
          }
        ],
        "tool_resources": {},
        "metadata": {},
        "temperature": 1.0,
        "top_p": 1.0,
        "max_completion_tokens": null,
        "max_prompt_tokens": null,
        "truncation_strategy": {
          "type": "auto",
          "last_messages": null
        },
        "incomplete_details": null,
        "usage": null,
        "response_format": "auto",
        "tool_choice": "auto",
        "parallel_tool_calls": true
      }
    },
    {
      "RequestUri": "https://Sanitized.api.azureml.ms/agents/v1.0/subscriptions/00000000-0000-0000-0000-000000000000/resourceGroups/00000/providers/Microsoft.MachineLearningServices/workspaces/00000/threads/thread_QhvPYoFjD8tO03i3E9R2vsyo/runs/Sanitized?api-version=2024-07-01-preview",
      "RequestMethod": "GET",
      "RequestHeaders": {
        "Accept": "application/json",
        "Accept-Encoding": "gzip, deflate",
        "Connection": "keep-alive",
        "User-Agent": "azsdk-python-ai-projects/1.0.0b1 Python/3.12.7 (Windows-11-10.0.22631-SP0)"
      },
      "RequestBody": null,
      "StatusCode": 200,
      "ResponseHeaders": {
        "apim-request-id": "cde49a3f-72da-4914-94ee-2fd69037da1f",
        "Connection": "keep-alive",
        "Content-Encoding": "gzip",
        "Content-Type": "application/json",
        "Date": "Fri, 22 Nov 2024 20:02:42 GMT",
        "request-context": "appId=cid-v1:17d65b70-e9ce-4ed5-9347-1f660ec782e9",
        "Strict-Transport-Security": "max-age=31536000; includeSubDomains; preload",
        "Transfer-Encoding": "chunked",
        "Vary": "Accept-Encoding",
        "x-aml-cluster": "vienna-eastus2euap-01",
        "X-Content-Type-Options": "nosniff",
        "x-ms-middleware-request-id": "e857642b-7d88-44be-b539-645ffc4a8903",
        "x-ms-region": "West US 2",
        "x-ms-response-type": "standard",
        "X-Request-ID": "33764ad3f2870e3aeab13ba8938dd4cc",
        "x-request-time": "0.225"
      },
      "ResponseBody": {
        "id": "run_uMEizM9qXPa2Iwd68bwxz1Ta",
        "object": "thread.run",
        "created_at": 1732305754,
        "assistant_id": "asst_lOlWGEXY0HwUaKCbfbSq6wgV",
        "thread_id": "thread_QhvPYoFjD8tO03i3E9R2vsyo",
        "status": "completed",
        "started_at": 1732305759,
        "expires_at": null,
        "cancelled_at": null,
        "failed_at": null,
        "completed_at": 1732305761,
        "required_action": null,
        "last_error": null,
        "model": "gpt-4o",
        "instructions": "You are helpful agent",
        "tools": [
          {
            "type": "function",
            "function": {
              "name": "fetch_weather",
              "description": "Fetches the weather information for the specified location.",
              "parameters": {
                "type": "object",
                "properties": {
                  "location": {
                    "type": "string",
                    "description": "The location to fetch weather for."
                  }
                },
                "required": [
                  "location"
                ]
              },
              "strict": false
            }
          }
        ],
        "tool_resources": {},
        "metadata": {},
        "temperature": 1.0,
        "top_p": 1.0,
        "max_completion_tokens": null,
        "max_prompt_tokens": null,
        "truncation_strategy": {
          "type": "auto",
          "last_messages": null
        },
        "incomplete_details": null,
        "usage": {
          "prompt_tokens": 586,
          "completion_tokens": 34,
          "total_tokens": 620
        },
        "response_format": "auto",
        "tool_choice": "auto",
        "parallel_tool_calls": true
      }
    },
    {
      "RequestUri": "https://Sanitized.api.azureml.ms/agents/v1.0/subscriptions/00000000-0000-0000-0000-000000000000/resourceGroups/00000/providers/Microsoft.MachineLearningServices/workspaces/00000/threads/thread_QhvPYoFjD8tO03i3E9R2vsyo/messages?api-version=2024-07-01-preview&runId=run_uMEizM9qXPa2Iwd68bwxz1Ta",
      "RequestMethod": "GET",
      "RequestHeaders": {
        "Accept": "application/json",
        "Accept-Encoding": "gzip, deflate",
        "Connection": "keep-alive",
        "User-Agent": "azsdk-python-ai-projects/1.0.0b1 Python/3.12.7 (Windows-11-10.0.22631-SP0)"
      },
      "RequestBody": null,
      "StatusCode": 200,
      "ResponseHeaders": {
        "apim-request-id": "f8dbaf60-fbe3-472e-b7f0-63f1f44cdc6b",
        "Connection": "keep-alive",
        "Content-Encoding": "gzip",
        "Content-Type": "application/json",
        "Date": "Fri, 22 Nov 2024 20:02:42 GMT",
        "request-context": "appId=cid-v1:17d65b70-e9ce-4ed5-9347-1f660ec782e9",
        "Strict-Transport-Security": "max-age=31536000; includeSubDomains; preload",
        "Transfer-Encoding": "chunked",
        "Vary": "Accept-Encoding",
        "x-aml-cluster": "vienna-eastus2euap-01",
        "X-Content-Type-Options": "nosniff",
        "x-ms-middleware-request-id": "7326c035-8d76-4b81-befd-9e095221ee00",
        "x-ms-region": "West US 2",
        "x-ms-response-type": "standard",
        "X-Request-ID": "781075728b327ec70d5e6677a4d28300",
        "x-request-time": "0.353"
      },
      "ResponseBody": {
        "object": "list",
        "data": [
          {
            "id": "msg_q6tVVmONMW37i4VPAsZdphZK",
            "object": "thread.message",
            "created_at": 1732305761,
            "assistant_id": "asst_lOlWGEXY0HwUaKCbfbSq6wgV",
            "thread_id": "thread_QhvPYoFjD8tO03i3E9R2vsyo",
            "run_id": "run_uMEizM9qXPa2Iwd68bwxz1Ta",
            "role": "assistant",
            "content": [
              {
                "type": "text",
                "text": {
                  "value": "The weather in New York is currently sunny with a temperature of 25Â°C.",
                  "annotations": []
                }
              }
            ],
            "attachments": [],
            "metadata": {}
          },
          {
            "id": "msg_i5Pz4v6kDMUHNfC5r99xyeoD",
            "object": "thread.message",
            "created_at": 1732305753,
            "assistant_id": null,
            "thread_id": "thread_QhvPYoFjD8tO03i3E9R2vsyo",
            "run_id": null,
            "role": "user",
            "content": [
              {
                "type": "text",
                "text": {
                  "value": "Hello, what is the weather in New York?",
                  "annotations": []
                }
              }
            ],
            "attachments": [],
            "metadata": {}
          }
        ],
        "first_id": "msg_q6tVVmONMW37i4VPAsZdphZK",
        "last_id": "msg_i5Pz4v6kDMUHNfC5r99xyeoD",
        "has_more": false
      }
    },
    {
      "RequestUri": "https://Sanitized.api.azureml.ms/agents/v1.0/subscriptions/00000000-0000-0000-0000-000000000000/resourceGroups/00000/providers/Microsoft.MachineLearningServices/workspaces/00000/assistants/asst_lOlWGEXY0HwUaKCbfbSq6wgV?api-version=2024-07-01-preview",
      "RequestMethod": "DELETE",
      "RequestHeaders": {
        "Accept": "application/json",
        "Accept-Encoding": "gzip, deflate",
        "Connection": "keep-alive",
        "Content-Length": "0",
        "User-Agent": "azsdk-python-ai-projects/1.0.0b1 Python/3.12.7 (Windows-11-10.0.22631-SP0)"
      },
      "RequestBody": null,
      "StatusCode": 200,
      "ResponseHeaders": {
        "apim-request-id": "773ae500-82b1-48e2-8e67-fbec63df93a2",
        "Connection": "keep-alive",
        "Content-Length": "95",
        "Content-Type": "application/json",
        "Date": "Fri, 22 Nov 2024 20:02:42 GMT",
        "request-context": "appId=cid-v1:17d65b70-e9ce-4ed5-9347-1f660ec782e9",
        "Strict-Transport-Security": "max-age=31536000; includeSubDomains; preload",
        "x-aml-cluster": "vienna-eastus2euap-01",
        "X-Content-Type-Options": "nosniff",
        "x-ms-middleware-request-id": "6efee615-ae48-421e-93dc-59c3665e6053",
        "x-ms-region": "West US 2",
        "x-ms-response-type": "standard",
        "X-Request-ID": "9dd3601cf402590646f95437b4bf245a",
        "x-request-time": "0.225"
      },
      "ResponseBody": {
        "id": "asst_lOlWGEXY0HwUaKCbfbSq6wgV",
        "object": "assistant.deleted",
        "deleted": true
      }
    }
  ],
  "Variables": {}
}