{
  "Entries": [
    {
      "RequestUri": "https://Sanitized.api.azureml.ms/agents/v1.0/subscriptions/00000000-0000-0000-0000-000000000000/resourceGroups/00000/providers/Microsoft.MachineLearningServices/workspaces/00000/assistants?api-version=2024-07-01-preview",
      "RequestMethod": "POST",
      "RequestHeaders": {
        "Accept": "application/json",
        "Accept-Encoding": "gzip, deflate",
        "Content-Length": "100",
        "Content-Type": "application/json",
        "User-Agent": "azsdk-python-ai-projects/1.0.0b1 Python/3.12.8 (Windows-11-10.0.22631-SP0)"
      },
      "RequestBody": {
        "instructions": "You are helpful assistant",
        "model": "gpt-4-1106-preview",
        "name": "my-assistant"
      },
      "StatusCode": 200,
      "ResponseHeaders": {
        "apim-request-id": "cc4cda95-176c-40b6-92d9-bbb72fac7c6e",
        "Connection": "keep-alive",
        "Content-Encoding": "gzip",
        "Content-Type": "application/json",
        "Date": "Mon, 09 Dec 2024 22:04:31 GMT",
        "openai-organization": "3d8304e5257c4cc49d2bec8a48b2e43f",
        "openai-processing-ms": "65",
        "openai-version": "2020-10-01",
        "request-context": "appId=cid-v1:17d65b70-e9ce-4ed5-9347-1f660ec782e9",
        "Strict-Transport-Security": "max-age=31536000; includeSubDomains; preload",
        "Transfer-Encoding": "chunked",
        "Vary": "Accept-Encoding",
        "x-aml-cluster": "vienna-eastus2euap-01",
        "X-Content-Type-Options": "nosniff",
        "x-ms-middleware-request-id": "cc4cda95-176c-40b6-92d9-bbb72fac7c6e",
        "x-ms-region": "West US 2",
        "x-ms-response-type": "standard",
        "X-Request-ID": "cfc4c929373b964df77e4e60c7ccc0aa",
        "x-request-time": "0.290"
      },
      "ResponseBody": {
        "id": "asst_9E8KTlLXGKmqbNufbEz9cYLt",
        "object": "assistant",
        "created_at": 1733781871,
        "name": "my-assistant",
        "description": null,
        "model": "gpt-4-1106-preview",
        "instructions": "You are helpful assistant",
        "tools": [],
        "top_p": 1.0,
        "temperature": 1.0,
        "tool_resources": {},
        "metadata": {},
        "response_format": "auto"
      }
    },
    {
      "RequestUri": "https://Sanitized.api.azureml.ms/agents/v1.0/subscriptions/00000000-0000-0000-0000-000000000000/resourceGroups/00000/providers/Microsoft.MachineLearningServices/workspaces/00000/threads?api-version=2024-07-01-preview",
      "RequestMethod": "POST",
      "RequestHeaders": {
        "Accept": "application/json",
        "Accept-Encoding": "gzip, deflate",
        "Content-Length": "2",
        "Content-Type": "application/json",
        "User-Agent": "azsdk-python-ai-projects/1.0.0b1 Python/3.12.8 (Windows-11-10.0.22631-SP0)"
      },
      "RequestBody": {},
      "StatusCode": 200,
      "ResponseHeaders": {
        "apim-request-id": "574787eb-0be3-4d86-85c9-01ac94d8c6e6",
        "Connection": "keep-alive",
        "Content-Length": "137",
        "Content-Type": "application/json",
        "Date": "Mon, 09 Dec 2024 22:04:32 GMT",
        "openai-organization": "3d8304e5257c4cc49d2bec8a48b2e43f",
        "openai-processing-ms": "21",
        "openai-version": "2020-10-01",
        "request-context": "appId=cid-v1:17d65b70-e9ce-4ed5-9347-1f660ec782e9",
        "Strict-Transport-Security": "max-age=31536000; includeSubDomains; preload",
        "x-aml-cluster": "vienna-eastus2euap-01",
        "X-Content-Type-Options": "nosniff",
        "x-ms-middleware-request-id": "0c5aab65-bf08-4ba4-8c77-9338de540d1f",
        "x-ms-region": "West US 2",
        "x-ms-response-type": "standard",
        "X-Request-ID": "e4b7d85c052e461aad8b0d8ab9270e88",
        "x-request-time": "0.251"
      },
      "ResponseBody": {
        "id": "thread_bQ9LBVfYKXNXlYUjMkrhfSEv",
        "object": "thread",
        "created_at": 1733781872,
        "metadata": {},
        "tool_resources": {}
      }
    },
    {
      "RequestUri": "https://Sanitized.api.azureml.ms/agents/v1.0/subscriptions/00000000-0000-0000-0000-000000000000/resourceGroups/00000/providers/Microsoft.MachineLearningServices/workspaces/00000/threads/thread_bQ9LBVfYKXNXlYUjMkrhfSEv/messages?api-version=2024-07-01-preview",
      "RequestMethod": "POST",
      "RequestHeaders": {
        "Accept": "application/json",
        "Accept-Encoding": "gzip, deflate",
        "Content-Length": "68",
        "Content-Type": "application/json",
        "User-Agent": "azsdk-python-ai-projects/1.0.0b1 Python/3.12.8 (Windows-11-10.0.22631-SP0)"
      },
      "RequestBody": {
        "content": "What is the equation of light energy?",
        "role": "user"
      },
      "StatusCode": 200,
      "ResponseHeaders": {
        "apim-request-id": "6e275f65-9311-41eb-949a-b8a3b2db709d",
        "Connection": "keep-alive",
        "Content-Encoding": "gzip",
        "Content-Type": "application/json",
        "Date": "Mon, 09 Dec 2024 22:04:32 GMT",
        "openai-organization": "3d8304e5257c4cc49d2bec8a48b2e43f",
        "openai-processing-ms": "83",
        "openai-version": "2020-10-01",
        "request-context": "appId=cid-v1:17d65b70-e9ce-4ed5-9347-1f660ec782e9",
        "Strict-Transport-Security": "max-age=31536000; includeSubDomains; preload",
        "Transfer-Encoding": "chunked",
        "Vary": "Accept-Encoding",
        "x-aml-cluster": "vienna-eastus2euap-01",
        "X-Content-Type-Options": "nosniff",
        "x-ms-middleware-request-id": "4a474877-a9f9-43ca-b02e-8c6038728d54",
        "x-ms-region": "West US 2",
        "x-ms-response-type": "standard",
        "X-Request-ID": "6382878958341d0ba4a0eee2cdd3035c",
        "x-request-time": "0.299"
      },
      "ResponseBody": {
        "id": "msg_sbJBFFCtBxGTlK8AKFxocu1G",
        "object": "thread.message",
        "created_at": 1733781872,
        "assistant_id": null,
        "thread_id": "thread_bQ9LBVfYKXNXlYUjMkrhfSEv",
        "run_id": null,
        "role": "user",
        "content": [
          {
            "type": "text",
            "text": {
              "value": "What is the equation of light energy?",
              "annotations": []
            }
          }
        ],
        "attachments": [],
        "metadata": {}
      }
    },
    {
      "RequestUri": "https://Sanitized.api.azureml.ms/agents/v1.0/subscriptions/00000000-0000-0000-0000-000000000000/resourceGroups/00000/providers/Microsoft.MachineLearningServices/workspaces/00000/threads/thread_bQ9LBVfYKXNXlYUjMkrhfSEv/runs?api-version=2024-07-01-preview",
      "RequestMethod": "POST",
      "RequestHeaders": {
        "Accept": "application/json",
        "Accept-Encoding": "gzip, deflate",
        "Content-Length": "198",
        "Content-Type": "application/json",
        "User-Agent": "azsdk-python-ai-projects/1.0.0b1 Python/3.12.8 (Windows-11-10.0.22631-SP0)"
      },
      "RequestBody": {
        "additional_messages": [
          {
            "role": "assistant",
            "content": "E=mc^2"
          },
          {
            "role": "user",
            "content": "What is the impedance formula?"
          }
        ],
        "assistant_id": "asst_9E8KTlLXGKmqbNufbEz9cYLt",
        "stream": false
      },
      "StatusCode": 200,
      "ResponseHeaders": {
        "apim-request-id": "3e694304-d14b-4a50-8f1d-a5a3c1d48152",
        "Connection": "keep-alive",
        "Content-Encoding": "gzip",
        "Content-Type": "application/json",
        "Date": "Mon, 09 Dec 2024 22:04:33 GMT",
        "openai-organization": "3d8304e5257c4cc49d2bec8a48b2e43f",
        "openai-processing-ms": "314",
        "openai-version": "2020-10-01",
        "request-context": "appId=cid-v1:17d65b70-e9ce-4ed5-9347-1f660ec782e9",
        "Strict-Transport-Security": "max-age=31536000; includeSubDomains; preload",
        "Transfer-Encoding": "chunked",
        "Vary": "Accept-Encoding",
        "x-aml-cluster": "vienna-eastus2euap-01",
        "X-Content-Type-Options": "nosniff",
        "x-ms-middleware-request-id": "98cf3a12-c61f-48c0-af63-5a647aeb7f4f",
        "x-ms-region": "West US 2",
        "x-ms-response-type": "standard",
        "X-Request-ID": "9e7f0279d20b9b6bb432c9aa95b03ba9",
        "x-request-time": "1.181"
      },
      "ResponseBody": {
        "id": "run_ClcXNWDjqiZ85LGaGdxrhToV",
        "object": "thread.run",
        "created_at": 1733781873,
        "assistant_id": "asst_9E8KTlLXGKmqbNufbEz9cYLt",
        "thread_id": "thread_bQ9LBVfYKXNXlYUjMkrhfSEv",
        "status": "queued",
        "started_at": null,
        "expires_at": 1733782473,
        "cancelled_at": null,
        "failed_at": null,
        "completed_at": null,
        "required_action": null,
        "last_error": null,
        "model": "gpt-4-1106-preview",
        "instructions": "You are helpful assistant",
        "tools": [],
        "tool_resources": {},
        "metadata": {},
        "temperature": 1.0,
        "top_p": 1.0,
        "max_completion_tokens": null,
        "max_prompt_tokens": null,
        "truncation_strategy": {
          "type": "auto",
          "last_messages": null
        },
        "incomplete_details": null,
        "usage": null,
        "response_format": "auto",
        "tool_choice": "auto",
        "parallel_tool_calls": true
      }
    },
    {
      "RequestUri": "https://Sanitized.api.azureml.ms/agents/v1.0/subscriptions/00000000-0000-0000-0000-000000000000/resourceGroups/00000/providers/Microsoft.MachineLearningServices/workspaces/00000/threads/thread_bQ9LBVfYKXNXlYUjMkrhfSEv/runs/Sanitized?api-version=2024-07-01-preview",
      "RequestMethod": "GET",
      "RequestHeaders": {
        "Accept": "application/json",
        "Accept-Encoding": "gzip, deflate",
        "User-Agent": "azsdk-python-ai-projects/1.0.0b1 Python/3.12.8 (Windows-11-10.0.22631-SP0)"
      },
      "RequestBody": null,
      "StatusCode": 200,
      "ResponseHeaders": {
        "apim-request-id": "e5de1bc0-3a4d-4020-9a8f-62b65c0c60f0",
        "Connection": "keep-alive",
        "Content-Encoding": "gzip",
        "Content-Type": "application/json",
        "Date": "Mon, 09 Dec 2024 22:04:35 GMT",
        "openai-organization": "3d8304e5257c4cc49d2bec8a48b2e43f",
        "openai-processing-ms": "48",
        "openai-version": "2020-10-01",
        "request-context": "appId=cid-v1:17d65b70-e9ce-4ed5-9347-1f660ec782e9",
        "Strict-Transport-Security": "max-age=31536000; includeSubDomains; preload",
        "Transfer-Encoding": "chunked",
        "Vary": "Accept-Encoding",
        "x-aml-cluster": "vienna-eastus2euap-01",
        "X-Content-Type-Options": "nosniff",
        "x-ms-middleware-request-id": "c7947b8c-0a15-4512-974e-c7fbf6278bd1",
        "x-ms-region": "West US 2",
        "x-ms-response-type": "standard",
        "X-Request-ID": "80d1006041d8fc5ef3e8400dcd0de3c7",
        "x-request-time": "0.610"
      },
      "ResponseBody": {
        "id": "run_ClcXNWDjqiZ85LGaGdxrhToV",
        "object": "thread.run",
        "created_at": 1733781873,
        "assistant_id": "asst_9E8KTlLXGKmqbNufbEz9cYLt",
        "thread_id": "thread_bQ9LBVfYKXNXlYUjMkrhfSEv",
        "status": "in_progress",
        "started_at": 1733781873,
        "expires_at": 1733782473,
        "cancelled_at": null,
        "failed_at": null,
        "completed_at": null,
        "required_action": null,
        "last_error": null,
        "model": "gpt-4-1106-preview",
        "instructions": "You are helpful assistant",
        "tools": [],
        "tool_resources": {},
        "metadata": {},
        "temperature": 1.0,
        "top_p": 1.0,
        "max_completion_tokens": null,
        "max_prompt_tokens": null,
        "truncation_strategy": {
          "type": "auto",
          "last_messages": null
        },
        "incomplete_details": null,
        "usage": null,
        "response_format": "auto",
        "tool_choice": "auto",
        "parallel_tool_calls": true
      }
    },
    {
      "RequestUri": "https://Sanitized.api.azureml.ms/agents/v1.0/subscriptions/00000000-0000-0000-0000-000000000000/resourceGroups/00000/providers/Microsoft.MachineLearningServices/workspaces/00000/threads/thread_bQ9LBVfYKXNXlYUjMkrhfSEv/runs/Sanitized?api-version=2024-07-01-preview",
      "RequestMethod": "GET",
      "RequestHeaders": {
        "Accept": "application/json",
        "Accept-Encoding": "gzip, deflate",
        "User-Agent": "azsdk-python-ai-projects/1.0.0b1 Python/3.12.8 (Windows-11-10.0.22631-SP0)"
      },
      "RequestBody": null,
      "StatusCode": 200,
      "ResponseHeaders": {
        "apim-request-id": "d6c23b8c-07cf-4d9a-9d63-019d67efe586",
        "Connection": "keep-alive",
        "Content-Encoding": "gzip",
        "Content-Type": "application/json",
        "Date": "Mon, 09 Dec 2024 22:04:36 GMT",
        "openai-organization": "3d8304e5257c4cc49d2bec8a48b2e43f",
        "openai-processing-ms": "66",
        "openai-version": "2020-10-01",
        "request-context": "appId=cid-v1:17d65b70-e9ce-4ed5-9347-1f660ec782e9",
        "Strict-Transport-Security": "max-age=31536000; includeSubDomains; preload",
        "Transfer-Encoding": "chunked",
        "Vary": "Accept-Encoding",
        "x-aml-cluster": "vienna-eastus2euap-01",
        "X-Content-Type-Options": "nosniff",
        "x-ms-middleware-request-id": "a31b0edb-b3d7-41eb-81c0-7b9fba66eb04",
        "x-ms-region": "West US 2",
        "x-ms-response-type": "standard",
        "X-Request-ID": "00ca830abe9daf65a54a775a3d3142c6",
        "x-request-time": "0.291"
      },
      "ResponseBody": {
        "id": "run_ClcXNWDjqiZ85LGaGdxrhToV",
        "object": "thread.run",
        "created_at": 1733781873,
        "assistant_id": "asst_9E8KTlLXGKmqbNufbEz9cYLt",
        "thread_id": "thread_bQ9LBVfYKXNXlYUjMkrhfSEv",
        "status": "in_progress",
        "started_at": 1733781873,
        "expires_at": 1733782473,
        "cancelled_at": null,
        "failed_at": null,
        "completed_at": null,
        "required_action": null,
        "last_error": null,
        "model": "gpt-4-1106-preview",
        "instructions": "You are helpful assistant",
        "tools": [],
        "tool_resources": {},
        "metadata": {},
        "temperature": 1.0,
        "top_p": 1.0,
        "max_completion_tokens": null,
        "max_prompt_tokens": null,
        "truncation_strategy": {
          "type": "auto",
          "last_messages": null
        },
        "incomplete_details": null,
        "usage": null,
        "response_format": "auto",
        "tool_choice": "auto",
        "parallel_tool_calls": true
      }
    },
    {
      "RequestUri": "https://Sanitized.api.azureml.ms/agents/v1.0/subscriptions/00000000-0000-0000-0000-000000000000/resourceGroups/00000/providers/Microsoft.MachineLearningServices/workspaces/00000/threads/thread_bQ9LBVfYKXNXlYUjMkrhfSEv/runs/Sanitized?api-version=2024-07-01-preview",
      "RequestMethod": "GET",
      "RequestHeaders": {
        "Accept": "application/json",
        "Accept-Encoding": "gzip, deflate",
        "User-Agent": "azsdk-python-ai-projects/1.0.0b1 Python/3.12.8 (Windows-11-10.0.22631-SP0)"
      },
      "RequestBody": null,
      "StatusCode": 200,
      "ResponseHeaders": {
        "apim-request-id": "5435512d-c108-4345-85bb-573c006d5dd0",
        "Connection": "keep-alive",
        "Content-Encoding": "gzip",
        "Content-Type": "application/json",
        "Date": "Mon, 09 Dec 2024 22:04:38 GMT",
        "openai-organization": "3d8304e5257c4cc49d2bec8a48b2e43f",
        "openai-processing-ms": "41",
        "openai-version": "2020-10-01",
        "request-context": "appId=cid-v1:17d65b70-e9ce-4ed5-9347-1f660ec782e9",
        "Strict-Transport-Security": "max-age=31536000; includeSubDomains; preload",
        "Transfer-Encoding": "chunked",
        "Vary": "Accept-Encoding",
        "x-aml-cluster": "vienna-eastus2euap-01",
        "X-Content-Type-Options": "nosniff",
        "x-ms-middleware-request-id": "b9ed1919-3aaa-4634-9250-03e1d5574882",
        "x-ms-region": "West US 2",
        "x-ms-response-type": "standard",
        "X-Request-ID": "bb3bc6829391df578e97b9801c57a18f",
        "x-request-time": "0.268"
      },
      "ResponseBody": {
        "id": "run_ClcXNWDjqiZ85LGaGdxrhToV",
        "object": "thread.run",
        "created_at": 1733781873,
        "assistant_id": "asst_9E8KTlLXGKmqbNufbEz9cYLt",
        "thread_id": "thread_bQ9LBVfYKXNXlYUjMkrhfSEv",
        "status": "in_progress",
        "started_at": 1733781873,
        "expires_at": 1733782473,
        "cancelled_at": null,
        "failed_at": null,
        "completed_at": null,
        "required_action": null,
        "last_error": null,
        "model": "gpt-4-1106-preview",
        "instructions": "You are helpful assistant",
        "tools": [],
        "tool_resources": {},
        "metadata": {},
        "temperature": 1.0,
        "top_p": 1.0,
        "max_completion_tokens": null,
        "max_prompt_tokens": null,
        "truncation_strategy": {
          "type": "auto",
          "last_messages": null
        },
        "incomplete_details": null,
        "usage": null,
        "response_format": "auto",
        "tool_choice": "auto",
        "parallel_tool_calls": true
      }
    },
    {
      "RequestUri": "https://Sanitized.api.azureml.ms/agents/v1.0/subscriptions/00000000-0000-0000-0000-000000000000/resourceGroups/00000/providers/Microsoft.MachineLearningServices/workspaces/00000/threads/thread_bQ9LBVfYKXNXlYUjMkrhfSEv/runs/Sanitized?api-version=2024-07-01-preview",
      "RequestMethod": "GET",
      "RequestHeaders": {
        "Accept": "application/json",
        "Accept-Encoding": "gzip, deflate",
        "User-Agent": "azsdk-python-ai-projects/1.0.0b1 Python/3.12.8 (Windows-11-10.0.22631-SP0)"
      },
      "RequestBody": null,
      "StatusCode": 200,
      "ResponseHeaders": {
        "apim-request-id": "8ecbbb74-fcab-400c-a630-3f0115256218",
        "Connection": "keep-alive",
        "Content-Encoding": "gzip",
        "Content-Type": "application/json",
        "Date": "Mon, 09 Dec 2024 22:04:39 GMT",
        "openai-organization": "3d8304e5257c4cc49d2bec8a48b2e43f",
        "openai-processing-ms": "46",
        "openai-version": "2020-10-01",
        "request-context": "appId=cid-v1:17d65b70-e9ce-4ed5-9347-1f660ec782e9",
        "Strict-Transport-Security": "max-age=31536000; includeSubDomains; preload",
        "Transfer-Encoding": "chunked",
        "Vary": "Accept-Encoding",
        "x-aml-cluster": "vienna-eastus2euap-01",
        "X-Content-Type-Options": "nosniff",
        "x-ms-middleware-request-id": "e25859bb-ec25-43ea-8a33-60464db6fad9",
        "x-ms-region": "West US 2",
        "x-ms-response-type": "standard",
        "X-Request-ID": "dd6ee3d572fb55b0543259573804c9cc",
        "x-request-time": "0.269"
      },
      "ResponseBody": {
        "id": "run_ClcXNWDjqiZ85LGaGdxrhToV",
        "object": "thread.run",
        "created_at": 1733781873,
        "assistant_id": "asst_9E8KTlLXGKmqbNufbEz9cYLt",
        "thread_id": "thread_bQ9LBVfYKXNXlYUjMkrhfSEv",
        "status": "in_progress",
        "started_at": 1733781873,
        "expires_at": 1733782473,
        "cancelled_at": null,
        "failed_at": null,
        "completed_at": null,
        "required_action": null,
        "last_error": null,
        "model": "gpt-4-1106-preview",
        "instructions": "You are helpful assistant",
        "tools": [],
        "tool_resources": {},
        "metadata": {},
        "temperature": 1.0,
        "top_p": 1.0,
        "max_completion_tokens": null,
        "max_prompt_tokens": null,
        "truncation_strategy": {
          "type": "auto",
          "last_messages": null
        },
        "incomplete_details": null,
        "usage": null,
        "response_format": "auto",
        "tool_choice": "auto",
        "parallel_tool_calls": true
      }
    },
    {
      "RequestUri": "https://Sanitized.api.azureml.ms/agents/v1.0/subscriptions/00000000-0000-0000-0000-000000000000/resourceGroups/00000/providers/Microsoft.MachineLearningServices/workspaces/00000/threads/thread_bQ9LBVfYKXNXlYUjMkrhfSEv/runs/Sanitized?api-version=2024-07-01-preview",
      "RequestMethod": "GET",
      "RequestHeaders": {
        "Accept": "application/json",
        "Accept-Encoding": "gzip, deflate",
        "User-Agent": "azsdk-python-ai-projects/1.0.0b1 Python/3.12.8 (Windows-11-10.0.22631-SP0)"
      },
      "RequestBody": null,
      "StatusCode": 200,
      "ResponseHeaders": {
        "apim-request-id": "413d3bb3-d69a-4a1f-9784-471139a9467c",
        "Connection": "keep-alive",
        "Content-Encoding": "gzip",
        "Content-Type": "application/json",
        "Date": "Mon, 09 Dec 2024 22:04:40 GMT",
        "openai-organization": "3d8304e5257c4cc49d2bec8a48b2e43f",
        "openai-processing-ms": "48",
        "openai-version": "2020-10-01",
        "request-context": "appId=cid-v1:17d65b70-e9ce-4ed5-9347-1f660ec782e9",
        "Strict-Transport-Security": "max-age=31536000; includeSubDomains; preload",
        "Transfer-Encoding": "chunked",
        "Vary": "Accept-Encoding",
        "x-aml-cluster": "vienna-eastus2euap-01",
        "X-Content-Type-Options": "nosniff",
        "x-ms-middleware-request-id": "a70affa0-c9ab-42f8-8c3a-3b3fb5e63d23",
        "x-ms-region": "West US 2",
        "x-ms-response-type": "standard",
        "X-Request-ID": "9ec9f9c6fa579b7e70057633a05bd1fc",
        "x-request-time": "0.272"
      },
      "ResponseBody": {
        "id": "run_ClcXNWDjqiZ85LGaGdxrhToV",
        "object": "thread.run",
        "created_at": 1733781873,
        "assistant_id": "asst_9E8KTlLXGKmqbNufbEz9cYLt",
        "thread_id": "thread_bQ9LBVfYKXNXlYUjMkrhfSEv",
        "status": "in_progress",
        "started_at": 1733781873,
        "expires_at": 1733782473,
        "cancelled_at": null,
        "failed_at": null,
        "completed_at": null,
        "required_action": null,
        "last_error": null,
        "model": "gpt-4-1106-preview",
        "instructions": "You are helpful assistant",
        "tools": [],
        "tool_resources": {},
        "metadata": {},
        "temperature": 1.0,
        "top_p": 1.0,
        "max_completion_tokens": null,
        "max_prompt_tokens": null,
        "truncation_strategy": {
          "type": "auto",
          "last_messages": null
        },
        "incomplete_details": null,
        "usage": null,
        "response_format": "auto",
        "tool_choice": "auto",
        "parallel_tool_calls": true
      }
    },
    {
      "RequestUri": "https://Sanitized.api.azureml.ms/agents/v1.0/subscriptions/00000000-0000-0000-0000-000000000000/resourceGroups/00000/providers/Microsoft.MachineLearningServices/workspaces/00000/threads/thread_bQ9LBVfYKXNXlYUjMkrhfSEv/runs/Sanitized?api-version=2024-07-01-preview",
      "RequestMethod": "GET",
      "RequestHeaders": {
        "Accept": "application/json",
        "Accept-Encoding": "gzip, deflate",
        "User-Agent": "azsdk-python-ai-projects/1.0.0b1 Python/3.12.8 (Windows-11-10.0.22631-SP0)"
      },
      "RequestBody": null,
      "StatusCode": 200,
      "ResponseHeaders": {
        "apim-request-id": "5ad991d4-49b7-45e4-9994-95865c10c2aa",
        "Connection": "keep-alive",
        "Content-Encoding": "gzip",
        "Content-Type": "application/json",
        "Date": "Mon, 09 Dec 2024 22:04:42 GMT",
        "openai-organization": "3d8304e5257c4cc49d2bec8a48b2e43f",
        "openai-processing-ms": "39",
        "openai-version": "2020-10-01",
        "request-context": "appId=cid-v1:17d65b70-e9ce-4ed5-9347-1f660ec782e9",
        "Strict-Transport-Security": "max-age=31536000; includeSubDomains; preload",
        "Transfer-Encoding": "chunked",
        "Vary": "Accept-Encoding",
        "x-aml-cluster": "vienna-eastus2euap-01",
        "X-Content-Type-Options": "nosniff",
        "x-ms-middleware-request-id": "56b6704b-8da2-486c-8dad-416dad4bf4e7",
        "x-ms-region": "West US 2",
        "x-ms-response-type": "standard",
        "X-Request-ID": "231184aa67e8c34e9b744dc34aa023b0",
        "x-request-time": "0.342"
      },
      "ResponseBody": {
        "id": "run_ClcXNWDjqiZ85LGaGdxrhToV",
        "object": "thread.run",
        "created_at": 1733781873,
        "assistant_id": "asst_9E8KTlLXGKmqbNufbEz9cYLt",
        "thread_id": "thread_bQ9LBVfYKXNXlYUjMkrhfSEv",
        "status": "in_progress",
        "started_at": 1733781873,
        "expires_at": 1733782473,
        "cancelled_at": null,
        "failed_at": null,
        "completed_at": null,
        "required_action": null,
        "last_error": null,
        "model": "gpt-4-1106-preview",
        "instructions": "You are helpful assistant",
        "tools": [],
        "tool_resources": {},
        "metadata": {},
        "temperature": 1.0,
        "top_p": 1.0,
        "max_completion_tokens": null,
        "max_prompt_tokens": null,
        "truncation_strategy": {
          "type": "auto",
          "last_messages": null
        },
        "incomplete_details": null,
        "usage": null,
        "response_format": "auto",
        "tool_choice": "auto",
        "parallel_tool_calls": true
      }
    },
    {
      "RequestUri": "https://Sanitized.api.azureml.ms/agents/v1.0/subscriptions/00000000-0000-0000-0000-000000000000/resourceGroups/00000/providers/Microsoft.MachineLearningServices/workspaces/00000/threads/thread_bQ9LBVfYKXNXlYUjMkrhfSEv/runs/Sanitized?api-version=2024-07-01-preview",
      "RequestMethod": "GET",
      "RequestHeaders": {
        "Accept": "application/json",
        "Accept-Encoding": "gzip, deflate",
        "User-Agent": "azsdk-python-ai-projects/1.0.0b1 Python/3.12.8 (Windows-11-10.0.22631-SP0)"
      },
      "RequestBody": null,
      "StatusCode": 200,
      "ResponseHeaders": {
        "apim-request-id": "cdaee3da-0c49-4d52-b37e-cf7b55753877",
        "Connection": "keep-alive",
        "Content-Encoding": "gzip",
        "Content-Type": "application/json",
        "Date": "Mon, 09 Dec 2024 22:04:43 GMT",
        "openai-organization": "3d8304e5257c4cc49d2bec8a48b2e43f",
        "openai-processing-ms": "47",
        "openai-version": "2020-10-01",
        "request-context": "appId=cid-v1:17d65b70-e9ce-4ed5-9347-1f660ec782e9",
        "Strict-Transport-Security": "max-age=31536000; includeSubDomains; preload",
        "Transfer-Encoding": "chunked",
        "Vary": "Accept-Encoding",
        "x-aml-cluster": "vienna-eastus2euap-01",
        "X-Content-Type-Options": "nosniff",
        "x-ms-middleware-request-id": "1b98520c-9837-4e8b-9d82-25c551c86dcf",
        "x-ms-region": "West US 2",
        "x-ms-response-type": "standard",
        "X-Request-ID": "b0ea8a505ec61fbc233d6ba1ec84ccb8",
        "x-request-time": "0.285"
      },
      "ResponseBody": {
        "id": "run_ClcXNWDjqiZ85LGaGdxrhToV",
        "object": "thread.run",
        "created_at": 1733781873,
        "assistant_id": "asst_9E8KTlLXGKmqbNufbEz9cYLt",
        "thread_id": "thread_bQ9LBVfYKXNXlYUjMkrhfSEv",
        "status": "in_progress",
        "started_at": 1733781873,
        "expires_at": 1733782473,
        "cancelled_at": null,
        "failed_at": null,
        "completed_at": null,
        "required_action": null,
        "last_error": null,
        "model": "gpt-4-1106-preview",
        "instructions": "You are helpful assistant",
        "tools": [],
        "tool_resources": {},
        "metadata": {},
        "temperature": 1.0,
        "top_p": 1.0,
        "max_completion_tokens": null,
        "max_prompt_tokens": null,
        "truncation_strategy": {
          "type": "auto",
          "last_messages": null
        },
        "incomplete_details": null,
        "usage": null,
        "response_format": "auto",
        "tool_choice": "auto",
        "parallel_tool_calls": true
      }
    },
    {
      "RequestUri": "https://Sanitized.api.azureml.ms/agents/v1.0/subscriptions/00000000-0000-0000-0000-000000000000/resourceGroups/00000/providers/Microsoft.MachineLearningServices/workspaces/00000/threads/thread_bQ9LBVfYKXNXlYUjMkrhfSEv/runs/Sanitized?api-version=2024-07-01-preview",
      "RequestMethod": "GET",
      "RequestHeaders": {
        "Accept": "application/json",
        "Accept-Encoding": "gzip, deflate",
        "User-Agent": "azsdk-python-ai-projects/1.0.0b1 Python/3.12.8 (Windows-11-10.0.22631-SP0)"
      },
      "RequestBody": null,
      "StatusCode": 200,
      "ResponseHeaders": {
        "apim-request-id": "32039a7d-822b-498d-811d-603da3c112e0",
        "Connection": "keep-alive",
        "Content-Encoding": "gzip",
        "Content-Type": "application/json",
        "Date": "Mon, 09 Dec 2024 22:04:45 GMT",
        "openai-organization": "3d8304e5257c4cc49d2bec8a48b2e43f",
        "openai-processing-ms": "38",
        "openai-version": "2020-10-01",
        "request-context": "appId=cid-v1:17d65b70-e9ce-4ed5-9347-1f660ec782e9",
        "Strict-Transport-Security": "max-age=31536000; includeSubDomains; preload",
        "Transfer-Encoding": "chunked",
        "Vary": "Accept-Encoding",
        "x-aml-cluster": "vienna-eastus2euap-01",
        "X-Content-Type-Options": "nosniff",
        "x-ms-middleware-request-id": "6c1d5257-233b-4805-aa7b-1e82b21f501d",
        "x-ms-region": "West US 2",
        "x-ms-response-type": "standard",
        "X-Request-ID": "30047eacf0590de18214b11c3a9590b2",
        "x-request-time": "0.336"
      },
      "ResponseBody": {
        "id": "run_ClcXNWDjqiZ85LGaGdxrhToV",
        "object": "thread.run",
        "created_at": 1733781873,
        "assistant_id": "asst_9E8KTlLXGKmqbNufbEz9cYLt",
        "thread_id": "thread_bQ9LBVfYKXNXlYUjMkrhfSEv",
        "status": "in_progress",
        "started_at": 1733781873,
        "expires_at": 1733782473,
        "cancelled_at": null,
        "failed_at": null,
        "completed_at": null,
        "required_action": null,
        "last_error": null,
        "model": "gpt-4-1106-preview",
        "instructions": "You are helpful assistant",
        "tools": [],
        "tool_resources": {},
        "metadata": {},
        "temperature": 1.0,
        "top_p": 1.0,
        "max_completion_tokens": null,
        "max_prompt_tokens": null,
        "truncation_strategy": {
          "type": "auto",
          "last_messages": null
        },
        "incomplete_details": null,
        "usage": null,
        "response_format": "auto",
        "tool_choice": "auto",
        "parallel_tool_calls": true
      }
    },
    {
      "RequestUri": "https://Sanitized.api.azureml.ms/agents/v1.0/subscriptions/00000000-0000-0000-0000-000000000000/resourceGroups/00000/providers/Microsoft.MachineLearningServices/workspaces/00000/threads/thread_bQ9LBVfYKXNXlYUjMkrhfSEv/runs/Sanitized?api-version=2024-07-01-preview",
      "RequestMethod": "GET",
      "RequestHeaders": {
        "Accept": "application/json",
        "Accept-Encoding": "gzip, deflate",
        "User-Agent": "azsdk-python-ai-projects/1.0.0b1 Python/3.12.8 (Windows-11-10.0.22631-SP0)"
      },
      "RequestBody": null,
      "StatusCode": 200,
      "ResponseHeaders": {
        "apim-request-id": "c578ba14-c847-4431-9c68-f6efb0d67dd6",
        "Connection": "keep-alive",
        "Content-Encoding": "gzip",
        "Content-Type": "application/json",
        "Date": "Mon, 09 Dec 2024 22:04:46 GMT",
        "openai-organization": "3d8304e5257c4cc49d2bec8a48b2e43f",
        "openai-processing-ms": "47",
        "openai-version": "2020-10-01",
        "request-context": "appId=cid-v1:17d65b70-e9ce-4ed5-9347-1f660ec782e9",
        "Strict-Transport-Security": "max-age=31536000; includeSubDomains; preload",
        "Transfer-Encoding": "chunked",
        "Vary": "Accept-Encoding",
        "x-aml-cluster": "vienna-eastus2euap-01",
        "X-Content-Type-Options": "nosniff",
        "x-ms-middleware-request-id": "e1702578-4ce9-4cf9-ab20-3980fbebebf0",
        "x-ms-region": "West US 2",
        "x-ms-response-type": "standard",
        "X-Request-ID": "451e08ffb0a0fef0c044b4e471e7e0ae",
        "x-request-time": "0.270"
      },
      "ResponseBody": {
        "id": "run_ClcXNWDjqiZ85LGaGdxrhToV",
        "object": "thread.run",
        "created_at": 1733781873,
        "assistant_id": "asst_9E8KTlLXGKmqbNufbEz9cYLt",
        "thread_id": "thread_bQ9LBVfYKXNXlYUjMkrhfSEv",
        "status": "in_progress",
        "started_at": 1733781873,
        "expires_at": 1733782473,
        "cancelled_at": null,
        "failed_at": null,
        "completed_at": null,
        "required_action": null,
        "last_error": null,
        "model": "gpt-4-1106-preview",
        "instructions": "You are helpful assistant",
        "tools": [],
        "tool_resources": {},
        "metadata": {},
        "temperature": 1.0,
        "top_p": 1.0,
        "max_completion_tokens": null,
        "max_prompt_tokens": null,
        "truncation_strategy": {
          "type": "auto",
          "last_messages": null
        },
        "incomplete_details": null,
        "usage": null,
        "response_format": "auto",
        "tool_choice": "auto",
        "parallel_tool_calls": true
      }
    },
    {
      "RequestUri": "https://Sanitized.api.azureml.ms/agents/v1.0/subscriptions/00000000-0000-0000-0000-000000000000/resourceGroups/00000/providers/Microsoft.MachineLearningServices/workspaces/00000/threads/thread_bQ9LBVfYKXNXlYUjMkrhfSEv/runs/Sanitized?api-version=2024-07-01-preview",
      "RequestMethod": "GET",
      "RequestHeaders": {
        "Accept": "application/json",
        "Accept-Encoding": "gzip, deflate",
        "User-Agent": "azsdk-python-ai-projects/1.0.0b1 Python/3.12.8 (Windows-11-10.0.22631-SP0)"
      },
      "RequestBody": null,
      "StatusCode": 200,
      "ResponseHeaders": {
        "apim-request-id": "f0ed64f5-e0a3-4177-b58d-cbbbbde0fadf",
        "Connection": "keep-alive",
        "Content-Encoding": "gzip",
        "Content-Type": "application/json",
        "Date": "Mon, 09 Dec 2024 22:04:47 GMT",
        "openai-organization": "3d8304e5257c4cc49d2bec8a48b2e43f",
        "openai-processing-ms": "39",
        "openai-version": "2020-10-01",
        "request-context": "appId=cid-v1:17d65b70-e9ce-4ed5-9347-1f660ec782e9",
        "Strict-Transport-Security": "max-age=31536000; includeSubDomains; preload",
        "Transfer-Encoding": "chunked",
        "Vary": "Accept-Encoding",
        "x-aml-cluster": "vienna-eastus2euap-01",
        "X-Content-Type-Options": "nosniff",
        "x-ms-middleware-request-id": "0bdddcb2-26d1-46f6-ad3d-fb17979b11eb",
        "x-ms-region": "West US 2",
        "x-ms-response-type": "standard",
        "X-Request-ID": "67e01f80e6b73d734108f2f56507a001",
        "x-request-time": "0.276"
      },
      "ResponseBody": {
        "id": "run_ClcXNWDjqiZ85LGaGdxrhToV",
        "object": "thread.run",
        "created_at": 1733781873,
        "assistant_id": "asst_9E8KTlLXGKmqbNufbEz9cYLt",
        "thread_id": "thread_bQ9LBVfYKXNXlYUjMkrhfSEv",
        "status": "in_progress",
        "started_at": 1733781873,
        "expires_at": 1733782473,
        "cancelled_at": null,
        "failed_at": null,
        "completed_at": null,
        "required_action": null,
        "last_error": null,
        "model": "gpt-4-1106-preview",
        "instructions": "You are helpful assistant",
        "tools": [],
        "tool_resources": {},
        "metadata": {},
        "temperature": 1.0,
        "top_p": 1.0,
        "max_completion_tokens": null,
        "max_prompt_tokens": null,
        "truncation_strategy": {
          "type": "auto",
          "last_messages": null
        },
        "incomplete_details": null,
        "usage": null,
        "response_format": "auto",
        "tool_choice": "auto",
        "parallel_tool_calls": true
      }
    },
    {
      "RequestUri": "https://Sanitized.api.azureml.ms/agents/v1.0/subscriptions/00000000-0000-0000-0000-000000000000/resourceGroups/00000/providers/Microsoft.MachineLearningServices/workspaces/00000/threads/thread_bQ9LBVfYKXNXlYUjMkrhfSEv/runs/Sanitized?api-version=2024-07-01-preview",
      "RequestMethod": "GET",
      "RequestHeaders": {
        "Accept": "application/json",
        "Accept-Encoding": "gzip, deflate",
        "User-Agent": "azsdk-python-ai-projects/1.0.0b1 Python/3.12.8 (Windows-11-10.0.22631-SP0)"
      },
      "RequestBody": null,
      "StatusCode": 200,
      "ResponseHeaders": {
        "apim-request-id": "7bfa709e-7db1-40c4-9a36-aea87c0457ef",
        "Connection": "keep-alive",
        "Content-Encoding": "gzip",
        "Content-Type": "application/json",
        "Date": "Mon, 09 Dec 2024 22:04:49 GMT",
        "openai-organization": "3d8304e5257c4cc49d2bec8a48b2e43f",
        "openai-processing-ms": "223",
        "openai-version": "2020-10-01",
        "request-context": "appId=cid-v1:17d65b70-e9ce-4ed5-9347-1f660ec782e9",
        "Strict-Transport-Security": "max-age=31536000; includeSubDomains; preload",
        "Transfer-Encoding": "chunked",
        "Vary": "Accept-Encoding",
        "x-aml-cluster": "vienna-eastus2euap-01",
        "X-Content-Type-Options": "nosniff",
        "x-ms-middleware-request-id": "0bb5cdb1-4085-45a0-9042-7ef3e01c7a0d",
        "x-ms-region": "West US 2",
        "x-ms-response-type": "standard",
        "X-Request-ID": "d3886b3f8902c0ce45d036a03988cb30",
        "x-request-time": "0.504"
      },
      "ResponseBody": {
        "id": "run_ClcXNWDjqiZ85LGaGdxrhToV",
        "object": "thread.run",
        "created_at": 1733781873,
        "assistant_id": "asst_9E8KTlLXGKmqbNufbEz9cYLt",
        "thread_id": "thread_bQ9LBVfYKXNXlYUjMkrhfSEv",
        "status": "in_progress",
        "started_at": 1733781873,
        "expires_at": 1733782473,
        "cancelled_at": null,
        "failed_at": null,
        "completed_at": null,
        "required_action": null,
        "last_error": null,
        "model": "gpt-4-1106-preview",
        "instructions": "You are helpful assistant",
        "tools": [],
        "tool_resources": {},
        "metadata": {},
        "temperature": 1.0,
        "top_p": 1.0,
        "max_completion_tokens": null,
        "max_prompt_tokens": null,
        "truncation_strategy": {
          "type": "auto",
          "last_messages": null
        },
        "incomplete_details": null,
        "usage": null,
        "response_format": "auto",
        "tool_choice": "auto",
        "parallel_tool_calls": true
      }
    },
    {
      "RequestUri": "https://Sanitized.api.azureml.ms/agents/v1.0/subscriptions/00000000-0000-0000-0000-000000000000/resourceGroups/00000/providers/Microsoft.MachineLearningServices/workspaces/00000/threads/thread_bQ9LBVfYKXNXlYUjMkrhfSEv/runs/Sanitized?api-version=2024-07-01-preview",
      "RequestMethod": "GET",
      "RequestHeaders": {
        "Accept": "application/json",
        "Accept-Encoding": "gzip, deflate",
        "User-Agent": "azsdk-python-ai-projects/1.0.0b1 Python/3.12.8 (Windows-11-10.0.22631-SP0)"
      },
      "RequestBody": null,
      "StatusCode": 200,
      "ResponseHeaders": {
        "apim-request-id": "3d5d0d22-7dc9-4ce0-9f04-f4d603309df7",
        "Connection": "keep-alive",
        "Content-Encoding": "gzip",
        "Content-Type": "application/json",
        "Date": "Mon, 09 Dec 2024 22:04:50 GMT",
        "openai-organization": "3d8304e5257c4cc49d2bec8a48b2e43f",
        "openai-processing-ms": "47",
        "openai-version": "2020-10-01",
        "request-context": "appId=cid-v1:17d65b70-e9ce-4ed5-9347-1f660ec782e9",
        "Strict-Transport-Security": "max-age=31536000; includeSubDomains; preload",
        "Transfer-Encoding": "chunked",
        "Vary": "Accept-Encoding",
        "x-aml-cluster": "vienna-eastus2euap-01",
        "X-Content-Type-Options": "nosniff",
        "x-ms-middleware-request-id": "b9ed3d45-0b41-4dce-9e2c-7ba167e927c4",
        "x-ms-region": "West US 2",
        "x-ms-response-type": "standard",
        "X-Request-ID": "01606ab6dc9d0d5c2a5f74b570ee43e7",
        "x-request-time": "0.263"
      },
      "ResponseBody": {
        "id": "run_ClcXNWDjqiZ85LGaGdxrhToV",
        "object": "thread.run",
        "created_at": 1733781873,
        "assistant_id": "asst_9E8KTlLXGKmqbNufbEz9cYLt",
        "thread_id": "thread_bQ9LBVfYKXNXlYUjMkrhfSEv",
        "status": "in_progress",
        "started_at": 1733781873,
        "expires_at": 1733782473,
        "cancelled_at": null,
        "failed_at": null,
        "completed_at": null,
        "required_action": null,
        "last_error": null,
        "model": "gpt-4-1106-preview",
        "instructions": "You are helpful assistant",
        "tools": [],
        "tool_resources": {},
        "metadata": {},
        "temperature": 1.0,
        "top_p": 1.0,
        "max_completion_tokens": null,
        "max_prompt_tokens": null,
        "truncation_strategy": {
          "type": "auto",
          "last_messages": null
        },
        "incomplete_details": null,
        "usage": null,
        "response_format": "auto",
        "tool_choice": "auto",
        "parallel_tool_calls": true
      }
    },
    {
      "RequestUri": "https://Sanitized.api.azureml.ms/agents/v1.0/subscriptions/00000000-0000-0000-0000-000000000000/resourceGroups/00000/providers/Microsoft.MachineLearningServices/workspaces/00000/threads/thread_bQ9LBVfYKXNXlYUjMkrhfSEv/runs/Sanitized?api-version=2024-07-01-preview",
      "RequestMethod": "GET",
      "RequestHeaders": {
        "Accept": "application/json",
        "Accept-Encoding": "gzip, deflate",
        "User-Agent": "azsdk-python-ai-projects/1.0.0b1 Python/3.12.8 (Windows-11-10.0.22631-SP0)"
      },
      "RequestBody": null,
      "StatusCode": 200,
      "ResponseHeaders": {
        "apim-request-id": "75fc742f-b2d1-489a-ba14-13b358b0948c",
        "Connection": "keep-alive",
        "Content-Encoding": "gzip",
        "Content-Type": "application/json",
        "Date": "Mon, 09 Dec 2024 22:04:52 GMT",
        "openai-organization": "3d8304e5257c4cc49d2bec8a48b2e43f",
        "openai-processing-ms": "63",
        "openai-version": "2020-10-01",
        "request-context": "appId=cid-v1:17d65b70-e9ce-4ed5-9347-1f660ec782e9",
        "Strict-Transport-Security": "max-age=31536000; includeSubDomains; preload",
        "Transfer-Encoding": "chunked",
        "Vary": "Accept-Encoding",
        "x-aml-cluster": "vienna-eastus2euap-01",
        "X-Content-Type-Options": "nosniff",
        "x-ms-middleware-request-id": "aa9a0a55-c1cf-417b-a21b-65eef81ef18a",
        "x-ms-region": "West US 2",
        "x-ms-response-type": "standard",
        "X-Request-ID": "b1395a8aa72600ece9eb6a08b55a8ecf",
        "x-request-time": "0.291"
      },
      "ResponseBody": {
        "id": "run_ClcXNWDjqiZ85LGaGdxrhToV",
        "object": "thread.run",
        "created_at": 1733781873,
        "assistant_id": "asst_9E8KTlLXGKmqbNufbEz9cYLt",
        "thread_id": "thread_bQ9LBVfYKXNXlYUjMkrhfSEv",
        "status": "in_progress",
        "started_at": 1733781873,
        "expires_at": 1733782473,
        "cancelled_at": null,
        "failed_at": null,
        "completed_at": null,
        "required_action": null,
        "last_error": null,
        "model": "gpt-4-1106-preview",
        "instructions": "You are helpful assistant",
        "tools": [],
        "tool_resources": {},
        "metadata": {},
        "temperature": 1.0,
        "top_p": 1.0,
        "max_completion_tokens": null,
        "max_prompt_tokens": null,
        "truncation_strategy": {
          "type": "auto",
          "last_messages": null
        },
        "incomplete_details": null,
        "usage": null,
        "response_format": "auto",
        "tool_choice": "auto",
        "parallel_tool_calls": true
      }
    },
    {
      "RequestUri": "https://Sanitized.api.azureml.ms/agents/v1.0/subscriptions/00000000-0000-0000-0000-000000000000/resourceGroups/00000/providers/Microsoft.MachineLearningServices/workspaces/00000/threads/thread_bQ9LBVfYKXNXlYUjMkrhfSEv/runs/Sanitized?api-version=2024-07-01-preview",
      "RequestMethod": "GET",
      "RequestHeaders": {
        "Accept": "application/json",
        "Accept-Encoding": "gzip, deflate",
        "User-Agent": "azsdk-python-ai-projects/1.0.0b1 Python/3.12.8 (Windows-11-10.0.22631-SP0)"
      },
      "RequestBody": null,
      "StatusCode": 200,
      "ResponseHeaders": {
        "apim-request-id": "851e199f-ea19-475a-96c8-5df7919af515",
        "Connection": "keep-alive",
        "Content-Encoding": "gzip",
        "Content-Type": "application/json",
        "Date": "Mon, 09 Dec 2024 22:04:53 GMT",
        "openai-organization": "3d8304e5257c4cc49d2bec8a48b2e43f",
        "openai-processing-ms": "132",
        "openai-version": "2020-10-01",
        "request-context": "appId=cid-v1:17d65b70-e9ce-4ed5-9347-1f660ec782e9",
        "Strict-Transport-Security": "max-age=31536000; includeSubDomains; preload",
        "Transfer-Encoding": "chunked",
        "Vary": "Accept-Encoding",
        "x-aml-cluster": "vienna-eastus2euap-01",
        "X-Content-Type-Options": "nosniff",
        "x-ms-middleware-request-id": "e1f055a7-17d3-492a-accd-78f06cf28d2f",
        "x-ms-region": "West US 2",
        "x-ms-response-type": "standard",
        "X-Request-ID": "9698c1cd6faa94486a49f6118b3ac7e3",
        "x-request-time": "0.490"
      },
      "ResponseBody": {
        "id": "run_ClcXNWDjqiZ85LGaGdxrhToV",
        "object": "thread.run",
        "created_at": 1733781873,
        "assistant_id": "asst_9E8KTlLXGKmqbNufbEz9cYLt",
        "thread_id": "thread_bQ9LBVfYKXNXlYUjMkrhfSEv",
        "status": "in_progress",
        "started_at": 1733781873,
        "expires_at": 1733782473,
        "cancelled_at": null,
        "failed_at": null,
        "completed_at": null,
        "required_action": null,
        "last_error": null,
        "model": "gpt-4-1106-preview",
        "instructions": "You are helpful assistant",
        "tools": [],
        "tool_resources": {},
        "metadata": {},
        "temperature": 1.0,
        "top_p": 1.0,
        "max_completion_tokens": null,
        "max_prompt_tokens": null,
        "truncation_strategy": {
          "type": "auto",
          "last_messages": null
        },
        "incomplete_details": null,
        "usage": null,
        "response_format": "auto",
        "tool_choice": "auto",
        "parallel_tool_calls": true
      }
    },
    {
      "RequestUri": "https://Sanitized.api.azureml.ms/agents/v1.0/subscriptions/00000000-0000-0000-0000-000000000000/resourceGroups/00000/providers/Microsoft.MachineLearningServices/workspaces/00000/threads/thread_bQ9LBVfYKXNXlYUjMkrhfSEv/runs/Sanitized?api-version=2024-07-01-preview",
      "RequestMethod": "GET",
      "RequestHeaders": {
        "Accept": "application/json",
        "Accept-Encoding": "gzip, deflate",
        "User-Agent": "azsdk-python-ai-projects/1.0.0b1 Python/3.12.8 (Windows-11-10.0.22631-SP0)"
      },
      "RequestBody": null,
      "StatusCode": 200,
      "ResponseHeaders": {
        "apim-request-id": "2fa2f007-be28-4018-9c69-879fc02ce70a",
        "Connection": "keep-alive",
        "Content-Encoding": "gzip",
        "Content-Type": "application/json",
        "Date": "Mon, 09 Dec 2024 22:04:55 GMT",
        "openai-organization": "3d8304e5257c4cc49d2bec8a48b2e43f",
        "openai-processing-ms": "52",
        "openai-version": "2020-10-01",
        "request-context": "appId=cid-v1:17d65b70-e9ce-4ed5-9347-1f660ec782e9",
        "Strict-Transport-Security": "max-age=31536000; includeSubDomains; preload",
        "Transfer-Encoding": "chunked",
        "Vary": "Accept-Encoding",
        "x-aml-cluster": "vienna-eastus2euap-01",
        "X-Content-Type-Options": "nosniff",
        "x-ms-middleware-request-id": "7a61860e-57fc-4d10-b553-e6444398a9a9",
        "x-ms-region": "West US 2",
        "x-ms-response-type": "standard",
        "X-Request-ID": "d63d9f38a40a19e6a8a79693ace59d82",
        "x-request-time": "0.312"
      },
      "ResponseBody": {
        "id": "run_ClcXNWDjqiZ85LGaGdxrhToV",
        "object": "thread.run",
        "created_at": 1733781873,
        "assistant_id": "asst_9E8KTlLXGKmqbNufbEz9cYLt",
        "thread_id": "thread_bQ9LBVfYKXNXlYUjMkrhfSEv",
        "status": "in_progress",
        "started_at": 1733781873,
        "expires_at": 1733782473,
        "cancelled_at": null,
        "failed_at": null,
        "completed_at": null,
        "required_action": null,
        "last_error": null,
        "model": "gpt-4-1106-preview",
        "instructions": "You are helpful assistant",
        "tools": [],
        "tool_resources": {},
        "metadata": {},
        "temperature": 1.0,
        "top_p": 1.0,
        "max_completion_tokens": null,
        "max_prompt_tokens": null,
        "truncation_strategy": {
          "type": "auto",
          "last_messages": null
        },
        "incomplete_details": null,
        "usage": null,
        "response_format": "auto",
        "tool_choice": "auto",
        "parallel_tool_calls": true
      }
    },
    {
      "RequestUri": "https://Sanitized.api.azureml.ms/agents/v1.0/subscriptions/00000000-0000-0000-0000-000000000000/resourceGroups/00000/providers/Microsoft.MachineLearningServices/workspaces/00000/threads/thread_bQ9LBVfYKXNXlYUjMkrhfSEv/runs/Sanitized?api-version=2024-07-01-preview",
      "RequestMethod": "GET",
      "RequestHeaders": {
        "Accept": "application/json",
        "Accept-Encoding": "gzip, deflate",
        "User-Agent": "azsdk-python-ai-projects/1.0.0b1 Python/3.12.8 (Windows-11-10.0.22631-SP0)"
      },
      "RequestBody": null,
      "StatusCode": 200,
      "ResponseHeaders": {
        "apim-request-id": "5dc2341a-a6c2-4a5c-9792-68d4b31087f1",
        "Connection": "keep-alive",
        "Content-Encoding": "gzip",
        "Content-Type": "application/json",
        "Date": "Mon, 09 Dec 2024 22:04:56 GMT",
        "openai-organization": "3d8304e5257c4cc49d2bec8a48b2e43f",
        "openai-processing-ms": "150",
        "openai-version": "2020-10-01",
        "request-context": "appId=cid-v1:17d65b70-e9ce-4ed5-9347-1f660ec782e9",
        "Strict-Transport-Security": "max-age=31536000; includeSubDomains; preload",
        "Transfer-Encoding": "chunked",
        "Vary": "Accept-Encoding",
        "x-aml-cluster": "vienna-eastus2euap-01",
        "X-Content-Type-Options": "nosniff",
        "x-ms-middleware-request-id": "e38ea372-ce32-41ad-8bac-3452f14f807b",
        "x-ms-region": "West US 2",
        "x-ms-response-type": "standard",
        "X-Request-ID": "9cebc1f4e44e89cb3215e4714cb398c8",
        "x-request-time": "0.393"
      },
      "ResponseBody": {
        "id": "run_ClcXNWDjqiZ85LGaGdxrhToV",
        "object": "thread.run",
        "created_at": 1733781873,
        "assistant_id": "asst_9E8KTlLXGKmqbNufbEz9cYLt",
        "thread_id": "thread_bQ9LBVfYKXNXlYUjMkrhfSEv",
        "status": "completed",
        "started_at": 1733781873,
        "expires_at": null,
        "cancelled_at": null,
        "failed_at": null,
        "completed_at": 1733781895,
        "required_action": null,
        "last_error": null,
        "model": "gpt-4-1106-preview",
        "instructions": "You are helpful assistant",
        "tools": [],
        "tool_resources": {},
        "metadata": {},
        "temperature": 1.0,
        "top_p": 1.0,
        "max_completion_tokens": null,
        "max_prompt_tokens": null,
        "truncation_strategy": {
          "type": "auto",
          "last_messages": null
        },
        "incomplete_details": null,
        "usage": {
          "prompt_tokens": 50,
          "completion_tokens": 469,
          "total_tokens": 519
        },
        "response_format": "auto",
        "tool_choice": "auto",
        "parallel_tool_calls": true
      }
    },
    {
      "RequestUri": "https://Sanitized.api.azureml.ms/agents/v1.0/subscriptions/00000000-0000-0000-0000-000000000000/resourceGroups/00000/providers/Microsoft.MachineLearningServices/workspaces/00000/assistants/asst_9E8KTlLXGKmqbNufbEz9cYLt?api-version=2024-07-01-preview",
      "RequestMethod": "DELETE",
      "RequestHeaders": {
        "Accept": "application/json",
        "Accept-Encoding": "gzip, deflate",
        "Content-Length": "0",
        "User-Agent": "azsdk-python-ai-projects/1.0.0b1 Python/3.12.8 (Windows-11-10.0.22631-SP0)"
      },
      "RequestBody": null,
      "StatusCode": 200,
      "ResponseHeaders": {
        "apim-request-id": "ad7c60dd-66c0-4328-a16c-7661117621bc",
        "Connection": "keep-alive",
        "Content-Length": "95",
        "Content-Type": "application/json",
        "Date": "Mon, 09 Dec 2024 22:04:56 GMT",
        "openai-organization": "3d8304e5257c4cc49d2bec8a48b2e43f",
        "openai-processing-ms": "36",
        "openai-version": "2020-10-01",
        "request-context": "appId=cid-v1:17d65b70-e9ce-4ed5-9347-1f660ec782e9",
        "Strict-Transport-Security": "max-age=31536000; includeSubDomains; preload",
        "x-aml-cluster": "vienna-eastus2euap-01",
        "X-Content-Type-Options": "nosniff",
        "x-ms-middleware-request-id": "df9cf932-a654-41ab-b9e1-9d423720147a",
        "x-ms-region": "West US 2",
        "x-ms-response-type": "standard",
        "X-Request-ID": "6f6cbfd717c2073d73810b49425295db",
        "x-request-time": "0.300"
      },
      "ResponseBody": {
        "id": "asst_9E8KTlLXGKmqbNufbEz9cYLt",
        "object": "assistant.deleted",
        "deleted": true
      }
    },
    {
      "RequestUri": "https://Sanitized.api.azureml.ms/agents/v1.0/subscriptions/00000000-0000-0000-0000-000000000000/resourceGroups/00000/providers/Microsoft.MachineLearningServices/workspaces/00000/threads/thread_bQ9LBVfYKXNXlYUjMkrhfSEv/messages?api-version=2024-07-01-preview",
      "RequestMethod": "GET",
      "RequestHeaders": {
        "Accept": "application/json",
        "Accept-Encoding": "gzip, deflate",
        "User-Agent": "azsdk-python-ai-projects/1.0.0b1 Python/3.12.8 (Windows-11-10.0.22631-SP0)"
      },
      "RequestBody": null,
      "StatusCode": 200,
      "ResponseHeaders": {
        "apim-request-id": "bff8f5c3-2dad-4de5-895f-a4f893cf363e",
        "Connection": "keep-alive",
        "Content-Encoding": "gzip",
        "Content-Type": "application/json",
        "Date": "Mon, 09 Dec 2024 22:04:57 GMT",
        "openai-organization": "3d8304e5257c4cc49d2bec8a48b2e43f",
        "openai-processing-ms": "78",
        "openai-version": "2020-10-01",
        "request-context": "appId=cid-v1:17d65b70-e9ce-4ed5-9347-1f660ec782e9",
        "Strict-Transport-Security": "max-age=31536000; includeSubDomains; preload",
        "Transfer-Encoding": "chunked",
        "Vary": "Accept-Encoding",
        "x-aml-cluster": "vienna-eastus2euap-01",
        "X-Content-Type-Options": "nosniff",
        "x-ms-middleware-request-id": "915d378e-00a5-4ca6-8f39-38e556b1f1a4",
        "x-ms-region": "West US 2",
        "x-ms-response-type": "standard",
        "X-Request-ID": "2af5902251c47a452d29aad8cdc642b0",
        "x-request-time": "0.394"
      },
      "ResponseBody": {
        "object": "list",
        "data": [
          {
            "id": "msg_K4t8UHRT2gaLN6NlEF8TpXje",
            "object": "thread.message",
            "created_at": 1733781875,
            "assistant_id": "asst_9E8KTlLXGKmqbNufbEz9cYLt",
            "thread_id": "thread_bQ9LBVfYKXNXlYUjMkrhfSEv",
            "run_id": "run_ClcXNWDjqiZ85LGaGdxrhToV",
            "role": "assistant",
            "content": [
              {
                "type": "text",
                "text": {
                  "value": "Impedance, in the context of electrical circuits, is a complex value that represents the opposition that a circuit presents to the flow of alternating current (AC). The formula for calculating the impedance (Z) depends on the components of the circuit. For a simple circuit containing only resistive and/or reactive (inductive and capacitive) elements, the impedance can be calculated using the following formula:\n\nZ = R + jX\n\nwhere:\n- Z is the impedance, measured in ohms ().\n- R is the resistance, measured in ohms ().\n- X is the reactance, measured in ohms ().\n- j is the imaginary unit, representing a phase shift of 90 degrees, which is the mathematical representation of the phase difference between the voltage and current in a reactive component.\n\nThe reactance (X) has two components: inductive reactance (XL) and capacitive reactance (XC), which are given by:\n\nXL = 2fL\nXC = 1 / (2fC)\n\nwhere:\n- XL is the inductive reactance, associated with inductors, measured in ohms ().\n- XC is the capacitive reactance, associated with capacitors, measured in ohms ().\n-  is Pi, approximately 3.14159.\n- f is the frequency of the AC source, measured in hertz (Hz).\n- L is the inductance, measured in henrys (H).\n- C is the capacitance, measured in farads (F).\n\nThe total reactance X is the difference between the inductive and capacitive reactances:\n\nX = XL - XC\n\nFinally, the magnitude of the impedance can be calculated using the following equation, which comes from the Pythagorean theorem applied to the real and imaginary components (R and X):\n\n|Z| = (R^2 + X^2)\n\nNote that impedance is a frequency-dependent property because the reactance components (XL and XC) vary with frequency. The angle of the impedance (phase angle ) can also be determined by:\n\n = arctan(X / R)\n\nImpedance is a key concept in AC circuits and plays a crucial role in the analysis and design of electrical and electronic systems.",
                  "annotations": []
                }
              }
            ],
            "attachments": [],
            "metadata": {}
          },
          {
            "id": "msg_B9gkQuHCz2GuU64RlS5DcQtT",
            "object": "thread.message",
            "created_at": 1733781873,
            "assistant_id": null,
            "thread_id": "thread_bQ9LBVfYKXNXlYUjMkrhfSEv",
            "run_id": null,
            "role": "user",
            "content": [
              {
                "type": "text",
                "text": {
                  "value": "What is the impedance formula?",
                  "annotations": []
                }
              }
            ],
            "attachments": [],
            "metadata": {}
          },
          {
            "id": "msg_99c22pMXbmNeRK5RwNzd0rr9",
            "object": "thread.message",
            "created_at": 1733781873,
            "assistant_id": null,
            "thread_id": "thread_bQ9LBVfYKXNXlYUjMkrhfSEv",
            "run_id": null,
            "role": "assistant",
            "content": [
              {
                "type": "text",
                "text": {
                  "value": "E=mc^2",
                  "annotations": []
                }
              }
            ],
            "attachments": [],
            "metadata": {}
          },
          {
            "id": "msg_sbJBFFCtBxGTlK8AKFxocu1G",
            "object": "thread.message",
            "created_at": 1733781872,
            "assistant_id": null,
            "thread_id": "thread_bQ9LBVfYKXNXlYUjMkrhfSEv",
            "run_id": null,
            "role": "user",
            "content": [
              {
                "type": "text",
                "text": {
                  "value": "What is the equation of light energy?",
                  "annotations": []
                }
              }
            ],
            "attachments": [],
            "metadata": {}
          }
        ],
        "first_id": "msg_K4t8UHRT2gaLN6NlEF8TpXje",
        "last_id": "msg_sbJBFFCtBxGTlK8AKFxocu1G",
        "has_more": false
      }
    }
  ],
  "Variables": {}
}
