{
  "Entries": [
    {
      "RequestUri": "https://REDACTED/secrets/testsecretrecover93279a?api-version=7.5-preview.1",
      "RequestMethod": "PUT",
      "RequestHeaders": {
        "Accept": "application/json",
        "Content-Length": "0",
        "Content-Type": "application/json",
        "User-Agent": "azsdk-java-azure-security-keyvault-secrets/4.8.0-beta.1 (17.0.8.1; Windows 11; 10.0)"
      },
      "RequestBody": null,
      "StatusCode": 401,
      "ResponseHeaders": {
        "Cache-Control": "no-cache",
        "Content-Length": "97",
        "Content-Type": "application/json; charset=utf-8",
        "Date": "Tue, 07 Nov 2023 03:48:54 GMT",
        "Expires": "-1",
        "Pragma": "no-cache",
        "Strict-Transport-Security": "max-age=31536000;includeSubDomains",
        "WWW-Authenticate": "Bearer authorization=\u0022https://login.microsoftonline.com/72f988bf-86f1-41af-91ab-2d7cd011db47\u0022, resource=\u0022https://vault.azure.net\u0022",
        "X-Content-Type-Options": "nosniff",
        "x-ms-keyvault-network-info": "conn_type=Ipv4;addr=172.92.148.195;act_addr_fam=InterNetwork;",
        "x-ms-keyvault-region": "westus",
        "x-ms-keyvault-service-version": "1.9.1054.1",
        "x-ms-request-id": "dee76079-a32c-44d8-b3c8-d134fbe11bd1"
      },
      "ResponseBody": {
        "error": {
          "code": "Unauthorized",
          "message": "AKV10000: Request is missing a Bearer or PoP token."
        }
      }
    },
    {
      "RequestUri": "https://REDACTED/secrets/testsecretrecover93279a?api-version=7.5-preview.1",
      "RequestMethod": "PUT",
      "RequestHeaders": {
        "Accept": "application/json",
        "Authorization": "Sanitized",
        "Content-Length": "97",
        "Content-Type": "application/json",
        "User-Agent": "azsdk-java-azure-security-keyvault-secrets/4.8.0-beta.1 (17.0.8.1; Windows 11; 10.0)"
      },
      "RequestBody": {
        "value": "testSecretRecoverVal",
        "contentType": "application/json",
        "attributes": {
          "exp": 2537049600
        }
      },
      "StatusCode": 200,
      "ResponseHeaders": {
        "Cache-Control": "no-cache",
        "Content-Length": "333",
        "Content-Type": "application/json; charset=utf-8",
        "Date": "Tue, 07 Nov 2023 03:48:55 GMT",
        "Expires": "-1",
        "Pragma": "no-cache",
        "Strict-Transport-Security": "max-age=31536000;includeSubDomains",
        "X-Content-Type-Options": "nosniff",
        "x-ms-keyvault-network-info": "conn_type=Ipv4;addr=172.92.148.195;act_addr_fam=InterNetwork;",
        "x-ms-keyvault-region": "westus",
        "x-ms-keyvault-service-version": "1.9.1054.1",
        "x-ms-request-id": "c5516254-5419-42f3-bd41-d4a1bc9d0b4f"
      },
      "ResponseBody": {
        "value": "testSecretRecoverVal",
        "contentType": "application/json",
        "id": "https://azkvrecordtests.vault.azure.net/secrets/testsecretrecover93279a/6aaca77c7fad45ce8f43ee04021407ae",
        "attributes": {
          "enabled": true,
          "exp": 2537049600,
          "created": 1699328936,
          "updated": 1699328936,
          "recoveryLevel": "CustomizedRecoverable\u002BPurgeable",
          "recoverableDays": 7
        }
      }
    },
    {
      "RequestUri": "https://REDACTED/secrets/testsecretrecover93279a?api-version=7.5-preview.1",
      "RequestMethod": "DELETE",
      "RequestHeaders": {
        "Accept": "application/json",
        "Authorization": "Sanitized",
        "Content-Length": "0",
        "User-Agent": "azsdk-java-azure-security-keyvault-secrets/4.8.0-beta.1 (17.0.8.1; Windows 11; 10.0)"
      },
      "RequestBody": null,
      "StatusCode": 200,
      "ResponseHeaders": {
        "Cache-Control": "no-cache",
        "Content-Length": "450",
        "Content-Type": "application/json; charset=utf-8",
        "Date": "Tue, 07 Nov 2023 03:48:55 GMT",
        "Expires": "-1",
        "Pragma": "no-cache",
        "Strict-Transport-Security": "max-age=31536000;includeSubDomains",
        "X-Content-Type-Options": "nosniff",
        "x-ms-keyvault-network-info": "conn_type=Ipv4;addr=172.92.148.195;act_addr_fam=InterNetwork;",
        "x-ms-keyvault-region": "westus",
        "x-ms-keyvault-service-version": "1.9.1054.1",
        "x-ms-request-id": "ef49c200-14b8-4be0-813a-77c705efe4c4"
      },
      "ResponseBody": {
        "recoveryId": "https://azkvrecordtests.vault.azure.net/deletedsecrets/testsecretrecover93279a",
        "deletedDate": 1699328936,
        "scheduledPurgeDate": 1699933736,
        "contentType": "application/json",
        "id": "https://azkvrecordtests.vault.azure.net/secrets/testsecretrecover93279a/6aaca77c7fad45ce8f43ee04021407ae",
        "attributes": {
          "enabled": true,
          "exp": 2537049600,
          "created": 1699328936,
          "updated": 1699328936,
          "recoveryLevel": "CustomizedRecoverable\u002BPurgeable",
          "recoverableDays": 7
        }
      }
    },
    {
      "RequestUri": "https://REDACTED/deletedsecrets/testsecretrecover93279a?api-version=7.5-preview.1",
      "RequestMethod": "GET",
      "RequestHeaders": {
        "Accept": "application/json",
        "Authorization": "Sanitized",
        "Content-Length": "0",
        "User-Agent": "azsdk-java-azure-security-keyvault-secrets/4.8.0-beta.1 (17.0.8.1; Windows 11; 10.0)"
      },
      "RequestBody": null,
      "StatusCode": 404,
      "ResponseHeaders": {
        "Cache-Control": "no-cache",
        "Content-Length": "97",
        "Content-Type": "application/json; charset=utf-8",
        "Date": "Tue, 07 Nov 2023 03:48:55 GMT",
        "Expires": "-1",
        "Pragma": "no-cache",
        "Strict-Transport-Security": "max-age=31536000;includeSubDomains",
        "X-Content-Type-Options": "nosniff",
        "x-ms-keyvault-network-info": "conn_type=Ipv4;addr=172.92.148.195;act_addr_fam=InterNetwork;",
        "x-ms-keyvault-region": "westus",
        "x-ms-keyvault-service-version": "1.9.1054.1",
        "x-ms-request-id": "54c92e60-7928-44d0-aa59-d942bf59956c"
      },
      "ResponseBody": {
        "error": {
          "code": "SecretNotFound",
          "message": "Deleted Secret not found: testsecretrecover93279a"
        }
      }
    },
    {
      "RequestUri": "https://REDACTED/deletedsecrets/testsecretrecover93279a?api-version=7.5-preview.1",
      "RequestMethod": "GET",
      "RequestHeaders": {
        "Accept": "application/json",
        "Authorization": "Sanitized",
        "Content-Length": "0",
        "User-Agent": "azsdk-java-azure-security-keyvault-secrets/4.8.0-beta.1 (17.0.8.1; Windows 11; 10.0)"
      },
      "RequestBody": null,
      "StatusCode": 404,
      "ResponseHeaders": {
        "Cache-Control": "no-cache",
        "Content-Length": "97",
        "Content-Type": "application/json; charset=utf-8",
        "Date": "Tue, 07 Nov 2023 03:48:56 GMT",
        "Expires": "-1",
        "Pragma": "no-cache",
        "Strict-Transport-Security": "max-age=31536000;includeSubDomains",
        "X-Content-Type-Options": "nosniff",
        "x-ms-keyvault-network-info": "conn_type=Ipv4;addr=172.92.148.195;act_addr_fam=InterNetwork;",
        "x-ms-keyvault-region": "westus",
        "x-ms-keyvault-service-version": "1.9.1054.1",
        "x-ms-request-id": "3ee1ccce-a0b6-4e07-8025-db49bc24da13"
      },
      "ResponseBody": {
        "error": {
          "code": "SecretNotFound",
          "message": "Deleted Secret not found: testsecretrecover93279a"
        }
      }
    },
    {
      "RequestUri": "https://REDACTED/deletedsecrets/testsecretrecover93279a?api-version=7.5-preview.1",
      "RequestMethod": "GET",
      "RequestHeaders": {
        "Accept": "application/json",
        "Authorization": "Sanitized",
        "Content-Length": "0",
        "User-Agent": "azsdk-java-azure-security-keyvault-secrets/4.8.0-beta.1 (17.0.8.1; Windows 11; 10.0)"
      },
      "RequestBody": null,
      "StatusCode": 200,
      "ResponseHeaders": {
        "Cache-Control": "no-cache",
        "Content-Length": "450",
        "Content-Type": "application/json; charset=utf-8",
        "Date": "Tue, 07 Nov 2023 03:48:57 GMT",
        "Expires": "-1",
        "Pragma": "no-cache",
        "Strict-Transport-Security": "max-age=31536000;includeSubDomains",
        "X-Content-Type-Options": "nosniff",
        "x-ms-keyvault-network-info": "conn_type=Ipv4;addr=172.92.148.195;act_addr_fam=InterNetwork;",
        "x-ms-keyvault-region": "westus",
        "x-ms-keyvault-service-version": "1.9.1054.1",
        "x-ms-request-id": "f279ef87-4d5e-4f48-b040-152364a865aa"
      },
      "ResponseBody": {
        "recoveryId": "https://azkvrecordtests.vault.azure.net/deletedsecrets/testsecretrecover93279a",
        "deletedDate": 1699328936,
        "scheduledPurgeDate": 1699933736,
        "contentType": "application/json",
        "id": "https://azkvrecordtests.vault.azure.net/secrets/testsecretrecover93279a/6aaca77c7fad45ce8f43ee04021407ae",
        "attributes": {
          "enabled": true,
          "exp": 2537049600,
          "created": 1699328936,
          "updated": 1699328936,
          "recoveryLevel": "CustomizedRecoverable\u002BPurgeable",
          "recoverableDays": 7
        }
      }
    },
    {
      "RequestUri": "https://REDACTED/deletedsecrets/testsecretrecover93279a/recover?api-version=7.5-preview.1",
      "RequestMethod": "POST",
      "RequestHeaders": {
        "Accept": "application/json",
        "Authorization": "Sanitized",
        "Content-Length": "0",
        "User-Agent": "azsdk-java-azure-security-keyvault-secrets/4.8.0-beta.1 (17.0.8.1; Windows 11; 10.0)"
      },
      "RequestBody": null,
      "StatusCode": 200,
      "ResponseHeaders": {
        "Cache-Control": "no-cache",
        "Content-Length": "302",
        "Content-Type": "application/json; charset=utf-8",
        "Date": "Tue, 07 Nov 2023 03:48:57 GMT",
        "Expires": "-1",
        "Pragma": "no-cache",
        "Strict-Transport-Security": "max-age=31536000;includeSubDomains",
        "X-Content-Type-Options": "nosniff",
        "x-ms-keyvault-network-info": "conn_type=Ipv4;addr=172.92.148.195;act_addr_fam=InterNetwork;",
        "x-ms-keyvault-region": "westus",
        "x-ms-keyvault-service-version": "1.9.1054.1",
        "x-ms-request-id": "41ee2efe-fde6-44e0-ba40-89e7f91f54e3"
      },
      "ResponseBody": {
        "contentType": "application/json",
        "id": "https://azkvrecordtests.vault.azure.net/secrets/testsecretrecover93279a/6aaca77c7fad45ce8f43ee04021407ae",
        "attributes": {
          "enabled": true,
          "exp": 2537049600,
          "created": 1699328936,
          "updated": 1699328936,
          "recoveryLevel": "CustomizedRecoverable\u002BPurgeable",
          "recoverableDays": 7
        }
      }
    },
    {
      "RequestUri": "https://REDACTED/secrets/testsecretrecover93279a/?api-version=7.5-preview.1",
      "RequestMethod": "GET",
      "RequestHeaders": {
        "Accept": "application/json",
        "Authorization": "Sanitized",
        "Content-Length": "0",
        "User-Agent": "azsdk-java-azure-security-keyvault-secrets/4.8.0-beta.1 (17.0.8.1; Windows 11; 10.0)"
      },
      "RequestBody": null,
      "StatusCode": 404,
      "ResponseHeaders": {
        "Cache-Control": "no-cache",
        "Content-Length": "320",
        "Content-Type": "application/json; charset=utf-8",
        "Date": "Tue, 07 Nov 2023 03:48:57 GMT",
        "Expires": "-1",
        "Pragma": "no-cache",
        "Strict-Transport-Security": "max-age=31536000;includeSubDomains",
        "X-Content-Type-Options": "nosniff",
        "x-ms-keyvault-network-info": "conn_type=Ipv4;addr=172.92.148.195;act_addr_fam=InterNetwork;",
        "x-ms-keyvault-region": "westus",
        "x-ms-keyvault-service-version": "1.9.1054.1",
        "x-ms-request-id": "853acb45-1e5a-4b36-81eb-4f5ea655c4d0"
      },
      "ResponseBody": {
        "error": {
          "code": "SecretNotFound",
          "message": "A secret with (name/id) testsecretrecover93279a was not found in this key vault. If you recently deleted this secret you may be able to recover it using the correct recovery command. For help resolving this issue, please see https://go.microsoft.com/fwlink/?linkid=2125182"
        }
      }
    },
    {
      "RequestUri": "https://REDACTED/secrets/testsecretrecover93279a/?api-version=7.5-preview.1",
      "RequestMethod": "GET",
      "RequestHeaders": {
        "Accept": "application/json",
        "Authorization": "Sanitized",
        "Content-Length": "0",
        "User-Agent": "azsdk-java-azure-security-keyvault-secrets/4.8.0-beta.1 (17.0.8.1; Windows 11; 10.0)"
      },
      "RequestBody": null,
      "StatusCode": 404,
      "ResponseHeaders": {
        "Cache-Control": "no-cache",
        "Content-Length": "320",
        "Content-Type": "application/json; charset=utf-8",
        "Date": "Tue, 07 Nov 2023 03:48:59 GMT",
        "Expires": "-1",
        "Pragma": "no-cache",
        "Strict-Transport-Security": "max-age=31536000;includeSubDomains",
        "X-Content-Type-Options": "nosniff",
        "x-ms-keyvault-network-info": "conn_type=Ipv4;addr=172.92.148.195;act_addr_fam=InterNetwork;",
        "x-ms-keyvault-region": "westus",
        "x-ms-keyvault-service-version": "1.9.1054.1",
        "x-ms-request-id": "64eb3e22-a589-4769-86fb-f1baefa81ae4"
      },
      "ResponseBody": {
        "error": {
          "code": "SecretNotFound",
          "message": "A secret with (name/id) testsecretrecover93279a was not found in this key vault. If you recently deleted this secret you may be able to recover it using the correct recovery command. For help resolving this issue, please see https://go.microsoft.com/fwlink/?linkid=2125182"
        }
      }
    },
    {
      "RequestUri": "https://REDACTED/secrets/testsecretrecover93279a/?api-version=7.5-preview.1",
      "RequestMethod": "GET",
      "RequestHeaders": {
        "Accept": "application/json",
        "Authorization": "Sanitized",
        "Content-Length": "0",
        "User-Agent": "azsdk-java-azure-security-keyvault-secrets/4.8.0-beta.1 (17.0.8.1; Windows 11; 10.0)"
      },
      "RequestBody": null,
      "StatusCode": 200,
      "ResponseHeaders": {
        "Cache-Control": "no-cache",
        "Content-Length": "333",
        "Content-Type": "application/json; charset=utf-8",
        "Date": "Tue, 07 Nov 2023 03:49:00 GMT",
        "Expires": "-1",
        "Pragma": "no-cache",
        "Strict-Transport-Security": "max-age=31536000;includeSubDomains",
        "X-Content-Type-Options": "nosniff",
        "x-ms-keyvault-network-info": "conn_type=Ipv4;addr=172.92.148.195;act_addr_fam=InterNetwork;",
        "x-ms-keyvault-region": "westus",
        "x-ms-keyvault-service-version": "1.9.1054.1",
        "x-ms-request-id": "67ff58c5-3cac-450d-ab49-532d3dd99347"
      },
      "ResponseBody": {
        "value": "testSecretRecoverVal",
        "contentType": "application/json",
        "id": "https://azkvrecordtests.vault.azure.net/secrets/testsecretrecover93279a/6aaca77c7fad45ce8f43ee04021407ae",
        "attributes": {
          "enabled": true,
          "exp": 2537049600,
          "created": 1699328936,
          "updated": 1699328936,
          "recoveryLevel": "CustomizedRecoverable\u002BPurgeable",
          "recoverableDays": 7
        }
      }
    }
  ],
  "Variables": {
    "0": "testsecretrecover93279a"
  }
}
