{
  "Entries": [
    {
      "RequestUri": "https://REDACTED/secrets/testsecretgetdeleted14166?api-version=7.5-preview.1",
      "RequestMethod": "PUT",
      "RequestHeaders": {
        "Accept": "application/json",
        "Content-Length": "0",
        "Content-Type": "application/json",
        "User-Agent": "azsdk-java-azure-security-keyvault-secrets/4.8.0-beta.1 (17.0.8.1; Windows 11; 10.0)"
      },
      "RequestBody": null,
      "StatusCode": 401,
      "ResponseHeaders": {
        "Cache-Control": "no-cache",
        "Content-Length": "97",
        "Content-Type": "application/json; charset=utf-8",
        "Date": "Tue, 07 Nov 2023 03:48:53 GMT",
        "Expires": "-1",
        "Pragma": "no-cache",
        "Strict-Transport-Security": "max-age=31536000;includeSubDomains",
        "WWW-Authenticate": "Bearer authorization=\u0022https://login.microsoftonline.com/72f988bf-86f1-41af-91ab-2d7cd011db47\u0022, resource=\u0022https://vault.azure.net\u0022",
        "X-Content-Type-Options": "nosniff",
        "x-ms-keyvault-network-info": "conn_type=Ipv4;addr=172.92.148.195;act_addr_fam=InterNetwork;",
        "x-ms-keyvault-region": "westus",
        "x-ms-keyvault-service-version": "1.9.1054.1",
        "x-ms-request-id": "7466dc9f-169d-4416-8812-d0b41a2e1d3f"
      },
      "ResponseBody": {
        "error": {
          "code": "Unauthorized",
          "message": "AKV10000: Request is missing a Bearer or PoP token."
        }
      }
    },
    {
      "RequestUri": "https://REDACTED/secrets/testsecretgetdeleted14166?api-version=7.5-preview.1",
      "RequestMethod": "PUT",
      "RequestHeaders": {
        "Accept": "application/json",
        "Authorization": "Sanitized",
        "Content-Length": "99",
        "Content-Type": "application/json",
        "User-Agent": "azsdk-java-azure-security-keyvault-secrets/4.8.0-beta.1 (17.0.8.1; Windows 11; 10.0)"
      },
      "RequestBody": {
        "value": "testSecretGetDeleteVal",
        "contentType": "application/json",
        "attributes": {
          "exp": 2537049600
        }
      },
      "StatusCode": 200,
      "ResponseHeaders": {
        "Cache-Control": "no-cache",
        "Content-Length": "337",
        "Content-Type": "application/json; charset=utf-8",
        "Date": "Tue, 07 Nov 2023 03:48:55 GMT",
        "Expires": "-1",
        "Pragma": "no-cache",
        "Strict-Transport-Security": "max-age=31536000;includeSubDomains",
        "X-Content-Type-Options": "nosniff",
        "x-ms-keyvault-network-info": "conn_type=Ipv4;addr=172.92.148.195;act_addr_fam=InterNetwork;",
        "x-ms-keyvault-region": "westus",
        "x-ms-keyvault-service-version": "1.9.1054.1",
        "x-ms-request-id": "624b82f8-9eef-4451-a29b-80720ddb0ec8"
      },
      "ResponseBody": {
        "value": "testSecretGetDeleteVal",
        "contentType": "application/json",
        "id": "https://azkvrecordtests.vault.azure.net/secrets/testsecretgetdeleted14166/f0f07f2017c14c8584b5c2bab7a84441",
        "attributes": {
          "enabled": true,
          "exp": 2537049600,
          "created": 1699328935,
          "updated": 1699328935,
          "recoveryLevel": "CustomizedRecoverable\u002BPurgeable",
          "recoverableDays": 7
        }
      }
    },
    {
      "RequestUri": "https://REDACTED/secrets/testsecretgetdeleted14166?api-version=7.5-preview.1",
      "RequestMethod": "DELETE",
      "RequestHeaders": {
        "Accept": "application/json",
        "Authorization": "Sanitized",
        "Content-Length": "0",
        "User-Agent": "azsdk-java-azure-security-keyvault-secrets/4.8.0-beta.1 (17.0.8.1; Windows 11; 10.0)"
      },
      "RequestBody": null,
      "StatusCode": 200,
      "ResponseHeaders": {
        "Cache-Control": "no-cache",
        "Content-Length": "454",
        "Content-Type": "application/json; charset=utf-8",
        "Date": "Tue, 07 Nov 2023 03:48:55 GMT",
        "Expires": "-1",
        "Pragma": "no-cache",
        "Strict-Transport-Security": "max-age=31536000;includeSubDomains",
        "X-Content-Type-Options": "nosniff",
        "x-ms-keyvault-network-info": "conn_type=Ipv4;addr=172.92.148.195;act_addr_fam=InterNetwork;",
        "x-ms-keyvault-region": "westus",
        "x-ms-keyvault-service-version": "1.9.1054.1",
        "x-ms-request-id": "9e490d61-68cf-4119-a3d0-854c7d823084"
      },
      "ResponseBody": {
        "recoveryId": "https://azkvrecordtests.vault.azure.net/deletedsecrets/testsecretgetdeleted14166",
        "deletedDate": 1699328936,
        "scheduledPurgeDate": 1699933736,
        "contentType": "application/json",
        "id": "https://azkvrecordtests.vault.azure.net/secrets/testsecretgetdeleted14166/f0f07f2017c14c8584b5c2bab7a84441",
        "attributes": {
          "enabled": true,
          "exp": 2537049600,
          "created": 1699328935,
          "updated": 1699328935,
          "recoveryLevel": "CustomizedRecoverable\u002BPurgeable",
          "recoverableDays": 7
        }
      }
    },
    {
      "RequestUri": "https://REDACTED/deletedsecrets/testsecretgetdeleted14166?api-version=7.5-preview.1",
      "RequestMethod": "GET",
      "RequestHeaders": {
        "Accept": "application/json",
        "Authorization": "Sanitized",
        "Content-Length": "0",
        "User-Agent": "azsdk-java-azure-security-keyvault-secrets/4.8.0-beta.1 (17.0.8.1; Windows 11; 10.0)"
      },
      "RequestBody": null,
      "StatusCode": 200,
      "ResponseHeaders": {
        "Cache-Control": "no-cache",
        "Content-Length": "454",
        "Content-Type": "application/json; charset=utf-8",
        "Date": "Tue, 07 Nov 2023 03:48:56 GMT",
        "Expires": "-1",
        "Pragma": "no-cache",
        "Strict-Transport-Security": "max-age=31536000;includeSubDomains",
        "X-Content-Type-Options": "nosniff",
        "x-ms-keyvault-network-info": "conn_type=Ipv4;addr=172.92.148.195;act_addr_fam=InterNetwork;",
        "x-ms-keyvault-region": "westus",
        "x-ms-keyvault-service-version": "1.9.1054.1",
        "x-ms-request-id": "3f57f8ed-9b27-4c32-adbc-22e1073f1432"
      },
      "ResponseBody": {
        "recoveryId": "https://azkvrecordtests.vault.azure.net/deletedsecrets/testsecretgetdeleted14166",
        "deletedDate": 1699328936,
        "scheduledPurgeDate": 1699933736,
        "contentType": "application/json",
        "id": "https://azkvrecordtests.vault.azure.net/secrets/testsecretgetdeleted14166/f0f07f2017c14c8584b5c2bab7a84441",
        "attributes": {
          "enabled": true,
          "exp": 2537049600,
          "created": 1699328935,
          "updated": 1699328935,
          "recoveryLevel": "CustomizedRecoverable\u002BPurgeable",
          "recoverableDays": 7
        }
      }
    },
    {
      "RequestUri": "https://REDACTED/deletedsecrets/testsecretgetdeleted14166?api-version=7.5-preview.1",
      "RequestMethod": "GET",
      "RequestHeaders": {
        "Accept": "application/json",
        "Authorization": "Sanitized",
        "Content-Length": "0",
        "User-Agent": "azsdk-java-azure-security-keyvault-secrets/4.8.0-beta.1 (17.0.8.1; Windows 11; 10.0)"
      },
      "RequestBody": null,
      "StatusCode": 200,
      "ResponseHeaders": {
        "Cache-Control": "no-cache",
        "Content-Length": "454",
        "Content-Type": "application/json; charset=utf-8",
        "Date": "Tue, 07 Nov 2023 03:48:56 GMT",
        "Expires": "-1",
        "Pragma": "no-cache",
        "Strict-Transport-Security": "max-age=31536000;includeSubDomains",
        "X-Content-Type-Options": "nosniff",
        "x-ms-keyvault-network-info": "conn_type=Ipv4;addr=172.92.148.195;act_addr_fam=InterNetwork;",
        "x-ms-keyvault-region": "westus",
        "x-ms-keyvault-service-version": "1.9.1054.1",
        "x-ms-request-id": "e9d95448-1613-40ba-9079-56d611db55d6"
      },
      "ResponseBody": {
        "recoveryId": "https://azkvrecordtests.vault.azure.net/deletedsecrets/testsecretgetdeleted14166",
        "deletedDate": 1699328936,
        "scheduledPurgeDate": 1699933736,
        "contentType": "application/json",
        "id": "https://azkvrecordtests.vault.azure.net/secrets/testsecretgetdeleted14166/f0f07f2017c14c8584b5c2bab7a84441",
        "attributes": {
          "enabled": true,
          "exp": 2537049600,
          "created": 1699328935,
          "updated": 1699328935,
          "recoveryLevel": "CustomizedRecoverable\u002BPurgeable",
          "recoverableDays": 7
        }
      }
    }
  ],
  "Variables": {
    "0": "testsecretgetdeleted14166"
  }
}
