{
  "Entries": [
    {
      "RequestUri": "https://REDACTED/secrets/testsecretgetversion580164b?api-version=7.5-preview.1",
      "RequestMethod": "PUT",
      "RequestHeaders": {
        "Accept": "application/json",
        "Content-Length": "0",
        "Content-Type": "application/json",
        "User-Agent": "azsdk-java-azure-security-keyvault-secrets/4.8.0-beta.1 (17.0.8.1; Windows 11; 10.0)"
      },
      "RequestBody": null,
      "StatusCode": 401,
      "ResponseHeaders": {
        "Cache-Control": "no-cache",
        "Content-Length": "97",
        "Content-Type": "application/json; charset=utf-8",
        "Date": "Wed, 08 Nov 2023 01:35:03 GMT",
        "Expires": "-1",
        "Pragma": "no-cache",
        "Strict-Transport-Security": "max-age=31536000;includeSubDomains",
        "WWW-Authenticate": "Bearer authorization=\u0022https://login.microsoftonline.com/72f988bf-86f1-41af-91ab-2d7cd011db47\u0022, resource=\u0022https://vault.azure.net\u0022",
        "X-Content-Type-Options": "nosniff",
        "x-ms-keyvault-network-info": "conn_type=Ipv4;addr=172.92.148.195;act_addr_fam=InterNetwork;",
        "x-ms-keyvault-region": "westus",
        "x-ms-keyvault-service-version": "1.9.1054.1",
        "x-ms-request-id": "897ec99c-aa64-49c1-8e5e-09d59a9ea0d7"
      },
      "ResponseBody": {
        "error": {
          "code": "Unauthorized",
          "message": "AKV10000: Request is missing a Bearer or PoP token."
        }
      }
    },
    {
      "RequestUri": "https://REDACTED/secrets/testsecretgetversion580164b?api-version=7.5-preview.1",
      "RequestMethod": "PUT",
      "RequestHeaders": {
        "Accept": "application/json",
        "Authorization": "Sanitized",
        "Content-Length": "67",
        "Content-Type": "application/json",
        "User-Agent": "azsdk-java-azure-security-keyvault-secrets/4.8.0-beta.1 (17.0.8.1; Windows 11; 10.0)"
      },
      "RequestBody": {
        "value": "testSecretGetVersionVal",
        "attributes": {
          "exp": 2537049600
        }
      },
      "StatusCode": 200,
      "ResponseHeaders": {
        "Cache-Control": "no-cache",
        "Content-Length": "307",
        "Content-Type": "application/json; charset=utf-8",
        "Date": "Wed, 08 Nov 2023 01:35:03 GMT",
        "Expires": "-1",
        "Pragma": "no-cache",
        "Strict-Transport-Security": "max-age=31536000;includeSubDomains",
        "X-Content-Type-Options": "nosniff",
        "x-ms-keyvault-network-info": "conn_type=Ipv4;addr=172.92.148.195;act_addr_fam=InterNetwork;",
        "x-ms-keyvault-region": "westus",
        "x-ms-keyvault-service-version": "1.9.1054.1",
        "x-ms-request-id": "e3fb6ff5-8a2c-4a21-abf8-89148e516335"
      },
      "ResponseBody": {
        "value": "testSecretGetVersionVal",
        "id": "https://vicolinatest.vault.azure.net/secrets/testsecretgetversion580164b/9c057eeb47334eeebefe972d08b53b4e",
        "attributes": {
          "enabled": true,
          "exp": 2537049600,
          "created": 1699407304,
          "updated": 1699407304,
          "recoveryLevel": "CustomizedRecoverable\u002BPurgeable",
          "recoverableDays": 7
        }
      }
    },
    {
      "RequestUri": "https://REDACTED/secrets/testsecretgetversion580164b?api-version=7.5-preview.1",
      "RequestMethod": "PUT",
      "RequestHeaders": {
        "Accept": "application/json",
        "Authorization": "Sanitized",
        "Content-Length": "50",
        "Content-Type": "application/json",
        "User-Agent": "azsdk-java-azure-security-keyvault-secrets/4.8.0-beta.1 (17.0.8.1; Windows 11; 10.0)"
      },
      "RequestBody": {
        "value": "newVal",
        "attributes": {
          "exp": 2537049600
        }
      },
      "StatusCode": 200,
      "ResponseHeaders": {
        "Cache-Control": "no-cache",
        "Content-Length": "290",
        "Content-Type": "application/json; charset=utf-8",
        "Date": "Wed, 08 Nov 2023 01:35:04 GMT",
        "Expires": "-1",
        "Pragma": "no-cache",
        "Strict-Transport-Security": "max-age=31536000;includeSubDomains",
        "X-Content-Type-Options": "nosniff",
        "x-ms-keyvault-network-info": "conn_type=Ipv4;addr=172.92.148.195;act_addr_fam=InterNetwork;",
        "x-ms-keyvault-region": "westus",
        "x-ms-keyvault-service-version": "1.9.1054.1",
        "x-ms-request-id": "267650d2-1782-4c74-ab64-5c304ec786b4"
      },
      "ResponseBody": {
        "value": "newVal",
        "id": "https://vicolinatest.vault.azure.net/secrets/testsecretgetversion580164b/c8c4ce27c23d4ab4b0af02e55d71df39",
        "attributes": {
          "enabled": true,
          "exp": 2537049600,
          "created": 1699407304,
          "updated": 1699407304,
          "recoveryLevel": "CustomizedRecoverable\u002BPurgeable",
          "recoverableDays": 7
        }
      }
    },
    {
      "RequestUri": "https://REDACTED/secrets/testsecretgetversion580164b/9c057eeb47334eeebefe972d08b53b4e?api-version=7.5-preview.1",
      "RequestMethod": "GET",
      "RequestHeaders": {
        "Accept": "application/json",
        "Authorization": "Sanitized",
        "Content-Length": "0",
        "User-Agent": "azsdk-java-azure-security-keyvault-secrets/4.8.0-beta.1 (17.0.8.1; Windows 11; 10.0)"
      },
      "RequestBody": null,
      "StatusCode": 200,
      "ResponseHeaders": {
        "Cache-Control": "no-cache",
        "Content-Length": "307",
        "Content-Type": "application/json; charset=utf-8",
        "Date": "Wed, 08 Nov 2023 01:35:04 GMT",
        "Expires": "-1",
        "Pragma": "no-cache",
        "Strict-Transport-Security": "max-age=31536000;includeSubDomains",
        "X-Content-Type-Options": "nosniff",
        "x-ms-keyvault-network-info": "conn_type=Ipv4;addr=172.92.148.195;act_addr_fam=InterNetwork;",
        "x-ms-keyvault-region": "westus",
        "x-ms-keyvault-service-version": "1.9.1054.1",
        "x-ms-request-id": "cf05c524-3e0a-4170-a542-7111fa3688a2"
      },
      "ResponseBody": {
        "value": "testSecretGetVersionVal",
        "id": "https://vicolinatest.vault.azure.net/secrets/testsecretgetversion580164b/9c057eeb47334eeebefe972d08b53b4e",
        "attributes": {
          "enabled": true,
          "exp": 2537049600,
          "created": 1699407304,
          "updated": 1699407304,
          "recoveryLevel": "CustomizedRecoverable\u002BPurgeable",
          "recoverableDays": 7
        }
      }
    },
    {
      "RequestUri": "https://REDACTED/secrets/testsecretgetversion580164b/c8c4ce27c23d4ab4b0af02e55d71df39?api-version=7.5-preview.1",
      "RequestMethod": "GET",
      "RequestHeaders": {
        "Accept": "application/json",
        "Authorization": "Sanitized",
        "Content-Length": "0",
        "User-Agent": "azsdk-java-azure-security-keyvault-secrets/4.8.0-beta.1 (17.0.8.1; Windows 11; 10.0)"
      },
      "RequestBody": null,
      "StatusCode": 200,
      "ResponseHeaders": {
        "Cache-Control": "no-cache",
        "Content-Length": "290",
        "Content-Type": "application/json; charset=utf-8",
        "Date": "Wed, 08 Nov 2023 01:35:04 GMT",
        "Expires": "-1",
        "Pragma": "no-cache",
        "Strict-Transport-Security": "max-age=31536000;includeSubDomains",
        "X-Content-Type-Options": "nosniff",
        "x-ms-keyvault-network-info": "conn_type=Ipv4;addr=172.92.148.195;act_addr_fam=InterNetwork;",
        "x-ms-keyvault-region": "westus",
        "x-ms-keyvault-service-version": "1.9.1054.1",
        "x-ms-request-id": "f93b6512-9c50-4dbb-9c57-d2b544d4aefa"
      },
      "ResponseBody": {
        "value": "newVal",
        "id": "https://vicolinatest.vault.azure.net/secrets/testsecretgetversion580164b/c8c4ce27c23d4ab4b0af02e55d71df39",
        "attributes": {
          "enabled": true,
          "exp": 2537049600,
          "created": 1699407304,
          "updated": 1699407304,
          "recoveryLevel": "CustomizedRecoverable\u002BPurgeable",
          "recoverableDays": 7
        }
      }
    }
  ],
  "Variables": {
    "0": "testsecretgetversion580164b"
  }
}
