{
  "Entries": [
    {
      "RequestUri": "https://REDACTED/secrets/19e1fff82bf24aa79388?api-version=7.5",
      "RequestMethod": "PUT",
      "RequestHeaders": {
        "Accept": "application/json",
        "Content-Length": "0",
        "Content-Type": "application/json",
        "User-Agent": "azsdk-java-azure-security-keyvault-secrets/4.8.0 (11; Windows 10; 10.0)"
      },
      "RequestBody": null,
      "StatusCode": 401,
      "ResponseHeaders": {
        "Cache-Control": "no-cache",
        "Content-Length": "97",
        "Content-Type": "application/json; charset=utf-8",
        "Date": "Fri, 16 Feb 2024 00:38:29 GMT",
        "Expires": "-1",
        "Pragma": "no-cache",
        "Strict-Transport-Security": "max-age=31536000;includeSubDomains",
        "WWW-Authenticate": "Bearer authorization=\u0022https://login.microsoftonline.com/72f988bf-86f1-41af-91ab-2d7cd011db47\u0022, resource=\u0022https://vault.azure.net\u0022",
        "X-Content-Type-Options": "nosniff",
        "x-ms-keyvault-network-info": "conn_type=Ipv4;addr=131.107.9.81;act_addr_fam=InterNetwork;",
        "x-ms-keyvault-region": "westus",
        "x-ms-keyvault-service-version": "1.9.1272.1",
        "x-ms-request-id": "f2740fcd-2d70-464b-9c4e-21bfd7e1e90f"
      },
      "ResponseBody": {
        "error": {
          "code": "Unauthorized",
          "message": "AKV10000: Request is missing a Bearer or PoP token."
        }
      }
    },
    {
      "RequestUri": "https://REDACTED/secrets/19e1fff82bf24aa79388?api-version=7.5",
      "RequestMethod": "PUT",
      "RequestHeaders": {
        "Accept": "application/json",
        "Authorization": "Sanitized",
        "Content-Length": "65",
        "Content-Type": "application/json",
        "User-Agent": "azsdk-java-azure-security-keyvault-secrets/4.8.0 (11; Windows 10; 10.0)"
      },
      "RequestBody": {
        "value": "listDeletedSecretVal2",
        "attributes": {
          "exp": 3799353600
        }
      },
      "StatusCode": 200,
      "ResponseHeaders": {
        "Cache-Control": "no-cache",
        "Content-Length": "303",
        "Content-Type": "application/json; charset=utf-8",
        "Date": "Fri, 16 Feb 2024 00:38:31 GMT",
        "Expires": "-1",
        "Pragma": "no-cache",
        "Strict-Transport-Security": "max-age=31536000;includeSubDomains",
        "X-Content-Type-Options": "nosniff",
        "x-ms-keyvault-network-info": "conn_type=Ipv4;addr=131.107.9.81;act_addr_fam=InterNetwork;",
        "x-ms-keyvault-region": "westus",
        "x-ms-keyvault-service-version": "1.9.1272.1",
        "x-ms-request-id": "032e733d-0368-47da-9406-234c477ec7f2"
      },
      "ResponseBody": {
        "value": "listDeletedSecretVal2",
        "id": "https://ta70c2fe596f0a0df.vault.azure.net/secrets/19e1fff82bf24aa79388/e2d581bc41be4b929893a22ddbe3499c",
        "attributes": {
          "enabled": true,
          "exp": 3799353600,
          "created": 1708043911,
          "updated": 1708043911,
          "recoveryLevel": "CustomizedRecoverable\u002BPurgeable",
          "recoverableDays": 7
        }
      }
    },
    {
      "RequestUri": "https://REDACTED/secrets/24120e4a5120453d8df1?api-version=7.5",
      "RequestMethod": "PUT",
      "RequestHeaders": {
        "Accept": "application/json",
        "Authorization": "Sanitized",
        "Content-Length": "65",
        "Content-Type": "application/json",
        "User-Agent": "azsdk-java-azure-security-keyvault-secrets/4.8.0 (11; Windows 10; 10.0)"
      },
      "RequestBody": {
        "value": "listDeletedSecretVal1",
        "attributes": {
          "exp": 3799353600
        }
      },
      "StatusCode": 200,
      "ResponseHeaders": {
        "Cache-Control": "no-cache",
        "Content-Length": "303",
        "Content-Type": "application/json; charset=utf-8",
        "Date": "Fri, 16 Feb 2024 00:38:31 GMT",
        "Expires": "-1",
        "Pragma": "no-cache",
        "Strict-Transport-Security": "max-age=31536000;includeSubDomains",
        "X-Content-Type-Options": "nosniff",
        "x-ms-keyvault-network-info": "conn_type=Ipv4;addr=131.107.9.81;act_addr_fam=InterNetwork;",
        "x-ms-keyvault-region": "westus",
        "x-ms-keyvault-service-version": "1.9.1272.1",
        "x-ms-request-id": "e62a0047-72f8-41f1-a026-bce9e91abaa8"
      },
      "ResponseBody": {
        "value": "listDeletedSecretVal1",
        "id": "https://ta70c2fe596f0a0df.vault.azure.net/secrets/24120e4a5120453d8df1/474bc57c70bb46abac2dcc247404484b",
        "attributes": {
          "enabled": true,
          "exp": 3799353600,
          "created": 1708043912,
          "updated": 1708043912,
          "recoveryLevel": "CustomizedRecoverable\u002BPurgeable",
          "recoverableDays": 7
        }
      }
    },
    {
      "RequestUri": "https://REDACTED/secrets/394b6dcd942f44708361?api-version=7.5",
      "RequestMethod": "PUT",
      "RequestHeaders": {
        "Accept": "application/json",
        "Authorization": "Sanitized",
        "Content-Length": "65",
        "Content-Type": "application/json",
        "User-Agent": "azsdk-java-azure-security-keyvault-secrets/4.8.0 (11; Windows 10; 10.0)"
      },
      "RequestBody": {
        "value": "listDeletedSecretVal0",
        "attributes": {
          "exp": 3799353600
        }
      },
      "StatusCode": 200,
      "ResponseHeaders": {
        "Cache-Control": "no-cache",
        "Content-Length": "303",
        "Content-Type": "application/json; charset=utf-8",
        "Date": "Fri, 16 Feb 2024 00:38:31 GMT",
        "Expires": "-1",
        "Pragma": "no-cache",
        "Strict-Transport-Security": "max-age=31536000;includeSubDomains",
        "X-Content-Type-Options": "nosniff",
        "x-ms-keyvault-network-info": "conn_type=Ipv4;addr=131.107.9.81;act_addr_fam=InterNetwork;",
        "x-ms-keyvault-region": "westus",
        "x-ms-keyvault-service-version": "1.9.1272.1",
        "x-ms-request-id": "413433f9-74e7-4cb4-b6fd-8b38e249d396"
      },
      "ResponseBody": {
        "value": "listDeletedSecretVal0",
        "id": "https://ta70c2fe596f0a0df.vault.azure.net/secrets/394b6dcd942f44708361/3c2dc7d0f1fc4815bc1d8e6779ff5c94",
        "attributes": {
          "enabled": true,
          "exp": 3799353600,
          "created": 1708043912,
          "updated": 1708043912,
          "recoveryLevel": "CustomizedRecoverable\u002BPurgeable",
          "recoverableDays": 7
        }
      }
    },
    {
      "RequestUri": "https://REDACTED/secrets/19e1fff82bf24aa79388?api-version=7.5",
      "RequestMethod": "DELETE",
      "RequestHeaders": {
        "Accept": "application/json",
        "Authorization": "Sanitized",
        "Content-Length": "0",
        "User-Agent": "azsdk-java-azure-security-keyvault-secrets/4.8.0 (11; Windows 10; 10.0)"
      },
      "RequestBody": null,
      "StatusCode": 200,
      "ResponseHeaders": {
        "Cache-Control": "no-cache",
        "Content-Length": "421",
        "Content-Type": "application/json; charset=utf-8",
        "Date": "Fri, 16 Feb 2024 00:38:31 GMT",
        "Expires": "-1",
        "Pragma": "no-cache",
        "Strict-Transport-Security": "max-age=31536000;includeSubDomains",
        "X-Content-Type-Options": "nosniff",
        "x-ms-keyvault-network-info": "conn_type=Ipv4;addr=131.107.9.81;act_addr_fam=InterNetwork;",
        "x-ms-keyvault-region": "westus",
        "x-ms-keyvault-service-version": "1.9.1272.1",
        "x-ms-request-id": "3f219c19-7a76-4beb-bfe6-aff6f08e9f61"
      },
      "ResponseBody": {
        "recoveryId": "https://ta70c2fe596f0a0df.vault.azure.net/deletedsecrets/19e1fff82bf24aa79388",
        "deletedDate": 1708043912,
        "scheduledPurgeDate": 1708648712,
        "id": "https://ta70c2fe596f0a0df.vault.azure.net/secrets/19e1fff82bf24aa79388/e2d581bc41be4b929893a22ddbe3499c",
        "attributes": {
          "enabled": true,
          "exp": 3799353600,
          "created": 1708043911,
          "updated": 1708043911,
          "recoveryLevel": "CustomizedRecoverable\u002BPurgeable",
          "recoverableDays": 7
        }
      }
    },
    {
      "RequestUri": "https://REDACTED/deletedsecrets/19e1fff82bf24aa79388?api-version=7.5",
      "RequestMethod": "GET",
      "RequestHeaders": {
        "Accept": "application/json",
        "Authorization": "Sanitized",
        "Content-Length": "0",
        "User-Agent": "azsdk-java-azure-security-keyvault-secrets/4.8.0 (11; Windows 10; 10.0)"
      },
      "RequestBody": null,
      "StatusCode": 404,
      "ResponseHeaders": {
        "Cache-Control": "no-cache",
        "Content-Length": "94",
        "Content-Type": "application/json; charset=utf-8",
        "Date": "Fri, 16 Feb 2024 00:38:31 GMT",
        "Expires": "-1",
        "Pragma": "no-cache",
        "Strict-Transport-Security": "max-age=31536000;includeSubDomains",
        "X-Content-Type-Options": "nosniff",
        "x-ms-keyvault-network-info": "conn_type=Ipv4;addr=131.107.9.81;act_addr_fam=InterNetwork;",
        "x-ms-keyvault-region": "westus",
        "x-ms-keyvault-service-version": "1.9.1272.1",
        "x-ms-request-id": "4503900e-f60d-4ad3-b9dd-4e8ef865a39b"
      },
      "ResponseBody": {
        "error": {
          "code": "SecretNotFound",
          "message": "Deleted Secret not found: 19e1fff82bf24aa79388"
        }
      }
    },
    {
      "RequestUri": "https://REDACTED/deletedsecrets/19e1fff82bf24aa79388?api-version=7.5",
      "RequestMethod": "GET",
      "RequestHeaders": {
        "Accept": "application/json",
        "Authorization": "Sanitized",
        "Content-Length": "0",
        "User-Agent": "azsdk-java-azure-security-keyvault-secrets/4.8.0 (11; Windows 10; 10.0)"
      },
      "RequestBody": null,
      "StatusCode": 404,
      "ResponseHeaders": {
        "Cache-Control": "no-cache",
        "Content-Length": "94",
        "Content-Type": "application/json; charset=utf-8",
        "Date": "Fri, 16 Feb 2024 00:38:33 GMT",
        "Expires": "-1",
        "Pragma": "no-cache",
        "Strict-Transport-Security": "max-age=31536000;includeSubDomains",
        "X-Content-Type-Options": "nosniff",
        "x-ms-keyvault-network-info": "conn_type=Ipv4;addr=131.107.9.81;act_addr_fam=InterNetwork;",
        "x-ms-keyvault-region": "westus",
        "x-ms-keyvault-service-version": "1.9.1272.1",
        "x-ms-request-id": "53b0c8f0-8730-42c9-9f37-671ac539cd02"
      },
      "ResponseBody": {
        "error": {
          "code": "SecretNotFound",
          "message": "Deleted Secret not found: 19e1fff82bf24aa79388"
        }
      }
    },
    {
      "RequestUri": "https://REDACTED/deletedsecrets/19e1fff82bf24aa79388?api-version=7.5",
      "RequestMethod": "GET",
      "RequestHeaders": {
        "Accept": "application/json",
        "Authorization": "Sanitized",
        "Content-Length": "0",
        "User-Agent": "azsdk-java-azure-security-keyvault-secrets/4.8.0 (11; Windows 10; 10.0)"
      },
      "RequestBody": null,
      "StatusCode": 404,
      "ResponseHeaders": {
        "Cache-Control": "no-cache",
        "Content-Length": "94",
        "Content-Type": "application/json; charset=utf-8",
        "Date": "Fri, 16 Feb 2024 00:38:33 GMT",
        "Expires": "-1",
        "Pragma": "no-cache",
        "Strict-Transport-Security": "max-age=31536000;includeSubDomains",
        "X-Content-Type-Options": "nosniff",
        "x-ms-keyvault-network-info": "conn_type=Ipv4;addr=131.107.9.81;act_addr_fam=InterNetwork;",
        "x-ms-keyvault-region": "westus",
        "x-ms-keyvault-service-version": "1.9.1272.1",
        "x-ms-request-id": "980c2b35-c014-4a82-8d01-3083759e41c1"
      },
      "ResponseBody": {
        "error": {
          "code": "SecretNotFound",
          "message": "Deleted Secret not found: 19e1fff82bf24aa79388"
        }
      }
    },
    {
      "RequestUri": "https://REDACTED/deletedsecrets/19e1fff82bf24aa79388?api-version=7.5",
      "RequestMethod": "GET",
      "RequestHeaders": {
        "Accept": "application/json",
        "Authorization": "Sanitized",
        "Content-Length": "0",
        "User-Agent": "azsdk-java-azure-security-keyvault-secrets/4.8.0 (11; Windows 10; 10.0)"
      },
      "RequestBody": null,
      "StatusCode": 404,
      "ResponseHeaders": {
        "Cache-Control": "no-cache",
        "Content-Length": "94",
        "Content-Type": "application/json; charset=utf-8",
        "Date": "Fri, 16 Feb 2024 00:38:35 GMT",
        "Expires": "-1",
        "Pragma": "no-cache",
        "Strict-Transport-Security": "max-age=31536000;includeSubDomains",
        "X-Content-Type-Options": "nosniff",
        "x-ms-keyvault-network-info": "conn_type=Ipv4;addr=131.107.9.81;act_addr_fam=InterNetwork;",
        "x-ms-keyvault-region": "westus",
        "x-ms-keyvault-service-version": "1.9.1272.1",
        "x-ms-request-id": "3af6c986-315b-45db-91bc-1d9a01f86908"
      },
      "ResponseBody": {
        "error": {
          "code": "SecretNotFound",
          "message": "Deleted Secret not found: 19e1fff82bf24aa79388"
        }
      }
    },
    {
      "RequestUri": "https://REDACTED/deletedsecrets/19e1fff82bf24aa79388?api-version=7.5",
      "RequestMethod": "GET",
      "RequestHeaders": {
        "Accept": "application/json",
        "Authorization": "Sanitized",
        "Content-Length": "0",
        "User-Agent": "azsdk-java-azure-security-keyvault-secrets/4.8.0 (11; Windows 10; 10.0)"
      },
      "RequestBody": null,
      "StatusCode": 200,
      "ResponseHeaders": {
        "Cache-Control": "no-cache",
        "Content-Length": "421",
        "Content-Type": "application/json; charset=utf-8",
        "Date": "Fri, 16 Feb 2024 00:38:36 GMT",
        "Expires": "-1",
        "Pragma": "no-cache",
        "Strict-Transport-Security": "max-age=31536000;includeSubDomains",
        "X-Content-Type-Options": "nosniff",
        "x-ms-keyvault-network-info": "conn_type=Ipv4;addr=131.107.9.81;act_addr_fam=InterNetwork;",
        "x-ms-keyvault-region": "westus",
        "x-ms-keyvault-service-version": "1.9.1272.1",
        "x-ms-request-id": "bebc30c9-f2c1-4b68-999c-a3f06e15b3d0"
      },
      "ResponseBody": {
        "recoveryId": "https://ta70c2fe596f0a0df.vault.azure.net/deletedsecrets/19e1fff82bf24aa79388",
        "deletedDate": 1708043912,
        "scheduledPurgeDate": 1708648712,
        "id": "https://ta70c2fe596f0a0df.vault.azure.net/secrets/19e1fff82bf24aa79388/e2d581bc41be4b929893a22ddbe3499c",
        "attributes": {
          "enabled": true,
          "exp": 3799353600,
          "created": 1708043911,
          "updated": 1708043911,
          "recoveryLevel": "CustomizedRecoverable\u002BPurgeable",
          "recoverableDays": 7
        }
      }
    },
    {
      "RequestUri": "https://REDACTED/secrets/24120e4a5120453d8df1?api-version=7.5",
      "RequestMethod": "DELETE",
      "RequestHeaders": {
        "Accept": "application/json",
        "Authorization": "Sanitized",
        "Content-Length": "0",
        "User-Agent": "azsdk-java-azure-security-keyvault-secrets/4.8.0 (11; Windows 10; 10.0)"
      },
      "RequestBody": null,
      "StatusCode": 200,
      "ResponseHeaders": {
        "Cache-Control": "no-cache",
        "Content-Length": "421",
        "Content-Type": "application/json; charset=utf-8",
        "Date": "Fri, 16 Feb 2024 00:38:36 GMT",
        "Expires": "-1",
        "Pragma": "no-cache",
        "Strict-Transport-Security": "max-age=31536000;includeSubDomains",
        "X-Content-Type-Options": "nosniff",
        "x-ms-keyvault-network-info": "conn_type=Ipv4;addr=131.107.9.81;act_addr_fam=InterNetwork;",
        "x-ms-keyvault-region": "westus",
        "x-ms-keyvault-service-version": "1.9.1272.1",
        "x-ms-request-id": "281fd3a2-fb9f-48a0-b0f2-cf115ba32076"
      },
      "ResponseBody": {
        "recoveryId": "https://ta70c2fe596f0a0df.vault.azure.net/deletedsecrets/24120e4a5120453d8df1",
        "deletedDate": 1708043916,
        "scheduledPurgeDate": 1708648716,
        "id": "https://ta70c2fe596f0a0df.vault.azure.net/secrets/24120e4a5120453d8df1/474bc57c70bb46abac2dcc247404484b",
        "attributes": {
          "enabled": true,
          "exp": 3799353600,
          "created": 1708043912,
          "updated": 1708043912,
          "recoveryLevel": "CustomizedRecoverable\u002BPurgeable",
          "recoverableDays": 7
        }
      }
    },
    {
      "RequestUri": "https://REDACTED/deletedsecrets/24120e4a5120453d8df1?api-version=7.5",
      "RequestMethod": "GET",
      "RequestHeaders": {
        "Accept": "application/json",
        "Authorization": "Sanitized",
        "Content-Length": "0",
        "User-Agent": "azsdk-java-azure-security-keyvault-secrets/4.8.0 (11; Windows 10; 10.0)"
      },
      "RequestBody": null,
      "StatusCode": 404,
      "ResponseHeaders": {
        "Cache-Control": "no-cache",
        "Content-Length": "94",
        "Content-Type": "application/json; charset=utf-8",
        "Date": "Fri, 16 Feb 2024 00:38:36 GMT",
        "Expires": "-1",
        "Pragma": "no-cache",
        "Strict-Transport-Security": "max-age=31536000;includeSubDomains",
        "X-Content-Type-Options": "nosniff",
        "x-ms-keyvault-network-info": "conn_type=Ipv4;addr=131.107.9.81;act_addr_fam=InterNetwork;",
        "x-ms-keyvault-region": "westus",
        "x-ms-keyvault-service-version": "1.9.1272.1",
        "x-ms-request-id": "22109cd9-a258-4f57-b158-f7e0f6388839"
      },
      "ResponseBody": {
        "error": {
          "code": "SecretNotFound",
          "message": "Deleted Secret not found: 24120e4a5120453d8df1"
        }
      }
    },
    {
      "RequestUri": "https://REDACTED/deletedsecrets/24120e4a5120453d8df1?api-version=7.5",
      "RequestMethod": "GET",
      "RequestHeaders": {
        "Accept": "application/json",
        "Authorization": "Sanitized",
        "Content-Length": "0",
        "User-Agent": "azsdk-java-azure-security-keyvault-secrets/4.8.0 (11; Windows 10; 10.0)"
      },
      "RequestBody": null,
      "StatusCode": 404,
      "ResponseHeaders": {
        "Cache-Control": "no-cache",
        "Content-Length": "94",
        "Content-Type": "application/json; charset=utf-8",
        "Date": "Fri, 16 Feb 2024 00:38:37 GMT",
        "Expires": "-1",
        "Pragma": "no-cache",
        "Strict-Transport-Security": "max-age=31536000;includeSubDomains",
        "X-Content-Type-Options": "nosniff",
        "x-ms-keyvault-network-info": "conn_type=Ipv4;addr=131.107.9.81;act_addr_fam=InterNetwork;",
        "x-ms-keyvault-region": "westus",
        "x-ms-keyvault-service-version": "1.9.1272.1",
        "x-ms-request-id": "f673fcdc-2b86-4df1-a073-4ed2b2ca0cbf"
      },
      "ResponseBody": {
        "error": {
          "code": "SecretNotFound",
          "message": "Deleted Secret not found: 24120e4a5120453d8df1"
        }
      }
    },
    {
      "RequestUri": "https://REDACTED/deletedsecrets/24120e4a5120453d8df1?api-version=7.5",
      "RequestMethod": "GET",
      "RequestHeaders": {
        "Accept": "application/json",
        "Authorization": "Sanitized",
        "Content-Length": "0",
        "User-Agent": "azsdk-java-azure-security-keyvault-secrets/4.8.0 (11; Windows 10; 10.0)"
      },
      "RequestBody": null,
      "StatusCode": 404,
      "ResponseHeaders": {
        "Cache-Control": "no-cache",
        "Content-Length": "94",
        "Content-Type": "application/json; charset=utf-8",
        "Date": "Fri, 16 Feb 2024 00:38:38 GMT",
        "Expires": "-1",
        "Pragma": "no-cache",
        "Strict-Transport-Security": "max-age=31536000;includeSubDomains",
        "X-Content-Type-Options": "nosniff",
        "x-ms-keyvault-network-info": "conn_type=Ipv4;addr=131.107.9.81;act_addr_fam=InterNetwork;",
        "x-ms-keyvault-region": "westus",
        "x-ms-keyvault-service-version": "1.9.1272.1",
        "x-ms-request-id": "3f5260ad-4d53-43c5-9eea-ed8b09b5a073"
      },
      "ResponseBody": {
        "error": {
          "code": "SecretNotFound",
          "message": "Deleted Secret not found: 24120e4a5120453d8df1"
        }
      }
    },
    {
      "RequestUri": "https://REDACTED/deletedsecrets/24120e4a5120453d8df1?api-version=7.5",
      "RequestMethod": "GET",
      "RequestHeaders": {
        "Accept": "application/json",
        "Authorization": "Sanitized",
        "Content-Length": "0",
        "User-Agent": "azsdk-java-azure-security-keyvault-secrets/4.8.0 (11; Windows 10; 10.0)"
      },
      "RequestBody": null,
      "StatusCode": 404,
      "ResponseHeaders": {
        "Cache-Control": "no-cache",
        "Content-Length": "94",
        "Content-Type": "application/json; charset=utf-8",
        "Date": "Fri, 16 Feb 2024 00:38:39 GMT",
        "Expires": "-1",
        "Pragma": "no-cache",
        "Strict-Transport-Security": "max-age=31536000;includeSubDomains",
        "X-Content-Type-Options": "nosniff",
        "x-ms-keyvault-network-info": "conn_type=Ipv4;addr=131.107.9.81;act_addr_fam=InterNetwork;",
        "x-ms-keyvault-region": "westus",
        "x-ms-keyvault-service-version": "1.9.1272.1",
        "x-ms-request-id": "f6010dca-f191-4aa8-abe2-57715f811814"
      },
      "ResponseBody": {
        "error": {
          "code": "SecretNotFound",
          "message": "Deleted Secret not found: 24120e4a5120453d8df1"
        }
      }
    },
    {
      "RequestUri": "https://REDACTED/deletedsecrets/24120e4a5120453d8df1?api-version=7.5",
      "RequestMethod": "GET",
      "RequestHeaders": {
        "Accept": "application/json",
        "Authorization": "Sanitized",
        "Content-Length": "0",
        "User-Agent": "azsdk-java-azure-security-keyvault-secrets/4.8.0 (11; Windows 10; 10.0)"
      },
      "RequestBody": null,
      "StatusCode": 200,
      "ResponseHeaders": {
        "Cache-Control": "no-cache",
        "Content-Length": "421",
        "Content-Type": "application/json; charset=utf-8",
        "Date": "Fri, 16 Feb 2024 00:38:40 GMT",
        "Expires": "-1",
        "Pragma": "no-cache",
        "Strict-Transport-Security": "max-age=31536000;includeSubDomains",
        "X-Content-Type-Options": "nosniff",
        "x-ms-keyvault-network-info": "conn_type=Ipv4;addr=131.107.9.81;act_addr_fam=InterNetwork;",
        "x-ms-keyvault-region": "westus",
        "x-ms-keyvault-service-version": "1.9.1272.1",
        "x-ms-request-id": "fab370aa-72db-482f-936b-9b35b6d23847"
      },
      "ResponseBody": {
        "recoveryId": "https://ta70c2fe596f0a0df.vault.azure.net/deletedsecrets/24120e4a5120453d8df1",
        "deletedDate": 1708043916,
        "scheduledPurgeDate": 1708648716,
        "id": "https://ta70c2fe596f0a0df.vault.azure.net/secrets/24120e4a5120453d8df1/474bc57c70bb46abac2dcc247404484b",
        "attributes": {
          "enabled": true,
          "exp": 3799353600,
          "created": 1708043912,
          "updated": 1708043912,
          "recoveryLevel": "CustomizedRecoverable\u002BPurgeable",
          "recoverableDays": 7
        }
      }
    },
    {
      "RequestUri": "https://REDACTED/secrets/394b6dcd942f44708361?api-version=7.5",
      "RequestMethod": "DELETE",
      "RequestHeaders": {
        "Accept": "application/json",
        "Authorization": "Sanitized",
        "Content-Length": "0",
        "User-Agent": "azsdk-java-azure-security-keyvault-secrets/4.8.0 (11; Windows 10; 10.0)"
      },
      "RequestBody": null,
      "StatusCode": 200,
      "ResponseHeaders": {
        "Cache-Control": "no-cache",
        "Content-Length": "421",
        "Content-Type": "application/json; charset=utf-8",
        "Date": "Fri, 16 Feb 2024 00:38:40 GMT",
        "Expires": "-1",
        "Pragma": "no-cache",
        "Strict-Transport-Security": "max-age=31536000;includeSubDomains",
        "X-Content-Type-Options": "nosniff",
        "x-ms-keyvault-network-info": "conn_type=Ipv4;addr=131.107.9.81;act_addr_fam=InterNetwork;",
        "x-ms-keyvault-region": "westus",
        "x-ms-keyvault-service-version": "1.9.1272.1",
        "x-ms-request-id": "490b79e7-45c8-4735-8502-c408e6acec9c"
      },
      "ResponseBody": {
        "recoveryId": "https://ta70c2fe596f0a0df.vault.azure.net/deletedsecrets/394b6dcd942f44708361",
        "deletedDate": 1708043921,
        "scheduledPurgeDate": 1708648721,
        "id": "https://ta70c2fe596f0a0df.vault.azure.net/secrets/394b6dcd942f44708361/3c2dc7d0f1fc4815bc1d8e6779ff5c94",
        "attributes": {
          "enabled": true,
          "exp": 3799353600,
          "created": 1708043912,
          "updated": 1708043912,
          "recoveryLevel": "CustomizedRecoverable\u002BPurgeable",
          "recoverableDays": 7
        }
      }
    },
    {
      "RequestUri": "https://REDACTED/deletedsecrets/394b6dcd942f44708361?api-version=7.5",
      "RequestMethod": "GET",
      "RequestHeaders": {
        "Accept": "application/json",
        "Authorization": "Sanitized",
        "Content-Length": "0",
        "User-Agent": "azsdk-java-azure-security-keyvault-secrets/4.8.0 (11; Windows 10; 10.0)"
      },
      "RequestBody": null,
      "StatusCode": 404,
      "ResponseHeaders": {
        "Cache-Control": "no-cache",
        "Content-Length": "94",
        "Content-Type": "application/json; charset=utf-8",
        "Date": "Fri, 16 Feb 2024 00:38:40 GMT",
        "Expires": "-1",
        "Pragma": "no-cache",
        "Strict-Transport-Security": "max-age=31536000;includeSubDomains",
        "X-Content-Type-Options": "nosniff",
        "x-ms-keyvault-network-info": "conn_type=Ipv4;addr=131.107.9.81;act_addr_fam=InterNetwork;",
        "x-ms-keyvault-region": "westus",
        "x-ms-keyvault-service-version": "1.9.1272.1",
        "x-ms-request-id": "66d14927-6278-4911-8765-32b65ec38cd6"
      },
      "ResponseBody": {
        "error": {
          "code": "SecretNotFound",
          "message": "Deleted Secret not found: 394b6dcd942f44708361"
        }
      }
    },
    {
      "RequestUri": "https://REDACTED/deletedsecrets/394b6dcd942f44708361?api-version=7.5",
      "RequestMethod": "GET",
      "RequestHeaders": {
        "Accept": "application/json",
        "Authorization": "Sanitized",
        "Content-Length": "0",
        "User-Agent": "azsdk-java-azure-security-keyvault-secrets/4.8.0 (11; Windows 10; 10.0)"
      },
      "RequestBody": null,
      "StatusCode": 404,
      "ResponseHeaders": {
        "Cache-Control": "no-cache",
        "Content-Length": "94",
        "Content-Type": "application/json; charset=utf-8",
        "Date": "Fri, 16 Feb 2024 00:38:41 GMT",
        "Expires": "-1",
        "Pragma": "no-cache",
        "Strict-Transport-Security": "max-age=31536000;includeSubDomains",
        "X-Content-Type-Options": "nosniff",
        "x-ms-keyvault-network-info": "conn_type=Ipv4;addr=131.107.9.81;act_addr_fam=InterNetwork;",
        "x-ms-keyvault-region": "westus",
        "x-ms-keyvault-service-version": "1.9.1272.1",
        "x-ms-request-id": "6310c475-25ab-451a-81d6-f48f4a7f80b0"
      },
      "ResponseBody": {
        "error": {
          "code": "SecretNotFound",
          "message": "Deleted Secret not found: 394b6dcd942f44708361"
        }
      }
    },
    {
      "RequestUri": "https://REDACTED/deletedsecrets/394b6dcd942f44708361?api-version=7.5",
      "RequestMethod": "GET",
      "RequestHeaders": {
        "Accept": "application/json",
        "Authorization": "Sanitized",
        "Content-Length": "0",
        "User-Agent": "azsdk-java-azure-security-keyvault-secrets/4.8.0 (11; Windows 10; 10.0)"
      },
      "RequestBody": null,
      "StatusCode": 200,
      "ResponseHeaders": {
        "Cache-Control": "no-cache",
        "Content-Length": "421",
        "Content-Type": "application/json; charset=utf-8",
        "Date": "Fri, 16 Feb 2024 00:38:42 GMT",
        "Expires": "-1",
        "Pragma": "no-cache",
        "Strict-Transport-Security": "max-age=31536000;includeSubDomains",
        "X-Content-Type-Options": "nosniff",
        "x-ms-keyvault-network-info": "conn_type=Ipv4;addr=131.107.9.81;act_addr_fam=InterNetwork;",
        "x-ms-keyvault-region": "westus",
        "x-ms-keyvault-service-version": "1.9.1272.1",
        "x-ms-request-id": "1b4b5fa4-e9c1-403f-8e56-68775c662dc6"
      },
      "ResponseBody": {
        "recoveryId": "https://ta70c2fe596f0a0df.vault.azure.net/deletedsecrets/394b6dcd942f44708361",
        "deletedDate": 1708043921,
        "scheduledPurgeDate": 1708648721,
        "id": "https://ta70c2fe596f0a0df.vault.azure.net/secrets/394b6dcd942f44708361/3c2dc7d0f1fc4815bc1d8e6779ff5c94",
        "attributes": {
          "enabled": true,
          "exp": 3799353600,
          "created": 1708043912,
          "updated": 1708043912,
          "recoveryLevel": "CustomizedRecoverable\u002BPurgeable",
          "recoverableDays": 7
        }
      }
    },
    {
      "RequestUri": "https://REDACTED/deletedsecrets?api-version=7.5",
      "RequestMethod": "GET",
      "RequestHeaders": {
        "Accept": "application/json",
        "Authorization": "Sanitized",
        "Content-Length": "0",
        "User-Agent": "azsdk-java-azure-security-keyvault-secrets/4.8.0 (11; Windows 10; 10.0)"
      },
      "RequestBody": null,
      "StatusCode": 200,
      "ResponseHeaders": {
        "Cache-Control": "no-cache",
        "Content-Length": "2690",
        "Content-Type": "application/json; charset=utf-8",
        "Date": "Fri, 16 Feb 2024 00:39:42 GMT",
        "Expires": "-1",
        "Pragma": "no-cache",
        "Strict-Transport-Security": "max-age=31536000;includeSubDomains",
        "X-Content-Type-Options": "nosniff",
        "x-ms-keyvault-network-info": "conn_type=Ipv4;addr=131.107.9.81;act_addr_fam=InterNetwork;",
        "x-ms-keyvault-region": "westus",
        "x-ms-keyvault-service-version": "1.9.1272.1",
        "x-ms-request-id": "2e7d625c-4efd-467a-9a9d-48a2ce6357cb"
      },
      "ResponseBody": {
        "value": [
          {
            "recoveryId": "https://ta70c2fe596f0a0df.vault.azure.net/deletedsecrets/19e1fff82bf24aa79388",
            "deletedDate": 1708043912,
            "scheduledPurgeDate": 1708648712,
            "id": "https://ta70c2fe596f0a0df.vault.azure.net/secrets/19e1fff82bf24aa79388",
            "attributes": {
              "enabled": true,
              "exp": 3799353600,
              "created": 1708043911,
              "updated": 1708043911,
              "recoveryLevel": "CustomizedRecoverable\u002BPurgeable",
              "recoverableDays": 7
            }
          },
          {
            "recoveryId": "https://ta70c2fe596f0a0df.vault.azure.net/deletedsecrets/24120e4a5120453d8df1",
            "deletedDate": 1708043916,
            "scheduledPurgeDate": 1708648716,
            "id": "https://ta70c2fe596f0a0df.vault.azure.net/secrets/24120e4a5120453d8df1",
            "attributes": {
              "enabled": true,
              "exp": 3799353600,
              "created": 1708043912,
              "updated": 1708043912,
              "recoveryLevel": "CustomizedRecoverable\u002BPurgeable",
              "recoverableDays": 7
            }
          },
          {
            "recoveryId": "https://ta70c2fe596f0a0df.vault.azure.net/deletedsecrets/394b6dcd942f44708361",
            "deletedDate": 1708043921,
            "scheduledPurgeDate": 1708648721,
            "id": "https://ta70c2fe596f0a0df.vault.azure.net/secrets/394b6dcd942f44708361",
            "attributes": {
              "enabled": true,
              "exp": 3799353600,
              "created": 1708043912,
              "updated": 1708043912,
              "recoveryLevel": "CustomizedRecoverable\u002BPurgeable",
              "recoverableDays": 7
            }
          },
          {
            "recoveryId": "https://ta70c2fe596f0a0df.vault.azure.net/deletedsecrets/5f41ac1af6224b5fbee4",
            "deletedDate": 1708043928,
            "scheduledPurgeDate": 1708648728,
            "id": "https://ta70c2fe596f0a0df.vault.azure.net/secrets/5f41ac1af6224b5fbee4",
            "attributes": {
              "enabled": true,
              "exp": 3799353600,
              "created": 1708043914,
              "updated": 1708043914,
              "recoveryLevel": "CustomizedRecoverable\u002BPurgeable",
              "recoverableDays": 7
            }
          },
          {
            "recoveryId": "https://ta70c2fe596f0a0df.vault.azure.net/deletedsecrets/65ff3246ba87402aad35",
            "deletedDate": 1708043917,
            "scheduledPurgeDate": 1708648717,
            "id": "https://ta70c2fe596f0a0df.vault.azure.net/secrets/65ff3246ba87402aad35",
            "attributes": {
              "enabled": true,
              "exp": 2537049600,
              "created": 1708043917,
              "updated": 1708043917,
              "recoveryLevel": "CustomizedRecoverable\u002BPurgeable",
              "recoverableDays": 7
            }
          },
          {
            "recoveryId": "https://ta70c2fe596f0a0df.vault.azure.net/deletedsecrets/bc3b39e346c54b38bdb9",
            "deletedDate": 1708043927,
            "scheduledPurgeDate": 1708648727,
            "id": "https://ta70c2fe596f0a0df.vault.azure.net/secrets/bc3b39e346c54b38bdb9",
            "attributes": {
              "enabled": true,
              "exp": 3799353600,
              "created": 1708043914,
              "updated": 1708043914,
              "recoveryLevel": "CustomizedRecoverable\u002BPurgeable",
              "recoverableDays": 7
            }
          }
        ],
        "nextLink": "https://ta70c2fe596f0a0df.vault.azure.net:443/deletedsecrets?api-version=7.5\u0026$skiptoken=eyJOZXh0TWFya2VyIjoiMiExNDAhTURBd01EWXdJWE5sWTNKbGRDOUNRek5DTXpsRk16UTJRelUwUWpNNFFrUkNPUzlFT1VaQ1JqSkJPVE0zTUVZME56Z3hRamN3TkRRNE4wSkVRa1pGUmtJeE5pRXdNREF3TWpnaE9UazVPUzB4TWkwek1WUXlNem8xT1RvMU9TNDVPVGs1T1RrNVdpRS0iLCJUYXJnZXRMb2NhdGlvbiI6MH0"
      }
    },
    {
      "RequestUri": "https://REDACTED/deletedsecrets?api-version=7.5",
      "RequestMethod": "GET",
      "RequestHeaders": {
        "Accept": "application/json",
        "Authorization": "Sanitized",
        "Content-Length": "0",
        "User-Agent": "azsdk-java-azure-security-keyvault-secrets/4.8.0 (11; Windows 10; 10.0)"
      },
      "RequestBody": null,
      "StatusCode": 200,
      "ResponseHeaders": {
        "Cache-Control": "no-cache",
        "Content-Length": "2690",
        "Content-Type": "application/json; charset=utf-8",
        "Date": "Fri, 16 Feb 2024 00:39:42 GMT",
        "Expires": "-1",
        "Pragma": "no-cache",
        "Strict-Transport-Security": "max-age=31536000;includeSubDomains",
        "X-Content-Type-Options": "nosniff",
        "x-ms-keyvault-network-info": "conn_type=Ipv4;addr=131.107.9.81;act_addr_fam=InterNetwork;",
        "x-ms-keyvault-region": "westus",
        "x-ms-keyvault-service-version": "1.9.1272.1",
        "x-ms-request-id": "a33cf4be-6680-442c-86d8-d93b45f713a0"
      },
      "ResponseBody": {
        "value": [
          {
            "recoveryId": "https://ta70c2fe596f0a0df.vault.azure.net/deletedsecrets/19e1fff82bf24aa79388",
            "deletedDate": 1708043912,
            "scheduledPurgeDate": 1708648712,
            "id": "https://ta70c2fe596f0a0df.vault.azure.net/secrets/19e1fff82bf24aa79388",
            "attributes": {
              "enabled": true,
              "exp": 3799353600,
              "created": 1708043911,
              "updated": 1708043911,
              "recoveryLevel": "CustomizedRecoverable\u002BPurgeable",
              "recoverableDays": 7
            }
          },
          {
            "recoveryId": "https://ta70c2fe596f0a0df.vault.azure.net/deletedsecrets/24120e4a5120453d8df1",
            "deletedDate": 1708043916,
            "scheduledPurgeDate": 1708648716,
            "id": "https://ta70c2fe596f0a0df.vault.azure.net/secrets/24120e4a5120453d8df1",
            "attributes": {
              "enabled": true,
              "exp": 3799353600,
              "created": 1708043912,
              "updated": 1708043912,
              "recoveryLevel": "CustomizedRecoverable\u002BPurgeable",
              "recoverableDays": 7
            }
          },
          {
            "recoveryId": "https://ta70c2fe596f0a0df.vault.azure.net/deletedsecrets/394b6dcd942f44708361",
            "deletedDate": 1708043921,
            "scheduledPurgeDate": 1708648721,
            "id": "https://ta70c2fe596f0a0df.vault.azure.net/secrets/394b6dcd942f44708361",
            "attributes": {
              "enabled": true,
              "exp": 3799353600,
              "created": 1708043912,
              "updated": 1708043912,
              "recoveryLevel": "CustomizedRecoverable\u002BPurgeable",
              "recoverableDays": 7
            }
          },
          {
            "recoveryId": "https://ta70c2fe596f0a0df.vault.azure.net/deletedsecrets/5f41ac1af6224b5fbee4",
            "deletedDate": 1708043928,
            "scheduledPurgeDate": 1708648728,
            "id": "https://ta70c2fe596f0a0df.vault.azure.net/secrets/5f41ac1af6224b5fbee4",
            "attributes": {
              "enabled": true,
              "exp": 3799353600,
              "created": 1708043914,
              "updated": 1708043914,
              "recoveryLevel": "CustomizedRecoverable\u002BPurgeable",
              "recoverableDays": 7
            }
          },
          {
            "recoveryId": "https://ta70c2fe596f0a0df.vault.azure.net/deletedsecrets/65ff3246ba87402aad35",
            "deletedDate": 1708043917,
            "scheduledPurgeDate": 1708648717,
            "id": "https://ta70c2fe596f0a0df.vault.azure.net/secrets/65ff3246ba87402aad35",
            "attributes": {
              "enabled": true,
              "exp": 2537049600,
              "created": 1708043917,
              "updated": 1708043917,
              "recoveryLevel": "CustomizedRecoverable\u002BPurgeable",
              "recoverableDays": 7
            }
          },
          {
            "recoveryId": "https://ta70c2fe596f0a0df.vault.azure.net/deletedsecrets/bc3b39e346c54b38bdb9",
            "deletedDate": 1708043927,
            "scheduledPurgeDate": 1708648727,
            "id": "https://ta70c2fe596f0a0df.vault.azure.net/secrets/bc3b39e346c54b38bdb9",
            "attributes": {
              "enabled": true,
              "exp": 3799353600,
              "created": 1708043914,
              "updated": 1708043914,
              "recoveryLevel": "CustomizedRecoverable\u002BPurgeable",
              "recoverableDays": 7
            }
          }
        ],
        "nextLink": "https://ta70c2fe596f0a0df.vault.azure.net:443/deletedsecrets?api-version=7.5\u0026$skiptoken=eyJOZXh0TWFya2VyIjoiMiExNDAhTURBd01EWXdJWE5sWTNKbGRDOUNRek5DTXpsRk16UTJRelUwUWpNNFFrUkNPUzlFT1VaQ1JqSkJPVE0zTUVZME56Z3hRamN3TkRRNE4wSkVRa1pGUmtJeE5pRXdNREF3TWpnaE9UazVPUzB4TWkwek1WUXlNem8xT1RvMU9TNDVPVGs1T1RrNVdpRS0iLCJUYXJnZXRMb2NhdGlvbiI6MH0"
      }
    },
    {
      "RequestUri": "https://REDACTED/deletedsecrets?api-version=7.5\u0026$skiptoken=eyJOZXh0TWFya2VyIjoiMiExNDAhTURBd01EWXdJWE5sWTNKbGRDOUNRek5DTXpsRk16UTJRelUwUWpNNFFrUkNPUzlFT1VaQ1JqSkJPVE0zTUVZME56Z3hRamN3TkRRNE4wSkVRa1pGUmtJeE5pRXdNREF3TWpnaE9UazVPUzB4TWkwek1WUXlNem8xT1RvMU9TNDVPVGs1T1RrNVdpRS0iLCJUYXJnZXRMb2NhdGlvbiI6MH0",
      "RequestMethod": "GET",
      "RequestHeaders": {
        "Accept": "application/json",
        "Authorization": "Sanitized",
        "Content-Length": "0",
        "User-Agent": "azsdk-java-azure-security-keyvault-secrets/4.8.0 (11; Windows 10; 10.0)"
      },
      "RequestBody": null,
      "StatusCode": 200,
      "ResponseHeaders": {
        "Cache-Control": "no-cache",
        "Content-Length": "1069",
        "Content-Type": "application/json; charset=utf-8",
        "Date": "Fri, 16 Feb 2024 00:39:43 GMT",
        "Expires": "-1",
        "Pragma": "no-cache",
        "Strict-Transport-Security": "max-age=31536000;includeSubDomains",
        "X-Content-Type-Options": "nosniff",
        "x-ms-keyvault-network-info": "conn_type=Ipv4;addr=131.107.9.81;act_addr_fam=InterNetwork;",
        "x-ms-keyvault-region": "westus",
        "x-ms-keyvault-service-version": "1.9.1272.1",
        "x-ms-request-id": "d696a78b-13e4-417f-a9e7-b5b4707eedf3"
      },
      "ResponseBody": {
        "value": [
          {
            "recoveryId": "https://ta70c2fe596f0a0df.vault.azure.net/deletedsecrets/c7545ab55e69480bafe2",
            "deletedDate": 1708043911,
            "scheduledPurgeDate": 1708648711,
            "id": "https://ta70c2fe596f0a0df.vault.azure.net/secrets/c7545ab55e69480bafe2",
            "attributes": {
              "enabled": true,
              "exp": 2537049600,
              "created": 1708043911,
              "updated": 1708043911,
              "recoveryLevel": "CustomizedRecoverable\u002BPurgeable",
              "recoverableDays": 7
            }
          },
          {
            "recoveryId": "https://ta70c2fe596f0a0df.vault.azure.net/deletedsecrets/fc5673e7381c43ca86f3",
            "deletedDate": 1708043924,
            "scheduledPurgeDate": 1708648724,
            "id": "https://ta70c2fe596f0a0df.vault.azure.net/secrets/fc5673e7381c43ca86f3",
            "attributes": {
              "enabled": true,
              "exp": 3799353600,
              "created": 1708043914,
              "updated": 1708043914,
              "recoveryLevel": "CustomizedRecoverable\u002BPurgeable",
              "recoverableDays": 7
            }
          }
        ],
        "nextLink": "https://ta70c2fe596f0a0df.vault.azure.net:443/deletedsecrets?api-version=7.5\u0026$skiptoken=eyJOZXh0TWFya2VyIjoiMiE5MiFNREF3TURJMElYTmxZM0psZEM5TVNWTlVVMFZEVWtWVU16UXdNemszTWlFd01EQXdNamdoT1RrNU9TMHhNaTB6TVZReU16bzFPVG8xT1M0NU9UazVPVGs1V2lFLSIsIlRhcmdldExvY2F0aW9uIjowfQ"
      }
    },
    {
      "RequestUri": "https://REDACTED/deletedsecrets?api-version=7.5\u0026$skiptoken=eyJOZXh0TWFya2VyIjoiMiE5MiFNREF3TURJMElYTmxZM0psZEM5TVNWTlVVMFZEVWtWVU16UXdNemszTWlFd01EQXdNamdoT1RrNU9TMHhNaTB6TVZReU16bzFPVG8xT1M0NU9UazVPVGs1V2lFLSIsIlRhcmdldExvY2F0aW9uIjowfQ",
      "RequestMethod": "GET",
      "RequestHeaders": {
        "Accept": "application/json",
        "Authorization": "Sanitized",
        "Content-Length": "0",
        "User-Agent": "azsdk-java-azure-security-keyvault-secrets/4.8.0 (11; Windows 10; 10.0)"
      },
      "RequestBody": null,
      "StatusCode": 200,
      "ResponseHeaders": {
        "Cache-Control": "no-cache",
        "Content-Length": "1175",
        "Content-Type": "application/json; charset=utf-8",
        "Date": "Fri, 16 Feb 2024 00:39:43 GMT",
        "Expires": "-1",
        "Pragma": "no-cache",
        "Strict-Transport-Security": "max-age=31536000;includeSubDomains",
        "X-Content-Type-Options": "nosniff",
        "x-ms-keyvault-network-info": "conn_type=Ipv4;addr=131.107.9.81;act_addr_fam=InterNetwork;",
        "x-ms-keyvault-region": "westus",
        "x-ms-keyvault-service-version": "1.9.1272.1",
        "x-ms-request-id": "ca0f2c46-d997-4b8c-89a8-02c4f220b34f"
      },
      "ResponseBody": {
        "value": [
          {
            "recoveryId": "https://ta70c2fe596f0a0df.vault.azure.net/deletedsecrets/testsecretgetdeleted08090",
            "deletedDate": 1708043911,
            "scheduledPurgeDate": 1708648711,
            "id": "https://ta70c2fe596f0a0df.vault.azure.net/secrets/testsecretgetdeleted08090",
            "attributes": {
              "enabled": true,
              "exp": 2537049600,
              "created": 1708043910,
              "updated": 1708043910,
              "recoveryLevel": "CustomizedRecoverable\u002BPurgeable",
              "recoverableDays": 7
            }
          },
          {
            "recoveryId": "https://ta70c2fe596f0a0df.vault.azure.net/deletedsecrets/testsecretgetdeleted88042",
            "deletedDate": 1708043911,
            "scheduledPurgeDate": 1708648711,
            "id": "https://ta70c2fe596f0a0df.vault.azure.net/secrets/testsecretgetdeleted88042",
            "attributes": {
              "enabled": true,
              "exp": 2537049600,
              "created": 1708043911,
              "updated": 1708043911,
              "recoveryLevel": "CustomizedRecoverable\u002BPurgeable",
              "recoverableDays": 7
            }
          }
        ],
        "nextLink": "https://ta70c2fe596f0a0df.vault.azure.net:443/deletedsecrets?api-version=7.5\u0026$skiptoken=eyJOZXh0TWFya2VyIjoiMiExNTYhTURBd01EY3pJWE5sWTNKbGRDOVVSVk5VVlZCRVFWUkZUMFpFU1ZOQlFreEZSRk5GUTFKRlZESXdORGN4TVRJdk5EazJRMFZDUkRrek9ETTVOREl4TVVGR1F6TTJOVVF6UmpGR05rSkJORE1oTURBd01ESTRJVGs1T1RrdE1USXRNekZVTWpNNk5UazZOVGt1T1RrNU9UazVPVm9oIiwiVGFyZ2V0TG9jYXRpb24iOjB9"
      }
    },
    {
      "RequestUri": "https://REDACTED/deletedsecrets?api-version=7.5\u0026$skiptoken=eyJOZXh0TWFya2VyIjoiMiExNTYhTURBd01EY3pJWE5sWTNKbGRDOVVSVk5VVlZCRVFWUkZUMFpFU1ZOQlFreEZSRk5GUTFKRlZESXdORGN4TVRJdk5EazJRMFZDUkRrek9ETTVOREl4TVVGR1F6TTJOVVF6UmpGR05rSkJORE1oTURBd01ESTRJVGs1T1RrdE1USXRNekZVTWpNNk5UazZOVGt1T1RrNU9UazVPVm9oIiwiVGFyZ2V0TG9jYXRpb24iOjB9",
      "RequestMethod": "GET",
      "RequestHeaders": {
        "Accept": "application/json",
        "Authorization": "Sanitized",
        "Content-Length": "0",
        "User-Agent": "azsdk-java-azure-security-keyvault-secrets/4.8.0 (11; Windows 10; 10.0)"
      },
      "RequestBody": null,
      "StatusCode": 200,
      "ResponseHeaders": {
        "Cache-Control": "no-cache",
        "Content-Length": "28",
        "Content-Type": "application/json; charset=utf-8",
        "Date": "Fri, 16 Feb 2024 00:39:43 GMT",
        "Expires": "-1",
        "Pragma": "no-cache",
        "Strict-Transport-Security": "max-age=31536000;includeSubDomains",
        "X-Content-Type-Options": "nosniff",
        "x-ms-keyvault-network-info": "conn_type=Ipv4;addr=131.107.9.81;act_addr_fam=InterNetwork;",
        "x-ms-keyvault-region": "westus",
        "x-ms-keyvault-service-version": "1.9.1272.1",
        "x-ms-request-id": "376e882d-9fba-417d-b59f-4298b09320c2"
      },
      "ResponseBody": {
        "value": [],
        "nextLink": null
      }
    }
  ],
  "Variables": {
    "0": "394b6dcd942f44708361",
    "1": "24120e4a5120453d8df1",
    "2": "19e1fff82bf24aa79388"
  }
}
