{
  "Entries": [
    {
      "RequestUri": "https://REDACTED/secrets/testsecretgetdeleted55298?api-version=7.6-preview.2",
      "RequestMethod": "PUT",
      "RequestHeaders": {
        "Accept": "application/json",
        "Content-Length": "0",
        "Content-Type": "application/json",
        "User-Agent": "azsdk-java-UnknownName/UnknownVersion (11; Windows 10; 10.0)"
      },
      "RequestBody": null,
      "StatusCode": 401,
      "ResponseHeaders": {
        "Cache-Control": "no-cache",
        "Content-Length": "97",
        "Content-Type": "application/json; charset=utf-8",
        "Date": "Tue, 04 Mar 2025 01:47:19 GMT",
        "Expires": "-1",
        "Pragma": "no-cache",
        "Strict-Transport-Security": "max-age=31536000;includeSubDomains",
        "WWW-Authenticate": "Bearer authorization=\"https://login.microsoftonline.com/70a036f6-8e4d-4615-bad6-149c02e7720d\", resource=\"https://vault.azure.net\"",
        "X-Content-Type-Options": "nosniff",
        "x-ms-keyvault-network-info": "conn_type=Ipv4;addr=172.92.148.195;act_addr_fam=InterNetwork;",
        "x-ms-keyvault-region": "westus",
        "x-ms-keyvault-service-version": "1.9.2103.1",
        "x-ms-request-id": "Sanitized"
      },
      "ResponseBody": {
        "error": {
          "code": "Unauthorized",
          "message": "AKV10000: Request is missing a Bearer or PoP token."
        }
      }
    },
    {
      "RequestUri": "https://REDACTED/secrets/testsecretgetdeleted55298?api-version=7.6-preview.2",
      "RequestMethod": "PUT",
      "RequestHeaders": {
        "Accept": "application/json",
        "Authorization": "Sanitized",
        "Content-Length": "66",
        "Content-Type": "application/json",
        "User-Agent": "azsdk-java-UnknownName/UnknownVersion (11; Windows 10; 10.0)"
      },
      "RequestBody": {
        "value": "testSecretGetDeleteVal",
        "attributes": {
          "exp": 2537049600
        }
      },
      "StatusCode": 200,
      "ResponseHeaders": {
        "Cache-Control": "no-cache",
        "Content-Length": "308",
        "Content-Type": "application/json; charset=utf-8",
        "Date": "Tue, 04 Mar 2025 01:47:31 GMT",
        "Expires": "-1",
        "Pragma": "no-cache",
        "Strict-Transport-Security": "max-age=31536000;includeSubDomains",
        "X-Content-Type-Options": "nosniff",
        "x-ms-keyvault-network-info": "conn_type=Ipv4;addr=172.92.148.195;act_addr_fam=InterNetwork;",
        "x-ms-keyvault-region": "westus",
        "x-ms-keyvault-service-version": "1.9.2103.1",
        "x-ms-request-id": "Sanitized"
      },
      "ResponseBody": {
        "id": "https://vicolinakvrecord.vault.azure.net/secrets/testsecretgetdeleted55298/2937be379e054dfe8bdec1bd1eddacea",
        "value": "testSecretGetDeleteVal",
        "attributes": {
          "enabled": true,
          "exp": 2537049600,
          "created": 1741052851,
          "updated": 1741052851,
          "recoveryLevel": "CustomizedRecoverable+Purgeable",
          "recoverableDays": 7
        }
      }
    },
    {
      "RequestUri": "https://REDACTED/secrets/testsecretgetdeleted55298?api-version=7.6-preview.2",
      "RequestMethod": "DELETE",
      "RequestHeaders": {
        "Accept": "application/json",
        "Authorization": "Sanitized",
        "Content-Length": "0",
        "User-Agent": "azsdk-java-UnknownName/UnknownVersion (11; Windows 10; 10.0)"
      },
      "RequestBody": null,
      "StatusCode": 200,
      "ResponseHeaders": {
        "Cache-Control": "no-cache",
        "Content-Length": "429",
        "Content-Type": "application/json; charset=utf-8",
        "Date": "Tue, 04 Mar 2025 01:47:31 GMT",
        "Expires": "-1",
        "Pragma": "no-cache",
        "Strict-Transport-Security": "max-age=31536000;includeSubDomains",
        "X-Content-Type-Options": "nosniff",
        "x-ms-keyvault-network-info": "conn_type=Ipv4;addr=172.92.148.195;act_addr_fam=InterNetwork;",
        "x-ms-keyvault-region": "westus",
        "x-ms-keyvault-service-version": "1.9.2103.1",
        "x-ms-request-id": "Sanitized"
      },
      "ResponseBody": {
        "recoveryId": "https://vicolinakvrecord.vault.azure.net/deletedsecrets/testsecretgetdeleted55298",
        "deletedDate": 1741052852,
        "scheduledPurgeDate": 1741657652,
        "id": "https://vicolinakvrecord.vault.azure.net/secrets/testsecretgetdeleted55298/2937be379e054dfe8bdec1bd1eddacea",
        "attributes": {
          "enabled": true,
          "exp": 2537049600,
          "created": 1741052851,
          "updated": 1741052851,
          "recoveryLevel": "CustomizedRecoverable+Purgeable",
          "recoverableDays": 7
        }
      }
    },
    {
      "RequestUri": "https://REDACTED/deletedsecrets/testsecretgetdeleted55298?api-version=7.6-preview.2",
      "RequestMethod": "GET",
      "RequestHeaders": {
        "Accept": "application/json",
        "Authorization": "Sanitized",
        "Content-Length": "0",
        "User-Agent": "azsdk-java-UnknownName/UnknownVersion (11; Windows 10; 10.0)"
      },
      "RequestBody": null,
      "StatusCode": 200,
      "ResponseHeaders": {
        "Cache-Control": "no-cache",
        "Content-Length": "429",
        "Content-Type": "application/json; charset=utf-8",
        "Date": "Tue, 04 Mar 2025 01:47:33 GMT",
        "Expires": "-1",
        "Pragma": "no-cache",
        "Strict-Transport-Security": "max-age=31536000;includeSubDomains",
        "X-Content-Type-Options": "nosniff",
        "x-ms-keyvault-network-info": "conn_type=Ipv4;addr=172.92.148.195;act_addr_fam=InterNetwork;",
        "x-ms-keyvault-region": "westus",
        "x-ms-keyvault-service-version": "1.9.2103.1",
        "x-ms-request-id": "Sanitized"
      },
      "ResponseBody": {
        "recoveryId": "https://vicolinakvrecord.vault.azure.net/deletedsecrets/testsecretgetdeleted55298",
        "deletedDate": 1741052852,
        "scheduledPurgeDate": 1741657652,
        "id": "https://vicolinakvrecord.vault.azure.net/secrets/testsecretgetdeleted55298/2937be379e054dfe8bdec1bd1eddacea",
        "attributes": {
          "enabled": true,
          "exp": 2537049600,
          "created": 1741052851,
          "updated": 1741052851,
          "recoveryLevel": "CustomizedRecoverable+Purgeable",
          "recoverableDays": 7
        }
      }
    },
    {
      "RequestUri": "https://REDACTED/deletedsecrets/testsecretgetdeleted55298?api-version=7.6-preview.2",
      "RequestMethod": "GET",
      "RequestHeaders": {
        "Accept": "application/json",
        "Authorization": "Sanitized",
        "Content-Length": "0",
        "User-Agent": "azsdk-java-UnknownName/UnknownVersion (11; Windows 10; 10.0)"
      },
      "RequestBody": null,
      "StatusCode": 200,
      "ResponseHeaders": {
        "Cache-Control": "no-cache",
        "Content-Length": "429",
        "Content-Type": "application/json; charset=utf-8",
        "Date": "Tue, 04 Mar 2025 01:47:33 GMT",
        "Expires": "-1",
        "Pragma": "no-cache",
        "Strict-Transport-Security": "max-age=31536000;includeSubDomains",
        "X-Content-Type-Options": "nosniff",
        "x-ms-keyvault-network-info": "conn_type=Ipv4;addr=172.92.148.195;act_addr_fam=InterNetwork;",
        "x-ms-keyvault-region": "westus",
        "x-ms-keyvault-service-version": "1.9.2103.1",
        "x-ms-request-id": "Sanitized"
      },
      "ResponseBody": {
        "recoveryId": "https://vicolinakvrecord.vault.azure.net/deletedsecrets/testsecretgetdeleted55298",
        "deletedDate": 1741052852,
        "scheduledPurgeDate": 1741657652,
        "id": "https://vicolinakvrecord.vault.azure.net/secrets/testsecretgetdeleted55298/2937be379e054dfe8bdec1bd1eddacea",
        "attributes": {
          "enabled": true,
          "exp": 2537049600,
          "created": 1741052851,
          "updated": 1741052851,
          "recoveryLevel": "CustomizedRecoverable+Purgeable",
          "recoverableDays": 7
        }
      }
    }
  ],
  "Variables": {
    "0": "testsecretgetdeleted55298"
  }
}
