{
  "Entries": [
    {
      "RequestUri": "https://fakestorageaccount.file.core.windows.net/share168755384081007798?restype=share",
      "RequestMethod": "PUT",
      "RequestHeaders": {
        "Accept": "application/xml",
        "Accept-Encoding": "gzip, deflate, br",
        "Accept-Language": "en-US",
        "Connection": "keep-alive",
        "Content-Length": "0",
        "Origin": "http://localhost:9876",
        "Referer": "http://localhost:9876/",
        "sec-ch-ua": "",
        "sec-ch-ua-mobile": "?0",
        "sec-ch-ua-platform": "\u0022\u0022",
        "Sec-Fetch-Dest": "empty",
        "Sec-Fetch-Mode": "cors",
        "Sec-Fetch-Site": "same-site",
        "User-Agent": "Mozilla/5.0 (X11; Linux x86_64) AppleWebKit/537.36 (KHTML, like Gecko) HeadlessChrome/112.0.5614.0 Safari/537.36",
        "x-ms-client-request-id": "f7918aa5-d0ff-43ee-8c25-1615c0468679",
        "x-ms-useragent": "azsdk-js-azure-storage-blob/12.20.0 core-rest-pipeline/1.11.1 OS",
        "x-ms-version": "2022-11-02"
      },
      "RequestBody": null,
      "StatusCode": 201,
      "ResponseHeaders": {
        "Access-Control-Allow-Origin": "*",
        "Access-Control-Expose-Headers": "x-ms-request-id,x-ms-client-request-id,Server,x-ms-version,Last-Modified,ETag,Content-Length,Date,Transfer-Encoding",
        "Content-Length": "0",
        "Date": "Fri, 23 Jun 2023 20:55:15 GMT",
        "ETag": "\u00220x8DB742C258912CA\u0022",
        "Last-Modified": "Fri, 23 Jun 2023 20:55:16 GMT",
        "Server": [
          "Windows-Azure-File/1.0",
          "Microsoft-HTTPAPI/2.0"
        ],
        "x-ms-client-request-id": "f7918aa5-d0ff-43ee-8c25-1615c0468679",
        "x-ms-request-id": "0208de43-f01a-0015-6315-a68631000000",
        "x-ms-version": "2022-11-02"
      },
      "ResponseBody": null
    },
    {
      "RequestUri": "https://fakestorageaccount.file.core.windows.net/share168755384081007798/dir168755384089704232.?restype=directory",
      "RequestMethod": "PUT",
      "RequestHeaders": {
        "Accept": "application/xml",
        "Accept-Encoding": "gzip, deflate, br",
        "Accept-Language": "en-US",
        "Connection": "keep-alive",
        "Content-Length": "0",
        "Origin": "http://localhost:9876",
        "Referer": "http://localhost:9876/",
        "sec-ch-ua": "",
        "sec-ch-ua-mobile": "?0",
        "sec-ch-ua-platform": "\u0022\u0022",
        "Sec-Fetch-Dest": "empty",
        "Sec-Fetch-Mode": "cors",
        "Sec-Fetch-Site": "same-site",
        "User-Agent": "Mozilla/5.0 (X11; Linux x86_64) AppleWebKit/537.36 (KHTML, like Gecko) HeadlessChrome/112.0.5614.0 Safari/537.36",
        "x-ms-allow-trailing-dot": "true",
        "x-ms-client-request-id": "10fa33a9-5879-4ca1-8a2e-e7fed9739efe",
        "x-ms-file-attributes": "Directory",
        "x-ms-file-creation-time": "now",
        "x-ms-file-last-write-time": "now",
        "x-ms-file-permission": "inherit",
        "x-ms-useragent": "azsdk-js-azure-storage-blob/12.20.0 core-rest-pipeline/1.11.1 OS",
        "x-ms-version": "2022-11-02"
      },
      "RequestBody": null,
      "StatusCode": 201,
      "ResponseHeaders": {
        "Access-Control-Allow-Origin": "*",
        "Access-Control-Expose-Headers": "x-ms-request-id,x-ms-client-request-id,Server,x-ms-version,Last-Modified,ETag,x-ms-file-change-time,x-ms-file-last-write-time,x-ms-file-creation-time,x-ms-file-permission-key,x-ms-file-attributes,x-ms-file-id,x-ms-file-parent-id,x-ms-request-server-encrypted,Content-Length,Date,Transfer-Encoding",
        "Content-Length": "0",
        "Date": "Fri, 23 Jun 2023 20:55:15 GMT",
        "ETag": "\u00220x8DB742C25976ECD\u0022",
        "Last-Modified": "Fri, 23 Jun 2023 20:55:16 GMT",
        "Server": [
          "Windows-Azure-File/1.0",
          "Microsoft-HTTPAPI/2.0"
        ],
        "x-ms-client-request-id": "10fa33a9-5879-4ca1-8a2e-e7fed9739efe",
        "x-ms-file-attributes": "Directory",
        "x-ms-file-change-time": "2023-06-23T20:55:16.1121485Z",
        "x-ms-file-creation-time": "2023-06-23T20:55:16.1121485Z",
        "x-ms-file-id": "13835128424026341376",
        "x-ms-file-last-write-time": "2023-06-23T20:55:16.1121485Z",
        "x-ms-file-parent-id": "0",
        "x-ms-file-permission-key": "11388031799016231592*17785080543603098913",
        "x-ms-request-id": "0208de4c-f01a-0015-6915-a68631000000",
        "x-ms-request-server-encrypted": "true",
        "x-ms-version": "2022-11-02"
      },
      "ResponseBody": null
    },
    {
      "RequestUri": "https://fakestorageaccount.file.core.windows.net/share168755384081007798/dir1168755384098907794...?restype=directory",
      "RequestMethod": "PUT",
      "RequestHeaders": {
        "Accept": "application/xml",
        "Accept-Encoding": "gzip, deflate, br",
        "Accept-Language": "en-US",
        "Connection": "keep-alive",
        "Content-Length": "0",
        "Origin": "http://localhost:9876",
        "Referer": "http://localhost:9876/",
        "sec-ch-ua": "",
        "sec-ch-ua-mobile": "?0",
        "sec-ch-ua-platform": "\u0022\u0022",
        "Sec-Fetch-Dest": "empty",
        "Sec-Fetch-Mode": "cors",
        "Sec-Fetch-Site": "same-site",
        "User-Agent": "Mozilla/5.0 (X11; Linux x86_64) AppleWebKit/537.36 (KHTML, like Gecko) HeadlessChrome/112.0.5614.0 Safari/537.36",
        "x-ms-allow-trailing-dot": "true",
        "x-ms-client-request-id": "46b2ffec-0bcf-4884-9c19-e43c9601cead",
        "x-ms-file-attributes": "Directory",
        "x-ms-file-creation-time": "now",
        "x-ms-file-last-write-time": "now",
        "x-ms-file-permission": "inherit",
        "x-ms-useragent": "azsdk-js-azure-storage-blob/12.20.0 core-rest-pipeline/1.11.1 OS",
        "x-ms-version": "2022-11-02"
      },
      "RequestBody": null,
      "StatusCode": 201,
      "ResponseHeaders": {
        "Access-Control-Allow-Origin": "*",
        "Access-Control-Expose-Headers": "x-ms-request-id,x-ms-client-request-id,Server,x-ms-version,Last-Modified,ETag,x-ms-file-change-time,x-ms-file-last-write-time,x-ms-file-creation-time,x-ms-file-permission-key,x-ms-file-attributes,x-ms-file-id,x-ms-file-parent-id,x-ms-request-server-encrypted,Content-Length,Date,Transfer-Encoding",
        "Content-Length": "0",
        "Date": "Fri, 23 Jun 2023 20:55:15 GMT",
        "ETag": "\u00220x8DB742C25A54F73\u0022",
        "Last-Modified": "Fri, 23 Jun 2023 20:55:16 GMT",
        "Server": [
          "Windows-Azure-File/1.0",
          "Microsoft-HTTPAPI/2.0"
        ],
        "x-ms-client-request-id": "46b2ffec-0bcf-4884-9c19-e43c9601cead",
        "x-ms-file-attributes": "Directory",
        "x-ms-file-change-time": "2023-06-23T20:55:16.2030963Z",
        "x-ms-file-creation-time": "2023-06-23T20:55:16.2030963Z",
        "x-ms-file-id": "11529285414812647424",
        "x-ms-file-last-write-time": "2023-06-23T20:55:16.2030963Z",
        "x-ms-file-parent-id": "0",
        "x-ms-file-permission-key": "11388031799016231592*17785080543603098913",
        "x-ms-request-id": "0208de51-f01a-0015-6e15-a68631000000",
        "x-ms-request-server-encrypted": "true",
        "x-ms-version": "2022-11-02"
      },
      "ResponseBody": null
    },
    {
      "RequestUri": "https://fakestorageaccount.file.core.windows.net/share168755384081007798/?comp=list\u0026restype=directory\u0026",
      "RequestMethod": "GET",
      "RequestHeaders": {
        "Accept": "application/xml",
        "Accept-Encoding": "gzip, deflate, br",
        "Accept-Language": "en-US",
        "Connection": "keep-alive",
        "Origin": "http://localhost:9876",
        "Referer": "http://localhost:9876/",
        "sec-ch-ua": "",
        "sec-ch-ua-mobile": "?0",
        "sec-ch-ua-platform": "\u0022\u0022",
        "Sec-Fetch-Dest": "empty",
        "Sec-Fetch-Mode": "cors",
        "Sec-Fetch-Site": "same-site",
        "User-Agent": "Mozilla/5.0 (X11; Linux x86_64) AppleWebKit/537.36 (KHTML, like Gecko) HeadlessChrome/112.0.5614.0 Safari/537.36",
        "x-ms-allow-trailing-dot": "true",
        "x-ms-client-request-id": "2fc3049a-9150-4ab3-a0fd-dc3d4cb13125",
        "x-ms-useragent": "azsdk-js-azure-storage-blob/12.20.0 core-rest-pipeline/1.11.1 OS",
        "x-ms-version": "2022-11-02"
      },
      "RequestBody": null,
      "StatusCode": 200,
      "ResponseHeaders": {
        "Access-Control-Allow-Origin": "*",
        "Access-Control-Expose-Headers": "x-ms-request-id,x-ms-client-request-id,Server,x-ms-version,Content-Type,Content-Length,Date,Transfer-Encoding",
        "Content-Type": "application/xml",
        "Date": "Fri, 23 Jun 2023 20:55:15 GMT",
        "Server": [
          "Windows-Azure-File/1.0",
          "Microsoft-HTTPAPI/2.0"
        ],
        "Transfer-Encoding": "chunked",
        "x-ms-client-request-id": "2fc3049a-9150-4ab3-a0fd-dc3d4cb13125",
        "x-ms-request-id": "0208de57-f01a-0015-7415-a68631000000",
        "x-ms-version": "2022-11-02"
      },
      "ResponseBody": "\uFEFF\u003C?xml version=\u00221.0\u0022 encoding=\u0022utf-8\u0022?\u003E\u003CEnumerationResults ServiceEndpoint=\u0022https://fakestorageaccount.file.core.windows.net/\u0022 ShareName=\u0022share168755384081007798\u0022 DirectoryPath=\u0022\u0022\u003E\u003CDirectoryId\u003E0\u003C/DirectoryId\u003E\u003CEntries\u003E\u003CDirectory\u003E\u003CName\u003Edir1168755384098907794...\u003C/Name\u003E\u003CFileId\u003E11529285414812647424\u003C/FileId\u003E\u003CProperties /\u003E\u003C/Directory\u003E\u003CDirectory\u003E\u003CName\u003Edir168755384089704232.\u003C/Name\u003E\u003CFileId\u003E13835128424026341376\u003C/FileId\u003E\u003CProperties /\u003E\u003C/Directory\u003E\u003C/Entries\u003E\u003CNextMarker /\u003E\u003C/EnumerationResults\u003E"
    },
    {
      "RequestUri": "https://fakestorageaccount.file.core.windows.net/share168755384081007798/dir1168755384098907794...?restype=directory",
      "RequestMethod": "DELETE",
      "RequestHeaders": {
        "Accept": "application/xml",
        "Accept-Encoding": "gzip, deflate, br",
        "Accept-Language": "en-US",
        "Connection": "keep-alive",
        "Origin": "http://localhost:9876",
        "Referer": "http://localhost:9876/",
        "sec-ch-ua": "",
        "sec-ch-ua-mobile": "?0",
        "sec-ch-ua-platform": "\u0022\u0022",
        "Sec-Fetch-Dest": "empty",
        "Sec-Fetch-Mode": "cors",
        "Sec-Fetch-Site": "same-site",
        "User-Agent": "Mozilla/5.0 (X11; Linux x86_64) AppleWebKit/537.36 (KHTML, like Gecko) HeadlessChrome/112.0.5614.0 Safari/537.36",
        "x-ms-allow-trailing-dot": "true",
        "x-ms-client-request-id": "52971f2f-43a1-43f3-84b9-267820964191",
        "x-ms-useragent": "azsdk-js-azure-storage-blob/12.20.0 core-rest-pipeline/1.11.1 OS",
        "x-ms-version": "2022-11-02"
      },
      "RequestBody": null,
      "StatusCode": 202,
      "ResponseHeaders": {
        "Access-Control-Allow-Origin": "*",
        "Access-Control-Expose-Headers": "x-ms-request-id,x-ms-client-request-id,Server,x-ms-version,Content-Length,Date,Transfer-Encoding",
        "Content-Length": "0",
        "Date": "Fri, 23 Jun 2023 20:55:15 GMT",
        "Server": [
          "Windows-Azure-File/1.0",
          "Microsoft-HTTPAPI/2.0"
        ],
        "x-ms-client-request-id": "52971f2f-43a1-43f3-84b9-267820964191",
        "x-ms-request-id": "0208de5e-f01a-0015-7b15-a68631000000",
        "x-ms-version": "2022-11-02"
      },
      "ResponseBody": null
    },
    {
      "RequestUri": "https://fakestorageaccount.file.core.windows.net/share168755384081007798/dir1168755384098907794...?restype=directory\u0026",
      "RequestMethod": "GET",
      "RequestHeaders": {
        "Accept": "application/xml",
        "Accept-Encoding": "gzip, deflate, br",
        "Accept-Language": "en-US",
        "Connection": "keep-alive",
        "Origin": "http://localhost:9876",
        "Referer": "http://localhost:9876/",
        "sec-ch-ua": "",
        "sec-ch-ua-mobile": "?0",
        "sec-ch-ua-platform": "\u0022\u0022",
        "Sec-Fetch-Dest": "empty",
        "Sec-Fetch-Mode": "cors",
        "Sec-Fetch-Site": "same-site",
        "User-Agent": "Mozilla/5.0 (X11; Linux x86_64) AppleWebKit/537.36 (KHTML, like Gecko) HeadlessChrome/112.0.5614.0 Safari/537.36",
        "x-ms-allow-trailing-dot": "true",
        "x-ms-client-request-id": "e2239ec7-cbd4-4956-b7bf-67f2a8341630",
        "x-ms-useragent": "azsdk-js-azure-storage-blob/12.20.0 core-rest-pipeline/1.11.1 OS",
        "x-ms-version": "2022-11-02"
      },
      "RequestBody": null,
      "StatusCode": 404,
      "ResponseHeaders": {
        "Access-Control-Allow-Origin": "*",
        "Access-Control-Expose-Headers": "x-ms-request-id,x-ms-client-request-id,Server,x-ms-version,x-ms-error-code,Content-Length,Date,Transfer-Encoding",
        "Content-Length": "223",
        "Content-Type": "application/xml",
        "Date": "Fri, 23 Jun 2023 20:55:15 GMT",
        "Server": [
          "Windows-Azure-File/1.0",
          "Microsoft-HTTPAPI/2.0"
        ],
        "x-ms-client-request-id": "e2239ec7-cbd4-4956-b7bf-67f2a8341630",
        "x-ms-error-code": "ResourceNotFound",
        "x-ms-request-id": "0208de62-f01a-0015-7f15-a68631000000",
        "x-ms-version": "2022-11-02"
      },
      "ResponseBody": [
        "\uFEFF\u003C?xml version=\u00221.0\u0022 encoding=\u0022utf-8\u0022?\u003E\u003CError\u003E\u003CCode\u003EResourceNotFound\u003C/Code\u003E\u003CMessage\u003EThe specified resource does not exist.\n",
        "RequestId:0208de62-f01a-0015-7f15-a68631000000\n",
        "Time:2023-06-23T20:55:16.4707833Z\u003C/Message\u003E\u003C/Error\u003E"
      ]
    },
    {
      "RequestUri": "https://fakestorageaccount.file.core.windows.net/share168755384081007798?restype=share",
      "RequestMethod": "DELETE",
      "RequestHeaders": {
        "Accept": "application/xml",
        "Accept-Encoding": "gzip, deflate, br",
        "Accept-Language": "en-US",
        "Connection": "keep-alive",
        "Origin": "http://localhost:9876",
        "Referer": "http://localhost:9876/",
        "sec-ch-ua": "",
        "sec-ch-ua-mobile": "?0",
        "sec-ch-ua-platform": "\u0022\u0022",
        "Sec-Fetch-Dest": "empty",
        "Sec-Fetch-Mode": "cors",
        "Sec-Fetch-Site": "same-site",
        "User-Agent": "Mozilla/5.0 (X11; Linux x86_64) AppleWebKit/537.36 (KHTML, like Gecko) HeadlessChrome/112.0.5614.0 Safari/537.36",
        "x-ms-client-request-id": "c7f16934-9b9d-49fb-8e74-fa13f66dd5ab",
        "x-ms-useragent": "azsdk-js-azure-storage-blob/12.20.0 core-rest-pipeline/1.11.1 OS",
        "x-ms-version": "2022-11-02"
      },
      "RequestBody": null,
      "StatusCode": 202,
      "ResponseHeaders": {
        "Access-Control-Allow-Origin": "*",
        "Access-Control-Expose-Headers": "x-ms-request-id,x-ms-client-request-id,Server,x-ms-version,Content-Length,Date,Transfer-Encoding",
        "Content-Length": "0",
        "Date": "Fri, 23 Jun 2023 20:55:16 GMT",
        "Server": [
          "Windows-Azure-File/1.0",
          "Microsoft-HTTPAPI/2.0"
        ],
        "x-ms-client-request-id": "c7f16934-9b9d-49fb-8e74-fa13f66dd5ab",
        "x-ms-request-id": "0208de67-f01a-0015-0415-a68631000000",
        "x-ms-version": "2022-11-02"
      },
      "ResponseBody": null
    }
  ],
  "Variables": {
    "dir": "dir168755384089704232",
    "dir1": "dir1168755384098907794",
    "share": "share168755384081007798"
  }
}
