{
  "Entries": [
    {
      "RequestUri": "https://fakestorageaccount.file.core.windows.net/share171439365988406340?restype=share",
      "RequestMethod": "PUT",
      "RequestHeaders": {
        "Accept": "application/xml",
        "Accept-Encoding": "gzip, deflate, br",
        "Connection": "keep-alive",
        "Content-Length": "0",
        "Origin": "http://localhost:9876",
        "Referer": "http://localhost:9876/",
        "sec-ch-ua": "\"HeadlessChrome\";v=\"123\", \"Not:A-Brand\";v=\"8\", \"Chromium\";v=\"123\"",
        "sec-ch-ua-mobile": "?0",
        "sec-ch-ua-platform": "\"Windows\"",
        "Sec-Fetch-Dest": "empty",
        "Sec-Fetch-Mode": "cors",
        "Sec-Fetch-Site": "same-site",
        "User-Agent": "Mozilla/5.0 (Windows NT 10.0; Win64; x64) AppleWebKit/537.36 (KHTML, like Gecko) HeadlessChrome/123.0.6312.122 Safari/537.36",
        "x-ms-client-request-id": "fa34048e-8cde-407c-a942-62ff5e254bcf",
        "x-ms-useragent": "azsdk-js-azure-storage-blob/12.23.0-beta.2 core-rest-pipeline/1.15.3 OS/Windows",
        "x-ms-version": "2023-11-03"
      },
      "RequestBody": null,
      "StatusCode": 201,
      "ResponseHeaders": {
        "Access-Control-Allow-Origin": "*",
        "Access-Control-Expose-Headers": "x-ms-request-id,x-ms-client-request-id,Server,x-ms-version,Last-Modified,ETag,Content-Length,Date,Transfer-Encoding",
        "Content-Length": "0",
        "Date": "Mon, 29 Apr 2024 12:27:39 GMT",
        "ETag": "\"0x8DC6847C31783DF\"",
        "Last-Modified": "Mon, 29 Apr 2024 12:27:40 GMT",
        "Server": [
          "Windows-Azure-File/1.0",
          "Microsoft-HTTPAPI/2.0"
        ],
        "x-ms-client-request-id": "fa34048e-8cde-407c-a942-62ff5e254bcf",
        "x-ms-request-id": "d544ecc6-701a-0028-7630-9af289000000",
        "x-ms-version": "2023-11-03"
      },
      "ResponseBody": null
    },
    {
      "RequestUri": "https://fakestorageaccount.file.core.windows.net/share171439365988406340/dir171439365999806858.?restype=directory",
      "RequestMethod": "PUT",
      "RequestHeaders": {
        "Accept": "application/xml",
        "Accept-Encoding": "gzip, deflate, br",
        "Connection": "keep-alive",
        "Content-Length": "0",
        "Origin": "http://localhost:9876",
        "Referer": "http://localhost:9876/",
        "sec-ch-ua": "\"HeadlessChrome\";v=\"123\", \"Not:A-Brand\";v=\"8\", \"Chromium\";v=\"123\"",
        "sec-ch-ua-mobile": "?0",
        "sec-ch-ua-platform": "\"Windows\"",
        "Sec-Fetch-Dest": "empty",
        "Sec-Fetch-Mode": "cors",
        "Sec-Fetch-Site": "same-site",
        "User-Agent": "Mozilla/5.0 (Windows NT 10.0; Win64; x64) AppleWebKit/537.36 (KHTML, like Gecko) HeadlessChrome/123.0.6312.122 Safari/537.36",
        "x-ms-allow-trailing-dot": "true",
        "x-ms-client-request-id": "e76e0727-4119-43eb-943e-297a5a67f9c7",
        "x-ms-file-attributes": "Directory",
        "x-ms-file-creation-time": "now",
        "x-ms-file-last-write-time": "now",
        "x-ms-file-permission": "inherit",
        "x-ms-useragent": "azsdk-js-azure-storage-blob/12.23.0-beta.2 core-rest-pipeline/1.15.3 OS/Windows",
        "x-ms-version": "2023-11-03"
      },
      "RequestBody": null,
      "StatusCode": 201,
      "ResponseHeaders": {
        "Access-Control-Allow-Origin": "*",
        "Access-Control-Expose-Headers": "x-ms-request-id,x-ms-client-request-id,Server,x-ms-version,Last-Modified,ETag,x-ms-file-change-time,x-ms-file-last-write-time,x-ms-file-creation-time,x-ms-file-permission-key,x-ms-file-attributes,x-ms-file-id,x-ms-file-parent-id,x-ms-request-server-encrypted,Content-Length,Date,Transfer-Encoding",
        "Content-Length": "0",
        "Date": "Mon, 29 Apr 2024 12:27:39 GMT",
        "ETag": "\"0x8DC6847C329AD46\"",
        "Last-Modified": "Mon, 29 Apr 2024 12:27:40 GMT",
        "Server": [
          "Windows-Azure-File/1.0",
          "Microsoft-HTTPAPI/2.0"
        ],
        "x-ms-client-request-id": "e76e0727-4119-43eb-943e-297a5a67f9c7",
        "x-ms-file-attributes": "Directory",
        "x-ms-file-change-time": "2024-04-29T12:27:40.6022982Z",
        "x-ms-file-creation-time": "2024-04-29T12:27:40.6022982Z",
        "x-ms-file-id": "13835128424026341376",
        "x-ms-file-last-write-time": "2024-04-29T12:27:40.6022982Z",
        "x-ms-file-parent-id": "0",
        "x-ms-file-permission-key": "9255856626508002348*16764736045797335973",
        "x-ms-request-id": "d544ecc8-701a-0028-7730-9af289000000",
        "x-ms-request-server-encrypted": "true",
        "x-ms-version": "2023-11-03"
      },
      "ResponseBody": null
    },
    {
      "RequestUri": "https://fakestorageaccount.file.core.windows.net/share171439365988406340/dir1171439366011605102...?restype=directory",
      "RequestMethod": "PUT",
      "RequestHeaders": {
        "Accept": "application/xml",
        "Accept-Encoding": "gzip, deflate, br",
        "Connection": "keep-alive",
        "Content-Length": "0",
        "Origin": "http://localhost:9876",
        "Referer": "http://localhost:9876/",
        "sec-ch-ua": "\"HeadlessChrome\";v=\"123\", \"Not:A-Brand\";v=\"8\", \"Chromium\";v=\"123\"",
        "sec-ch-ua-mobile": "?0",
        "sec-ch-ua-platform": "\"Windows\"",
        "Sec-Fetch-Dest": "empty",
        "Sec-Fetch-Mode": "cors",
        "Sec-Fetch-Site": "same-site",
        "User-Agent": "Mozilla/5.0 (Windows NT 10.0; Win64; x64) AppleWebKit/537.36 (KHTML, like Gecko) HeadlessChrome/123.0.6312.122 Safari/537.36",
        "x-ms-allow-trailing-dot": "true",
        "x-ms-client-request-id": "a896e155-40b7-493f-bbeb-deddacca4e19",
        "x-ms-file-attributes": "Directory",
        "x-ms-file-creation-time": "now",
        "x-ms-file-last-write-time": "now",
        "x-ms-file-permission": "inherit",
        "x-ms-useragent": "azsdk-js-azure-storage-blob/12.23.0-beta.2 core-rest-pipeline/1.15.3 OS/Windows",
        "x-ms-version": "2023-11-03"
      },
      "RequestBody": null,
      "StatusCode": 201,
      "ResponseHeaders": {
        "Access-Control-Allow-Origin": "*",
        "Access-Control-Expose-Headers": "x-ms-request-id,x-ms-client-request-id,Server,x-ms-version,Last-Modified,ETag,x-ms-file-change-time,x-ms-file-last-write-time,x-ms-file-creation-time,x-ms-file-permission-key,x-ms-file-attributes,x-ms-file-id,x-ms-file-parent-id,x-ms-request-server-encrypted,Content-Length,Date,Transfer-Encoding",
        "Content-Length": "0",
        "Date": "Mon, 29 Apr 2024 12:27:40 GMT",
        "ETag": "\"0x8DC6847C33AE8CF\"",
        "Last-Modified": "Mon, 29 Apr 2024 12:27:40 GMT",
        "Server": [
          "Windows-Azure-File/1.0",
          "Microsoft-HTTPAPI/2.0"
        ],
        "x-ms-client-request-id": "a896e155-40b7-493f-bbeb-deddacca4e19",
        "x-ms-file-attributes": "Directory",
        "x-ms-file-change-time": "2024-04-29T12:27:40.7152335Z",
        "x-ms-file-creation-time": "2024-04-29T12:27:40.7152335Z",
        "x-ms-file-id": "11529285414812647424",
        "x-ms-file-last-write-time": "2024-04-29T12:27:40.7152335Z",
        "x-ms-file-parent-id": "0",
        "x-ms-file-permission-key": "9255856626508002348*16764736045797335973",
        "x-ms-request-id": "d544ecc9-701a-0028-7830-9af289000000",
        "x-ms-request-server-encrypted": "true",
        "x-ms-version": "2023-11-03"
      },
      "ResponseBody": null
    },
    {
      "RequestUri": "https://fakestorageaccount.file.core.windows.net/share171439365988406340/dir1171439366011605102...?restype=directory",
      "RequestMethod": "DELETE",
      "RequestHeaders": {
        "Accept": "application/xml",
        "Accept-Encoding": "gzip, deflate, br",
        "Connection": "keep-alive",
        "Origin": "http://localhost:9876",
        "Referer": "http://localhost:9876/",
        "sec-ch-ua": "\"HeadlessChrome\";v=\"123\", \"Not:A-Brand\";v=\"8\", \"Chromium\";v=\"123\"",
        "sec-ch-ua-mobile": "?0",
        "sec-ch-ua-platform": "\"Windows\"",
        "Sec-Fetch-Dest": "empty",
        "Sec-Fetch-Mode": "cors",
        "Sec-Fetch-Site": "same-site",
        "User-Agent": "Mozilla/5.0 (Windows NT 10.0; Win64; x64) AppleWebKit/537.36 (KHTML, like Gecko) HeadlessChrome/123.0.6312.122 Safari/537.36",
        "x-ms-allow-trailing-dot": "true",
        "x-ms-client-request-id": "1357dd42-14c8-4c6e-8c98-d377593e9bc1",
        "x-ms-useragent": "azsdk-js-azure-storage-blob/12.23.0-beta.2 core-rest-pipeline/1.15.3 OS/Windows",
        "x-ms-version": "2023-11-03"
      },
      "RequestBody": null,
      "StatusCode": 202,
      "ResponseHeaders": {
        "Access-Control-Allow-Origin": "*",
        "Access-Control-Expose-Headers": "x-ms-request-id,x-ms-client-request-id,Server,x-ms-version,Content-Length,Date,Transfer-Encoding",
        "Content-Length": "0",
        "Date": "Mon, 29 Apr 2024 12:27:40 GMT",
        "Server": [
          "Windows-Azure-File/1.0",
          "Microsoft-HTTPAPI/2.0"
        ],
        "x-ms-client-request-id": "1357dd42-14c8-4c6e-8c98-d377593e9bc1",
        "x-ms-request-id": "d544ecca-701a-0028-7930-9af289000000",
        "x-ms-version": "2023-11-03"
      },
      "ResponseBody": null
    },
    {
      "RequestUri": "https://fakestorageaccount.file.core.windows.net/share171439365988406340/dir1171439366011605102...?restype=directory",
      "RequestMethod": "DELETE",
      "RequestHeaders": {
        "Accept": "application/xml",
        "Accept-Encoding": "gzip, deflate, br",
        "Connection": "keep-alive",
        "Origin": "http://localhost:9876",
        "Referer": "http://localhost:9876/",
        "sec-ch-ua": "\"HeadlessChrome\";v=\"123\", \"Not:A-Brand\";v=\"8\", \"Chromium\";v=\"123\"",
        "sec-ch-ua-mobile": "?0",
        "sec-ch-ua-platform": "\"Windows\"",
        "Sec-Fetch-Dest": "empty",
        "Sec-Fetch-Mode": "cors",
        "Sec-Fetch-Site": "same-site",
        "User-Agent": "Mozilla/5.0 (Windows NT 10.0; Win64; x64) AppleWebKit/537.36 (KHTML, like Gecko) HeadlessChrome/123.0.6312.122 Safari/537.36",
        "x-ms-allow-trailing-dot": "true",
        "x-ms-client-request-id": "8f51f96b-c757-46fa-9b03-ff9d945eb7ad",
        "x-ms-useragent": "azsdk-js-azure-storage-blob/12.23.0-beta.2 core-rest-pipeline/1.15.3 OS/Windows",
        "x-ms-version": "2023-11-03"
      },
      "RequestBody": null,
      "StatusCode": 404,
      "ResponseHeaders": {
        "Access-Control-Allow-Origin": "*",
        "Access-Control-Expose-Headers": "x-ms-request-id,x-ms-client-request-id,Server,x-ms-version,x-ms-error-code,Content-Length,Date,Transfer-Encoding",
        "Content-Length": "223",
        "Content-Type": "application/xml",
        "Date": "Mon, 29 Apr 2024 12:27:40 GMT",
        "Server": [
          "Windows-Azure-File/1.0",
          "Microsoft-HTTPAPI/2.0"
        ],
        "x-ms-client-request-id": "8f51f96b-c757-46fa-9b03-ff9d945eb7ad",
        "x-ms-error-code": "ResourceNotFound",
        "x-ms-request-id": "d544eccb-701a-0028-7a30-9af289000000",
        "x-ms-version": "2023-11-03"
      },
      "ResponseBody": [
        "\uFEFF<?xml version=\"1.0\" encoding=\"utf-8\"?><Error><Code>ResourceNotFound</Code><Message>The specified resource does not exist.\n",
        "RequestId:d544eccb-701a-0028-7a30-9af289000000\n",
        "Time:2024-04-29T12:27:40.9430078Z</Message></Error>"
      ]
    },
    {
      "RequestUri": "https://fakestorageaccount.file.core.windows.net/share171439365988406340?restype=share",
      "RequestMethod": "DELETE",
      "RequestHeaders": {
        "Accept": "application/xml",
        "Accept-Encoding": "gzip, deflate, br",
        "Connection": "keep-alive",
        "Origin": "http://localhost:9876",
        "Referer": "http://localhost:9876/",
        "sec-ch-ua": "\"HeadlessChrome\";v=\"123\", \"Not:A-Brand\";v=\"8\", \"Chromium\";v=\"123\"",
        "sec-ch-ua-mobile": "?0",
        "sec-ch-ua-platform": "\"Windows\"",
        "Sec-Fetch-Dest": "empty",
        "Sec-Fetch-Mode": "cors",
        "Sec-Fetch-Site": "same-site",
        "User-Agent": "Mozilla/5.0 (Windows NT 10.0; Win64; x64) AppleWebKit/537.36 (KHTML, like Gecko) HeadlessChrome/123.0.6312.122 Safari/537.36",
        "x-ms-client-request-id": "8403f7cf-7f48-4d1a-8f13-b0de59879156",
        "x-ms-useragent": "azsdk-js-azure-storage-blob/12.23.0-beta.2 core-rest-pipeline/1.15.3 OS/Windows",
        "x-ms-version": "2023-11-03"
      },
      "RequestBody": null,
      "StatusCode": 202,
      "ResponseHeaders": {
        "Access-Control-Allow-Origin": "*",
        "Access-Control-Expose-Headers": "x-ms-request-id,x-ms-client-request-id,Server,x-ms-version,Content-Length,Date,Transfer-Encoding",
        "Content-Length": "0",
        "Date": "Mon, 29 Apr 2024 12:27:40 GMT",
        "Server": [
          "Windows-Azure-File/1.0",
          "Microsoft-HTTPAPI/2.0"
        ],
        "x-ms-client-request-id": "8403f7cf-7f48-4d1a-8f13-b0de59879156",
        "x-ms-request-id": "d544eccc-701a-0028-7b30-9af289000000",
        "x-ms-version": "2023-11-03"
      },
      "ResponseBody": null
    }
  ],
  "Variables": {
    "dir": "dir171439365999806858",
    "dir1": "dir1171439366011605102",
    "share": "share171439365988406340"
  }
}
